Archive member included because of file (symbol)

.\CortexM3\ARM_GCC_493\Debug\USB_UART_INT_Timer.a(cyfitter_cfg.o)
                              .\CortexM3\ARM_GCC_493\Debug\Cm3Start.o (cyfitter_cfg)
.\CortexM3\ARM_GCC_493\Debug\USB_UART_INT_Timer.a(USBUART_1.o)
                              .\CortexM3\ARM_GCC_493\Debug\main.o (USBUART_1_Start)
.\CortexM3\ARM_GCC_493\Debug\USB_UART_INT_Timer.a(USBUART_1_cdc.o)
                              .\CortexM3\ARM_GCC_493\Debug\main.o (USBUART_1_CDC_Init)
.\CortexM3\ARM_GCC_493\Debug\USB_UART_INT_Timer.a(USBUART_1_drv.o)
                              .\CortexM3\ARM_GCC_493\Debug\USB_UART_INT_Timer.a(USBUART_1.o) (USBUART_1_lastPacketSize)
.\CortexM3\ARM_GCC_493\Debug\USB_UART_INT_Timer.a(USBUART_1_episr.o)
                              .\CortexM3\ARM_GCC_493\Debug\USB_UART_INT_Timer.a(USBUART_1.o) (USBUART_1_EP_1_ISR)
.\CortexM3\ARM_GCC_493\Debug\USB_UART_INT_Timer.a(USBUART_1_pm.o)
                              .\CortexM3\ARM_GCC_493\Debug\USB_UART_INT_Timer.a(USBUART_1.o) (USBUART_1_DP_ISR)
.\CortexM3\ARM_GCC_493\Debug\USB_UART_INT_Timer.a(USBUART_1_std.o)
                              .\CortexM3\ARM_GCC_493\Debug\USB_UART_INT_Timer.a(USBUART_1_pm.o) (USBUART_1_ConfigReg)
.\CortexM3\ARM_GCC_493\Debug\USB_UART_INT_Timer.a(USBUART_1_vnd.o)
                              .\CortexM3\ARM_GCC_493\Debug\USB_UART_INT_Timer.a(USBUART_1_drv.o) (USBUART_1_HandleVendorRqst)
.\CortexM3\ARM_GCC_493\Debug\USB_UART_INT_Timer.a(USBUART_1_Dp.o)
                              .\CortexM3\ARM_GCC_493\Debug\USB_UART_INT_Timer.a(USBUART_1_pm.o) (USBUART_1_Dp_ClearInterrupt)
.\CortexM3\ARM_GCC_493\Debug\USB_UART_INT_Timer.a(CyBootAsmGnu.o)
                              .\CortexM3\ARM_GCC_493\Debug\USB_UART_INT_Timer.a(cyfitter_cfg.o) (CyDelayCycles)
.\CortexM3\ARM_GCC_493\Debug\USB_UART_INT_Timer.a(CyLib.o)
                              .\CortexM3\ARM_GCC_493\Debug\Cm3Start.o (CyHalt)
.\CortexM3\ARM_GCC_493\Debug\USB_UART_INT_Timer.a(cyPm.o)
                              .\CortexM3\ARM_GCC_493\Debug\USB_UART_INT_Timer.a(CyLib.o) (CyPmReadStatus)
.\CortexM3\ARM_GCC_493\Debug\USB_UART_INT_Timer.a(isr_1.o)
                              .\CortexM3\ARM_GCC_493\Debug\main.o (isr_1_StartEx)
.\CortexM3\ARM_GCC_493\Debug\USB_UART_INT_Timer.a(Timer_1.o)
                              .\CortexM3\ARM_GCC_493\Debug\main.o (Timer_1_ReadStatusRegister)
.\CortexM3\ARM_GCC_493\Debug\USB_UART_INT_Timer.a(USBUART_1_cls.o)
                              .\CortexM3\ARM_GCC_493\Debug\USB_UART_INT_Timer.a(USBUART_1_drv.o) (USBUART_1_DispatchClassRqst)
.\CortexM3\ARM_GCC_493\Debug\USB_UART_INT_Timer.a(USBUART_1_descr.o)
                              .\CortexM3\ARM_GCC_493\Debug\USB_UART_INT_Timer.a(USBUART_1_std.o) (USBUART_1_idSerialNumberStringDescriptor)
.\CortexM3\ARM_GCC_493\Debug\USB_UART_INT_Timer.a(CyFlash.o)
                              .\CortexM3\ARM_GCC_493\Debug\USB_UART_INT_Timer.a(cyPm.o) (CyFlash_SetWaitCycles)
.\CortexM3\ARM_GCC_493\Debug\USB_UART_INT_Timer.a(CySpc.o)
                              .\CortexM3\ARM_GCC_493\Debug\USB_UART_INT_Timer.a(CyFlash.o) (CySpcStart)
c:/program files (x86)/cypress/psoc creator/3.3/psoc creator/import/gnu/arm/4.9.3/bin/../lib/gcc/arm-none-eabi/4.9.3/../../../../arm-none-eabi/lib/armv7-m\libg_nano.a(lib_a-errno.o)
                              .\CortexM3\ARM_GCC_493\Debug\Cm3Start.o (__errno)
c:/program files (x86)/cypress/psoc creator/3.3/psoc creator/import/gnu/arm/4.9.3/bin/../lib/gcc/arm-none-eabi/4.9.3/../../../../arm-none-eabi/lib/armv7-m\libg_nano.a(lib_a-exit.o)
                              c:/program files (x86)/cypress/psoc creator/3.3/psoc creator/import/gnu/arm/4.9.3/bin/../lib/gcc/arm-none-eabi/4.9.3/../../../../arm-none-eabi/lib/armv7-m/crt0.o (exit)
c:/program files (x86)/cypress/psoc creator/3.3/psoc creator/import/gnu/arm/4.9.3/bin/../lib/gcc/arm-none-eabi/4.9.3/../../../../arm-none-eabi/lib/armv7-m\libg_nano.a(lib_a-impure.o)
                              c:/program files (x86)/cypress/psoc creator/3.3/psoc creator/import/gnu/arm/4.9.3/bin/../lib/gcc/arm-none-eabi/4.9.3/../../../../arm-none-eabi/lib/armv7-m\libg_nano.a(lib_a-exit.o) (_global_impure_ptr)
c:/program files (x86)/cypress/psoc creator/3.3/psoc creator/import/gnu/arm/4.9.3/bin/../lib/gcc/arm-none-eabi/4.9.3/../../../../arm-none-eabi/lib/armv7-m\libg_nano.a(lib_a-init.o)
                              c:/program files (x86)/cypress/psoc creator/3.3/psoc creator/import/gnu/arm/4.9.3/bin/../lib/gcc/arm-none-eabi/4.9.3/../../../../arm-none-eabi/lib/armv7-m/crt0.o (__libc_init_array)
c:/program files (x86)/cypress/psoc creator/3.3/psoc creator/import/gnu/arm/4.9.3/bin/../lib/gcc/arm-none-eabi/4.9.3/../../../../arm-none-eabi/lib/armv7-m\libg_nano.a(lib_a-memcpy.o)
                              .\CortexM3\ARM_GCC_493\Debug\USB_UART_INT_Timer.a(cyfitter_cfg.o) (memcpy)
[...]
Memory Configuration

Name             Origin             Length             Attributes
rom              0x00000000         0x00040000         xr
ram              0x1fff8000         0x00010000         xrw
*default*        0x00000000         0xffffffff

Linker script and memory map

LOAD c:/program files (x86)/cypress/psoc creator/3.3/psoc creator/import/gnu/arm/4.9.3/bin/../lib/gcc/arm-none-eabi/4.9.3/armv7-m/crti.o
LOAD c:/program files (x86)/cypress/psoc creator/3.3/psoc creator/import/gnu/arm/4.9.3/bin/../lib/gcc/arm-none-eabi/4.9.3/armv7-m/crtbegin.o
LOAD c:/program files (x86)/cypress/psoc creator/3.3/psoc creator/import/gnu/arm/4.9.3/bin/../lib/gcc/arm-none-eabi/4.9.3/../../../../arm-none-eabi/lib/armv7-m/crt0.o
START GROUP
LOAD .\CortexM3\ARM_GCC_493\Debug\main.o
LOAD .\CortexM3\ARM_GCC_493\Debug\cymetadata.o
LOAD .\CortexM3\ARM_GCC_493\Debug\Cm3Start.o
LOAD .\CortexM3\ARM_GCC_493\Debug\USB_UART_INT_Timer.a
LOAD C:\Program Files (x86)\Cypress\PSoC Creator\3.3\PSoC Creator\psoc\content\cycomponentlibrary\CyComponentLibrary.cylib\CortexM3\ARM_GCC_493\Debug\CyComponentLibrary.a
END GROUP
START GROUP
LOAD c:/program files (x86)/cypress/psoc creator/3.3/psoc creator/import/gnu/arm/4.9.3/bin/../lib/gcc/arm-none-eabi/4.9.3/armv7-m\libgcc.a
LOAD c:/program files (x86)/cypress/psoc creator/3.3/psoc creator/import/gnu/arm/4.9.3/bin/../lib/gcc/arm-none-eabi/4.9.3/../../../../arm-none-eabi/lib/armv7-m\libg_nano.a
LOAD c:/program files (x86)/cypress/psoc creator/3.3/psoc creator/import/gnu/arm/4.9.3/bin/../lib/gcc/arm-none-eabi/4.9.3/../../../../arm-none-eabi/lib/armv7-m\libc_nano.a
END GROUP
START GROUP
LOAD c:/program files (x86)/cypress/psoc creator/3.3/psoc creator/import/gnu/arm/4.9.3/bin/../lib/gcc/arm-none-eabi/4.9.3/armv7-m\libgcc.a
LOAD c:/program files (x86)/cypress/psoc creator/3.3/psoc creator/import/gnu/arm/4.9.3/bin/../lib/gcc/arm-none-eabi/4.9.3/../../../../arm-none-eabi/lib/armv7-m\libc_nano.a
END GROUP
LOAD c:/program files (x86)/cypress/psoc creator/3.3/psoc creator/import/gnu/arm/4.9.3/bin/../lib/gcc/arm-none-eabi/4.9.3/armv7-m/crtend.o
LOAD c:/program files (x86)/cypress/psoc creator/3.3/psoc creator/import/gnu/arm/4.9.3/bin/../lib/gcc/arm-none-eabi/4.9.3/armv7-m/crtn.o
START GROUP
LOAD c:/program files (x86)/cypress/psoc creator/3.3/psoc creator/import/gnu/arm/4.9.3/bin/../lib/gcc/arm-none-eabi/4.9.3/armv7-m\libgcc.a
LOAD c:/program files (x86)/cypress/psoc creator/3.3/psoc creator/import/gnu/arm/4.9.3/bin/../lib/gcc/arm-none-eabi/4.9.3/../../../../arm-none-eabi/lib/armv7-m\libc.a
LOAD c:/program files (x86)/cypress/psoc creator/3.3/psoc creator/import/gnu/arm/4.9.3/bin/../lib/gcc/arm-none-eabi/4.9.3/../../../../arm-none-eabi/lib/armv7-m\libnosys.a
END GROUP
                0x00000000                CY_APPL_ORIGIN = 0x0
                0x00000100                CY_FLASH_ROW_SIZE = 0x100
                0x00000020                CY_ECC_ROW_SIZE = 0x20
                0x00000000                CY_EE_IN_BTLDR = 0x0
                0x00000000                CY_APPL_LOADABLE = 0x0
                0x00000800                CY_EE_SIZE = 0x800
                0x00000001                CY_APPL_NUM = 0x1
                0x00000001                CY_APPL_MAX = 0x1
                0x00000040                CY_METADATA_SIZE = 0x40
                0x00000000                CY_APPL_LOADABLE = 0x0
                0x00000000                CY_CHECKSUM_EXCLUDE_SIZE = ALIGN (0x0, CY_FLASH_ROW_SIZE)
                0x1fff82c0                PROVIDE (__cy_heap_start, _end)
                0x00000001                PROVIDE (__cy_region_num, ((__cy_regions_end - __cy_regions) / 0x10))
                0x20008000                PROVIDE (__cy_stack, (ORIGIN (ram) + 0x10000))
                0x20007800                PROVIDE (__cy_heap_end, (__cy_stack - 0x800))

.cybootloader   0x00000000        0x0
 *(.cybootloader)
                0x00000000                appl1_start = CY_APPL_ORIGIN?CY_APPL_ORIGIN:ALIGN (CY_FLASH_ROW_SIZE)
                0x0001ff00                appl2_start = (appl1_start + ALIGN ((((0x40000 - appl1_start) - (0x2 * CY_FLASH_ROW_SIZE)) / 0x2), CY_FLASH_ROW_SIZE))
                0x00000000                appl_start = (CY_APPL_NUM == 0x1)?appl1_start:appl2_start
                0x00000000                ecc_offset = ((appl_start / CY_FLASH_ROW_SIZE) * CY_ECC_ROW_SIZE)
                0x00000000                ee_offset = (CY_APPL_LOADABLE && ! (CY_EE_IN_BTLDR))?((CY_EE_SIZE / CY_APPL_MAX) * (CY_APPL_NUM - 0x1)):0x0
                0x00000800                ee_size = (CY_APPL_LOADABLE && ! (CY_EE_IN_BTLDR))?(CY_EE_SIZE / CY_APPL_MAX):CY_EE_SIZE
                0x00000000                PROVIDE (CY_ECC_OFFSET, ecc_offset)

.text           0x00000000     0x232c
 CREATE_OBJECT_SYMBOLS
                0x00000000                PROVIDE (__cy_interrupt_vector, RomVectors)
 *(.romvectors)
 .romvectors    0x00000000       0x10 .\CortexM3\ARM_GCC_493\Debug\Cm3Start.o
                0x00000000                RomVectors
                0x00000001                ASSERT ((. != __cy_interrupt_vector), No interrupt vector)
                0x00000001                ASSERT (CY_APPL_ORIGIN?(SIZEOF (.cybootloader) <= CY_APPL_ORIGIN):0x1, Wrong image location)
                0x00000010                PROVIDE (__cy_reset, Reset)
 *(.text.Reset)
 .text.Reset    0x00000010       0x18 .\CortexM3\ARM_GCC_493\Debug\Cm3Start.o
                0x00000010                Reset
                0x00000001                ASSERT ((. != __cy_reset), No reset code)
 *(.dma_init)
                0x00000001                ASSERT ((((appl_start + .) <= 0x10000) || 0x1), DMA Init must be within the first 64k of flash)
 *(.text .text.* .gnu.linkonce.t.*)
 .text          0x00000028       0x5c c:/program files (x86)/cypress/psoc creator/3.3/psoc creator/import/gnu/arm/4.9.3/bin/../lib/gcc/arm-none-eabi/4.9.3/armv7-m/crtbegin.o
 .text.isr_1_interrupt
                0x00000084       0x14 .\CortexM3\ARM_GCC_493\Debug\main.o
                0x00000084                isr_1_interrupt
 .text.main     0x00000098       0x64 .\CortexM3\ARM_GCC_493\Debug\main.o
                0x00000098                main
 .text.IntDefaultHandler
                0x000000fc        0x4 .\CortexM3\ARM_GCC_493\Debug\Cm3Start.o
                0x000000fc                IntDefaultHandler
 .text._sbrk    0x00000100       0x30 .\CortexM3\ARM_GCC_493\Debug\Cm3Start.o
                0x00000100                _sbrk
 .text.Start_c  0x00000130       0x4c .\CortexM3\ARM_GCC_493\Debug\Cm3Start.o
                0x00000130                Start_c
 .text.initialize_psoc
                0x0000017c       0x74 .\CortexM3\ARM_GCC_493\Debug\Cm3Start.o
                0x0000017c                initialize_psoc
 .text.CyClockStartupError
                0x000001f0        0x4 .\CortexM3\ARM_GCC_493\Debug\USB_UART_INT_Timer.a(cyfitter_cfg.o)
 .text.cfg_write_bytes32
                0x000001f4       0x34 .\CortexM3\ARM_GCC_493\Debug\USB_UART_INT_Timer.a(cyfitter_cfg.o)
 .text.AnalogSetDefault
                0x00000228       0x28 .\CortexM3\ARM_GCC_493\Debug\USB_UART_INT_Timer.a(cyfitter_cfg.o)
 .text.CYMEMZERO
                0x00000250        0xc .\CortexM3\ARM_GCC_493\Debug\USB_UART_INT_Timer.a(cyfitter_cfg.o)
 .text.ClockSetup
                0x0000025c       0xa0 .\CortexM3\ARM_GCC_493\Debug\USB_UART_INT_Timer.a(cyfitter_cfg.o)
 .text.CYCONFIGCPY
                0x000002fc        0x8 .\CortexM3\ARM_GCC_493\Debug\USB_UART_INT_Timer.a(cyfitter_cfg.o)
 .text.cyfitter_cfg
                0x00000304       0xc0 .\CortexM3\ARM_GCC_493\Debug\USB_UART_INT_Timer.a(cyfitter_cfg.o)
                0x00000304                cyfitter_cfg
 .text.USBUART_1_Init
                0x000003c4      0x140 .\CortexM3\ARM_GCC_493\Debug\USB_UART_INT_Timer.a(USBUART_1.o)
                0x000003c4                USBUART_1_Init
 .text.USBUART_1_InitComponent
                0x00000504       0xb8 .\CortexM3\ARM_GCC_493\Debug\USB_UART_INT_Timer.a(USBUART_1.o)
                0x00000504                USBUART_1_InitComponent
 .text.USBUART_1_Start
                0x000005bc       0x24 .\CortexM3\ARM_GCC_493\Debug\USB_UART_INT_Timer.a(USBUART_1.o)
                0x000005bc                USBUART_1_Start
 .text.USBUART_1_ReInitComponent
                0x000005e0       0x4c .\CortexM3\ARM_GCC_493\Debug\USB_UART_INT_Timer.a(USBUART_1.o)
                0x000005e0                USBUART_1_ReInitComponent
 .text.USBUART_1_GetConfiguration
                0x0000062c        0xc .\CortexM3\ARM_GCC_493\Debug\USB_UART_INT_Timer.a(USBUART_1.o)
                0x0000062c                USBUART_1_GetConfiguration
 .text.USBUART_1_LoadInEP
                0x00000638       0x94 .\CortexM3\ARM_GCC_493\Debug\USB_UART_INT_Timer.a(USBUART_1.o)
                0x00000638                USBUART_1_LoadInEP
 .text.USBUART_1_EnableOutEP
                0x000006cc       0x2c .\CortexM3\ARM_GCC_493\Debug\USB_UART_INT_Timer.a(USBUART_1.o)
                0x000006cc                USBUART_1_EnableOutEP
 .text.USBUART_1_StrLen
                0x000006f8       0x14 .\CortexM3\ARM_GCC_493\Debug\USB_UART_INT_Timer.a(USBUART_1_cdc.o)
 .text.USBUART_1_GetInterfaceComPort
                0x0000070c       0x3c .\CortexM3\ARM_GCC_493\Debug\USB_UART_INT_Timer.a(USBUART_1_cdc.o)
                0x0000070c                USBUART_1_GetInterfaceComPort
 .text.USBUART_1_DispatchCDCClassRqst
                0x00000748       0x98 .\CortexM3\ARM_GCC_493\Debug\USB_UART_INT_Timer.a(USBUART_1_cdc.o)
                0x00000748                USBUART_1_DispatchCDCClassRqst
 .text.USBUART_1_CDC_Init
                0x000007e0       0x98 .\CortexM3\ARM_GCC_493\Debug\USB_UART_INT_Timer.a(USBUART_1_cdc.o)
                0x000007e0                USBUART_1_CDC_Init
 .text.USBUART_1_PutString
                0x00000878       0x9c .\CortexM3\ARM_GCC_493\Debug\USB_UART_INT_Timer.a(USBUART_1_cdc.o)
                0x00000878                USBUART_1_PutString
 .text.USBUART_1_PutCRLF
                0x00000914       0x30 .\CortexM3\ARM_GCC_493\Debug\USB_UART_INT_Timer.a(USBUART_1_cdc.o)
                0x00000914                USBUART_1_PutCRLF
 .text.USBUART_1_Cdc_EpInit
                0x00000944       0x50 .\CortexM3\ARM_GCC_493\Debug\USB_UART_INT_Timer.a(USBUART_1_cdc.o)
                0x00000944                USBUART_1_Cdc_EpInit
 .text.USBUART_1_LoadEP0
                0x00000994       0x94 .\CortexM3\ARM_GCC_493\Debug\USB_UART_INT_Timer.a(USBUART_1_drv.o)
                0x00000994                USBUART_1_LoadEP0
 .text.USBUART_1_InitZeroLengthControlTransfer
                0x00000a28       0x34 .\CortexM3\ARM_GCC_493\Debug\USB_UART_INT_Timer.a(USBUART_1_drv.o)
                0x00000a28                USBUART_1_InitZeroLengthControlTransfer
 .text.USBUART_1_ControlReadDataStage
                0x00000a5c        0x8 .\CortexM3\ARM_GCC_493\Debug\USB_UART_INT_Timer.a(USBUART_1_drv.o)
                0x00000a5c                USBUART_1_ControlReadDataStage
 .text.USBUART_1_ControlWriteDataStage
                0x00000a64       0x80 .\CortexM3\ARM_GCC_493\Debug\USB_UART_INT_Timer.a(USBUART_1_drv.o)
                0x00000a64                USBUART_1_ControlWriteDataStage
 .text.USBUART_1_InitNoDataControlTransfer
                0x00000ae4       0x2c .\CortexM3\ARM_GCC_493\Debug\USB_UART_INT_Timer.a(USBUART_1_drv.o)
                0x00000ae4                USBUART_1_InitNoDataControlTransfer
 .text.USBUART_1_UpdateStatusBlock
                0x00000b10       0x24 .\CortexM3\ARM_GCC_493\Debug\USB_UART_INT_Timer.a(USBUART_1_drv.o)
                0x00000b10                USBUART_1_UpdateStatusBlock
 .text.USBUART_1_HandleSetup
                0x00000b34       0x5c .\CortexM3\ARM_GCC_493\Debug\USB_UART_INT_Timer.a(USBUART_1_drv.o)
                0x00000b34                USBUART_1_HandleSetup
 .text.USBUART_1_ControlReadStatusStage
                0x00000b90       0x34 .\CortexM3\ARM_GCC_493\Debug\USB_UART_INT_Timer.a(USBUART_1_drv.o)
                0x00000b90                USBUART_1_ControlReadStatusStage
 .text.USBUART_1_HandleOUT
                0x00000bc4       0x38 .\CortexM3\ARM_GCC_493\Debug\USB_UART_INT_Timer.a(USBUART_1_drv.o)
                0x00000bc4                USBUART_1_HandleOUT
 .text.USBUART_1_ControlWriteStatusStage
                0x00000bfc       0x20 .\CortexM3\ARM_GCC_493\Debug\USB_UART_INT_Timer.a(USBUART_1_drv.o)
                0x00000bfc                USBUART_1_ControlWriteStatusStage
 .text.USBUART_1_NoDataControlStatusStage
                0x00000c1c       0x40 .\CortexM3\ARM_GCC_493\Debug\USB_UART_INT_Timer.a(USBUART_1_drv.o)
                0x00000c1c                USBUART_1_NoDataControlStatusStage
 .text.USBUART_1_HandleIN
                0x00000c5c       0x2c .\CortexM3\ARM_GCC_493\Debug\USB_UART_INT_Timer.a(USBUART_1_drv.o)
                0x00000c5c                USBUART_1_HandleIN
 .text.USBUART_1_EP_0_ISR
                0x00000c88       0xb8 .\CortexM3\ARM_GCC_493\Debug\USB_UART_INT_Timer.a(USBUART_1_drv.o)
                0x00000c88                USBUART_1_EP_0_ISR
 .text.USBUART_1_InitializeStatusBlock
                0x00000d40       0x24 .\CortexM3\ARM_GCC_493\Debug\USB_UART_INT_Timer.a(USBUART_1_drv.o)
                0x00000d40                USBUART_1_InitializeStatusBlock
 .text.USBUART_1_InitControlRead
                0x00000d64       0x50 .\CortexM3\ARM_GCC_493\Debug\USB_UART_INT_Timer.a(USBUART_1_drv.o)
                0x00000d64                USBUART_1_InitControlRead
 .text.USBUART_1_InitControlWrite
                0x00000db4       0x48 .\CortexM3\ARM_GCC_493\Debug\USB_UART_INT_Timer.a(USBUART_1_drv.o)
                0x00000db4                USBUART_1_InitControlWrite
 .text.USBUART_1_EP_1_ISR
                0x00000dfc       0x38 .\CortexM3\ARM_GCC_493\Debug\USB_UART_INT_Timer.a(USBUART_1_episr.o)
                0x00000dfc                USBUART_1_EP_1_ISR
 .text.USBUART_1_EP_2_ISR
                0x00000e34       0x3c .\CortexM3\ARM_GCC_493\Debug\USB_UART_INT_Timer.a(USBUART_1_episr.o)
                0x00000e34                USBUART_1_EP_2_ISR
 .text.USBUART_1_EP_3_ISR
                0x00000e70       0x44 .\CortexM3\ARM_GCC_493\Debug\USB_UART_INT_Timer.a(USBUART_1_episr.o)
                0x00000e70                USBUART_1_EP_3_ISR
 .text.USBUART_1_SOF_ISR
                0x00000eb4        0x4 .\CortexM3\ARM_GCC_493\Debug\USB_UART_INT_Timer.a(USBUART_1_episr.o)
                0x00000eb4                USBUART_1_SOF_ISR
 .text.USBUART_1_BUS_RESET_ISR
                0x00000eb8        0x8 .\CortexM3\ARM_GCC_493\Debug\USB_UART_INT_Timer.a(USBUART_1_episr.o)
                0x00000eb8                USBUART_1_BUS_RESET_ISR
 .text.USBUART_1_DP_ISR
                0x00000ec0        0x8 .\CortexM3\ARM_GCC_493\Debug\USB_UART_INT_Timer.a(USBUART_1_pm.o)
                0x00000ec0                USBUART_1_DP_ISR
 .text.USBUART_1_ReadDieID
                0x00000ec8       0x6c .\CortexM3\ARM_GCC_493\Debug\USB_UART_INT_Timer.a(USBUART_1_std.o)
                0x00000ec8                USBUART_1_ReadDieID
 .text.USBUART_1_ConfigReg
                0x00000f34       0xa4 .\CortexM3\ARM_GCC_493\Debug\USB_UART_INT_Timer.a(USBUART_1_std.o)
                0x00000f34                USBUART_1_ConfigReg
 .text.USBUART_1_GetConfigTablePtr
                0x00000fd8       0x28 .\CortexM3\ARM_GCC_493\Debug\USB_UART_INT_Timer.a(USBUART_1_std.o)
                0x00000fd8                USBUART_1_GetConfigTablePtr
 .text.USBUART_1_ConfigAltChanged
                0x00001000      0x11c .\CortexM3\ARM_GCC_493\Debug\USB_UART_INT_Timer.a(USBUART_1_std.o)
                0x00001000                USBUART_1_ConfigAltChanged
 .text.USBUART_1_GetDeviceTablePtr
                0x0000111c       0x18 .\CortexM3\ARM_GCC_493\Debug\USB_UART_INT_Timer.a(USBUART_1_std.o)
                0x0000111c                USBUART_1_GetDeviceTablePtr
 .text.USBUART_1_GetInterfaceClassTablePtr
                0x00001134       0x24 .\CortexM3\ARM_GCC_493\Debug\USB_UART_INT_Timer.a(USBUART_1_std.o)
                0x00001134                USBUART_1_GetInterfaceClassTablePtr
 .text.USBUART_1_Config
                0x00001158      0x1e4 .\CortexM3\ARM_GCC_493\Debug\USB_UART_INT_Timer.a(USBUART_1_std.o)
                0x00001158                USBUART_1_Config
 .text.USBUART_1_SetEndpointHalt
                0x0000133c       0x64 .\CortexM3\ARM_GCC_493\Debug\USB_UART_INT_Timer.a(USBUART_1_std.o)
                0x0000133c                USBUART_1_SetEndpointHalt
 .text.USBUART_1_ClearEndpointHalt
                0x000013a0       0xa8 .\CortexM3\ARM_GCC_493\Debug\USB_UART_INT_Timer.a(USBUART_1_std.o)
                0x000013a0                USBUART_1_ClearEndpointHalt
 .text.USBUART_1_ValidateAlternateSetting
                0x00001448       0x4c .\CortexM3\ARM_GCC_493\Debug\USB_UART_INT_Timer.a(USBUART_1_std.o)
                0x00001448                USBUART_1_ValidateAlternateSetting
 .text.USBUART_1_HandleStandardRqst
                0x00001494      0x350 .\CortexM3\ARM_GCC_493\Debug\USB_UART_INT_Timer.a(USBUART_1_std.o)
                0x00001494                USBUART_1_HandleStandardRqst
 .text.USBUART_1_HandleVendorRqst
                0x000017e4       0x18 .\CortexM3\ARM_GCC_493\Debug\USB_UART_INT_Timer.a(USBUART_1_vnd.o)
                0x000017e4                USBUART_1_HandleVendorRqst
 .text.USBUART_1_Dp_ClearInterrupt
                0x000017fc       0x10 .\CortexM3\ARM_GCC_493\Debug\USB_UART_INT_Timer.a(USBUART_1_Dp.o)
                0x000017fc                USBUART_1_Dp_ClearInterrupt
 *fill*         0x0000180c        0x4 
 .text          0x00001810       0x20 .\CortexM3\ARM_GCC_493\Debug\USB_UART_INT_Timer.a(CyBootAsmGnu.o)
                0x00001810                CyDelayCycles
                0x00001820                CyEnterCriticalSection
                0x00001828                CyExitCriticalSection
 .text.CyHalt   0x00001830        0x4 .\CortexM3\ARM_GCC_493\Debug\USB_UART_INT_Timer.a(CyLib.o)
                0x00001830                CyHalt
 .text.CyDelay  0x00001834       0x2c .\CortexM3\ARM_GCC_493\Debug\USB_UART_INT_Timer.a(CyLib.o)
                0x00001834                CyDelay
 .text.CyDelayUs
                0x00001860       0x14 .\CortexM3\ARM_GCC_493\Debug\USB_UART_INT_Timer.a(CyLib.o)
                0x00001860                CyDelayUs
 .text.CyIntSetVector
                0x00001874       0x28 .\CortexM3\ARM_GCC_493\Debug\USB_UART_INT_Timer.a(CyLib.o)
                0x00001874                CyIntSetVector
 .text.CyIntSetPriority
                0x0000189c       0x30 .\CortexM3\ARM_GCC_493\Debug\USB_UART_INT_Timer.a(CyLib.o)
                0x0000189c                CyIntSetPriority
 .text.CyGetUniqueId
                0x000018cc       0x70 .\CortexM3\ARM_GCC_493\Debug\USB_UART_INT_Timer.a(CyLib.o)
                0x000018cc                CyGetUniqueId
 .text.isr_1_SetVector
                0x0000193c        0xc .\CortexM3\ARM_GCC_493\Debug\USB_UART_INT_Timer.a(isr_1.o)
                0x0000193c                isr_1_SetVector
 .text.isr_1_SetPriority
                0x00001948       0x10 .\CortexM3\ARM_GCC_493\Debug\USB_UART_INT_Timer.a(isr_1.o)
                0x00001948                isr_1_SetPriority
 .text.isr_1_Enable
                0x00001958        0xc .\CortexM3\ARM_GCC_493\Debug\USB_UART_INT_Timer.a(isr_1.o)
                0x00001958                isr_1_Enable
 .text.isr_1_Disable
                0x00001964        0xc .\CortexM3\ARM_GCC_493\Debug\USB_UART_INT_Timer.a(isr_1.o)
                0x00001964                isr_1_Disable
 .text.isr_1_StartEx
                0x00001970       0x1c .\CortexM3\ARM_GCC_493\Debug\USB_UART_INT_Timer.a(isr_1.o)
                0x00001970                isr_1_StartEx
 .text.Timer_1_Enable
                0x0000198c       0x10 .\CortexM3\ARM_GCC_493\Debug\USB_UART_INT_Timer.a(Timer_1.o)
                0x0000198c                Timer_1_Enable
 .text.Timer_1_SetInterruptMode
                0x0000199c        0xc .\CortexM3\ARM_GCC_493\Debug\USB_UART_INT_Timer.a(Timer_1.o)
                0x0000199c                Timer_1_SetInterruptMode
 .text.Timer_1_ReadStatusRegister
                0x000019a8        0xc .\CortexM3\ARM_GCC_493\Debug\USB_UART_INT_Timer.a(Timer_1.o)
                0x000019a8                Timer_1_ReadStatusRegister
 .text.Timer_1_WritePeriod
                0x000019b4        0xc .\CortexM3\ARM_GCC_493\Debug\USB_UART_INT_Timer.a(Timer_1.o)
                0x000019b4                Timer_1_WritePeriod
 .text.Timer_1_ReadCapture
                0x000019c0        0xc .\CortexM3\ARM_GCC_493\Debug\USB_UART_INT_Timer.a(Timer_1.o)
                0x000019c0                Timer_1_ReadCapture
 .text.Timer_1_WriteCounter
                0x000019cc        0xc .\CortexM3\ARM_GCC_493\Debug\USB_UART_INT_Timer.a(Timer_1.o)
                0x000019cc                Timer_1_WriteCounter
 .text.Timer_1_ClearFIFO
                0x000019d8       0x14 .\CortexM3\ARM_GCC_493\Debug\USB_UART_INT_Timer.a(Timer_1.o)
                0x000019d8                Timer_1_ClearFIFO
 .text.Timer_1_Init
                0x000019ec       0x38 .\CortexM3\ARM_GCC_493\Debug\USB_UART_INT_Timer.a(Timer_1.o)
                0x000019ec                Timer_1_Init
 .text.Timer_1_Start
                0x00001a24       0x1c .\CortexM3\ARM_GCC_493\Debug\USB_UART_INT_Timer.a(Timer_1.o)
                0x00001a24                Timer_1_Start
 .text.USBUART_1_DispatchClassRqst
                0x00001a40       0x58 .\CortexM3\ARM_GCC_493\Debug\USB_UART_INT_Timer.a(USBUART_1_cls.o)
                0x00001a40                USBUART_1_DispatchClassRqst
 .text.__errno  0x00001a98        0xc c:/program files (x86)/cypress/psoc creator/3.3/psoc creator/import/gnu/arm/4.9.3/bin/../lib/gcc/arm-none-eabi/4.9.3/../../../../arm-none-eabi/lib/armv7-m\libg_nano.a(lib_a-errno.o)
                0x00001a98                __errno
 .text.__libc_init_array
                0x00001aa4       0x4c c:/program files (x86)/cypress/psoc creator/3.3/psoc creator/import/gnu/arm/4.9.3/bin/../lib/gcc/arm-none-eabi/4.9.3/../../../../arm-none-eabi/lib/armv7-m\libg_nano.a(lib_a-init.o)
                0x00001aa4                __libc_init_array
 .text.memcpy   0x00001af0       0x16 c:/program files (x86)/cypress/psoc creator/3.3/psoc creator/import/gnu/arm/4.9.3/bin/../lib/gcc/arm-none-eabi/4.9.3/../../../../arm-none-eabi/lib/armv7-m\libg_nano.a(lib_a-memcpy.o)
                0x00001af0                memcpy
 .text.memset   0x00001b06       0x10 c:/program files (x86)/cypress/psoc creator/3.3/psoc creator/import/gnu/arm/4.9.3/bin/../lib/gcc/arm-none-eabi/4.9.3/../../../../arm-none-eabi/lib/armv7-m\libg_nano.a(lib_a-memset.o)
                0x00001b06                memset
 *fill*         0x00001b16        0x2 
 .text.sprintf  0x00001b18       0x48 c:/program files (x86)/cypress/psoc creator/3.3/psoc creator/import/gnu/arm/4.9.3/bin/../lib/gcc/arm-none-eabi/4.9.3/../../../../arm-none-eabi/lib/armv7-m\libg_nano.a(lib_a-sprintf.o)
                0x00001b18                siprintf
                0x00001b18                sprintf
 .text.__ssputs_r
                0x00001b60       0xb2 c:/program files (x86)/cypress/psoc creator/3.3/psoc creator/import/gnu/arm/4.9.3/bin/../lib/gcc/arm-none-eabi/4.9.3/../../../../arm-none-eabi/lib/armv7-m\libg_nano.a(lib_a-nano-svfprintf.o)
                0x00001b60                __ssputs_r
 *fill*         0x00001c12        0x2 
 .text._svfprintf_r
                0x00001c14      0x1e4 c:/program files (x86)/cypress/psoc creator/3.3/psoc creator/import/gnu/arm/4.9.3/bin/../lib/gcc/arm-none-eabi/4.9.3/../../../../arm-none-eabi/lib/armv7-m\libg_nano.a(lib_a-nano-svfprintf.o)
                0x00001c14                _svfiprintf_r
                0x00001c14                _svfprintf_r
 .text._printf_common
                0x00001df8       0xea c:/program files (x86)/cypress/psoc creator/3.3/psoc creator/import/gnu/arm/4.9.3/bin/../lib/gcc/arm-none-eabi/4.9.3/../../../../arm-none-eabi/lib/armv7-m\libg_nano.a(lib_a-nano-vfprintf_i.o)
                0x00001df8                _printf_common
 *fill*         0x00001ee2        0x2 
 .text._printf_i
                0x00001ee4      0x240 c:/program files (x86)/cypress/psoc creator/3.3/psoc creator/import/gnu/arm/4.9.3/bin/../lib/gcc/arm-none-eabi/4.9.3/../../../../arm-none-eabi/lib/armv7-m\libg_nano.a(lib_a-nano-vfprintf_i.o)
                0x00001ee4                _printf_i
 .text.memchr   0x00002124       0x1c c:/program files (x86)/cypress/psoc creator/3.3/psoc creator/import/gnu/arm/4.9.3/bin/../lib/gcc/arm-none-eabi/4.9.3/../../../../arm-none-eabi/lib/armv7-m\libg_nano.a(lib_a-memchr.o)
                0x00002124                memchr
 .text.memmove  0x00002140       0x36 c:/program files (x86)/cypress/psoc creator/3.3/psoc creator/import/gnu/arm/4.9.3/bin/../lib/gcc/arm-none-eabi/4.9.3/../../../../arm-none-eabi/lib/armv7-m\libg_nano.a(lib_a-memmove.o)
                0x00002140                memmove
 *fill*         0x00002176        0x2 
 .text._free_r  0x00002178       0x88 c:/program files (x86)/cypress/psoc creator/3.3/psoc creator/import/gnu/arm/4.9.3/bin/../lib/gcc/arm-none-eabi/4.9.3/../../../../arm-none-eabi/lib/armv7-m\libg_nano.a(lib_a-nano-freer.o)
                0x00002178                _free_r
 .text._malloc_r
                0x00002200       0xac c:/program files (x86)/cypress/psoc creator/3.3/psoc creator/import/gnu/arm/4.9.3/bin/../lib/gcc/arm-none-eabi/4.9.3/../../../../arm-none-eabi/lib/armv7-m\libg_nano.a(lib_a-nano-mallocr.o)
                0x00002200                _malloc_r
 .text._realloc_r
                0x000022ac       0x4c c:/program files (x86)/cypress/psoc creator/3.3/psoc creator/import/gnu/arm/4.9.3/bin/../lib/gcc/arm-none-eabi/4.9.3/../../../../arm-none-eabi/lib/armv7-m\libg_nano.a(lib_a-nano-reallocr.o)
                0x000022ac                _realloc_r
 .text._sbrk_r  0x000022f8       0x20 c:/program files (x86)/cypress/psoc creator/3.3/psoc creator/import/gnu/arm/4.9.3/bin/../lib/gcc/arm-none-eabi/4.9.3/../../../../arm-none-eabi/lib/armv7-m\libg_nano.a(lib_a-sbrkr.o)
                0x000022f8                _sbrk_r
 .text._malloc_usable_size_r
                0x00002318       0x14 c:/program files (x86)/cypress/psoc creator/3.3/psoc creator/import/gnu/arm/4.9.3/bin/../lib/gcc/arm-none-eabi/4.9.3/../../../../arm-none-eabi/lib/armv7-m\libg_nano.a(lib_a-nano-msizer.o)
                0x00002318                _malloc_usable_size_r
 *(.plt)
 *(.gnu.warning)
 *(.glue_7t)
 .glue_7t       0x00000000        0x0 linker stubs
 *(.glue_7)
 .glue_7        0x00000000        0x0 linker stubs
 *(.vfp11_veneer)
 .vfp11_veneer  0x00000000        0x0 linker stubs
 *(.bootloader)
 *(.ARM.extab* .gnu.linkonce.armextab.*)
 *(.gcc_except_table)

.v4_bx          0x0000232c        0x0
 .v4_bx         0x00000000        0x0 linker stubs

.iplt           0x0000232c        0x0
 .iplt          0x00000000        0x0 c:/program files (x86)/cypress/psoc creator/3.3/psoc creator/import/gnu/arm/4.9.3/bin/../lib/gcc/arm-none-eabi/4.9.3/armv7-m/crtbegin.o

.eh_frame_hdr
 *(.eh_frame_hdr)

.eh_frame       0x0000232c        0x4
 *(.eh_frame)
 .eh_frame      0x0000232c        0x0 c:/program files (x86)/cypress/psoc creator/3.3/psoc creator/import/gnu/arm/4.9.3/bin/../lib/gcc/arm-none-eabi/4.9.3/armv7-m/crtbegin.o
 .eh_frame      0x0000232c        0x4 c:/program files (x86)/cypress/psoc creator/3.3/psoc creator/import/gnu/arm/4.9.3/bin/../lib/gcc/arm-none-eabi/4.9.3/armv7-m/crtend.o
                0x00002330                PROVIDE (__exidx_start, .)

.ARM.exidx
 *(.ARM.exidx* .gnu.linkonce.armexidx.*)
                0x00002330                __exidx_end = .

.rodata         0x00002330      0x218
 *(.rodata .rodata.* .gnu.linkonce.r.*)
 .rodata.str1.4
                0x00002330        0x3 .\CortexM3\ARM_GCC_493\Debug\main.o
                                  0x4 (size before relaxing)
 *fill*         0x00002333        0x1 
 .rodata        0x00002334       0x2c .\CortexM3\ARM_GCC_493\Debug\USB_UART_INT_Timer.a(cyfitter_cfg.o)
 .rodata        0x00002360        0x4 .\CortexM3\ARM_GCC_493\Debug\USB_UART_INT_Timer.a(USBUART_1_cdc.o)
 .rodata.str1.4
                0x00002364       0x14 .\CortexM3\ARM_GCC_493\Debug\USB_UART_INT_Timer.a(USBUART_1_std.o)
 .rodata        0x00002378      0x160 .\CortexM3\ARM_GCC_493\Debug\USB_UART_INT_Timer.a(USBUART_1_descr.o)
                0x00002378                USBUART_1_TABLE
                0x00002380                USBUART_1_DEVICE0_TABLE
                0x00002398                USBUART_1_DEVICE0_CONFIGURATION0_TABLE
                0x000023c0                USBUART_1_DEVICE0_CONFIGURATION0_INTERFACE_CLASS
                0x000023c4                USBUART_1_DEVICE0_CONFIGURATION0_EP_SETTINGS_TABLE
                0x000023dc                USBUART_1_SN_STRING_DESCRIPTOR
                0x000023e0                USBUART_1_STRING_DESCRIPTORS
                0x00002480                USBUART_1_DEVICE0_CONFIGURATION0_DESCR
                0x000024c4                USBUART_1_DEVICE0_DESCR
 .rodata.str1.1
                0x000024d8        0x2 c:/program files (x86)/cypress/psoc creator/3.3/psoc creator/import/gnu/arm/4.9.3/bin/../lib/gcc/arm-none-eabi/4.9.3/../../../../arm-none-eabi/lib/armv7-m\libg_nano.a(lib_a-impure.o)
 .rodata.str1.1
                0x000024da       0x11 c:/program files (x86)/cypress/psoc creator/3.3/psoc creator/import/gnu/arm/4.9.3/bin/../lib/gcc/arm-none-eabi/4.9.3/../../../../arm-none-eabi/lib/armv7-m\libg_nano.a(lib_a-nano-svfprintf.o)
 .rodata.str1.1
                0x000024eb       0x22 c:/program files (x86)/cypress/psoc creator/3.3/psoc creator/import/gnu/arm/4.9.3/bin/../lib/gcc/arm-none-eabi/4.9.3/../../../../arm-none-eabi/lib/armv7-m\libg_nano.a(lib_a-nano-vfprintf_i.o)
                0x00002510                . = ALIGN (0x4)
 *fill*         0x0000250d        0x3 
 *(.init)
 .init          0x00002510        0x4 c:/program files (x86)/cypress/psoc creator/3.3/psoc creator/import/gnu/arm/4.9.3/bin/../lib/gcc/arm-none-eabi/4.9.3/armv7-m/crti.o
                0x00002510                _init
 .init          0x00002514        0x8 c:/program files (x86)/cypress/psoc creator/3.3/psoc creator/import/gnu/arm/4.9.3/bin/../lib/gcc/arm-none-eabi/4.9.3/armv7-m/crtn.o
                0x0000251c                . = ALIGN (0x4)
                0x0000251c                __preinit_array_start = .
 *(.preinit_array)
                0x0000251c                __preinit_array_end = .
                0x0000251c                . = ALIGN (0x4)
                0x0000251c                __init_array_start = .
 *(SORT(.init_array.*))
 *(.init_array)
 .init_array    0x0000251c        0x4 c:/program files (x86)/cypress/psoc creator/3.3/psoc creator/import/gnu/arm/4.9.3/bin/../lib/gcc/arm-none-eabi/4.9.3/armv7-m/crtbegin.o
 .init_array    0x00002520        0x4 .\CortexM3\ARM_GCC_493\Debug\Cm3Start.o
                0x00002524                __init_array_end = .
                0x00002524                . = ALIGN (0x4)
 *(.fini)
 .fini          0x00002524        0x4 c:/program files (x86)/cypress/psoc creator/3.3/psoc creator/import/gnu/arm/4.9.3/bin/../lib/gcc/arm-none-eabi/4.9.3/armv7-m/crti.o
                0x00002524                _fini
 .fini          0x00002528        0x8 c:/program files (x86)/cypress/psoc creator/3.3/psoc creator/import/gnu/arm/4.9.3/bin/../lib/gcc/arm-none-eabi/4.9.3/armv7-m/crtn.o
                0x00002530                . = ALIGN (0x4)
                0x00002530                __fini_array_start = .
 *(.fini_array)
 .fini_array    0x00002530        0x4 c:/program files (x86)/cypress/psoc creator/3.3/psoc creator/import/gnu/arm/4.9.3/bin/../lib/gcc/arm-none-eabi/4.9.3/armv7-m/crtbegin.o
 *(SORT(.fini_array.*))
                0x00002534                __fini_array_end = .
                0x00002534                . = ALIGN (0x4)
 *crtbegin.o(.ctors)
 *(EXCLUDE_FILE(*crtend.o) .ctors)
 *(SORT(.ctors.*))
 *crtend.o(.ctors)
                0x00002534                . = ALIGN (0x4)
 *crtbegin.o(.dtors)
 *(EXCLUDE_FILE(*crtend.o) .dtors)
 *(SORT(.dtors.*))
 *crtend.o(.dtors)
                0x00002534                . = ALIGN (0x4)
                0x00002534                __cy_regions = .
                0x00002534        0x4 LONG 0x2548 __cy_region_init_ram
                0x00002538        0x4 LONG 0x1fff8108 __cy_region_start_data
                0x0000253c        0x4 LONG 0xa0 __cy_region_init_size_ram
                0x00002540        0x4 LONG 0x118 __cy_region_zero_size_ram
                0x00002544                __cy_regions_end = .
                0x00002548                . = ALIGN (0x8)
 *fill*         0x00002544        0x4 
                0x00002548                _etext = .

.cy_checksum_exclude
                0x00002548        0x0
 *(.cy_checksum_exclude)

.ramvectors     0x1fff8000      0x100
                0x1fff8000                __cy_region_start_ram = .
 *(.ramvectors)
 .ramvectors    0x1fff8000      0x100 .\CortexM3\ARM_GCC_493\Debug\Cm3Start.o
                0x1fff8000                CyRamVectors

.noinit         0x1fff8100        0x5
 *(.noinit)
 .noinit        0x1fff8100        0x4 .\CortexM3\ARM_GCC_493\Debug\Cm3Start.o
 .noinit        0x1fff8104        0x1 .\CortexM3\ARM_GCC_493\Debug\USB_UART_INT_Timer.a(CyLib.o)
                0x1fff8104                CyResetStatus

.data           0x1fff8108       0xa0 load address 0x00002548
                0x1fff8108                __cy_region_start_data = .
 *(.jcr)
 .jcr           0x1fff8108        0x0 c:/program files (x86)/cypress/psoc creator/3.3/psoc creator/import/gnu/arm/4.9.3/bin/../lib/gcc/arm-none-eabi/4.9.3/armv7-m/crtbegin.o
 .jcr           0x1fff8108        0x4 c:/program files (x86)/cypress/psoc creator/3.3/psoc creator/import/gnu/arm/4.9.3/bin/../lib/gcc/arm-none-eabi/4.9.3/armv7-m/crtend.o
 *(.got.plt)
 *(.got)
 *(.shdata)
 *(.data .data.* .gnu.linkonce.d.*)
 .data          0x1fff810c        0x4 .\CortexM3\ARM_GCC_493\Debug\main.o
                0x1fff810c                increment
 .data          0x1fff8110        0x4 .\CortexM3\ARM_GCC_493\Debug\Cm3Start.o
 .data          0x1fff8114       0x1c .\CortexM3\ARM_GCC_493\Debug\USB_UART_INT_Timer.a(USBUART_1_cdc.o)
                0x1fff8114                USBUART_1_linesCoding
 .data          0x1fff8130       0x10 .\CortexM3\ARM_GCC_493\Debug\USB_UART_INT_Timer.a(CyLib.o)
                0x1fff8130                cydelay_32k_ms
                0x1fff8134                cydelay_freq_khz
                0x1fff8138                cydelay_freq_mhz
                0x1fff813c                cydelay_freq_hz
 .data.impure_data
                0x1fff8140       0x60 c:/program files (x86)/cypress/psoc creator/3.3/psoc creator/import/gnu/arm/4.9.3/bin/../lib/gcc/arm-none-eabi/4.9.3/../../../../arm-none-eabi/lib/armv7-m\libg_nano.a(lib_a-impure.o)
 .data._impure_ptr
                0x1fff81a0        0x4 c:/program files (x86)/cypress/psoc creator/3.3/psoc creator/import/gnu/arm/4.9.3/bin/../lib/gcc/arm-none-eabi/4.9.3/../../../../arm-none-eabi/lib/armv7-m\libg_nano.a(lib_a-impure.o)
                0x1fff81a0                _impure_ptr
                0x1fff81a8                . = ALIGN (0x8)
 *fill*         0x1fff81a4        0x4 
 *(.ram)
                0x1fff81a8                _edata = .

.igot.plt       0x1fff81a8        0x0 load address 0x000025e8
 .igot.plt      0x00000000        0x0 c:/program files (x86)/cypress/psoc creator/3.3/psoc creator/import/gnu/arm/4.9.3/bin/../lib/gcc/arm-none-eabi/4.9.3/armv7-m/crtbegin.o

.bss            0x1fff81a8      0x118 load address 0x000025e8
                0x1fff81a8                PROVIDE (__bss_start__, .)
 *(.shbss)
 *(.bss .bss.* .gnu.linkonce.b.*)
 .bss           0x1fff81a8       0x1c c:/program files (x86)/cypress/psoc creator/3.3/psoc creator/import/gnu/arm/4.9.3/bin/../lib/gcc/arm-none-eabi/4.9.3/armv7-m/crtbegin.o
 .bss           0x1fff81c4        0xc .\CortexM3\ARM_GCC_493\Debug\main.o
                0x1fff81c4                val
                0x1fff81c8                valeur
 .bss           0x1fff81d0        0x1 .\CortexM3\ARM_GCC_493\Debug\USB_UART_INT_Timer.a(USBUART_1.o)
                0x1fff81d0                USBUART_1_initVar
 .bss           0x1fff81d1        0x1 .\CortexM3\ARM_GCC_493\Debug\USB_UART_INT_Timer.a(USBUART_1_cdc.o)
 *fill*         0x1fff81d2        0x2 
 .bss           0x1fff81d4        0x4 .\CortexM3\ARM_GCC_493\Debug\USB_UART_INT_Timer.a(USBUART_1_std.o)
 .bss           0x1fff81d8        0x1 .\CortexM3\ARM_GCC_493\Debug\USB_UART_INT_Timer.a(Timer_1.o)
                0x1fff81d8                Timer_1_initVar
 *fill*         0x1fff81d9        0x3 
 .bss.__malloc_sbrk_start
                0x1fff81dc        0x4 c:/program files (x86)/cypress/psoc creator/3.3/psoc creator/import/gnu/arm/4.9.3/bin/../lib/gcc/arm-none-eabi/4.9.3/../../../../arm-none-eabi/lib/armv7-m\libg_nano.a(lib_a-nano-mallocr.o)
                0x1fff81dc                __malloc_sbrk_start
 .bss.__malloc_free_list
                0x1fff81e0        0x4 c:/program files (x86)/cypress/psoc creator/3.3/psoc creator/import/gnu/arm/4.9.3/bin/../lib/gcc/arm-none-eabi/4.9.3/../../../../arm-none-eabi/lib/armv7-m\libg_nano.a(lib_a-nano-mallocr.o)
                0x1fff81e0                __malloc_free_list
 *(COMMON)
 COMMON         0x1fff81e4       0x18 .\CortexM3\ARM_GCC_493\Debug\USB_UART_INT_Timer.a(USBUART_1_cdc.o)
                0x1fff81e4                USBUART_1_cdcDataInEp
                0x1fff81e8                USBUART_1_cdcDataOutEp
                0x1fff81ec                USBUART_1_cdcCommInInterruptEp
                0x1fff81f0                USBUART_1_serialStateBitmap
                0x1fff81f4                USBUART_1_linesChanged
                0x1fff81f8                USBUART_1_linesControlBitmap
 COMMON         0x1fff81fc       0x97 .\CortexM3\ARM_GCC_493\Debug\USB_UART_INT_Timer.a(USBUART_1_drv.o)
                0x1fff81fc                USBUART_1_interfaceSettingLast
                0x1fff81fe                USBUART_1_ep0Mode
                0x1fff81ff                USBUART_1_lastPacketSize
                0x1fff8200                USBUART_1_configurationChanged
                0x1fff8201                USBUART_1_configuration
                0x1fff8202                USBUART_1_interfaceNumber
                0x1fff8203                USBUART_1_deviceStatus
                0x1fff8204                USBUART_1_ep0Toggle
                0x1fff8208                USBUART_1_interfaceClass
                0x1fff820c                USBUART_1_interfaceSetting
                0x1fff8210                USBUART_1_currentTD
                0x1fff821c                USBUART_1_ep0Count
                0x1fff8220                USBUART_1_EP
                0x1fff828c                USBUART_1_transferByteCount
                0x1fff828e                USBUART_1_transferState
                0x1fff828f                USBUART_1_device
                0x1fff8290                USBUART_1_interfaceStatus
                0x1fff8292                USBUART_1_deviceAddress
 *fill*         0x1fff8293        0x1 
 COMMON         0x1fff8294       0x22 .\CortexM3\ARM_GCC_493\Debug\USB_UART_INT_Timer.a(USBUART_1_descr.o)
                0x1fff8294                USBUART_1_idSerialNumberStringDescriptor
 *fill*         0x1fff82b6        0x2 
 COMMON         0x1fff82b8        0x4 c:/program files (x86)/cypress/psoc creator/3.3/psoc creator/import/gnu/arm/4.9.3/bin/../lib/gcc/arm-none-eabi/4.9.3/../../../../arm-none-eabi/lib/armv7-m\libg_nano.a(lib_a-reent.o)
                0x1fff82b8                errno
                0x1fff82c0                . = ALIGN (0x8)
 *fill*         0x1fff82bc        0x4 
 *(.ram.b)
                0x1fff82c0                _end = .
                0x1fff82c0                __end = .
                0x1fff82c0                PROVIDE (end, .)
                0x1fff82c0                PROVIDE (__bss_end__, .)
                0x00002548                __cy_region_init_ram = LOADADDR (.data)
                0x000000a0                __cy_region_init_size_ram = (_edata - ADDR (.data))
                0x00000118                __cy_region_zero_size_ram = (_end - _edata)

.heap           0x1fff82c0       0x80 load address 0x000025e8
                0x1fff82c0                . = _end
                0x1fff8340                . = (. + 0x80)
 *fill*         0x1fff82c0       0x80 
                0x1fff8340                __cy_heap_limit = .

.stack          0x20007800      0x800
                0x20007800                __cy_stack_limit = .
                0x20008000                . = (. + 0x800)
 *fill*         0x20007800      0x800 
                0x00000001                ASSERT ((__cy_stack_limit >= __cy_heap_limit), region RAM overflowed with stack)
                0x00000000                cy_checksum_exclude_size = (CY_APPL_LOADABLE == 0x1)?SIZEOF (.cy_checksum_exclude):0x0
                0x00000001                ASSERT ((cy_checksum_exclude_size <= CY_CHECKSUM_EXCLUDE_SIZE), CY_BOOT: Section .cy_checksum_exclude size exceedes specified limit.)

.cyloadermeta
 *(.cyloadermeta)

.cyloadablemeta
 *(.cyloadablemeta)

.cyconfigecc    0x80000000      0x198
 *(.cyconfigecc)
 .cyconfigecc   0x80000000      0x198 .\CortexM3\ARM_GCC_493\Debug\cymetadata.o
                0x80000000                cy_meta_configecc

.cycustnvl      0x90000000        0x4
 *(.cycustnvl)
 .cycustnvl     0x90000000        0x4 .\CortexM3\ARM_GCC_493\Debug\cymetadata.o
                0x90000000                cy_meta_custnvl

.cywolatch      0x90100000        0x4
 *(.cywolatch)
 .cywolatch     0x90100000        0x4 .\CortexM3\ARM_GCC_493\Debug\cymetadata.o
                0x90100000                cy_meta_wonvl

.cyeeprom       0x90200000        0x0
 *(.cyeeprom)
                0x00000001                ASSERT ((. <= ((0x90200000 + ee_offset) + ee_size)), .cyeeprom data will not fit in EEPROM)

.cyflashprotect
                0x90400000      0x100
 *(.cyflashprotect)
 .cyflashprotect
                0x90400000      0x100 .\CortexM3\ARM_GCC_493\Debug\cymetadata.o
                0x90400000                cy_meta_flashprotect

.cymeta         0x90500000        0xc
 *(.cymeta)
 .cymeta        0x90500000        0xc .\CortexM3\ARM_GCC_493\Debug\cymetadata.o
                0x90500000                cy_metadata

.rel.dyn        0x000025e8        0x0 load address 0x9050000c
 .rel.iplt      0x00000000        0x0 c:/program files (x86)/cypress/psoc creator/3.3/psoc creator/import/gnu/arm/4.9.3/bin/../lib/gcc/arm-none-eabi/4.9.3/armv7-m/crtbegin.o

.stab
 *(.stab)

.stabstr
 *(.stabstr)

.debug
 *(.debug)

.line
 *(.line)

.debug_srcinfo
 *(.debug_srcinfo)

.debug_sfnames
 *(.debug_sfnames)

.debug_aranges  0x00000000      0xa20
 *(.debug_aranges)
 .debug_aranges
                0x00000000       0x28 .\CortexM3\ARM_GCC_493\Debug\main.o
 .debug_aranges
                0x00000028       0x18 .\CortexM3\ARM_GCC_493\Debug\cymetadata.o
 .debug_aranges
                0x00000040       0x48 .\CortexM3\ARM_GCC_493\Debug\Cm3Start.o
 .debug_aranges
                0x00000088       0x58 .\CortexM3\ARM_GCC_493\Debug\USB_UART_INT_Timer.a(cyfitter_cfg.o)
 .debug_aranges
                0x000000e0       0xc8 .\CortexM3\ARM_GCC_493\Debug\USB_UART_INT_Timer.a(USBUART_1.o)
 .debug_aranges
                0x000001a8       0xe8 .\CortexM3\ARM_GCC_493\Debug\USB_UART_INT_Timer.a(USBUART_1_cdc.o)
 .debug_aranges
                0x00000290       0x98 .\CortexM3\ARM_GCC_493\Debug\USB_UART_INT_Timer.a(USBUART_1_drv.o)
 .debug_aranges
                0x00000328       0x40 .\CortexM3\ARM_GCC_493\Debug\USB_UART_INT_Timer.a(USBUART_1_episr.o)
 .debug_aranges
                0x00000368       0x40 .\CortexM3\ARM_GCC_493\Debug\USB_UART_INT_Timer.a(USBUART_1_pm.o)
 .debug_aranges
                0x000003a8       0x80 .\CortexM3\ARM_GCC_493\Debug\USB_UART_INT_Timer.a(USBUART_1_std.o)
 .debug_aranges
                0x00000428       0x20 .\CortexM3\ARM_GCC_493\Debug\USB_UART_INT_Timer.a(USBUART_1_vnd.o)
 .debug_aranges
                0x00000448       0x48 .\CortexM3\ARM_GCC_493\Debug\USB_UART_INT_Timer.a(USBUART_1_Dp.o)
 .debug_aranges
                0x00000490       0x20 .\CortexM3\ARM_GCC_493\Debug\USB_UART_INT_Timer.a(CyBootAsmGnu.o)
 .debug_aranges
                0x000004b0      0x298 .\CortexM3\ARM_GCC_493\Debug\USB_UART_INT_Timer.a(CyLib.o)
 .debug_aranges
                0x00000748       0x98 .\CortexM3\ARM_GCC_493\Debug\USB_UART_INT_Timer.a(cyPm.o)
 .debug_aranges
                0x000007e0       0x80 .\CortexM3\ARM_GCC_493\Debug\USB_UART_INT_Timer.a(isr_1.o)
 .debug_aranges
                0x00000860       0x90 .\CortexM3\ARM_GCC_493\Debug\USB_UART_INT_Timer.a(Timer_1.o)
 .debug_aranges
                0x000008f0       0x20 .\CortexM3\ARM_GCC_493\Debug\USB_UART_INT_Timer.a(USBUART_1_cls.o)
 .debug_aranges
                0x00000910       0x18 .\CortexM3\ARM_GCC_493\Debug\USB_UART_INT_Timer.a(USBUART_1_descr.o)
 .debug_aranges
                0x00000928       0x80 .\CortexM3\ARM_GCC_493\Debug\USB_UART_INT_Timer.a(CyFlash.o)
 .debug_aranges
                0x000009a8       0x78 .\CortexM3\ARM_GCC_493\Debug\USB_UART_INT_Timer.a(CySpc.o)

.debug_pubnames
 *(.debug_pubnames)

.debug_info     0x00000000     0x6d6e
 *(.debug_info .gnu.linkonce.wi.*)
 .debug_info    0x00000000      0x2bf .\CortexM3\ARM_GCC_493\Debug\main.o
 .debug_info    0x000002bf      0x13b .\CortexM3\ARM_GCC_493\Debug\cymetadata.o
 .debug_info    0x000003fa      0x3a5 .\CortexM3\ARM_GCC_493\Debug\Cm3Start.o
 .debug_info    0x0000079f      0x487 .\CortexM3\ARM_GCC_493\Debug\USB_UART_INT_Timer.a(cyfitter_cfg.o)
 .debug_info    0x00000c26      0x9b0 .\CortexM3\ARM_GCC_493\Debug\USB_UART_INT_Timer.a(USBUART_1.o)
 .debug_info    0x000015d6      0xb16 .\CortexM3\ARM_GCC_493\Debug\USB_UART_INT_Timer.a(USBUART_1_cdc.o)
 .debug_info    0x000020ec      0x649 .\CortexM3\ARM_GCC_493\Debug\USB_UART_INT_Timer.a(USBUART_1_drv.o)
 .debug_info    0x00002735      0x244 .\CortexM3\ARM_GCC_493\Debug\USB_UART_INT_Timer.a(USBUART_1_episr.o)
 .debug_info    0x00002979      0x2ef .\CortexM3\ARM_GCC_493\Debug\USB_UART_INT_Timer.a(USBUART_1_pm.o)
 .debug_info    0x00002c68      0xb35 .\CortexM3\ARM_GCC_493\Debug\USB_UART_INT_Timer.a(USBUART_1_std.o)
 .debug_info    0x0000379d       0xe6 .\CortexM3\ARM_GCC_493\Debug\USB_UART_INT_Timer.a(USBUART_1_vnd.o)
 .debug_info    0x00003883      0x174 .\CortexM3\ARM_GCC_493\Debug\USB_UART_INT_Timer.a(USBUART_1_Dp.o)
 .debug_info    0x000039f7       0xa1 .\CortexM3\ARM_GCC_493\Debug\USB_UART_INT_Timer.a(CyBootAsmGnu.o)
 .debug_info    0x00003a98     0x1371 .\CortexM3\ARM_GCC_493\Debug\USB_UART_INT_Timer.a(CyLib.o)
 .debug_info    0x00004e09      0xa58 .\CortexM3\ARM_GCC_493\Debug\USB_UART_INT_Timer.a(cyPm.o)
 .debug_info    0x00005861      0x2cb .\CortexM3\ARM_GCC_493\Debug\USB_UART_INT_Timer.a(isr_1.o)
 .debug_info    0x00005b2c      0x2e9 .\CortexM3\ARM_GCC_493\Debug\USB_UART_INT_Timer.a(Timer_1.o)
 .debug_info    0x00005e15      0x1d2 .\CortexM3\ARM_GCC_493\Debug\USB_UART_INT_Timer.a(USBUART_1_cls.o)
 .debug_info    0x00005fe7      0x28d .\CortexM3\ARM_GCC_493\Debug\USB_UART_INT_Timer.a(USBUART_1_descr.o)
 .debug_info    0x00006274      0x60a .\CortexM3\ARM_GCC_493\Debug\USB_UART_INT_Timer.a(CyFlash.o)
 .debug_info    0x0000687e      0x4f0 .\CortexM3\ARM_GCC_493\Debug\USB_UART_INT_Timer.a(CySpc.o)

.debug_abbrev   0x00000000     0x1e83
 *(.debug_abbrev)
 .debug_abbrev  0x00000000      0x17d .\CortexM3\ARM_GCC_493\Debug\main.o
 .debug_abbrev  0x0000017d       0x66 .\CortexM3\ARM_GCC_493\Debug\cymetadata.o
 .debug_abbrev  0x000001e3      0x20f .\CortexM3\ARM_GCC_493\Debug\Cm3Start.o
 .debug_abbrev  0x000003f2      0x1dc .\CortexM3\ARM_GCC_493\Debug\USB_UART_INT_Timer.a(cyfitter_cfg.o)
 .debug_abbrev  0x000005ce      0x25e .\CortexM3\ARM_GCC_493\Debug\USB_UART_INT_Timer.a(USBUART_1.o)
 .debug_abbrev  0x0000082c      0x28b .\CortexM3\ARM_GCC_493\Debug\USB_UART_INT_Timer.a(USBUART_1_cdc.o)
 .debug_abbrev  0x00000ab7      0x18b .\CortexM3\ARM_GCC_493\Debug\USB_UART_INT_Timer.a(USBUART_1_drv.o)
 .debug_abbrev  0x00000c42      0x11b .\CortexM3\ARM_GCC_493\Debug\USB_UART_INT_Timer.a(USBUART_1_episr.o)
 .debug_abbrev  0x00000d5d      0x146 .\CortexM3\ARM_GCC_493\Debug\USB_UART_INT_Timer.a(USBUART_1_pm.o)
 .debug_abbrev  0x00000ea3      0x23d .\CortexM3\ARM_GCC_493\Debug\USB_UART_INT_Timer.a(USBUART_1_std.o)
 .debug_abbrev  0x000010e0       0x9b .\CortexM3\ARM_GCC_493\Debug\USB_UART_INT_Timer.a(USBUART_1_vnd.o)
 .debug_abbrev  0x0000117b       0x90 .\CortexM3\ARM_GCC_493\Debug\USB_UART_INT_Timer.a(USBUART_1_Dp.o)
 .debug_abbrev  0x0000120b       0x14 .\CortexM3\ARM_GCC_493\Debug\USB_UART_INT_Timer.a(CyBootAsmGnu.o)
 .debug_abbrev  0x0000121f      0x296 .\CortexM3\ARM_GCC_493\Debug\USB_UART_INT_Timer.a(CyLib.o)
 .debug_abbrev  0x000014b5      0x1ed .\CortexM3\ARM_GCC_493\Debug\USB_UART_INT_Timer.a(cyPm.o)
 .debug_abbrev  0x000016a2      0x173 .\CortexM3\ARM_GCC_493\Debug\USB_UART_INT_Timer.a(isr_1.o)
 .debug_abbrev  0x00001815      0x145 .\CortexM3\ARM_GCC_493\Debug\USB_UART_INT_Timer.a(Timer_1.o)
 .debug_abbrev  0x0000195a       0xe3 .\CortexM3\ARM_GCC_493\Debug\USB_UART_INT_Timer.a(USBUART_1_cls.o)
 .debug_abbrev  0x00001a3d       0xb4 .\CortexM3\ARM_GCC_493\Debug\USB_UART_INT_Timer.a(USBUART_1_descr.o)
 .debug_abbrev  0x00001af1      0x1d1 .\CortexM3\ARM_GCC_493\Debug\USB_UART_INT_Timer.a(CyFlash.o)
 .debug_abbrev  0x00001cc2      0x1c1 .\CortexM3\ARM_GCC_493\Debug\USB_UART_INT_Timer.a(CySpc.o)

.debug_line     0x00000000     0x293d
 *(.debug_line)
 .debug_line    0x00000000      0x1f0 .\CortexM3\ARM_GCC_493\Debug\main.o
 .debug_line    0x000001f0       0x53 .\CortexM3\ARM_GCC_493\Debug\cymetadata.o
 .debug_line    0x00000243      0x249 .\CortexM3\ARM_GCC_493\Debug\Cm3Start.o
 .debug_line    0x0000048c      0x1d8 .\CortexM3\ARM_GCC_493\Debug\USB_UART_INT_Timer.a(cyfitter_cfg.o)
 .debug_line    0x00000664      0x2d0 .\CortexM3\ARM_GCC_493\Debug\USB_UART_INT_Timer.a(USBUART_1.o)
 .debug_line    0x00000934      0x2fa .\CortexM3\ARM_GCC_493\Debug\USB_UART_INT_Timer.a(USBUART_1_cdc.o)
 .debug_line    0x00000c2e      0x229 .\CortexM3\ARM_GCC_493\Debug\USB_UART_INT_Timer.a(USBUART_1_drv.o)
 .debug_line    0x00000e57       0xee .\CortexM3\ARM_GCC_493\Debug\USB_UART_INT_Timer.a(USBUART_1_episr.o)
 .debug_line    0x00000f45      0x118 .\CortexM3\ARM_GCC_493\Debug\USB_UART_INT_Timer.a(USBUART_1_pm.o)
 .debug_line    0x0000105d      0x3ea .\CortexM3\ARM_GCC_493\Debug\USB_UART_INT_Timer.a(USBUART_1_std.o)
 .debug_line    0x00001447       0x79 .\CortexM3\ARM_GCC_493\Debug\USB_UART_INT_Timer.a(USBUART_1_vnd.o)
 .debug_line    0x000014c0       0xbf .\CortexM3\ARM_GCC_493\Debug\USB_UART_INT_Timer.a(USBUART_1_Dp.o)
 .debug_line    0x0000157f       0x68 .\CortexM3\ARM_GCC_493\Debug\USB_UART_INT_Timer.a(CyBootAsmGnu.o)
 .debug_line    0x000015e7      0x806 .\CortexM3\ARM_GCC_493\Debug\USB_UART_INT_Timer.a(CyLib.o)
 .debug_line    0x00001ded      0x366 .\CortexM3\ARM_GCC_493\Debug\USB_UART_INT_Timer.a(cyPm.o)
 .debug_line    0x00002153      0x14b .\CortexM3\ARM_GCC_493\Debug\USB_UART_INT_Timer.a(isr_1.o)
 .debug_line    0x0000229e      0x174 .\CortexM3\ARM_GCC_493\Debug\USB_UART_INT_Timer.a(Timer_1.o)
 .debug_line    0x00002412       0x9a .\CortexM3\ARM_GCC_493\Debug\USB_UART_INT_Timer.a(USBUART_1_cls.o)
 .debug_line    0x000024ac       0x67 .\CortexM3\ARM_GCC_493\Debug\USB_UART_INT_Timer.a(USBUART_1_descr.o)
 .debug_line    0x00002513      0x1ec .\CortexM3\ARM_GCC_493\Debug\USB_UART_INT_Timer.a(CyFlash.o)
 .debug_line    0x000026ff      0x23e .\CortexM3\ARM_GCC_493\Debug\USB_UART_INT_Timer.a(CySpc.o)

.debug_frame    0x00000000     0x1cbc
 *(.debug_frame)
 .debug_frame   0x00000000       0x48 .\CortexM3\ARM_GCC_493\Debug\main.o
 .debug_frame   0x00000048       0xac .\CortexM3\ARM_GCC_493\Debug\Cm3Start.o
 .debug_frame   0x000000f4       0xe4 .\CortexM3\ARM_GCC_493\Debug\USB_UART_INT_Timer.a(cyfitter_cfg.o)
 .debug_frame   0x000001d8      0x1dc .\CortexM3\ARM_GCC_493\Debug\USB_UART_INT_Timer.a(USBUART_1.o)
 .debug_frame   0x000003b4      0x278 .\CortexM3\ARM_GCC_493\Debug\USB_UART_INT_Timer.a(USBUART_1_cdc.o)
 .debug_frame   0x0000062c      0x194 .\CortexM3\ARM_GCC_493\Debug\USB_UART_INT_Timer.a(USBUART_1_drv.o)
 .debug_frame   0x000007c0       0x6c .\CortexM3\ARM_GCC_493\Debug\USB_UART_INT_Timer.a(USBUART_1_episr.o)
 .debug_frame   0x0000082c       0xa0 .\CortexM3\ARM_GCC_493\Debug\USB_UART_INT_Timer.a(USBUART_1_pm.o)
 .debug_frame   0x000008cc      0x17c .\CortexM3\ARM_GCC_493\Debug\USB_UART_INT_Timer.a(USBUART_1_std.o)
 .debug_frame   0x00000a48       0x20 .\CortexM3\ARM_GCC_493\Debug\USB_UART_INT_Timer.a(USBUART_1_vnd.o)
 .debug_frame   0x00000a68       0x70 .\CortexM3\ARM_GCC_493\Debug\USB_UART_INT_Timer.a(USBUART_1_Dp.o)
 .debug_frame   0x00000ad8      0x728 .\CortexM3\ARM_GCC_493\Debug\USB_UART_INT_Timer.a(CyLib.o)
 .debug_frame   0x00001200      0x1f8 .\CortexM3\ARM_GCC_493\Debug\USB_UART_INT_Timer.a(cyPm.o)
 .debug_frame   0x000013f8      0x104 .\CortexM3\ARM_GCC_493\Debug\USB_UART_INT_Timer.a(isr_1.o)
 .debug_frame   0x000014fc      0x124 .\CortexM3\ARM_GCC_493\Debug\USB_UART_INT_Timer.a(Timer_1.o)
 .debug_frame   0x00001620       0x2c .\CortexM3\ARM_GCC_493\Debug\USB_UART_INT_Timer.a(USBUART_1_cls.o)
 .debug_frame   0x0000164c      0x174 .\CortexM3\ARM_GCC_493\Debug\USB_UART_INT_Timer.a(CyFlash.o)
 .debug_frame   0x000017c0      0x160 .\CortexM3\ARM_GCC_493\Debug\USB_UART_INT_Timer.a(CySpc.o)
 .debug_frame   0x00001920       0x20 c:/program files (x86)/cypress/psoc creator/3.3/psoc creator/import/gnu/arm/4.9.3/bin/../lib/gcc/arm-none-eabi/4.9.3/../../../../arm-none-eabi/lib/armv7-m\libg_nano.a(lib_a-errno.o)
 .debug_frame   0x00001940       0x28 c:/program files (x86)/cypress/psoc creator/3.3/psoc creator/import/gnu/arm/4.9.3/bin/../lib/gcc/arm-none-eabi/4.9.3/../../../../arm-none-eabi/lib/armv7-m\libg_nano.a(lib_a-exit.o)
 .debug_frame   0x00001968       0x2c c:/program files (x86)/cypress/psoc creator/3.3/psoc creator/import/gnu/arm/4.9.3/bin/../lib/gcc/arm-none-eabi/4.9.3/../../../../arm-none-eabi/lib/armv7-m\libg_nano.a(lib_a-init.o)
 .debug_frame   0x00001994       0x28 c:/program files (x86)/cypress/psoc creator/3.3/psoc creator/import/gnu/arm/4.9.3/bin/../lib/gcc/arm-none-eabi/4.9.3/../../../../arm-none-eabi/lib/armv7-m\libg_nano.a(lib_a-memcpy.o)
 .debug_frame   0x000019bc       0x20 c:/program files (x86)/cypress/psoc creator/3.3/psoc creator/import/gnu/arm/4.9.3/bin/../lib/gcc/arm-none-eabi/4.9.3/../../../../arm-none-eabi/lib/armv7-m\libg_nano.a(lib_a-memset.o)
 .debug_frame   0x000019dc       0x70 c:/program files (x86)/cypress/psoc creator/3.3/psoc creator/import/gnu/arm/4.9.3/bin/../lib/gcc/arm-none-eabi/4.9.3/../../../../arm-none-eabi/lib/armv7-m\libg_nano.a(lib_a-sprintf.o)
 .debug_frame   0x00001a4c       0x8c c:/program files (x86)/cypress/psoc creator/3.3/psoc creator/import/gnu/arm/4.9.3/bin/../lib/gcc/arm-none-eabi/4.9.3/../../../../arm-none-eabi/lib/armv7-m\libg_nano.a(lib_a-nano-svfprintf.o)
 .debug_frame   0x00001ad8       0x58 c:/program files (x86)/cypress/psoc creator/3.3/psoc creator/import/gnu/arm/4.9.3/bin/../lib/gcc/arm-none-eabi/4.9.3/../../../../arm-none-eabi/lib/armv7-m\libg_nano.a(lib_a-nano-vfprintf_i.o)
 .debug_frame   0x00001b30       0x28 c:/program files (x86)/cypress/psoc creator/3.3/psoc creator/import/gnu/arm/4.9.3/bin/../lib/gcc/arm-none-eabi/4.9.3/../../../../arm-none-eabi/lib/armv7-m\libg_nano.a(lib_a-memchr.o)
 .debug_frame   0x00001b58       0x28 c:/program files (x86)/cypress/psoc creator/3.3/psoc creator/import/gnu/arm/4.9.3/bin/../lib/gcc/arm-none-eabi/4.9.3/../../../../arm-none-eabi/lib/armv7-m\libg_nano.a(lib_a-memmove.o)
 .debug_frame   0x00001b80       0x2c c:/program files (x86)/cypress/psoc creator/3.3/psoc creator/import/gnu/arm/4.9.3/bin/../lib/gcc/arm-none-eabi/4.9.3/../../../../arm-none-eabi/lib/armv7-m\libg_nano.a(lib_a-nano-freer.o)
 .debug_frame   0x00001bac       0x2c c:/program files (x86)/cypress/psoc creator/3.3/psoc creator/import/gnu/arm/4.9.3/bin/../lib/gcc/arm-none-eabi/4.9.3/../../../../arm-none-eabi/lib/armv7-m\libg_nano.a(lib_a-nano-mallocr.o)
 .debug_frame   0x00001bd8       0x3c c:/program files (x86)/cypress/psoc creator/3.3/psoc creator/import/gnu/arm/4.9.3/bin/../lib/gcc/arm-none-eabi/4.9.3/../../../../arm-none-eabi/lib/armv7-m\libg_nano.a(lib_a-nano-reallocr.o)
 .debug_frame   0x00001c14       0x2c c:/program files (x86)/cypress/psoc creator/3.3/psoc creator/import/gnu/arm/4.9.3/bin/../lib/gcc/arm-none-eabi/4.9.3/../../../../arm-none-eabi/lib/armv7-m\libg_nano.a(lib_a-sbrkr.o)
 .debug_frame   0x00001c40       0x20 c:/program files (x86)/cypress/psoc creator/3.3/psoc creator/import/gnu/arm/4.9.3/bin/../lib/gcc/arm-none-eabi/4.9.3/../../../../arm-none-eabi/lib/armv7-m\libg_nano.a(lib_a-nano-msizer.o)
 .debug_frame   0x00001c60       0x5c c:/program files (x86)/cypress/psoc creator/3.3/psoc creator/import/gnu/arm/4.9.3/bin/../lib/gcc/arm-none-eabi/4.9.3/../../../../arm-none-eabi/lib/armv7-m\libg_nano.a(lib_a-reent.o)

.debug_str      0x00000000     0x2829
 *(.debug_str)
 .debug_str     0x00000000      0x256 .\CortexM3\ARM_GCC_493\Debug\main.o
                                0x297 (size before relaxing)
 .debug_str     0x00000256       0x77 .\CortexM3\ARM_GCC_493\Debug\cymetadata.o
                                0x1fb (size before relaxing)
 .debug_str     0x000002cd      0x158 .\CortexM3\ARM_GCC_493\Debug\Cm3Start.o
                                0x30f (size before relaxing)
 .debug_str     0x00000425      0x15d .\CortexM3\ARM_GCC_493\Debug\USB_UART_INT_Timer.a(cyfitter_cfg.o)
                                0x314 (size before relaxing)
 .debug_str     0x00000582      0x4b0 .\CortexM3\ARM_GCC_493\Debug\USB_UART_INT_Timer.a(USBUART_1.o)
                                0x6b0 (size before relaxing)
 .debug_str     0x00000a32      0x54f .\CortexM3\ARM_GCC_493\Debug\USB_UART_INT_Timer.a(USBUART_1_cdc.o)
                                0x840 (size before relaxing)
 .debug_str     0x00000f81      0x2c3 .\CortexM3\ARM_GCC_493\Debug\USB_UART_INT_Timer.a(USBUART_1_drv.o)
                                0x6a1 (size before relaxing)
 .debug_str     0x00001244       0x8e .\CortexM3\ARM_GCC_493\Debug\USB_UART_INT_Timer.a(USBUART_1_episr.o)
                                0x2fa (size before relaxing)
 .debug_str     0x000012d2      0x104 .\CortexM3\ARM_GCC_493\Debug\USB_UART_INT_Timer.a(USBUART_1_pm.o)
                                0x314 (size before relaxing)
 .debug_str     0x000013d6      0x294 .\CortexM3\ARM_GCC_493\Debug\USB_UART_INT_Timer.a(USBUART_1_std.o)
                                0x816 (size before relaxing)
 .debug_str     0x0000166a       0x29 .\CortexM3\ARM_GCC_493\Debug\USB_UART_INT_Timer.a(USBUART_1_vnd.o)
                                0x1f8 (size before relaxing)
 .debug_str     0x00001693       0xb2 .\CortexM3\ARM_GCC_493\Debug\USB_UART_INT_Timer.a(USBUART_1_Dp.o)
                                0x260 (size before relaxing)
 .debug_str     0x00001745      0x7ae .\CortexM3\ARM_GCC_493\Debug\USB_UART_INT_Timer.a(CyLib.o)
                                0xa34 (size before relaxing)
 .debug_str     0x00001ef3      0x35b .\CortexM3\ARM_GCC_493\Debug\USB_UART_INT_Timer.a(cyPm.o)
                                0x72c (size before relaxing)
 .debug_str     0x0000224e       0xda .\CortexM3\ARM_GCC_493\Debug\USB_UART_INT_Timer.a(isr_1.o)
                                0x2ab (size before relaxing)
 .debug_str     0x00002328      0x178 .\CortexM3\ARM_GCC_493\Debug\USB_UART_INT_Timer.a(Timer_1.o)
                                0x364 (size before relaxing)
 .debug_str     0x000024a0       0x29 .\CortexM3\ARM_GCC_493\Debug\USB_UART_INT_Timer.a(USBUART_1_cls.o)
                                0x2bf (size before relaxing)
 .debug_str     0x000024c9      0x114 .\CortexM3\ARM_GCC_493\Debug\USB_UART_INT_Timer.a(USBUART_1_descr.o)
                                0x378 (size before relaxing)
 .debug_str     0x000025dd      0x19e .\CortexM3\ARM_GCC_493\Debug\USB_UART_INT_Timer.a(CyFlash.o)
                                0x3a6 (size before relaxing)
 .debug_str     0x0000277b       0xae .\CortexM3\ARM_GCC_493\Debug\USB_UART_INT_Timer.a(CySpc.o)
                                0x32f (size before relaxing)

.debug_loc      0x00000000     0x2db3
 *(.debug_loc)
 .debug_loc     0x00000000      0x144 .\CortexM3\ARM_GCC_493\Debug\Cm3Start.o
 .debug_loc     0x00000144      0x1d7 .\CortexM3\ARM_GCC_493\Debug\USB_UART_INT_Timer.a(cyfitter_cfg.o)
 .debug_loc     0x0000031b      0x3e1 .\CortexM3\ARM_GCC_493\Debug\USB_UART_INT_Timer.a(USBUART_1.o)
 .debug_loc     0x000006fc      0x56b .\CortexM3\ARM_GCC_493\Debug\USB_UART_INT_Timer.a(USBUART_1_cdc.o)
 .debug_loc     0x00000c67      0x171 .\CortexM3\ARM_GCC_493\Debug\USB_UART_INT_Timer.a(USBUART_1_drv.o)
 .debug_loc     0x00000dd8       0x26 .\CortexM3\ARM_GCC_493\Debug\USB_UART_INT_Timer.a(USBUART_1_pm.o)
 .debug_loc     0x00000dfe      0x93f .\CortexM3\ARM_GCC_493\Debug\USB_UART_INT_Timer.a(USBUART_1_std.o)
 .debug_loc     0x0000173d       0x84 .\CortexM3\ARM_GCC_493\Debug\USB_UART_INT_Timer.a(USBUART_1_Dp.o)
 .debug_loc     0x000017c1      0xa11 .\CortexM3\ARM_GCC_493\Debug\USB_UART_INT_Timer.a(CyLib.o)
 .debug_loc     0x000021d2      0x1e4 .\CortexM3\ARM_GCC_493\Debug\USB_UART_INT_Timer.a(cyPm.o)
 .debug_loc     0x000023b6       0x56 .\CortexM3\ARM_GCC_493\Debug\USB_UART_INT_Timer.a(isr_1.o)
 .debug_loc     0x0000240c       0x13 .\CortexM3\ARM_GCC_493\Debug\USB_UART_INT_Timer.a(Timer_1.o)
 .debug_loc     0x0000241f       0x47 .\CortexM3\ARM_GCC_493\Debug\USB_UART_INT_Timer.a(USBUART_1_cls.o)
 .debug_loc     0x00002466      0x300 .\CortexM3\ARM_GCC_493\Debug\USB_UART_INT_Timer.a(CyFlash.o)
 .debug_loc     0x00002766      0x64d .\CortexM3\ARM_GCC_493\Debug\USB_UART_INT_Timer.a(CySpc.o)

.debug_macinfo
 *(.debug_macinfo)

.debug_ranges   0x00000000      0x8c8
 *(.debug_ranges)
 .debug_ranges  0x00000000       0x18 .\CortexM3\ARM_GCC_493\Debug\main.o
 .debug_ranges  0x00000018       0x38 .\CortexM3\ARM_GCC_493\Debug\Cm3Start.o
 .debug_ranges  0x00000050       0x48 .\CortexM3\ARM_GCC_493\Debug\USB_UART_INT_Timer.a(cyfitter_cfg.o)
 .debug_ranges  0x00000098       0xd0 .\CortexM3\ARM_GCC_493\Debug\USB_UART_INT_Timer.a(USBUART_1.o)
 .debug_ranges  0x00000168       0xd8 .\CortexM3\ARM_GCC_493\Debug\USB_UART_INT_Timer.a(USBUART_1_cdc.o)
 .debug_ranges  0x00000240       0x88 .\CortexM3\ARM_GCC_493\Debug\USB_UART_INT_Timer.a(USBUART_1_drv.o)
 .debug_ranges  0x000002c8       0x30 .\CortexM3\ARM_GCC_493\Debug\USB_UART_INT_Timer.a(USBUART_1_episr.o)
 .debug_ranges  0x000002f8       0x30 .\CortexM3\ARM_GCC_493\Debug\USB_UART_INT_Timer.a(USBUART_1_pm.o)
 .debug_ranges  0x00000328       0x70 .\CortexM3\ARM_GCC_493\Debug\USB_UART_INT_Timer.a(USBUART_1_std.o)
 .debug_ranges  0x00000398       0x10 .\CortexM3\ARM_GCC_493\Debug\USB_UART_INT_Timer.a(USBUART_1_vnd.o)
 .debug_ranges  0x000003a8       0x38 .\CortexM3\ARM_GCC_493\Debug\USB_UART_INT_Timer.a(USBUART_1_Dp.o)
 .debug_ranges  0x000003e0      0x288 .\CortexM3\ARM_GCC_493\Debug\USB_UART_INT_Timer.a(CyLib.o)
 .debug_ranges  0x00000668       0x88 .\CortexM3\ARM_GCC_493\Debug\USB_UART_INT_Timer.a(cyPm.o)
 .debug_ranges  0x000006f0       0x70 .\CortexM3\ARM_GCC_493\Debug\USB_UART_INT_Timer.a(isr_1.o)
 .debug_ranges  0x00000760       0x80 .\CortexM3\ARM_GCC_493\Debug\USB_UART_INT_Timer.a(Timer_1.o)
 .debug_ranges  0x000007e0       0x10 .\CortexM3\ARM_GCC_493\Debug\USB_UART_INT_Timer.a(USBUART_1_cls.o)
 .debug_ranges  0x000007f0       0x70 .\CortexM3\ARM_GCC_493\Debug\USB_UART_INT_Timer.a(CyFlash.o)
 .debug_ranges  0x00000860       0x68 .\CortexM3\ARM_GCC_493\Debug\USB_UART_INT_Timer.a(CySpc.o)

.comment        0x00000000       0x70
 .comment       0x00000000       0x70 .\CortexM3\ARM_GCC_493\Debug\main.o
                                 0x71 (size before relaxing)
 .comment       0x00000000       0x71 .\CortexM3\ARM_GCC_493\Debug\cymetadata.o
 .comment       0x00000000       0x71 .\CortexM3\ARM_GCC_493\Debug\Cm3Start.o
 .comment       0x00000000       0x71 .\CortexM3\ARM_GCC_493\Debug\USB_UART_INT_Timer.a(cyfitter_cfg.o)
 .comment       0x00000000       0x71 .\CortexM3\ARM_GCC_493\Debug\USB_UART_INT_Timer.a(USBUART_1.o)
 .comment       0x00000000       0x71 .\CortexM3\ARM_GCC_493\Debug\USB_UART_INT_Timer.a(USBUART_1_cdc.o)
 .comment       0x00000000       0x71 .\CortexM3\ARM_GCC_493\Debug\USB_UART_INT_Timer.a(USBUART_1_drv.o)
 .comment       0x00000000       0x71 .\CortexM3\ARM_GCC_493\Debug\USB_UART_INT_Timer.a(USBUART_1_episr.o)
 .comment       0x00000000       0x71 .\CortexM3\ARM_GCC_493\Debug\USB_UART_INT_Timer.a(USBUART_1_pm.o)
 .comment       0x00000000       0x71 .\CortexM3\ARM_GCC_493\Debug\USB_UART_INT_Timer.a(USBUART_1_std.o)
 .comment       0x00000000       0x71 .\CortexM3\ARM_GCC_493\Debug\USB_UART_INT_Timer.a(USBUART_1_vnd.o)
 .comment       0x00000000       0x71 .\CortexM3\ARM_GCC_493\Debug\USB_UART_INT_Timer.a(USBUART_1_Dp.o)
 .comment       0x00000000       0x71 .\CortexM3\ARM_GCC_493\Debug\USB_UART_INT_Timer.a(CyLib.o)
 .comment       0x00000000       0x71 .\CortexM3\ARM_GCC_493\Debug\USB_UART_INT_Timer.a(cyPm.o)
 .comment       0x00000000       0x71 .\CortexM3\ARM_GCC_493\Debug\USB_UART_INT_Timer.a(isr_1.o)
 .comment       0x00000000       0x71 .\CortexM3\ARM_GCC_493\Debug\USB_UART_INT_Timer.a(Timer_1.o)
 .comment       0x00000000       0x71 .\CortexM3\ARM_GCC_493\Debug\USB_UART_INT_Timer.a(USBUART_1_cls.o)
 .comment       0x00000000       0x71 .\CortexM3\ARM_GCC_493\Debug\USB_UART_INT_Timer.a(USBUART_1_descr.o)
 .comment       0x00000000       0x71 .\CortexM3\ARM_GCC_493\Debug\USB_UART_INT_Timer.a(CyFlash.o)
 .comment       0x00000000       0x71 .\CortexM3\ARM_GCC_493\Debug\USB_UART_INT_Timer.a(CySpc.o)

.debug_weaknames
 *(.debug_weaknames)

.debug_funcnames
 *(.debug_funcnames)

.debug_typenames
 *(.debug_typenames)

.debug_varnames
 *(.debug_varnames)

.note.gnu.arm.ident
 *(.note.gnu.arm.ident)

.ARM.attributes
                0x00000000       0x29
 *(.ARM.attributes)
 .ARM.attributes
                0x00000000       0x1d c:/program files (x86)/cypress/psoc creator/3.3/psoc creator/import/gnu/arm/4.9.3/bin/../lib/gcc/arm-none-eabi/4.9.3/armv7-m/crti.o
 .ARM.attributes
                0x0000001d       0x2d c:/program files (x86)/cypress/psoc creator/3.3/psoc creator/import/gnu/arm/4.9.3/bin/../lib/gcc/arm-none-eabi/4.9.3/armv7-m/crtbegin.o
 .ARM.attributes
                0x0000004a       0x1b c:/program files (x86)/cypress/psoc creator/3.3/psoc creator/import/gnu/arm/4.9.3/bin/../lib/gcc/arm-none-eabi/4.9.3/../../../../arm-none-eabi/lib/armv7-m/crt0.o
 .ARM.attributes
                0x00000065       0x33 .\CortexM3\ARM_GCC_493\Debug\main.o
 .ARM.attributes
                0x00000098       0x33 .\CortexM3\ARM_GCC_493\Debug\cymetadata.o
 .ARM.attributes
                0x000000cb       0x33 .\CortexM3\ARM_GCC_493\Debug\Cm3Start.o
 .ARM.attributes
                0x000000fe       0x33 .\CortexM3\ARM_GCC_493\Debug\USB_UART_INT_Timer.a(cyfitter_cfg.o)
 .ARM.attributes
                0x00000131       0x33 .\CortexM3\ARM_GCC_493\Debug\USB_UART_INT_Timer.a(USBUART_1.o)
 .ARM.attributes
                0x00000164       0x33 .\CortexM3\ARM_GCC_493\Debug\USB_UART_INT_Timer.a(USBUART_1_cdc.o)
 .ARM.attributes
                0x00000197       0x33 .\CortexM3\ARM_GCC_493\Debug\USB_UART_INT_Timer.a(USBUART_1_drv.o)
 .ARM.attributes
                0x000001ca       0x33 .\CortexM3\ARM_GCC_493\Debug\USB_UART_INT_Timer.a(USBUART_1_episr.o)
 .ARM.attributes
                0x000001fd       0x33 .\CortexM3\ARM_GCC_493\Debug\USB_UART_INT_Timer.a(USBUART_1_pm.o)
 .ARM.attributes
                0x00000230       0x33 .\CortexM3\ARM_GCC_493\Debug\USB_UART_INT_Timer.a(USBUART_1_std.o)
 .ARM.attributes
                0x00000263       0x33 .\CortexM3\ARM_GCC_493\Debug\USB_UART_INT_Timer.a(USBUART_1_vnd.o)
 .ARM.attributes
                0x00000296       0x33 .\CortexM3\ARM_GCC_493\Debug\USB_UART_INT_Timer.a(USBUART_1_Dp.o)
 .ARM.attributes
                0x000002c9       0x21 .\CortexM3\ARM_GCC_493\Debug\USB_UART_INT_Timer.a(CyBootAsmGnu.o)
 .ARM.attributes
                0x000002ea       0x33 .\CortexM3\ARM_GCC_493\Debug\USB_UART_INT_Timer.a(CyLib.o)
 .ARM.attributes
                0x0000031d       0x33 .\CortexM3\ARM_GCC_493\Debug\USB_UART_INT_Timer.a(cyPm.o)
 .ARM.attributes
                0x00000350       0x33 .\CortexM3\ARM_GCC_493\Debug\USB_UART_INT_Timer.a(isr_1.o)
 .ARM.attributes
                0x00000383       0x33 .\CortexM3\ARM_GCC_493\Debug\USB_UART_INT_Timer.a(Timer_1.o)
 .ARM.attributes
                0x000003b6       0x33 .\CortexM3\ARM_GCC_493\Debug\USB_UART_INT_Timer.a(USBUART_1_cls.o)
 .ARM.attributes
                0x000003e9       0x33 .\CortexM3\ARM_GCC_493\Debug\USB_UART_INT_Timer.a(USBUART_1_descr.o)
 .ARM.attributes
                0x0000041c       0x33 .\CortexM3\ARM_GCC_493\Debug\USB_UART_INT_Timer.a(CyFlash.o)
 .ARM.attributes
                0x0000044f       0x33 .\CortexM3\ARM_GCC_493\Debug\USB_UART_INT_Timer.a(CySpc.o)
 .ARM.attributes
                0x00000482       0x2d c:/program files (x86)/cypress/psoc creator/3.3/psoc creator/import/gnu/arm/4.9.3/bin/../lib/gcc/arm-none-eabi/4.9.3/../../../../arm-none-eabi/lib/armv7-m\libg_nano.a(lib_a-errno.o)
 .ARM.attributes
                0x000004af       0x2d c:/program files (x86)/cypress/psoc creator/3.3/psoc creator/import/gnu/arm/4.9.3/bin/../lib/gcc/arm-none-eabi/4.9.3/../../../../arm-none-eabi/lib/armv7-m\libg_nano.a(lib_a-exit.o)
 .ARM.attributes
                0x000004dc       0x2d c:/program files (x86)/cypress/psoc creator/3.3/psoc creator/import/gnu/arm/4.9.3/bin/../lib/gcc/arm-none-eabi/4.9.3/../../../../arm-none-eabi/lib/armv7-m\libg_nano.a(lib_a-impure.o)
 .ARM.attributes
                0x00000509       0x2d c:/program files (x86)/cypress/psoc creator/3.3/psoc creator/import/gnu/arm/4.9.3/bin/../lib/gcc/arm-none-eabi/4.9.3/../../../../arm-none-eabi/lib/armv7-m\libg_nano.a(lib_a-init.o)
 .ARM.attributes
                0x00000536       0x2d c:/program files (x86)/cypress/psoc creator/3.3/psoc creator/import/gnu/arm/4.9.3/bin/../lib/gcc/arm-none-eabi/4.9.3/../../../../arm-none-eabi/lib/armv7-m\libg_nano.a(lib_a-memcpy.o)
 .ARM.attributes
                0x00000563       0x2d c:/program files (x86)/cypress/psoc creator/3.3/psoc creator/import/gnu/arm/4.9.3/bin/../lib/gcc/arm-none-eabi/4.9.3/../../../../arm-none-eabi/lib/armv7-m\libg_nano.a(lib_a-memset.o)
 .ARM.attributes
                0x00000590       0x2d c:/program files (x86)/cypress/psoc creator/3.3/psoc creator/import/gnu/arm/4.9.3/bin/../lib/gcc/arm-none-eabi/4.9.3/../../../../arm-none-eabi/lib/armv7-m\libg_nano.a(lib_a-sprintf.o)
 .ARM.attributes
                0x000005bd       0x2d c:/program files (x86)/cypress/psoc creator/3.3/psoc creator/import/gnu/arm/4.9.3/bin/../lib/gcc/arm-none-eabi/4.9.3/../../../../arm-none-eabi/lib/armv7-m\libg_nano.a(lib_a-nano-svfprintf.o)
 .ARM.attributes
                0x000005ea       0x2d c:/program files (x86)/cypress/psoc creator/3.3/psoc creator/import/gnu/arm/4.9.3/bin/../lib/gcc/arm-none-eabi/4.9.3/../../../../arm-none-eabi/lib/armv7-m\libg_nano.a(lib_a-nano-vfprintf_i.o)
 .ARM.attributes
                0x00000617       0x2d c:/program files (x86)/cypress/psoc creator/3.3/psoc creator/import/gnu/arm/4.9.3/bin/../lib/gcc/arm-none-eabi/4.9.3/../../../../arm-none-eabi/lib/armv7-m\libg_nano.a(lib_a-memchr.o)
 .ARM.attributes
                0x00000644       0x2d c:/program files (x86)/cypress/psoc creator/3.3/psoc creator/import/gnu/arm/4.9.3/bin/../lib/gcc/arm-none-eabi/4.9.3/../../../../arm-none-eabi/lib/armv7-m\libg_nano.a(lib_a-memmove.o)
 .ARM.attributes
                0x00000671       0x2d c:/program files (x86)/cypress/psoc creator/3.3/psoc creator/import/gnu/arm/4.9.3/bin/../lib/gcc/arm-none-eabi/4.9.3/../../../../arm-none-eabi/lib/armv7-m\libg_nano.a(lib_a-nano-freer.o)
 .ARM.attributes
                0x0000069e       0x2d c:/program files (x86)/cypress/psoc creator/3.3/psoc creator/import/gnu/arm/4.9.3/bin/../lib/gcc/arm-none-eabi/4.9.3/../../../../arm-none-eabi/lib/armv7-m\libg_nano.a(lib_a-nano-mallocr.o)
 .ARM.attributes
                0x000006cb       0x2d c:/program files (x86)/cypress/psoc creator/3.3/psoc creator/import/gnu/arm/4.9.3/bin/../lib/gcc/arm-none-eabi/4.9.3/../../../../arm-none-eabi/lib/armv7-m\libg_nano.a(lib_a-nano-reallocr.o)
 .ARM.attributes
                0x000006f8       0x2d c:/program files (x86)/cypress/psoc creator/3.3/psoc creator/import/gnu/arm/4.9.3/bin/../lib/gcc/arm-none-eabi/4.9.3/../../../../arm-none-eabi/lib/armv7-m\libg_nano.a(lib_a-sbrkr.o)
 .ARM.attributes
                0x00000725       0x2d c:/program files (x86)/cypress/psoc creator/3.3/psoc creator/import/gnu/arm/4.9.3/bin/../lib/gcc/arm-none-eabi/4.9.3/../../../../arm-none-eabi/lib/armv7-m\libg_nano.a(lib_a-nano-msizer.o)
 .ARM.attributes
                0x00000752       0x2d c:/program files (x86)/cypress/psoc creator/3.3/psoc creator/import/gnu/arm/4.9.3/bin/../lib/gcc/arm-none-eabi/4.9.3/../../../../arm-none-eabi/lib/armv7-m\libg_nano.a(lib_a-reent.o)
 .ARM.attributes
                0x0000077f       0x2d c:/program files (x86)/cypress/psoc creator/3.3/psoc creator/import/gnu/arm/4.9.3/bin/../lib/gcc/arm-none-eabi/4.9.3/armv7-m/crtend.o
 .ARM.attributes
                0x000007ac       0x1d c:/program files (x86)/cypress/psoc creator/3.3/psoc creator/import/gnu/arm/4.9.3/bin/../lib/gcc/arm-none-eabi/4.9.3/armv7-m/crtn.o

/DISCARD/
 *(.note.GNU-stack)
OUTPUT(.\CortexM3\ARM_GCC_493\Debug\USB_UART_INT_Timer.elf elf32-littlearm)
