Archive member included because of file (symbol)

.\CortexM3\ARM_GCC_493\Debug\USB_UART.a(cyfitter_cfg.o)
                              .\CortexM3\ARM_GCC_493\Debug\Cm3Start.o (cyfitter_cfg)
.\CortexM3\ARM_GCC_493\Debug\USB_UART.a(USBUART_1.o)
                              .\CortexM3\ARM_GCC_493\Debug\main.o (USBUART_1_Start)
.\CortexM3\ARM_GCC_493\Debug\USB_UART.a(USBUART_1_cdc.o)
                              .\CortexM3\ARM_GCC_493\Debug\main.o (USBUART_1_CDC_Init)
.\CortexM3\ARM_GCC_493\Debug\USB_UART.a(USBUART_1_drv.o)
                              .\CortexM3\ARM_GCC_493\Debug\USB_UART.a(USBUART_1.o) (USBUART_1_lastPacketSize)
.\CortexM3\ARM_GCC_493\Debug\USB_UART.a(USBUART_1_episr.o)
                              .\CortexM3\ARM_GCC_493\Debug\USB_UART.a(USBUART_1.o) (USBUART_1_EP_1_ISR)
.\CortexM3\ARM_GCC_493\Debug\USB_UART.a(USBUART_1_pm.o)
                              .\CortexM3\ARM_GCC_493\Debug\USB_UART.a(USBUART_1.o) (USBUART_1_DP_ISR)
.\CortexM3\ARM_GCC_493\Debug\USB_UART.a(USBUART_1_std.o)
                              .\CortexM3\ARM_GCC_493\Debug\USB_UART.a(USBUART_1_pm.o) (USBUART_1_ConfigReg)
.\CortexM3\ARM_GCC_493\Debug\USB_UART.a(USBUART_1_vnd.o)
                              .\CortexM3\ARM_GCC_493\Debug\USB_UART.a(USBUART_1_drv.o) (USBUART_1_HandleVendorRqst)
.\CortexM3\ARM_GCC_493\Debug\USB_UART.a(USBUART_1_Dp.o)
                              .\CortexM3\ARM_GCC_493\Debug\USB_UART.a(USBUART_1_pm.o) (USBUART_1_Dp_ClearInterrupt)
.\CortexM3\ARM_GCC_493\Debug\USB_UART.a(CyBootAsmGnu.o)
                              .\CortexM3\ARM_GCC_493\Debug\USB_UART.a(cyfitter_cfg.o) (CyDelayCycles)
.\CortexM3\ARM_GCC_493\Debug\USB_UART.a(CyLib.o)
                              .\CortexM3\ARM_GCC_493\Debug\Cm3Start.o (CyHalt)
.\CortexM3\ARM_GCC_493\Debug\USB_UART.a(cyPm.o)
                              .\CortexM3\ARM_GCC_493\Debug\USB_UART.a(CyLib.o) (CyPmReadStatus)
.\CortexM3\ARM_GCC_493\Debug\USB_UART.a(USBUART_1_cls.o)
                              .\CortexM3\ARM_GCC_493\Debug\USB_UART.a(USBUART_1_drv.o) (USBUART_1_DispatchClassRqst)
.\CortexM3\ARM_GCC_493\Debug\USB_UART.a(USBUART_1_descr.o)
                              .\CortexM3\ARM_GCC_493\Debug\USB_UART.a(USBUART_1_std.o) (USBUART_1_idSerialNumberStringDescriptor)
.\CortexM3\ARM_GCC_493\Debug\USB_UART.a(CyFlash.o)
                              .\CortexM3\ARM_GCC_493\Debug\USB_UART.a(cyPm.o) (CyFlash_SetWaitCycles)
.\CortexM3\ARM_GCC_493\Debug\USB_UART.a(CySpc.o)
                              .\CortexM3\ARM_GCC_493\Debug\USB_UART.a(CyFlash.o) (CySpcStart)
c:/program files (x86)/cypress/psoc creator/3.3/psoc creator/import/gnu/arm/4.9.3/bin/../lib/gcc/arm-none-eabi/4.9.3/../../../../arm-none-eabi/lib/armv7-m\libg_nano.a(lib_a-errno.o)
                              .\CortexM3\ARM_GCC_493\Debug\Cm3Start.o (__errno)
c:/program files (x86)/cypress/psoc creator/3.3/psoc creator/import/gnu/arm/4.9.3/bin/../lib/gcc/arm-none-eabi/4.9.3/../../../../arm-none-eabi/lib/armv7-m\libg_nano.a(lib_a-exit.o)
                              c:/program files (x86)/cypress/psoc creator/3.3/psoc creator/import/gnu/arm/4.9.3/bin/../lib/gcc/arm-none-eabi/4.9.3/../../../../arm-none-eabi/lib/armv7-m/crt0.o (exit)
c:/program files (x86)/cypress/psoc creator/3.3/psoc creator/import/gnu/arm/4.9.3/bin/../lib/gcc/arm-none-eabi/4.9.3/../../../../arm-none-eabi/lib/armv7-m\libg_nano.a(lib_a-impure.o)
                              c:/program files (x86)/cypress/psoc creator/3.3/psoc creator/import/gnu/arm/4.9.3/bin/../lib/gcc/arm-none-eabi/4.9.3/../../../../arm-none-eabi/lib/armv7-m\libg_nano.a(lib_a-exit.o) (_global_impure_ptr)
c:/program files (x86)/cypress/psoc creator/3.3/psoc creator/import/gnu/arm/4.9.3/bin/../lib/gcc/arm-none-eabi/4.9.3/../../../../arm-none-eabi/lib/armv7-m\libg_nano.a(lib_a-init.o)
                              c:/program files (x86)/cypress/psoc creator/3.3/psoc creator/import/gnu/arm/4.9.3/bin/../lib/gcc/arm-none-eabi/4.9.3/../../../../arm-none-eabi/lib/armv7-m/crt0.o (__libc_init_array)
c:/program files (x86)/cypress/psoc creator/3.3/psoc creator/import/gnu/arm/4.9.3/bin/../lib/gcc/arm-none-eabi/4.9.3/../../../../arm-none-eabi/lib/armv7-m\libg_nano.a(lib_a-memcpy.o)
                              .\CortexM3\ARM_GCC_493\Debug\USB_UART.a(cyfitter_cfg.o) (memcpy)
c:/program files (x86)/cypress/psoc creator/3.3/psoc creator/import/gnu/arm/4.9.3/bin/../lib/gcc/arm-none-eabi/4.9.3/../../../../arm-none-eabi/lib/armv7-m\libg_nano.a(lib_a-memset.o)
                              c:/program files (x86)/cypress/psoc creator/3.3/psoc creator/import/gnu/arm/4.9.3/bin/../lib/gcc/arm-none-eabi/4.9.3/../../../../arm-none-eabi/lib/armv7-m/crt0.o (memset)
c:/program files (x86)/cypress/psoc creator/3.3/psoc creator/import/gnu/arm/4.9.3/bin/../lib/gcc/arm-none-eabi/4.9.3/../../../../arm-none-eabi/lib/armv7-m\libg_nano.a(lib_a-sprintf.o)
                              .\CortexM3\ARM_GCC_493\Debug\main.o (sprintf)
[...]
Memory Configuration

Name             Origin             Length             Attributes
rom              0x00000000         0x00040000         xr
ram              0x1fff8000         0x00010000         xrw
*default*        0x00000000         0xffffffff

Linker script and memory map

LOAD c:/program files (x86)/cypress/psoc creator/3.3/psoc creator/import/gnu/arm/4.9.3/bin/../lib/gcc/arm-none-eabi/4.9.3/armv7-m/crti.o
LOAD c:/program files (x86)/cypress/psoc creator/3.3/psoc creator/import/gnu/arm/4.9.3/bin/../lib/gcc/arm-none-eabi/4.9.3/armv7-m/crtbegin.o
LOAD c:/program files (x86)/cypress/psoc creator/3.3/psoc creator/import/gnu/arm/4.9.3/bin/../lib/gcc/arm-none-eabi/4.9.3/../../../../arm-none-eabi/lib/armv7-m/crt0.o
START GROUP
LOAD .\CortexM3\ARM_GCC_493\Debug\main.o
LOAD .\CortexM3\ARM_GCC_493\Debug\cymetadata.o
LOAD .\CortexM3\ARM_GCC_493\Debug\Cm3Start.o
LOAD .\CortexM3\ARM_GCC_493\Debug\USB_UART.a
LOAD C:\Program Files (x86)\Cypress\PSoC Creator\3.3\PSoC Creator\psoc\content\cycomponentlibrary\CyComponentLibrary.cylib\CortexM3\ARM_GCC_493\Debug\CyComponentLibrary.a
END GROUP
START GROUP
LOAD c:/program files (x86)/cypress/psoc creator/3.3/psoc creator/import/gnu/arm/4.9.3/bin/../lib/gcc/arm-none-eabi/4.9.3/armv7-m\libgcc.a
LOAD c:/program files (x86)/cypress/psoc creator/3.3/psoc creator/import/gnu/arm/4.9.3/bin/../lib/gcc/arm-none-eabi/4.9.3/../../../../arm-none-eabi/lib/armv7-m\libg_nano.a
LOAD c:/program files (x86)/cypress/psoc creator/3.3/psoc creator/import/gnu/arm/4.9.3/bin/../lib/gcc/arm-none-eabi/4.9.3/../../../../arm-none-eabi/lib/armv7-m\libc_nano.a
END GROUP
START GROUP
LOAD c:/program files (x86)/cypress/psoc creator/3.3/psoc creator/import/gnu/arm/4.9.3/bin/../lib/gcc/arm-none-eabi/4.9.3/armv7-m\libgcc.a
LOAD c:/program files (x86)/cypress/psoc creator/3.3/psoc creator/import/gnu/arm/4.9.3/bin/../lib/gcc/arm-none-eabi/4.9.3/../../../../arm-none-eabi/lib/armv7-m\libc_nano.a
END GROUP
LOAD c:/program files (x86)/cypress/psoc creator/3.3/psoc creator/import/gnu/arm/4.9.3/bin/../lib/gcc/arm-none-eabi/4.9.3/armv7-m/crtend.o
LOAD c:/program files (x86)/cypress/psoc creator/3.3/psoc creator/import/gnu/arm/4.9.3/bin/../lib/gcc/arm-none-eabi/4.9.3/armv7-m/crtn.o
START GROUP
LOAD c:/program files (x86)/cypress/psoc creator/3.3/psoc creator/import/gnu/arm/4.9.3/bin/../lib/gcc/arm-none-eabi/4.9.3/armv7-m\libgcc.a
LOAD c:/program files (x86)/cypress/psoc creator/3.3/psoc creator/import/gnu/arm/4.9.3/bin/../lib/gcc/arm-none-eabi/4.9.3/../../../../arm-none-eabi/lib/armv7-m\libc.a
LOAD c:/program files (x86)/cypress/psoc creator/3.3/psoc creator/import/gnu/arm/4.9.3/bin/../lib/gcc/arm-none-eabi/4.9.3/../../../../arm-none-eabi/lib/armv7-m\libnosys.a
END GROUP
                0x00000000                CY_APPL_ORIGIN = 0x0
                0x00000100                CY_FLASH_ROW_SIZE = 0x100
                0x00000020                CY_ECC_ROW_SIZE = 0x20
                0x00000000                CY_EE_IN_BTLDR = 0x0
                0x00000000                CY_APPL_LOADABLE = 0x0
                0x00000800                CY_EE_SIZE = 0x800
                0x00000001                CY_APPL_NUM = 0x1
                0x00000001                CY_APPL_MAX = 0x1
                0x00000040                CY_METADATA_SIZE = 0x40
                0x00000000                CY_APPL_LOADABLE = 0x0
                0x00000000                CY_CHECKSUM_EXCLUDE_SIZE = ALIGN (0x0, CY_FLASH_ROW_SIZE)
                0x1fff82b0                PROVIDE (__cy_heap_start, _end)
                0x00000001                PROVIDE (__cy_region_num, ((__cy_regions_end - __cy_regions) / 0x10))
                0x20008000                PROVIDE (__cy_stack, (ORIGIN (ram) + 0x10000))
                0x20007800                PROVIDE (__cy_heap_end, (__cy_stack - 0x800))

.cybootloader   0x00000000        0x0
 *(.cybootloader)
                0x00000000                appl1_start = CY_APPL_ORIGIN?CY_APPL_ORIGIN:ALIGN (CY_FLASH_ROW_SIZE)
                0x0001ff00                appl2_start = (appl1_start + ALIGN ((((0x40000 - appl1_start) - (0x2 * CY_FLASH_ROW_SIZE)) / 0x2), CY_FLASH_ROW_SIZE))
                0x00000000                appl_start = (CY_APPL_NUM == 0x1)?appl1_start:appl2_start
                0x00000000                ecc_offset = ((appl_start / CY_FLASH_ROW_SIZE) * CY_ECC_ROW_SIZE)
                0x00000000                ee_offset = (CY_APPL_LOADABLE && ! (CY_EE_IN_BTLDR))?((CY_EE_SIZE / CY_APPL_MAX) * (CY_APPL_NUM - 0x1)):0x0
                0x00000800                ee_size = (CY_APPL_LOADABLE && ! (CY_EE_IN_BTLDR))?(CY_EE_SIZE / CY_APPL_MAX):CY_EE_SIZE
                0x00000000                PROVIDE (CY_ECC_OFFSET, ecc_offset)

.text           0x00000000     0x21f0
 CREATE_OBJECT_SYMBOLS
                0x00000000                PROVIDE (__cy_interrupt_vector, RomVectors)
 *(.romvectors)
 .romvectors    0x00000000       0x10 .\CortexM3\ARM_GCC_493\Debug\Cm3Start.o
                0x00000000                RomVectors
                0x00000001                ASSERT ((. != __cy_interrupt_vector), No interrupt vector)
                0x00000001                ASSERT (CY_APPL_ORIGIN?(SIZEOF (.cybootloader) <= CY_APPL_ORIGIN):0x1, Wrong image location)
                0x00000010                PROVIDE (__cy_reset, Reset)
 *(.text.Reset)
 .text.Reset    0x00000010       0x18 .\CortexM3\ARM_GCC_493\Debug\Cm3Start.o
                0x00000010                Reset
                0x00000001                ASSERT ((. != __cy_reset), No reset code)
 *(.dma_init)
                0x00000001                ASSERT ((((appl_start + .) <= 0x10000) || 0x1), DMA Init must be within the first 64k of flash)
 *(.text .text.* .gnu.linkonce.t.*)
 .text          0x00000028       0x5c c:/program files (x86)/cypress/psoc creator/3.3/psoc creator/import/gnu/arm/4.9.3/bin/../lib/gcc/arm-none-eabi/4.9.3/armv7-m/crtbegin.o
 .text.main     0x00000084       0x44 .\CortexM3\ARM_GCC_493\Debug\main.o
                0x00000084                main
 .text.IntDefaultHandler
                0x000000c8        0x4 .\CortexM3\ARM_GCC_493\Debug\Cm3Start.o
                0x000000c8                IntDefaultHandler
 .text._sbrk    0x000000cc       0x30 .\CortexM3\ARM_GCC_493\Debug\Cm3Start.o
                0x000000cc                _sbrk
 .text.Start_c  0x000000fc       0x4c .\CortexM3\ARM_GCC_493\Debug\Cm3Start.o
                0x000000fc                Start_c
 .text.initialize_psoc
                0x00000148       0x74 .\CortexM3\ARM_GCC_493\Debug\Cm3Start.o
                0x00000148                initialize_psoc
 .text.CyClockStartupError
                0x000001bc        0x4 .\CortexM3\ARM_GCC_493\Debug\USB_UART.a(cyfitter_cfg.o)
 .text.cfg_write_bytes32
                0x000001c0       0x34 .\CortexM3\ARM_GCC_493\Debug\USB_UART.a(cyfitter_cfg.o)
 .text.AnalogSetDefault
                0x000001f4       0x28 .\CortexM3\ARM_GCC_493\Debug\USB_UART.a(cyfitter_cfg.o)
 .text.CYMEMZERO
                0x0000021c        0xc .\CortexM3\ARM_GCC_493\Debug\USB_UART.a(cyfitter_cfg.o)
 .text.ClockSetup
                0x00000228       0xa0 .\CortexM3\ARM_GCC_493\Debug\USB_UART.a(cyfitter_cfg.o)
 .text.CYCONFIGCPY
                0x000002c8        0x8 .\CortexM3\ARM_GCC_493\Debug\USB_UART.a(cyfitter_cfg.o)
 .text.cyfitter_cfg
                0x000002d0       0xc0 .\CortexM3\ARM_GCC_493\Debug\USB_UART.a(cyfitter_cfg.o)
                0x000002d0                cyfitter_cfg
 .text.USBUART_1_Init
                0x00000390      0x140 .\CortexM3\ARM_GCC_493\Debug\USB_UART.a(USBUART_1.o)
                0x00000390                USBUART_1_Init
 .text.USBUART_1_InitComponent
                0x000004d0       0xb8 .\CortexM3\ARM_GCC_493\Debug\USB_UART.a(USBUART_1.o)
                0x000004d0                USBUART_1_InitComponent
 .text.USBUART_1_Start
                0x00000588       0x24 .\CortexM3\ARM_GCC_493\Debug\USB_UART.a(USBUART_1.o)
                0x00000588                USBUART_1_Start
 .text.USBUART_1_ReInitComponent
                0x000005ac       0x4c .\CortexM3\ARM_GCC_493\Debug\USB_UART.a(USBUART_1.o)
                0x000005ac                USBUART_1_ReInitComponent
 .text.USBUART_1_GetConfiguration
                0x000005f8        0xc .\CortexM3\ARM_GCC_493\Debug\USB_UART.a(USBUART_1.o)
                0x000005f8                USBUART_1_GetConfiguration
 .text.USBUART_1_LoadInEP
                0x00000604       0x94 .\CortexM3\ARM_GCC_493\Debug\USB_UART.a(USBUART_1.o)
                0x00000604                USBUART_1_LoadInEP
 .text.USBUART_1_EnableOutEP
                0x00000698       0x2c .\CortexM3\ARM_GCC_493\Debug\USB_UART.a(USBUART_1.o)
                0x00000698                USBUART_1_EnableOutEP
 .text.USBUART_1_StrLen
                0x000006c4       0x14 .\CortexM3\ARM_GCC_493\Debug\USB_UART.a(USBUART_1_cdc.o)
 .text.USBUART_1_GetInterfaceComPort
                0x000006d8       0x3c .\CortexM3\ARM_GCC_493\Debug\USB_UART.a(USBUART_1_cdc.o)
                0x000006d8                USBUART_1_GetInterfaceComPort
 .text.USBUART_1_DispatchCDCClassRqst
                0x00000714       0x98 .\CortexM3\ARM_GCC_493\Debug\USB_UART.a(USBUART_1_cdc.o)
                0x00000714                USBUART_1_DispatchCDCClassRqst
 .text.USBUART_1_CDC_Init
                0x000007ac       0x98 .\CortexM3\ARM_GCC_493\Debug\USB_UART.a(USBUART_1_cdc.o)
                0x000007ac                USBUART_1_CDC_Init
 .text.USBUART_1_PutString
                0x00000844       0x9c .\CortexM3\ARM_GCC_493\Debug\USB_UART.a(USBUART_1_cdc.o)
                0x00000844                USBUART_1_PutString
 .text.USBUART_1_PutCRLF
                0x000008e0       0x30 .\CortexM3\ARM_GCC_493\Debug\USB_UART.a(USBUART_1_cdc.o)
                0x000008e0                USBUART_1_PutCRLF
 .text.USBUART_1_Cdc_EpInit
                0x00000910       0x50 .\CortexM3\ARM_GCC_493\Debug\USB_UART.a(USBUART_1_cdc.o)
                0x00000910                USBUART_1_Cdc_EpInit
 .text.USBUART_1_LoadEP0
                0x00000960       0x94 .\CortexM3\ARM_GCC_493\Debug\USB_UART.a(USBUART_1_drv.o)
                0x00000960                USBUART_1_LoadEP0
 .text.USBUART_1_InitZeroLengthControlTransfer
                0x000009f4       0x34 .\CortexM3\ARM_GCC_493\Debug\USB_UART.a(USBUART_1_drv.o)
                0x000009f4                USBUART_1_InitZeroLengthControlTransfer
 .text.USBUART_1_ControlReadDataStage
                0x00000a28        0x8 .\CortexM3\ARM_GCC_493\Debug\USB_UART.a(USBUART_1_drv.o)
                0x00000a28                USBUART_1_ControlReadDataStage
 .text.USBUART_1_ControlWriteDataStage
                0x00000a30       0x80 .\CortexM3\ARM_GCC_493\Debug\USB_UART.a(USBUART_1_drv.o)
                0x00000a30                USBUART_1_ControlWriteDataStage
 .text.USBUART_1_InitNoDataControlTransfer
                0x00000ab0       0x2c .\CortexM3\ARM_GCC_493\Debug\USB_UART.a(USBUART_1_drv.o)
                0x00000ab0                USBUART_1_InitNoDataControlTransfer
 .text.USBUART_1_UpdateStatusBlock
                0x00000adc       0x24 .\CortexM3\ARM_GCC_493\Debug\USB_UART.a(USBUART_1_drv.o)
                0x00000adc                USBUART_1_UpdateStatusBlock
 .text.USBUART_1_HandleSetup
                0x00000b00       0x5c .\CortexM3\ARM_GCC_493\Debug\USB_UART.a(USBUART_1_drv.o)
                0x00000b00                USBUART_1_HandleSetup
 .text.USBUART_1_ControlReadStatusStage
                0x00000b5c       0x34 .\CortexM3\ARM_GCC_493\Debug\USB_UART.a(USBUART_1_drv.o)
                0x00000b5c                USBUART_1_ControlReadStatusStage
 .text.USBUART_1_HandleOUT
                0x00000b90       0x38 .\CortexM3\ARM_GCC_493\Debug\USB_UART.a(USBUART_1_drv.o)
                0x00000b90                USBUART_1_HandleOUT
 .text.USBUART_1_ControlWriteStatusStage
                0x00000bc8       0x20 .\CortexM3\ARM_GCC_493\Debug\USB_UART.a(USBUART_1_drv.o)
                0x00000bc8                USBUART_1_ControlWriteStatusStage
 .text.USBUART_1_NoDataControlStatusStage
                0x00000be8       0x40 .\CortexM3\ARM_GCC_493\Debug\USB_UART.a(USBUART_1_drv.o)
                0x00000be8                USBUART_1_NoDataControlStatusStage
 .text.USBUART_1_HandleIN
                0x00000c28       0x2c .\CortexM3\ARM_GCC_493\Debug\USB_UART.a(USBUART_1_drv.o)
                0x00000c28                USBUART_1_HandleIN
 .text.USBUART_1_EP_0_ISR
                0x00000c54       0xb8 .\CortexM3\ARM_GCC_493\Debug\USB_UART.a(USBUART_1_drv.o)
                0x00000c54                USBUART_1_EP_0_ISR
 .text.USBUART_1_InitializeStatusBlock
                0x00000d0c       0x24 .\CortexM3\ARM_GCC_493\Debug\USB_UART.a(USBUART_1_drv.o)
                0x00000d0c                USBUART_1_InitializeStatusBlock
 .text.USBUART_1_InitControlRead
                0x00000d30       0x50 .\CortexM3\ARM_GCC_493\Debug\USB_UART.a(USBUART_1_drv.o)
                0x00000d30                USBUART_1_InitControlRead
 .text.USBUART_1_InitControlWrite
                0x00000d80       0x48 .\CortexM3\ARM_GCC_493\Debug\USB_UART.a(USBUART_1_drv.o)
                0x00000d80                USBUART_1_InitControlWrite
 .text.USBUART_1_EP_1_ISR
                0x00000dc8       0x38 .\CortexM3\ARM_GCC_493\Debug\USB_UART.a(USBUART_1_episr.o)
                0x00000dc8                USBUART_1_EP_1_ISR
 .text.USBUART_1_EP_2_ISR
                0x00000e00       0x3c .\CortexM3\ARM_GCC_493\Debug\USB_UART.a(USBUART_1_episr.o)
                0x00000e00                USBUART_1_EP_2_ISR
 .text.USBUART_1_EP_3_ISR
                0x00000e3c       0x44 .\CortexM3\ARM_GCC_493\Debug\USB_UART.a(USBUART_1_episr.o)
                0x00000e3c                USBUART_1_EP_3_ISR
 .text.USBUART_1_SOF_ISR
                0x00000e80        0x4 .\CortexM3\ARM_GCC_493\Debug\USB_UART.a(USBUART_1_episr.o)
                0x00000e80                USBUART_1_SOF_ISR
 .text.USBUART_1_BUS_RESET_ISR
                0x00000e84        0x8 .\CortexM3\ARM_GCC_493\Debug\USB_UART.a(USBUART_1_episr.o)
                0x00000e84                USBUART_1_BUS_RESET_ISR
 .text.USBUART_1_DP_ISR
                0x00000e8c        0x8 .\CortexM3\ARM_GCC_493\Debug\USB_UART.a(USBUART_1_pm.o)
                0x00000e8c                USBUART_1_DP_ISR
 .text.USBUART_1_ReadDieID
                0x00000e94       0x6c .\CortexM3\ARM_GCC_493\Debug\USB_UART.a(USBUART_1_std.o)
                0x00000e94                USBUART_1_ReadDieID
 .text.USBUART_1_ConfigReg
                0x00000f00       0xa4 .\CortexM3\ARM_GCC_493\Debug\USB_UART.a(USBUART_1_std.o)
                0x00000f00                USBUART_1_ConfigReg
 .text.USBUART_1_GetConfigTablePtr
                0x00000fa4       0x28 .\CortexM3\ARM_GCC_493\Debug\USB_UART.a(USBUART_1_std.o)
                0x00000fa4                USBUART_1_GetConfigTablePtr
 .text.USBUART_1_ConfigAltChanged
                0x00000fcc      0x11c .\CortexM3\ARM_GCC_493\Debug\USB_UART.a(USBUART_1_std.o)
                0x00000fcc                USBUART_1_ConfigAltChanged
 .text.USBUART_1_GetDeviceTablePtr
                0x000010e8       0x18 .\CortexM3\ARM_GCC_493\Debug\USB_UART.a(USBUART_1_std.o)
                0x000010e8                USBUART_1_GetDeviceTablePtr
 .text.USBUART_1_GetInterfaceClassTablePtr
                0x00001100       0x24 .\CortexM3\ARM_GCC_493\Debug\USB_UART.a(USBUART_1_std.o)
                0x00001100                USBUART_1_GetInterfaceClassTablePtr
 .text.USBUART_1_Config
                0x00001124      0x1e4 .\CortexM3\ARM_GCC_493\Debug\USB_UART.a(USBUART_1_std.o)
                0x00001124                USBUART_1_Config
 .text.USBUART_1_SetEndpointHalt
                0x00001308       0x64 .\CortexM3\ARM_GCC_493\Debug\USB_UART.a(USBUART_1_std.o)
                0x00001308                USBUART_1_SetEndpointHalt
 .text.USBUART_1_ClearEndpointHalt
                0x0000136c       0xa8 .\CortexM3\ARM_GCC_493\Debug\USB_UART.a(USBUART_1_std.o)
                0x0000136c                USBUART_1_ClearEndpointHalt
 .text.USBUART_1_ValidateAlternateSetting
                0x00001414       0x4c .\CortexM3\ARM_GCC_493\Debug\USB_UART.a(USBUART_1_std.o)
                0x00001414                USBUART_1_ValidateAlternateSetting
 .text.USBUART_1_HandleStandardRqst
                0x00001460      0x350 .\CortexM3\ARM_GCC_493\Debug\USB_UART.a(USBUART_1_std.o)
                0x00001460                USBUART_1_HandleStandardRqst
 .text.USBUART_1_HandleVendorRqst
                0x000017b0       0x18 .\CortexM3\ARM_GCC_493\Debug\USB_UART.a(USBUART_1_vnd.o)
                0x000017b0                USBUART_1_HandleVendorRqst
 .text.USBUART_1_Dp_ClearInterrupt
                0x000017c8       0x10 .\CortexM3\ARM_GCC_493\Debug\USB_UART.a(USBUART_1_Dp.o)
                0x000017c8                USBUART_1_Dp_ClearInterrupt
 .text          0x000017d8       0x20 .\CortexM3\ARM_GCC_493\Debug\USB_UART.a(CyBootAsmGnu.o)
                0x000017d8                CyDelayCycles
                0x000017e8                CyEnterCriticalSection
                0x000017f0                CyExitCriticalSection
 .text.CyHalt   0x000017f8        0x4 .\CortexM3\ARM_GCC_493\Debug\USB_UART.a(CyLib.o)
                0x000017f8                CyHalt
 .text.CyDelay  0x000017fc       0x2c .\CortexM3\ARM_GCC_493\Debug\USB_UART.a(CyLib.o)
                0x000017fc                CyDelay
 .text.CyDelayUs
                0x00001828       0x14 .\CortexM3\ARM_GCC_493\Debug\USB_UART.a(CyLib.o)
                0x00001828                CyDelayUs
 .text.CyIntSetVector
                0x0000183c       0x28 .\CortexM3\ARM_GCC_493\Debug\USB_UART.a(CyLib.o)
                0x0000183c                CyIntSetVector
 .text.CyIntSetPriority
                0x00001864       0x30 .\CortexM3\ARM_GCC_493\Debug\USB_UART.a(CyLib.o)
                0x00001864                CyIntSetPriority
 .text.CyGetUniqueId
                0x00001894       0x70 .\CortexM3\ARM_GCC_493\Debug\USB_UART.a(CyLib.o)
                0x00001894                CyGetUniqueId
 .text.USBUART_1_DispatchClassRqst
                0x00001904       0x58 .\CortexM3\ARM_GCC_493\Debug\USB_UART.a(USBUART_1_cls.o)
                0x00001904                USBUART_1_DispatchClassRqst
 .text.__errno  0x0000195c        0xc c:/program files (x86)/cypress/psoc creator/3.3/psoc creator/import/gnu/arm/4.9.3/bin/../lib/gcc/arm-none-eabi/4.9.3/../../../../arm-none-eabi/lib/armv7-m\libg_nano.a(lib_a-errno.o)
                0x0000195c                __errno
 .text.__libc_init_array
                0x00001968       0x4c c:/program files (x86)/cypress/psoc creator/3.3/psoc creator/import/gnu/arm/4.9.3/bin/../lib/gcc/arm-none-eabi/4.9.3/../../../../arm-none-eabi/lib/armv7-m\libg_nano.a(lib_a-init.o)
                0x00001968                __libc_init_array
 .text.memcpy   0x000019b4       0x16 c:/program files (x86)/cypress/psoc creator/3.3/psoc creator/import/gnu/arm/4.9.3/bin/../lib/gcc/arm-none-eabi/4.9.3/../../../../arm-none-eabi/lib/armv7-m\libg_nano.a(lib_a-memcpy.o)
                0x000019b4                memcpy
 .text.memset   0x000019ca       0x10 c:/program files (x86)/cypress/psoc creator/3.3/psoc creator/import/gnu/arm/4.9.3/bin/../lib/gcc/arm-none-eabi/4.9.3/../../../../arm-none-eabi/lib/armv7-m\libg_nano.a(lib_a-memset.o)
                0x000019ca                memset
 *fill*         0x000019da        0x2 
 .text.sprintf  0x000019dc       0x48 c:/program files (x86)/cypress/psoc creator/3.3/psoc creator/import/gnu/arm/4.9.3/bin/../lib/gcc/arm-none-eabi/4.9.3/../../../../arm-none-eabi/lib/armv7-m\libg_nano.a(lib_a-sprintf.o)
                0x000019dc                siprintf
                0x000019dc                sprintf
 .text.__ssputs_r
                0x00001a24       0xb2 c:/program files (x86)/cypress/psoc creator/3.3/psoc creator/import/gnu/arm/4.9.3/bin/../lib/gcc/arm-none-eabi/4.9.3/../../../../arm-none-eabi/lib/armv7-m\libg_nano.a(lib_a-nano-svfprintf.o)
                0x00001a24                __ssputs_r
 *fill*         0x00001ad6        0x2 
 .text._svfprintf_r
                0x00001ad8      0x1e4 c:/program files (x86)/cypress/psoc creator/3.3/psoc creator/import/gnu/arm/4.9.3/bin/../lib/gcc/arm-none-eabi/4.9.3/../../../../arm-none-eabi/lib/armv7-m\libg_nano.a(lib_a-nano-svfprintf.o)
                0x00001ad8                _svfiprintf_r
                0x00001ad8                _svfprintf_r
 .text._printf_common
                0x00001cbc       0xea c:/program files (x86)/cypress/psoc creator/3.3/psoc creator/import/gnu/arm/4.9.3/bin/../lib/gcc/arm-none-eabi/4.9.3/../../../../arm-none-eabi/lib/armv7-m\libg_nano.a(lib_a-nano-vfprintf_i.o)
                0x00001cbc                _printf_common
 *fill*         0x00001da6        0x2 
 .text._printf_i
                0x00001da8      0x240 c:/program files (x86)/cypress/psoc creator/3.3/psoc creator/import/gnu/arm/4.9.3/bin/../lib/gcc/arm-none-eabi/4.9.3/../../../../arm-none-eabi/lib/armv7-m\libg_nano.a(lib_a-nano-vfprintf_i.o)
                0x00001da8                _printf_i
 .text.memchr   0x00001fe8       0x1c c:/program files (x86)/cypress/psoc creator/3.3/psoc creator/import/gnu/arm/4.9.3/bin/../lib/gcc/arm-none-eabi/4.9.3/../../../../arm-none-eabi/lib/armv7-m\libg_nano.a(lib_a-memchr.o)
                0x00001fe8                memchr
 .text.memmove  0x00002004       0x36 c:/program files (x86)/cypress/psoc creator/3.3/psoc creator/import/gnu/arm/4.9.3/bin/../lib/gcc/arm-none-eabi/4.9.3/../../../../arm-none-eabi/lib/armv7-m\libg_nano.a(lib_a-memmove.o)
                0x00002004                memmove
 *fill*         0x0000203a        0x2 
 .text._free_r  0x0000203c       0x88 c:/program files (x86)/cypress/psoc creator/3.3/psoc creator/import/gnu/arm/4.9.3/bin/../lib/gcc/arm-none-eabi/4.9.3/../../../../arm-none-eabi/lib/armv7-m\libg_nano.a(lib_a-nano-freer.o)
                0x0000203c                _free_r
 .text._malloc_r
                0x000020c4       0xac c:/program files (x86)/cypress/psoc creator/3.3/psoc creator/import/gnu/arm/4.9.3/bin/../lib/gcc/arm-none-eabi/4.9.3/../../../../arm-none-eabi/lib/armv7-m\libg_nano.a(lib_a-nano-mallocr.o)
                0x000020c4                _malloc_r
 .text._realloc_r
                0x00002170       0x4c c:/program files (x86)/cypress/psoc creator/3.3/psoc creator/import/gnu/arm/4.9.3/bin/../lib/gcc/arm-none-eabi/4.9.3/../../../../arm-none-eabi/lib/armv7-m\libg_nano.a(lib_a-nano-reallocr.o)
                0x00002170                _realloc_r
 .text._sbrk_r  0x000021bc       0x20 c:/program files (x86)/cypress/psoc creator/3.3/psoc creator/import/gnu/arm/4.9.3/bin/../lib/gcc/arm-none-eabi/4.9.3/../../../../arm-none-eabi/lib/armv7-m\libg_nano.a(lib_a-sbrkr.o)
                0x000021bc                _sbrk_r
 .text._malloc_usable_size_r
                0x000021dc       0x14 c:/program files (x86)/cypress/psoc creator/3.3/psoc creator/import/gnu/arm/4.9.3/bin/../lib/gcc/arm-none-eabi/4.9.3/../../../../arm-none-eabi/lib/armv7-m\libg_nano.a(lib_a-nano-msizer.o)
                0x000021dc                _malloc_usable_size_r
 *(.plt)
 *(.gnu.warning)
 *(.glue_7t)
 .glue_7t       0x00000000        0x0 linker stubs
 *(.glue_7)
 .glue_7        0x00000000        0x0 linker stubs
 *(.vfp11_veneer)
 .vfp11_veneer  0x00000000        0x0 linker stubs
 *(.bootloader)
 *(.ARM.extab* .gnu.linkonce.armextab.*)
 *(.gcc_except_table)

.v4_bx          0x000021f0        0x0
 .v4_bx         0x00000000        0x0 linker stubs

.iplt           0x000021f0        0x0
 .iplt          0x00000000        0x0 c:/program files (x86)/cypress/psoc creator/3.3/psoc creator/import/gnu/arm/4.9.3/bin/../lib/gcc/arm-none-eabi/4.9.3/armv7-m/crtbegin.o

.eh_frame_hdr
 *(.eh_frame_hdr)

.eh_frame       0x000021f0        0x4
 *(.eh_frame)
 .eh_frame      0x000021f0        0x0 c:/program files (x86)/cypress/psoc creator/3.3/psoc creator/import/gnu/arm/4.9.3/bin/../lib/gcc/arm-none-eabi/4.9.3/armv7-m/crtbegin.o
 .eh_frame      0x000021f0        0x4 c:/program files (x86)/cypress/psoc creator/3.3/psoc creator/import/gnu/arm/4.9.3/bin/../lib/gcc/arm-none-eabi/4.9.3/armv7-m/crtend.o
                0x000021f4                PROVIDE (__exidx_start, .)

.ARM.exidx
 *(.ARM.exidx* .gnu.linkonce.armexidx.*)
                0x000021f4                __exidx_end = .

.rodata         0x000021f4      0x214
 *(.rodata .rodata.* .gnu.linkonce.r.*)
 .rodata.str1.4
                0x000021f4        0x3 .\CortexM3\ARM_GCC_493\Debug\main.o
                                  0x4 (size before relaxing)
 *fill*         0x000021f7        0x1 
 .rodata        0x000021f8       0x2c .\CortexM3\ARM_GCC_493\Debug\USB_UART.a(cyfitter_cfg.o)
 .rodata        0x00002224        0x4 .\CortexM3\ARM_GCC_493\Debug\USB_UART.a(USBUART_1_cdc.o)
 .rodata.str1.4
                0x00002228       0x14 .\CortexM3\ARM_GCC_493\Debug\USB_UART.a(USBUART_1_std.o)
 .rodata        0x0000223c      0x160 .\CortexM3\ARM_GCC_493\Debug\USB_UART.a(USBUART_1_descr.o)
                0x0000223c                USBUART_1_TABLE
                0x00002244                USBUART_1_DEVICE0_TABLE
                0x0000225c                USBUART_1_DEVICE0_CONFIGURATION0_TABLE
                0x00002284                USBUART_1_DEVICE0_CONFIGURATION0_INTERFACE_CLASS
                0x00002288                USBUART_1_DEVICE0_CONFIGURATION0_EP_SETTINGS_TABLE
                0x000022a0                USBUART_1_SN_STRING_DESCRIPTOR
                0x000022a4                USBUART_1_STRING_DESCRIPTORS
                0x00002344                USBUART_1_DEVICE0_CONFIGURATION0_DESCR
                0x00002388                USBUART_1_DEVICE0_DESCR
 .rodata.str1.1
                0x0000239c        0x2 c:/program files (x86)/cypress/psoc creator/3.3/psoc creator/import/gnu/arm/4.9.3/bin/../lib/gcc/arm-none-eabi/4.9.3/../../../../arm-none-eabi/lib/armv7-m\libg_nano.a(lib_a-impure.o)
 .rodata.str1.1
                0x0000239e       0x11 c:/program files (x86)/cypress/psoc creator/3.3/psoc creator/import/gnu/arm/4.9.3/bin/../lib/gcc/arm-none-eabi/4.9.3/../../../../arm-none-eabi/lib/armv7-m\libg_nano.a(lib_a-nano-svfprintf.o)
 .rodata.str1.1
                0x000023af       0x22 c:/program files (x86)/cypress/psoc creator/3.3/psoc creator/import/gnu/arm/4.9.3/bin/../lib/gcc/arm-none-eabi/4.9.3/../../../../arm-none-eabi/lib/armv7-m\libg_nano.a(lib_a-nano-vfprintf_i.o)
                0x000023d4                . = ALIGN (0x4)
 *fill*         0x000023d1        0x3 
 *(.init)
 .init          0x000023d4        0x4 c:/program files (x86)/cypress/psoc creator/3.3/psoc creator/import/gnu/arm/4.9.3/bin/../lib/gcc/arm-none-eabi/4.9.3/armv7-m/crti.o
                0x000023d4                _init
 .init          0x000023d8        0x8 c:/program files (x86)/cypress/psoc creator/3.3/psoc creator/import/gnu/arm/4.9.3/bin/../lib/gcc/arm-none-eabi/4.9.3/armv7-m/crtn.o
                0x000023e0                . = ALIGN (0x4)
                0x000023e0                __preinit_array_start = .
 *(.preinit_array)
                0x000023e0                __preinit_array_end = .
                0x000023e0                . = ALIGN (0x4)
                0x000023e0                __init_array_start = .
 *(SORT(.init_array.*))
 *(.init_array)
 .init_array    0x000023e0        0x4 c:/program files (x86)/cypress/psoc creator/3.3/psoc creator/import/gnu/arm/4.9.3/bin/../lib/gcc/arm-none-eabi/4.9.3/armv7-m/crtbegin.o
 .init_array    0x000023e4        0x4 .\CortexM3\ARM_GCC_493\Debug\Cm3Start.o
                0x000023e8                __init_array_end = .
                0x000023e8                . = ALIGN (0x4)
 *(.fini)
 .fini          0x000023e8        0x4 c:/program files (x86)/cypress/psoc creator/3.3/psoc creator/import/gnu/arm/4.9.3/bin/../lib/gcc/arm-none-eabi/4.9.3/armv7-m/crti.o
                0x000023e8                _fini
 .fini          0x000023ec        0x8 c:/program files (x86)/cypress/psoc creator/3.3/psoc creator/import/gnu/arm/4.9.3/bin/../lib/gcc/arm-none-eabi/4.9.3/armv7-m/crtn.o
                0x000023f4                . = ALIGN (0x4)
                0x000023f4                __fini_array_start = .
 *(.fini_array)
 .fini_array    0x000023f4        0x4 c:/program files (x86)/cypress/psoc creator/3.3/psoc creator/import/gnu/arm/4.9.3/bin/../lib/gcc/arm-none-eabi/4.9.3/armv7-m/crtbegin.o
 *(SORT(.fini_array.*))
                0x000023f8                __fini_array_end = .
                0x000023f8                . = ALIGN (0x4)
 *crtbegin.o(.ctors)
 *(EXCLUDE_FILE(*crtend.o) .ctors)
 *(SORT(.ctors.*))
 *crtend.o(.ctors)
                0x000023f8                . = ALIGN (0x4)
 *crtbegin.o(.dtors)
 *(EXCLUDE_FILE(*crtend.o) .dtors)
 *(SORT(.dtors.*))
 *crtend.o(.dtors)
                0x000023f8                . = ALIGN (0x4)
                0x000023f8                __cy_regions = .
                0x000023f8        0x4 LONG 0x2408 __cy_region_init_ram
                0x000023fc        0x4 LONG 0x1fff8108 __cy_region_start_data
                0x00002400        0x4 LONG 0x98 __cy_region_init_size_ram
                0x00002404        0x4 LONG 0x110 __cy_region_zero_size_ram
                0x00002408                __cy_regions_end = .
                0x00002408                . = ALIGN (0x8)
                0x00002408                _etext = .

.cy_checksum_exclude
                0x00002408        0x0
 *(.cy_checksum_exclude)

.ramvectors     0x1fff8000      0x100
                0x1fff8000                __cy_region_start_ram = .
 *(.ramvectors)
 .ramvectors    0x1fff8000      0x100 .\CortexM3\ARM_GCC_493\Debug\Cm3Start.o
                0x1fff8000                CyRamVectors

.noinit         0x1fff8100        0x5
 *(.noinit)
 .noinit        0x1fff8100        0x4 .\CortexM3\ARM_GCC_493\Debug\Cm3Start.o
 .noinit        0x1fff8104        0x1 .\CortexM3\ARM_GCC_493\Debug\USB_UART.a(CyLib.o)
                0x1fff8104                CyResetStatus

.data           0x1fff8108       0x98 load address 0x00002408
                0x1fff8108                __cy_region_start_data = .
 *(.jcr)
 .jcr           0x1fff8108        0x0 c:/program files (x86)/cypress/psoc creator/3.3/psoc creator/import/gnu/arm/4.9.3/bin/../lib/gcc/arm-none-eabi/4.9.3/armv7-m/crtbegin.o
 .jcr           0x1fff8108        0x4 c:/program files (x86)/cypress/psoc creator/3.3/psoc creator/import/gnu/arm/4.9.3/bin/../lib/gcc/arm-none-eabi/4.9.3/armv7-m/crtend.o
 *(.got.plt)
 *(.got)
 *(.shdata)
 *(.data .data.* .gnu.linkonce.d.*)
 .data          0x1fff810c        0x4 .\CortexM3\ARM_GCC_493\Debug\Cm3Start.o
 .data          0x1fff8110       0x1c .\CortexM3\ARM_GCC_493\Debug\USB_UART.a(USBUART_1_cdc.o)
                0x1fff8110                USBUART_1_linesCoding
 .data          0x1fff812c       0x10 .\CortexM3\ARM_GCC_493\Debug\USB_UART.a(CyLib.o)
                0x1fff812c                cydelay_32k_ms
                0x1fff8130                cydelay_freq_khz
                0x1fff8134                cydelay_freq_mhz
                0x1fff8138                cydelay_freq_hz
 .data.impure_data
                0x1fff813c       0x60 c:/program files (x86)/cypress/psoc creator/3.3/psoc creator/import/gnu/arm/4.9.3/bin/../lib/gcc/arm-none-eabi/4.9.3/../../../../arm-none-eabi/lib/armv7-m\libg_nano.a(lib_a-impure.o)
 .data._impure_ptr
                0x1fff819c        0x4 c:/program files (x86)/cypress/psoc creator/3.3/psoc creator/import/gnu/arm/4.9.3/bin/../lib/gcc/arm-none-eabi/4.9.3/../../../../arm-none-eabi/lib/armv7-m\libg_nano.a(lib_a-impure.o)
                0x1fff819c                _impure_ptr
                0x1fff81a0                . = ALIGN (0x8)
 *(.ram)
                0x1fff81a0                _edata = .

.igot.plt       0x1fff81a0        0x0 load address 0x000024a0
 .igot.plt      0x00000000        0x0 c:/program files (x86)/cypress/psoc creator/3.3/psoc creator/import/gnu/arm/4.9.3/bin/../lib/gcc/arm-none-eabi/4.9.3/armv7-m/crtbegin.o

.bss            0x1fff81a0      0x110 load address 0x000024a0
                0x1fff81a0                PROVIDE (__bss_start__, .)
 *(.shbss)
 *(.bss .bss.* .gnu.linkonce.b.*)
 .bss           0x1fff81a0       0x1c c:/program files (x86)/cypress/psoc creator/3.3/psoc creator/import/gnu/arm/4.9.3/bin/../lib/gcc/arm-none-eabi/4.9.3/armv7-m/crtbegin.o
 .bss           0x1fff81bc        0xc .\CortexM3\ARM_GCC_493\Debug\main.o
                0x1fff81bc                val
                0x1fff81c0                valeur
 .bss           0x1fff81c8        0x1 .\CortexM3\ARM_GCC_493\Debug\USB_UART.a(USBUART_1.o)
                0x1fff81c8                USBUART_1_initVar
 .bss           0x1fff81c9        0x1 .\CortexM3\ARM_GCC_493\Debug\USB_UART.a(USBUART_1_cdc.o)
 *fill*         0x1fff81ca        0x2 
 .bss           0x1fff81cc        0x4 .\CortexM3\ARM_GCC_493\Debug\USB_UART.a(USBUART_1_std.o)
 .bss.__malloc_sbrk_start
                0x1fff81d0        0x4 c:/program files (x86)/cypress/psoc creator/3.3/psoc creator/import/gnu/arm/4.9.3/bin/../lib/gcc/arm-none-eabi/4.9.3/../../../../arm-none-eabi/lib/armv7-m\libg_nano.a(lib_a-nano-mallocr.o)
                0x1fff81d0                __malloc_sbrk_start
 .bss.__malloc_free_list
                0x1fff81d4        0x4 c:/program files (x86)/cypress/psoc creator/3.3/psoc creator/import/gnu/arm/4.9.3/bin/../lib/gcc/arm-none-eabi/4.9.3/../../../../arm-none-eabi/lib/armv7-m\libg_nano.a(lib_a-nano-mallocr.o)
                0x1fff81d4                __malloc_free_list
 *(COMMON)
 COMMON         0x1fff81d8       0x18 .\CortexM3\ARM_GCC_493\Debug\USB_UART.a(USBUART_1_cdc.o)
                0x1fff81d8                USBUART_1_cdcDataInEp
                0x1fff81dc                USBUART_1_cdcDataOutEp
                0x1fff81e0                USBUART_1_cdcCommInInterruptEp
                0x1fff81e4                USBUART_1_serialStateBitmap
                0x1fff81e8                USBUART_1_linesChanged
                0x1fff81ec                USBUART_1_linesControlBitmap
 COMMON         0x1fff81f0       0x97 .\CortexM3\ARM_GCC_493\Debug\USB_UART.a(USBUART_1_drv.o)
                0x1fff81f0                USBUART_1_interfaceSettingLast
                0x1fff81f2                USBUART_1_ep0Mode
                0x1fff81f3                USBUART_1_lastPacketSize
                0x1fff81f4                USBUART_1_configurationChanged
                0x1fff81f5                USBUART_1_configuration
                0x1fff81f6                USBUART_1_interfaceNumber
                0x1fff81f7                USBUART_1_deviceStatus
                0x1fff81f8                USBUART_1_ep0Toggle
                0x1fff81fc                USBUART_1_interfaceClass
                0x1fff8200                USBUART_1_interfaceSetting
                0x1fff8204                USBUART_1_currentTD
                0x1fff8210                USBUART_1_ep0Count
                0x1fff8214                USBUART_1_EP
                0x1fff8280                USBUART_1_transferByteCount
                0x1fff8282                USBUART_1_transferState
                0x1fff8283                USBUART_1_device
                0x1fff8284                USBUART_1_interfaceStatus
                0x1fff8286                USBUART_1_deviceAddress
 *fill*         0x1fff8287        0x1 
 COMMON         0x1fff8288       0x22 .\CortexM3\ARM_GCC_493\Debug\USB_UART.a(USBUART_1_descr.o)
                0x1fff8288                USBUART_1_idSerialNumberStringDescriptor
 *fill*         0x1fff82aa        0x2 
 COMMON         0x1fff82ac        0x4 c:/program files (x86)/cypress/psoc creator/3.3/psoc creator/import/gnu/arm/4.9.3/bin/../lib/gcc/arm-none-eabi/4.9.3/../../../../arm-none-eabi/lib/armv7-m\libg_nano.a(lib_a-reent.o)
                0x1fff82ac                errno
                0x1fff82b0                . = ALIGN (0x8)
 *(.ram.b)
                0x1fff82b0                _end = .
                0x1fff82b0                __end = .
                0x1fff82b0                PROVIDE (end, .)
                0x1fff82b0                PROVIDE (__bss_end__, .)
                0x00002408                __cy_region_init_ram = LOADADDR (.data)
                0x00000098                __cy_region_init_size_ram = (_edata - ADDR (.data))
                0x00000110                __cy_region_zero_size_ram = (_end - _edata)

.heap           0x1fff82b0       0x80 load address 0x000024a0
                0x1fff82b0                . = _end
                0x1fff8330                . = (. + 0x80)
 *fill*         0x1fff82b0       0x80 
                0x1fff8330                __cy_heap_limit = .

.stack          0x20007800      0x800
                0x20007800                __cy_stack_limit = .
                0x20008000                . = (. + 0x800)
 *fill*         0x20007800      0x800 
                0x00000001                ASSERT ((__cy_stack_limit >= __cy_heap_limit), region RAM overflowed with stack)
                0x00000000                cy_checksum_exclude_size = (CY_APPL_LOADABLE == 0x1)?SIZEOF (.cy_checksum_exclude):0x0
                0x00000001                ASSERT ((cy_checksum_exclude_size <= CY_CHECKSUM_EXCLUDE_SIZE), CY_BOOT: Section .cy_checksum_exclude size exceedes specified limit.)

.cyloadermeta
 *(.cyloadermeta)

.cyloadablemeta
 *(.cyloadablemeta)

.cyconfigecc    0x80000000       0x78
 *(.cyconfigecc)
 .cyconfigecc   0x80000000       0x78 .\CortexM3\ARM_GCC_493\Debug\cymetadata.o
                0x80000000                cy_meta_configecc

.cycustnvl      0x90000000        0x4
 *(.cycustnvl)
 .cycustnvl     0x90000000        0x4 .\CortexM3\ARM_GCC_493\Debug\cymetadata.o
                0x90000000                cy_meta_custnvl

.cywolatch      0x90100000        0x4
 *(.cywolatch)
 .cywolatch     0x90100000        0x4 .\CortexM3\ARM_GCC_493\Debug\cymetadata.o
                0x90100000                cy_meta_wonvl

.cyeeprom       0x90200000        0x0
 *(.cyeeprom)
                0x00000001                ASSERT ((. <= ((0x90200000 + ee_offset) + ee_size)), .cyeeprom data will not fit in EEPROM)

.cyflashprotect
                0x90400000      0x100
 *(.cyflashprotect)
 .cyflashprotect
                0x90400000      0x100 .\CortexM3\ARM_GCC_493\Debug\cymetadata.o
                0x90400000                cy_meta_flashprotect

.cymeta         0x90500000        0xc
 *(.cymeta)
 .cymeta        0x90500000        0xc .\CortexM3\ARM_GCC_493\Debug\cymetadata.o
                0x90500000                cy_metadata

.rel.dyn        0x000024a0        0x0 load address 0x9050000c
 .rel.iplt      0x00000000        0x0 c:/program files (x86)/cypress/psoc creator/3.3/psoc creator/import/gnu/arm/4.9.3/bin/../lib/gcc/arm-none-eabi/4.9.3/armv7-m/crtbegin.o

.stab
 *(.stab)

.stabstr
 *(.stabstr)

.debug
 *(.debug)

.line
 *(.line)

.debug_srcinfo
 *(.debug_srcinfo)

.debug_sfnames
 *(.debug_sfnames)

.debug_aranges  0x00000000      0x908
 *(.debug_aranges)
 .debug_aranges
                0x00000000       0x20 .\CortexM3\ARM_GCC_493\Debug\main.o
 .debug_aranges
                0x00000020       0x18 .\CortexM3\ARM_GCC_493\Debug\cymetadata.o
 .debug_aranges
                0x00000038       0x48 .\CortexM3\ARM_GCC_493\Debug\Cm3Start.o
 .debug_aranges
                0x00000080       0x58 .\CortexM3\ARM_GCC_493\Debug\USB_UART.a(cyfitter_cfg.o)
 .debug_aranges
                0x000000d8       0xc8 .\CortexM3\ARM_GCC_493\Debug\USB_UART.a(USBUART_1.o)
 .debug_aranges
                0x000001a0       0xe8 .\CortexM3\ARM_GCC_493\Debug\USB_UART.a(USBUART_1_cdc.o)
 .debug_aranges
                0x00000288       0x98 .\CortexM3\ARM_GCC_493\Debug\USB_UART.a(USBUART_1_drv.o)
 .debug_aranges
                0x00000320       0x40 .\CortexM3\ARM_GCC_493\Debug\USB_UART.a(USBUART_1_episr.o)
 .debug_aranges
                0x00000360       0x40 .\CortexM3\ARM_GCC_493\Debug\USB_UART.a(USBUART_1_pm.o)
 .debug_aranges
                0x000003a0       0x80 .\CortexM3\ARM_GCC_493\Debug\USB_UART.a(USBUART_1_std.o)
 .debug_aranges
                0x00000420       0x20 .\CortexM3\ARM_GCC_493\Debug\USB_UART.a(USBUART_1_vnd.o)
 .debug_aranges
                0x00000440       0x48 .\CortexM3\ARM_GCC_493\Debug\USB_UART.a(USBUART_1_Dp.o)
 .debug_aranges
                0x00000488       0x20 .\CortexM3\ARM_GCC_493\Debug\USB_UART.a(CyBootAsmGnu.o)
 .debug_aranges
                0x000004a8      0x298 .\CortexM3\ARM_GCC_493\Debug\USB_UART.a(CyLib.o)
 .debug_aranges
                0x00000740       0x98 .\CortexM3\ARM_GCC_493\Debug\USB_UART.a(cyPm.o)
 .debug_aranges
                0x000007d8       0x20 .\CortexM3\ARM_GCC_493\Debug\USB_UART.a(USBUART_1_cls.o)
 .debug_aranges
                0x000007f8       0x18 .\CortexM3\ARM_GCC_493\Debug\USB_UART.a(USBUART_1_descr.o)
 .debug_aranges
                0x00000810       0x80 .\CortexM3\ARM_GCC_493\Debug\USB_UART.a(CyFlash.o)
 .debug_aranges
                0x00000890       0x78 .\CortexM3\ARM_GCC_493\Debug\USB_UART.a(CySpc.o)

.debug_pubnames
 *(.debug_pubnames)

.debug_info     0x00000000     0x6714
 *(.debug_info .gnu.linkonce.wi.*)
 .debug_info    0x00000000      0x224 .\CortexM3\ARM_GCC_493\Debug\main.o
 .debug_info    0x00000224      0x13a .\CortexM3\ARM_GCC_493\Debug\cymetadata.o
 .debug_info    0x0000035e      0x3a5 .\CortexM3\ARM_GCC_493\Debug\Cm3Start.o
 .debug_info    0x00000703      0x487 .\CortexM3\ARM_GCC_493\Debug\USB_UART.a(cyfitter_cfg.o)
 .debug_info    0x00000b8a      0x9b0 .\CortexM3\ARM_GCC_493\Debug\USB_UART.a(USBUART_1.o)
 .debug_info    0x0000153a      0xb16 .\CortexM3\ARM_GCC_493\Debug\USB_UART.a(USBUART_1_cdc.o)
 .debug_info    0x00002050      0x649 .\CortexM3\ARM_GCC_493\Debug\USB_UART.a(USBUART_1_drv.o)
 .debug_info    0x00002699      0x244 .\CortexM3\ARM_GCC_493\Debug\USB_UART.a(USBUART_1_episr.o)
 .debug_info    0x000028dd      0x2ef .\CortexM3\ARM_GCC_493\Debug\USB_UART.a(USBUART_1_pm.o)
 .debug_info    0x00002bcc      0xb35 .\CortexM3\ARM_GCC_493\Debug\USB_UART.a(USBUART_1_std.o)
 .debug_info    0x00003701       0xe6 .\CortexM3\ARM_GCC_493\Debug\USB_UART.a(USBUART_1_vnd.o)
 .debug_info    0x000037e7      0x174 .\CortexM3\ARM_GCC_493\Debug\USB_UART.a(USBUART_1_Dp.o)
 .debug_info    0x0000395b       0x97 .\CortexM3\ARM_GCC_493\Debug\USB_UART.a(CyBootAsmGnu.o)
 .debug_info    0x000039f2     0x1371 .\CortexM3\ARM_GCC_493\Debug\USB_UART.a(CyLib.o)
 .debug_info    0x00004d63      0xa58 .\CortexM3\ARM_GCC_493\Debug\USB_UART.a(cyPm.o)
 .debug_info    0x000057bb      0x1d2 .\CortexM3\ARM_GCC_493\Debug\USB_UART.a(USBUART_1_cls.o)
 .debug_info    0x0000598d      0x28d .\CortexM3\ARM_GCC_493\Debug\USB_UART.a(USBUART_1_descr.o)
 .debug_info    0x00005c1a      0x60a .\CortexM3\ARM_GCC_493\Debug\USB_UART.a(CyFlash.o)
 .debug_info    0x00006224      0x4f0 .\CortexM3\ARM_GCC_493\Debug\USB_UART.a(CySpc.o)

.debug_abbrev   0x00000000     0x1ba1
 *(.debug_abbrev)
 .debug_abbrev  0x00000000      0x15c .\CortexM3\ARM_GCC_493\Debug\main.o
 .debug_abbrev  0x0000015c       0x5d .\CortexM3\ARM_GCC_493\Debug\cymetadata.o
 .debug_abbrev  0x000001b9      0x20f .\CortexM3\ARM_GCC_493\Debug\Cm3Start.o
 .debug_abbrev  0x000003c8      0x1dc .\CortexM3\ARM_GCC_493\Debug\USB_UART.a(cyfitter_cfg.o)
 .debug_abbrev  0x000005a4      0x25e .\CortexM3\ARM_GCC_493\Debug\USB_UART.a(USBUART_1.o)
 .debug_abbrev  0x00000802      0x28b .\CortexM3\ARM_GCC_493\Debug\USB_UART.a(USBUART_1_cdc.o)
 .debug_abbrev  0x00000a8d      0x18b .\CortexM3\ARM_GCC_493\Debug\USB_UART.a(USBUART_1_drv.o)
 .debug_abbrev  0x00000c18      0x11b .\CortexM3\ARM_GCC_493\Debug\USB_UART.a(USBUART_1_episr.o)
 .debug_abbrev  0x00000d33      0x146 .\CortexM3\ARM_GCC_493\Debug\USB_UART.a(USBUART_1_pm.o)
 .debug_abbrev  0x00000e79      0x23d .\CortexM3\ARM_GCC_493\Debug\USB_UART.a(USBUART_1_std.o)
 .debug_abbrev  0x000010b6       0x9b .\CortexM3\ARM_GCC_493\Debug\USB_UART.a(USBUART_1_vnd.o)
 .debug_abbrev  0x00001151       0x90 .\CortexM3\ARM_GCC_493\Debug\USB_UART.a(USBUART_1_Dp.o)
 .debug_abbrev  0x000011e1       0x14 .\CortexM3\ARM_GCC_493\Debug\USB_UART.a(CyBootAsmGnu.o)
 .debug_abbrev  0x000011f5      0x296 .\CortexM3\ARM_GCC_493\Debug\USB_UART.a(CyLib.o)
 .debug_abbrev  0x0000148b      0x1ed .\CortexM3\ARM_GCC_493\Debug\USB_UART.a(cyPm.o)
 .debug_abbrev  0x00001678       0xe3 .\CortexM3\ARM_GCC_493\Debug\USB_UART.a(USBUART_1_cls.o)
 .debug_abbrev  0x0000175b       0xb4 .\CortexM3\ARM_GCC_493\Debug\USB_UART.a(USBUART_1_descr.o)
 .debug_abbrev  0x0000180f      0x1d1 .\CortexM3\ARM_GCC_493\Debug\USB_UART.a(CyFlash.o)
 .debug_abbrev  0x000019e0      0x1c1 .\CortexM3\ARM_GCC_493\Debug\USB_UART.a(CySpc.o)

.debug_line     0x00000000     0x264e
 *(.debug_line)
 .debug_line    0x00000000      0x1c0 .\CortexM3\ARM_GCC_493\Debug\main.o
 .debug_line    0x000001c0       0x53 .\CortexM3\ARM_GCC_493\Debug\cymetadata.o
 .debug_line    0x00000213      0x249 .\CortexM3\ARM_GCC_493\Debug\Cm3Start.o
 .debug_line    0x0000045c      0x1d8 .\CortexM3\ARM_GCC_493\Debug\USB_UART.a(cyfitter_cfg.o)
 .debug_line    0x00000634      0x2d0 .\CortexM3\ARM_GCC_493\Debug\USB_UART.a(USBUART_1.o)
 .debug_line    0x00000904      0x2fa .\CortexM3\ARM_GCC_493\Debug\USB_UART.a(USBUART_1_cdc.o)
 .debug_line    0x00000bfe      0x229 .\CortexM3\ARM_GCC_493\Debug\USB_UART.a(USBUART_1_drv.o)
 .debug_line    0x00000e27       0xee .\CortexM3\ARM_GCC_493\Debug\USB_UART.a(USBUART_1_episr.o)
 .debug_line    0x00000f15      0x118 .\CortexM3\ARM_GCC_493\Debug\USB_UART.a(USBUART_1_pm.o)
 .debug_line    0x0000102d      0x3ea .\CortexM3\ARM_GCC_493\Debug\USB_UART.a(USBUART_1_std.o)
 .debug_line    0x00001417       0x79 .\CortexM3\ARM_GCC_493\Debug\USB_UART.a(USBUART_1_vnd.o)
 .debug_line    0x00001490       0xbf .\CortexM3\ARM_GCC_493\Debug\USB_UART.a(USBUART_1_Dp.o)
 .debug_line    0x0000154f       0x68 .\CortexM3\ARM_GCC_493\Debug\USB_UART.a(CyBootAsmGnu.o)
 .debug_line    0x000015b7      0x806 .\CortexM3\ARM_GCC_493\Debug\USB_UART.a(CyLib.o)
 .debug_line    0x00001dbd      0x366 .\CortexM3\ARM_GCC_493\Debug\USB_UART.a(cyPm.o)
 .debug_line    0x00002123       0x9a .\CortexM3\ARM_GCC_493\Debug\USB_UART.a(USBUART_1_cls.o)
 .debug_line    0x000021bd       0x67 .\CortexM3\ARM_GCC_493\Debug\USB_UART.a(USBUART_1_descr.o)
 .debug_line    0x00002224      0x1ec .\CortexM3\ARM_GCC_493\Debug\USB_UART.a(CyFlash.o)
 .debug_line    0x00002410      0x23e .\CortexM3\ARM_GCC_493\Debug\USB_UART.a(CySpc.o)

.debug_frame    0x00000000     0x1a78
 *(.debug_frame)
 .debug_frame   0x00000000       0x2c .\CortexM3\ARM_GCC_493\Debug\main.o
 .debug_frame   0x0000002c       0xac .\CortexM3\ARM_GCC_493\Debug\Cm3Start.o
 .debug_frame   0x000000d8       0xe4 .\CortexM3\ARM_GCC_493\Debug\USB_UART.a(cyfitter_cfg.o)
 .debug_frame   0x000001bc      0x1dc .\CortexM3\ARM_GCC_493\Debug\USB_UART.a(USBUART_1.o)
 .debug_frame   0x00000398      0x278 .\CortexM3\ARM_GCC_493\Debug\USB_UART.a(USBUART_1_cdc.o)
 .debug_frame   0x00000610      0x194 .\CortexM3\ARM_GCC_493\Debug\USB_UART.a(USBUART_1_drv.o)
 .debug_frame   0x000007a4       0x6c .\CortexM3\ARM_GCC_493\Debug\USB_UART.a(USBUART_1_episr.o)
 .debug_frame   0x00000810       0xa0 .\CortexM3\ARM_GCC_493\Debug\USB_UART.a(USBUART_1_pm.o)
 .debug_frame   0x000008b0      0x17c .\CortexM3\ARM_GCC_493\Debug\USB_UART.a(USBUART_1_std.o)
 .debug_frame   0x00000a2c       0x20 .\CortexM3\ARM_GCC_493\Debug\USB_UART.a(USBUART_1_vnd.o)
 .debug_frame   0x00000a4c       0x70 .\CortexM3\ARM_GCC_493\Debug\USB_UART.a(USBUART_1_Dp.o)
 .debug_frame   0x00000abc      0x728 .\CortexM3\ARM_GCC_493\Debug\USB_UART.a(CyLib.o)
 .debug_frame   0x000011e4      0x1f8 .\CortexM3\ARM_GCC_493\Debug\USB_UART.a(cyPm.o)
 .debug_frame   0x000013dc       0x2c .\CortexM3\ARM_GCC_493\Debug\USB_UART.a(USBUART_1_cls.o)
 .debug_frame   0x00001408      0x174 .\CortexM3\ARM_GCC_493\Debug\USB_UART.a(CyFlash.o)
 .debug_frame   0x0000157c      0x160 .\CortexM3\ARM_GCC_493\Debug\USB_UART.a(CySpc.o)
 .debug_frame   0x000016dc       0x20 c:/program files (x86)/cypress/psoc creator/3.3/psoc creator/import/gnu/arm/4.9.3/bin/../lib/gcc/arm-none-eabi/4.9.3/../../../../arm-none-eabi/lib/armv7-m\libg_nano.a(lib_a-errno.o)
 .debug_frame   0x000016fc       0x28 c:/program files (x86)/cypress/psoc creator/3.3/psoc creator/import/gnu/arm/4.9.3/bin/../lib/gcc/arm-none-eabi/4.9.3/../../../../arm-none-eabi/lib/armv7-m\libg_nano.a(lib_a-exit.o)
 .debug_frame   0x00001724       0x2c c:/program files (x86)/cypress/psoc creator/3.3/psoc creator/import/gnu/arm/4.9.3/bin/../lib/gcc/arm-none-eabi/4.9.3/../../../../arm-none-eabi/lib/armv7-m\libg_nano.a(lib_a-init.o)
 .debug_frame   0x00001750       0x28 c:/program files (x86)/cypress/psoc creator/3.3/psoc creator/import/gnu/arm/4.9.3/bin/../lib/gcc/arm-none-eabi/4.9.3/../../../../arm-none-eabi/lib/armv7-m\libg_nano.a(lib_a-memcpy.o)
 .debug_frame   0x00001778       0x20 c:/program files (x86)/cypress/psoc creator/3.3/psoc creator/import/gnu/arm/4.9.3/bin/../lib/gcc/arm-none-eabi/4.9.3/../../../../arm-none-eabi/lib/armv7-m\libg_nano.a(lib_a-memset.o)
 .debug_frame   0x00001798       0x70 c:/program files (x86)/cypress/psoc creator/3.3/psoc creator/import/gnu/arm/4.9.3/bin/../lib/gcc/arm-none-eabi/4.9.3/../../../../arm-none-eabi/lib/armv7-m\libg_nano.a(lib_a-sprintf.o)
 .debug_frame   0x00001808       0x8c c:/program files (x86)/cypress/psoc creator/3.3/psoc creator/import/gnu/arm/4.9.3/bin/../lib/gcc/arm-none-eabi/4.9.3/../../../../arm-none-eabi/lib/armv7-m\libg_nano.a(lib_a-nano-svfprintf.o)
 .debug_frame   0x00001894       0x58 c:/program files (x86)/cypress/psoc creator/3.3/psoc creator/import/gnu/arm/4.9.3/bin/../lib/gcc/arm-none-eabi/4.9.3/../../../../arm-none-eabi/lib/armv7-m\libg_nano.a(lib_a-nano-vfprintf_i.o)
 .debug_frame   0x000018ec       0x28 c:/program files (x86)/cypress/psoc creator/3.3/psoc creator/import/gnu/arm/4.9.3/bin/../lib/gcc/arm-none-eabi/4.9.3/../../../../arm-none-eabi/lib/armv7-m\libg_nano.a(lib_a-memchr.o)
 .debug_frame   0x00001914       0x28 c:/program files (x86)/cypress/psoc creator/3.3/psoc creator/import/gnu/arm/4.9.3/bin/../lib/gcc/arm-none-eabi/4.9.3/../../../../arm-none-eabi/lib/armv7-m\libg_nano.a(lib_a-memmove.o)
 .debug_frame   0x0000193c       0x2c c:/program files (x86)/cypress/psoc creator/3.3/psoc creator/import/gnu/arm/4.9.3/bin/../lib/gcc/arm-none-eabi/4.9.3/../../../../arm-none-eabi/lib/armv7-m\libg_nano.a(lib_a-nano-freer.o)
 .debug_frame   0x00001968       0x2c c:/program files (x86)/cypress/psoc creator/3.3/psoc creator/import/gnu/arm/4.9.3/bin/../lib/gcc/arm-none-eabi/4.9.3/../../../../arm-none-eabi/lib/armv7-m\libg_nano.a(lib_a-nano-mallocr.o)
 .debug_frame   0x00001994       0x3c c:/program files (x86)/cypress/psoc creator/3.3/psoc creator/import/gnu/arm/4.9.3/bin/../lib/gcc/arm-none-eabi/4.9.3/../../../../arm-none-eabi/lib/armv7-m\libg_nano.a(lib_a-nano-reallocr.o)
 .debug_frame   0x000019d0       0x2c c:/program files (x86)/cypress/psoc creator/3.3/psoc creator/import/gnu/arm/4.9.3/bin/../lib/gcc/arm-none-eabi/4.9.3/../../../../arm-none-eabi/lib/armv7-m\libg_nano.a(lib_a-sbrkr.o)
 .debug_frame   0x000019fc       0x20 c:/program files (x86)/cypress/psoc creator/3.3/psoc creator/import/gnu/arm/4.9.3/bin/../lib/gcc/arm-none-eabi/4.9.3/../../../../arm-none-eabi/lib/armv7-m\libg_nano.a(lib_a-nano-msizer.o)
 .debug_frame   0x00001a1c       0x5c c:/program files (x86)/cypress/psoc creator/3.3/psoc creator/import/gnu/arm/4.9.3/bin/../lib/gcc/arm-none-eabi/4.9.3/../../../../arm-none-eabi/lib/armv7-m\libg_nano.a(lib_a-reent.o)

.debug_str      0x00000000     0x258b
 *(.debug_str)
 .debug_str     0x00000000      0x1ee .\CortexM3\ARM_GCC_493\Debug\main.o
                                0x22f (size before relaxing)
 .debug_str     0x000001ee       0x77 .\CortexM3\ARM_GCC_493\Debug\cymetadata.o
                                0x1f1 (size before relaxing)
 .debug_str     0x00000265      0x165 .\CortexM3\ARM_GCC_493\Debug\Cm3Start.o
                                0x305 (size before relaxing)
 .debug_str     0x000003ca      0x15d .\CortexM3\ARM_GCC_493\Debug\USB_UART.a(cyfitter_cfg.o)
                                0x30a (size before relaxing)
 .debug_str     0x00000527      0x4b0 .\CortexM3\ARM_GCC_493\Debug\USB_UART.a(USBUART_1.o)
                                0x6a6 (size before relaxing)
 .debug_str     0x000009d7      0x54f .\CortexM3\ARM_GCC_493\Debug\USB_UART.a(USBUART_1_cdc.o)
                                0x836 (size before relaxing)
 .debug_str     0x00000f26      0x2c3 .\CortexM3\ARM_GCC_493\Debug\USB_UART.a(USBUART_1_drv.o)
                                0x697 (size before relaxing)
 .debug_str     0x000011e9       0x8e .\CortexM3\ARM_GCC_493\Debug\USB_UART.a(USBUART_1_episr.o)
                                0x2f0 (size before relaxing)
 .debug_str     0x00001277      0x104 .\CortexM3\ARM_GCC_493\Debug\USB_UART.a(USBUART_1_pm.o)
                                0x30a (size before relaxing)
 .debug_str     0x0000137b      0x294 .\CortexM3\ARM_GCC_493\Debug\USB_UART.a(USBUART_1_std.o)
                                0x80c (size before relaxing)
 .debug_str     0x0000160f       0x29 .\CortexM3\ARM_GCC_493\Debug\USB_UART.a(USBUART_1_vnd.o)
                                0x1ee (size before relaxing)
 .debug_str     0x00001638       0xb2 .\CortexM3\ARM_GCC_493\Debug\USB_UART.a(USBUART_1_Dp.o)
                                0x256 (size before relaxing)
 .debug_str     0x000016ea      0x7bd .\CortexM3\ARM_GCC_493\Debug\USB_UART.a(CyLib.o)
                                0xa2a (size before relaxing)
 .debug_str     0x00001ea7      0x35b .\CortexM3\ARM_GCC_493\Debug\USB_UART.a(cyPm.o)
                                0x722 (size before relaxing)
 .debug_str     0x00002202       0x29 .\CortexM3\ARM_GCC_493\Debug\USB_UART.a(USBUART_1_cls.o)
                                0x2b5 (size before relaxing)
 .debug_str     0x0000222b      0x114 .\CortexM3\ARM_GCC_493\Debug\USB_UART.a(USBUART_1_descr.o)
                                0x36e (size before relaxing)
 .debug_str     0x0000233f      0x19e .\CortexM3\ARM_GCC_493\Debug\USB_UART.a(CyFlash.o)
                                0x39c (size before relaxing)
 .debug_str     0x000024dd       0xae .\CortexM3\ARM_GCC_493\Debug\USB_UART.a(CySpc.o)
                                0x325 (size before relaxing)

.debug_loc      0x00000000     0x2d4a
 *(.debug_loc)
 .debug_loc     0x00000000      0x144 .\CortexM3\ARM_GCC_493\Debug\Cm3Start.o
 .debug_loc     0x00000144      0x1d7 .\CortexM3\ARM_GCC_493\Debug\USB_UART.a(cyfitter_cfg.o)
 .debug_loc     0x0000031b      0x3e1 .\CortexM3\ARM_GCC_493\Debug\USB_UART.a(USBUART_1.o)
 .debug_loc     0x000006fc      0x56b .\CortexM3\ARM_GCC_493\Debug\USB_UART.a(USBUART_1_cdc.o)
 .debug_loc     0x00000c67      0x171 .\CortexM3\ARM_GCC_493\Debug\USB_UART.a(USBUART_1_drv.o)
 .debug_loc     0x00000dd8       0x26 .\CortexM3\ARM_GCC_493\Debug\USB_UART.a(USBUART_1_pm.o)
 .debug_loc     0x00000dfe      0x93f .\CortexM3\ARM_GCC_493\Debug\USB_UART.a(USBUART_1_std.o)
 .debug_loc     0x0000173d       0x84 .\CortexM3\ARM_GCC_493\Debug\USB_UART.a(USBUART_1_Dp.o)
 .debug_loc     0x000017c1      0xa11 .\CortexM3\ARM_GCC_493\Debug\USB_UART.a(CyLib.o)
 .debug_loc     0x000021d2      0x1e4 .\CortexM3\ARM_GCC_493\Debug\USB_UART.a(cyPm.o)
 .debug_loc     0x000023b6       0x47 .\CortexM3\ARM_GCC_493\Debug\USB_UART.a(USBUART_1_cls.o)
 .debug_loc     0x000023fd      0x300 .\CortexM3\ARM_GCC_493\Debug\USB_UART.a(CyFlash.o)
 .debug_loc     0x000026fd      0x64d .\CortexM3\ARM_GCC_493\Debug\USB_UART.a(CySpc.o)

.debug_macinfo
 *(.debug_macinfo)

.debug_ranges   0x00000000      0x7d0
 *(.debug_ranges)
 .debug_ranges  0x00000000       0x10 .\CortexM3\ARM_GCC_493\Debug\main.o
 .debug_ranges  0x00000010       0x38 .\CortexM3\ARM_GCC_493\Debug\Cm3Start.o
 .debug_ranges  0x00000048       0x48 .\CortexM3\ARM_GCC_493\Debug\USB_UART.a(cyfitter_cfg.o)
 .debug_ranges  0x00000090       0xd0 .\CortexM3\ARM_GCC_493\Debug\USB_UART.a(USBUART_1.o)
 .debug_ranges  0x00000160       0xd8 .\CortexM3\ARM_GCC_493\Debug\USB_UART.a(USBUART_1_cdc.o)
 .debug_ranges  0x00000238       0x88 .\CortexM3\ARM_GCC_493\Debug\USB_UART.a(USBUART_1_drv.o)
 .debug_ranges  0x000002c0       0x30 .\CortexM3\ARM_GCC_493\Debug\USB_UART.a(USBUART_1_episr.o)
 .debug_ranges  0x000002f0       0x30 .\CortexM3\ARM_GCC_493\Debug\USB_UART.a(USBUART_1_pm.o)
 .debug_ranges  0x00000320       0x70 .\CortexM3\ARM_GCC_493\Debug\USB_UART.a(USBUART_1_std.o)
 .debug_ranges  0x00000390       0x10 .\CortexM3\ARM_GCC_493\Debug\USB_UART.a(USBUART_1_vnd.o)
 .debug_ranges  0x000003a0       0x38 .\CortexM3\ARM_GCC_493\Debug\USB_UART.a(USBUART_1_Dp.o)
 .debug_ranges  0x000003d8      0x288 .\CortexM3\ARM_GCC_493\Debug\USB_UART.a(CyLib.o)
 .debug_ranges  0x00000660       0x88 .\CortexM3\ARM_GCC_493\Debug\USB_UART.a(cyPm.o)
 .debug_ranges  0x000006e8       0x10 .\CortexM3\ARM_GCC_493\Debug\USB_UART.a(USBUART_1_cls.o)
 .debug_ranges  0x000006f8       0x70 .\CortexM3\ARM_GCC_493\Debug\USB_UART.a(CyFlash.o)
 .debug_ranges  0x00000768       0x68 .\CortexM3\ARM_GCC_493\Debug\USB_UART.a(CySpc.o)

.comment        0x00000000       0x70
 .comment       0x00000000       0x70 .\CortexM3\ARM_GCC_493\Debug\main.o
                                 0x71 (size before relaxing)
 .comment       0x00000000       0x71 .\CortexM3\ARM_GCC_493\Debug\cymetadata.o
 .comment       0x00000000       0x71 .\CortexM3\ARM_GCC_493\Debug\Cm3Start.o
 .comment       0x00000000       0x71 .\CortexM3\ARM_GCC_493\Debug\USB_UART.a(cyfitter_cfg.o)
 .comment       0x00000000       0x71 .\CortexM3\ARM_GCC_493\Debug\USB_UART.a(USBUART_1.o)
 .comment       0x00000000       0x71 .\CortexM3\ARM_GCC_493\Debug\USB_UART.a(USBUART_1_cdc.o)
 .comment       0x00000000       0x71 .\CortexM3\ARM_GCC_493\Debug\USB_UART.a(USBUART_1_drv.o)
 .comment       0x00000000       0x71 .\CortexM3\ARM_GCC_493\Debug\USB_UART.a(USBUART_1_episr.o)
 .comment       0x00000000       0x71 .\CortexM3\ARM_GCC_493\Debug\USB_UART.a(USBUART_1_pm.o)
 .comment       0x00000000       0x71 .\CortexM3\ARM_GCC_493\Debug\USB_UART.a(USBUART_1_std.o)
 .comment       0x00000000       0x71 .\CortexM3\ARM_GCC_493\Debug\USB_UART.a(USBUART_1_vnd.o)
 .comment       0x00000000       0x71 .\CortexM3\ARM_GCC_493\Debug\USB_UART.a(USBUART_1_Dp.o)
 .comment       0x00000000       0x71 .\CortexM3\ARM_GCC_493\Debug\USB_UART.a(CyLib.o)
 .comment       0x00000000       0x71 .\CortexM3\ARM_GCC_493\Debug\USB_UART.a(cyPm.o)
 .comment       0x00000000       0x71 .\CortexM3\ARM_GCC_493\Debug\USB_UART.a(USBUART_1_cls.o)
 .comment       0x00000000       0x71 .\CortexM3\ARM_GCC_493\Debug\USB_UART.a(USBUART_1_descr.o)
 .comment       0x00000000       0x71 .\CortexM3\ARM_GCC_493\Debug\USB_UART.a(CyFlash.o)
 .comment       0x00000000       0x71 .\CortexM3\ARM_GCC_493\Debug\USB_UART.a(CySpc.o)

.debug_weaknames
 *(.debug_weaknames)

.debug_funcnames
 *(.debug_funcnames)

.debug_typenames
 *(.debug_typenames)

.debug_varnames
 *(.debug_varnames)

.note.gnu.arm.ident
 *(.note.gnu.arm.ident)

.ARM.attributes
                0x00000000       0x29
 *(.ARM.attributes)
 .ARM.attributes
                0x00000000       0x1d c:/program files (x86)/cypress/psoc creator/3.3/psoc creator/import/gnu/arm/4.9.3/bin/../lib/gcc/arm-none-eabi/4.9.3/armv7-m/crti.o
 .ARM.attributes
                0x0000001d       0x2d c:/program files (x86)/cypress/psoc creator/3.3/psoc creator/import/gnu/arm/4.9.3/bin/../lib/gcc/arm-none-eabi/4.9.3/armv7-m/crtbegin.o
 .ARM.attributes
                0x0000004a       0x1b c:/program files (x86)/cypress/psoc creator/3.3/psoc creator/import/gnu/arm/4.9.3/bin/../lib/gcc/arm-none-eabi/4.9.3/../../../../arm-none-eabi/lib/armv7-m/crt0.o
 .ARM.attributes
                0x00000065       0x33 .\CortexM3\ARM_GCC_493\Debug\main.o
 .ARM.attributes
                0x00000098       0x33 .\CortexM3\ARM_GCC_493\Debug\cymetadata.o
 .ARM.attributes
                0x000000cb       0x33 .\CortexM3\ARM_GCC_493\Debug\Cm3Start.o
 .ARM.attributes
                0x000000fe       0x33 .\CortexM3\ARM_GCC_493\Debug\USB_UART.a(cyfitter_cfg.o)
 .ARM.attributes
                0x00000131       0x33 .\CortexM3\ARM_GCC_493\Debug\USB_UART.a(USBUART_1.o)
 .ARM.attributes
                0x00000164       0x33 .\CortexM3\ARM_GCC_493\Debug\USB_UART.a(USBUART_1_cdc.o)
 .ARM.attributes
                0x00000197       0x33 .\CortexM3\ARM_GCC_493\Debug\USB_UART.a(USBUART_1_drv.o)
 .ARM.attributes
                0x000001ca       0x33 .\CortexM3\ARM_GCC_493\Debug\USB_UART.a(USBUART_1_episr.o)
 .ARM.attributes
                0x000001fd       0x33 .\CortexM3\ARM_GCC_493\Debug\USB_UART.a(USBUART_1_pm.o)
 .ARM.attributes
                0x00000230       0x33 .\CortexM3\ARM_GCC_493\Debug\USB_UART.a(USBUART_1_std.o)
 .ARM.attributes
                0x00000263       0x33 .\CortexM3\ARM_GCC_493\Debug\USB_UART.a(USBUART_1_vnd.o)
 .ARM.attributes
                0x00000296       0x33 .\CortexM3\ARM_GCC_493\Debug\USB_UART.a(USBUART_1_Dp.o)
 .ARM.attributes
                0x000002c9       0x21 .\CortexM3\ARM_GCC_493\Debug\USB_UART.a(CyBootAsmGnu.o)
 .ARM.attributes
                0x000002ea       0x33 .\CortexM3\ARM_GCC_493\Debug\USB_UART.a(CyLib.o)
 .ARM.attributes
                0x0000031d       0x33 .\CortexM3\ARM_GCC_493\Debug\USB_UART.a(cyPm.o)
 .ARM.attributes
                0x00000350       0x33 .\CortexM3\ARM_GCC_493\Debug\USB_UART.a(USBUART_1_cls.o)
 .ARM.attributes
                0x00000383       0x33 .\CortexM3\ARM_GCC_493\Debug\USB_UART.a(USBUART_1_descr.o)
 .ARM.attributes
                0x000003b6       0x33 .\CortexM3\ARM_GCC_493\Debug\USB_UART.a(CyFlash.o)
 .ARM.attributes
                0x000003e9       0x33 .\CortexM3\ARM_GCC_493\Debug\USB_UART.a(CySpc.o)
 .ARM.attributes
                0x0000041c       0x2d c:/program files (x86)/cypress/psoc creator/3.3/psoc creator/import/gnu/arm/4.9.3/bin/../lib/gcc/arm-none-eabi/4.9.3/../../../../arm-none-eabi/lib/armv7-m\libg_nano.a(lib_a-errno.o)
 .ARM.attributes
                0x00000449       0x2d c:/program files (x86)/cypress/psoc creator/3.3/psoc creator/import/gnu/arm/4.9.3/bin/../lib/gcc/arm-none-eabi/4.9.3/../../../../arm-none-eabi/lib/armv7-m\libg_nano.a(lib_a-exit.o)
 .ARM.attributes
                0x00000476       0x2d c:/program files (x86)/cypress/psoc creator/3.3/psoc creator/import/gnu/arm/4.9.3/bin/../lib/gcc/arm-none-eabi/4.9.3/../../../../arm-none-eabi/lib/armv7-m\libg_nano.a(lib_a-impure.o)
 .ARM.attributes
                0x000004a3       0x2d c:/program files (x86)/cypress/psoc creator/3.3/psoc creator/import/gnu/arm/4.9.3/bin/../lib/gcc/arm-none-eabi/4.9.3/../../../../arm-none-eabi/lib/armv7-m\libg_nano.a(lib_a-init.o)
 .ARM.attributes
                0x000004d0       0x2d c:/program files (x86)/cypress/psoc creator/3.3/psoc creator/import/gnu/arm/4.9.3/bin/../lib/gcc/arm-none-eabi/4.9.3/../../../../arm-none-eabi/lib/armv7-m\libg_nano.a(lib_a-memcpy.o)
 .ARM.attributes
                0x000004fd       0x2d c:/program files (x86)/cypress/psoc creator/3.3/psoc creator/import/gnu/arm/4.9.3/bin/../lib/gcc/arm-none-eabi/4.9.3/../../../../arm-none-eabi/lib/armv7-m\libg_nano.a(lib_a-memset.o)
 .ARM.attributes
                0x0000052a       0x2d c:/program files (x86)/cypress/psoc creator/3.3/psoc creator/import/gnu/arm/4.9.3/bin/../lib/gcc/arm-none-eabi/4.9.3/../../../../arm-none-eabi/lib/armv7-m\libg_nano.a(lib_a-sprintf.o)
 .ARM.attributes
                0x00000557       0x2d c:/program files (x86)/cypress/psoc creator/3.3/psoc creator/import/gnu/arm/4.9.3/bin/../lib/gcc/arm-none-eabi/4.9.3/../../../../arm-none-eabi/lib/armv7-m\libg_nano.a(lib_a-nano-svfprintf.o)
 .ARM.attributes
                0x00000584       0x2d c:/program files (x86)/cypress/psoc creator/3.3/psoc creator/import/gnu/arm/4.9.3/bin/../lib/gcc/arm-none-eabi/4.9.3/../../../../arm-none-eabi/lib/armv7-m\libg_nano.a(lib_a-nano-vfprintf_i.o)
 .ARM.attributes
                0x000005b1       0x2d c:/program files (x86)/cypress/psoc creator/3.3/psoc creator/import/gnu/arm/4.9.3/bin/../lib/gcc/arm-none-eabi/4.9.3/../../../../arm-none-eabi/lib/armv7-m\libg_nano.a(lib_a-memchr.o)
 .ARM.attributes
                0x000005de       0x2d c:/program files (x86)/cypress/psoc creator/3.3/psoc creator/import/gnu/arm/4.9.3/bin/../lib/gcc/arm-none-eabi/4.9.3/../../../../arm-none-eabi/lib/armv7-m\libg_nano.a(lib_a-memmove.o)
 .ARM.attributes
                0x0000060b       0x2d c:/program files (x86)/cypress/psoc creator/3.3/psoc creator/import/gnu/arm/4.9.3/bin/../lib/gcc/arm-none-eabi/4.9.3/../../../../arm-none-eabi/lib/armv7-m\libg_nano.a(lib_a-nano-freer.o)
 .ARM.attributes
                0x00000638       0x2d c:/program files (x86)/cypress/psoc creator/3.3/psoc creator/import/gnu/arm/4.9.3/bin/../lib/gcc/arm-none-eabi/4.9.3/../../../../arm-none-eabi/lib/armv7-m\libg_nano.a(lib_a-nano-mallocr.o)
 .ARM.attributes
                0x00000665       0x2d c:/program files (x86)/cypress/psoc creator/3.3/psoc creator/import/gnu/arm/4.9.3/bin/../lib/gcc/arm-none-eabi/4.9.3/../../../../arm-none-eabi/lib/armv7-m\libg_nano.a(lib_a-nano-reallocr.o)
 .ARM.attributes
                0x00000692       0x2d c:/program files (x86)/cypress/psoc creator/3.3/psoc creator/import/gnu/arm/4.9.3/bin/../lib/gcc/arm-none-eabi/4.9.3/../../../../arm-none-eabi/lib/armv7-m\libg_nano.a(lib_a-sbrkr.o)
 .ARM.attributes
                0x000006bf       0x2d c:/program files (x86)/cypress/psoc creator/3.3/psoc creator/import/gnu/arm/4.9.3/bin/../lib/gcc/arm-none-eabi/4.9.3/../../../../arm-none-eabi/lib/armv7-m\libg_nano.a(lib_a-nano-msizer.o)
 .ARM.attributes
                0x000006ec       0x2d c:/program files (x86)/cypress/psoc creator/3.3/psoc creator/import/gnu/arm/4.9.3/bin/../lib/gcc/arm-none-eabi/4.9.3/../../../../arm-none-eabi/lib/armv7-m\libg_nano.a(lib_a-reent.o)
 .ARM.attributes
                0x00000719       0x2d c:/program files (x86)/cypress/psoc creator/3.3/psoc creator/import/gnu/arm/4.9.3/bin/../lib/gcc/arm-none-eabi/4.9.3/armv7-m/crtend.o
 .ARM.attributes
                0x00000746       0x1d c:/program files (x86)/cypress/psoc creator/3.3/psoc creator/import/gnu/arm/4.9.3/bin/../lib/gcc/arm-none-eabi/4.9.3/armv7-m/crtn.o

/DISCARD/
 *(.note.GNU-stack)
OUTPUT(.\CortexM3\ARM_GCC_493\Debug\USB_UART.elf elf32-littlearm)
