Archive member included because of file (symbol)

.\CortexM3\ARM_GCC_493\Debug\Capsense.a(cyfitter_cfg.o)
                              .\CortexM3\ARM_GCC_493\Debug\Cm3Start.o (cyfitter_cfg)
.\CortexM3\ARM_GCC_493\Debug\Capsense.a(Pin_1.o)
                              .\CortexM3\ARM_GCC_493\Debug\main.o (Pin_1_Write)
.\CortexM3\ARM_GCC_493\Debug\Capsense.a(CyBootAsmGnu.o)
                              .\CortexM3\ARM_GCC_493\Debug\Capsense.a(cyfitter_cfg.o) (CyDelayCycles)
.\CortexM3\ARM_GCC_493\Debug\Capsense.a(CyLib.o)
                              .\CortexM3\ARM_GCC_493\Debug\Cm3Start.o (CyHalt)
.\CortexM3\ARM_GCC_493\Debug\Capsense.a(cyPm.o)
                              .\CortexM3\ARM_GCC_493\Debug\Capsense.a(CyLib.o) (CyPmReadStatus)
.\CortexM3\ARM_GCC_493\Debug\Capsense.a(CapSense_1.o)
                              .\CortexM3\ARM_GCC_493\Debug\main.o (CapSense_1_IsBusy)
.\CortexM3\ARM_GCC_493\Debug\Capsense.a(CapSense_1_CSHL.o)
                              .\CortexM3\ARM_GCC_493\Debug\main.o (CapSense_1_InitializeAllBaselines)
.\CortexM3\ARM_GCC_493\Debug\Capsense.a(CapSense_1_INT.o)
                              .\CortexM3\ARM_GCC_493\Debug\Capsense.a(CapSense_1.o) (CapSense_1_IsrCH0_ISR)
.\CortexM3\ARM_GCC_493\Debug\Capsense.a(CapSense_1_CompCH0.o)
                              .\CortexM3\ARM_GCC_493\Debug\Capsense.a(CapSense_1.o) (CapSense_1_CompCH0_Enable)
.\CortexM3\ARM_GCC_493\Debug\Capsense.a(CapSense_1_IdacCH0.o)
                              .\CortexM3\ARM_GCC_493\Debug\Capsense.a(CapSense_1.o) (CapSense_1_IdacCH0_Enable)
.\CortexM3\ARM_GCC_493\Debug\Capsense.a(CapSense_1_AMuxCH0.o)
                              .\CortexM3\ARM_GCC_493\Debug\Capsense.a(CapSense_1.o) (CapSense_1_AMuxCH0_Init)
.\CortexM3\ARM_GCC_493\Debug\Capsense.a(CapSense_1_IntClock.o)
                              .\CortexM3\ARM_GCC_493\Debug\Capsense.a(CapSense_1.o) (CapSense_1_IntClock_Start)
.\CortexM3\ARM_GCC_493\Debug\Capsense.a(CyFlash.o)
                              .\CortexM3\ARM_GCC_493\Debug\Capsense.a(cyPm.o) (CyFlash_SetWaitCycles)
.\CortexM3\ARM_GCC_493\Debug\Capsense.a(CySpc.o)
                              .\CortexM3\ARM_GCC_493\Debug\Capsense.a(CyFlash.o) (CySpcStart)
c:/program files (x86)/cypress/psoc creator/3.3/psoc creator/import/gnu/arm/4.9.3/bin/../lib/gcc/arm-none-eabi/4.9.3/../../../../arm-none-eabi/lib/armv7-m\libg_nano.a(lib_a-errno.o)
                              .\CortexM3\ARM_GCC_493\Debug\Cm3Start.o (__errno)
c:/program files (x86)/cypress/psoc creator/3.3/psoc creator/import/gnu/arm/4.9.3/bin/../lib/gcc/arm-none-eabi/4.9.3/../../../../arm-none-eabi/lib/armv7-m\libg_nano.a(lib_a-exit.o)
                              c:/program files (x86)/cypress/psoc creator/3.3/psoc creator/import/gnu/arm/4.9.3/bin/../lib/gcc/arm-none-eabi/4.9.3/../../../../arm-none-eabi/lib/armv7-m/crt0.o (exit)
c:/program files (x86)/cypress/psoc creator/3.3/psoc creator/import/gnu/arm/4.9.3/bin/../lib/gcc/arm-none-eabi/4.9.3/../../../../arm-none-eabi/lib/armv7-m\libg_nano.a(lib_a-impure.o)
                              c:/program files (x86)/cypress/psoc creator/3.3/psoc creator/import/gnu/arm/4.9.3/bin/../lib/gcc/arm-none-eabi/4.9.3/../../../../arm-none-eabi/lib/armv7-m\libg_nano.a(lib_a-exit.o) (_global_impure_ptr)
c:/program files (x86)/cypress/psoc creator/3.3/psoc creator/import/gnu/arm/4.9.3/bin/../lib/gcc/arm-none-eabi/4.9.3/../../../../arm-none-eabi/lib/armv7-m\libg_nano.a(lib_a-init.o)
                              c:/program files (x86)/cypress/psoc creator/3.3/psoc creator/import/gnu/arm/4.9.3/bin/../lib/gcc/arm-none-eabi/4.9.3/../../../../arm-none-eabi/lib/armv7-m/crt0.o (__libc_init_array)
c:/program files (x86)/cypress/psoc creator/3.3/psoc creator/import/gnu/arm/4.9.3/bin/../lib/gcc/arm-none-eabi/4.9.3/../../../../arm-none-eabi/lib/armv7-m\libg_nano.a(lib_a-memcpy.o)
                              .\CortexM3\ARM_GCC_493\Debug\Capsense.a(cyfitter_cfg.o) (memcpy)
c:/program files (x86)/cypress/psoc creator/3.3/psoc creator/import/gnu/arm/4.9.3/bin/../lib/gcc/arm-none-eabi/4.9.3/../../../../arm-none-eabi/lib/armv7-m\libg_nano.a(lib_a-memset.o)
                              c:/program files (x86)/cypress/psoc creator/3.3/psoc creator/import/gnu/arm/4.9.3/bin/../lib/gcc/arm-none-eabi/4.9.3/../../../../arm-none-eabi/lib/armv7-m/crt0.o (memset)

Allocating common symbols
Common symbol       size              file

CapSense_1_sensorIndex
                    0x1               .\CortexM3\ARM_GCC_493\Debug\Capsense.a(CapSense_1.o)
CapSense_1_sensorSignal
                    0x1               .\CortexM3\ARM_GCC_493\Debug\Capsense.a(CapSense_1_CSHL.o)
CapSense_1_csv      0x1               .\CortexM3\ARM_GCC_493\Debug\Capsense.a(CapSense_1.o)
CapSense_1_sensorBaselineLow
                    0x1               .\CortexM3\ARM_GCC_493\Debug\Capsense.a(CapSense_1_CSHL.o)
CapSense_1_rawFilterData1
                    0x2               .\CortexM3\ARM_GCC_493\Debug\Capsense.a(CapSense_1_CSHL.o)
CapSense_1_sensorBaseline
                    0x2               .\CortexM3\ARM_GCC_493\Debug\Capsense.a(CapSense_1_CSHL.o)
CapSense_1_sensorOnMask
                    0x1               .\CortexM3\ARM_GCC_493\Debug\Capsense.a(CapSense_1_CSHL.o)
CapSense_1_sensorRaw
                    0x2               .\CortexM3\ARM_GCC_493\Debug\Capsense.a(CapSense_1.o)
CapSense_1_lowBaselineResetCnt
                    0x1               .\CortexM3\ARM_GCC_493\Debug\Capsense.a(CapSense_1_CSHL.o)
dieTemperature      0x2               .\CortexM3\ARM_GCC_493\Debug\Capsense.a(CyFlash.o)

Discarded input sections

 .text          0x00000000        0x0 c:/program files (x86)/cypress/psoc creator/3.3/psoc creator/import/gnu/arm/4.9.3/bin/../lib/gcc/arm-none-eabi/4.9.3/armv7-m/crti.o
 .data          0x00000000        0x0 c:/program files (x86)/cypress/psoc creator/3.3/psoc creator/import/gnu/arm/4.9.3/bin/../lib/gcc/arm-none-eabi/4.9.3/armv7-m/crti.o
 .bss           0x00000000        0x0 c:/program files (x86)/cypress/psoc creator/3.3/psoc creator/import/gnu/arm/4.9.3/bin/../lib/gcc/arm-none-eabi/4.9.3/armv7-m/crti.o
 .data          0x00000000        0x4 c:/program files (x86)/cypress/psoc creator/3.3/psoc creator/import/gnu/arm/4.9.3/bin/../lib/gcc/arm-none-eabi/4.9.3/armv7-m/crtbegin.o
 .text          0x00000000       0x74 c:/program files (x86)/cypress/psoc creator/3.3/psoc creator/import/gnu/arm/4.9.3/bin/../lib/gcc/arm-none-eabi/4.9.3/../../../../arm-none-eabi/lib/armv7-m/crt0.o
 .data          0x00000000        0x0 c:/program files (x86)/cypress/psoc creator/3.3/psoc creator/import/gnu/arm/4.9.3/bin/../lib/gcc/arm-none-eabi/4.9.3/../../../../arm-none-eabi/lib/armv7-m/crt0.o
 .bss           0x00000000        0x0 c:/program files (x86)/cypress/psoc creator/3.3/psoc creator/import/gnu/arm/4.9.3/bin/../lib/gcc/arm-none-eabi/4.9.3/../../../../arm-none-eabi/lib/armv7-m/crt0.o
 .ARM.extab     0x00000000        0x0 c:/program files (x86)/cypress/psoc creator/3.3/psoc creator/import/gnu/arm/4.9.3/bin/../lib/gcc/arm-none-eabi/4.9.3/../../../../arm-none-eabi/lib/armv7-m/crt0.o
 .ARM.exidx     0x00000000        0x8 c:/program files (x86)/cypress/psoc creator/3.3/psoc creator/import/gnu/arm/4.9.3/bin/../lib/gcc/arm-none-eabi/4.9.3/../../../../arm-none-eabi/lib/armv7-m/crt0.o
 .text          0x00000000        0x0 .\CortexM3\ARM_GCC_493\Debug\main.o
 .data          0x00000000        0x0 .\CortexM3\ARM_GCC_493\Debug\main.o
 .bss           0x00000000        0x0 .\CortexM3\ARM_GCC_493\Debug\main.o
 .text          0x00000000        0x0 .\CortexM3\ARM_GCC_493\Debug\cymetadata.o
 .data          0x00000000        0x0 .\CortexM3\ARM_GCC_493\Debug\cymetadata.o
 .bss           0x00000000        0x0 .\CortexM3\ARM_GCC_493\Debug\cymetadata.o
 .text          0x00000000        0x0 .\CortexM3\ARM_GCC_493\Debug\Cm3Start.o
 .data          0x00000000        0x4 .\CortexM3\ARM_GCC_493\Debug\Cm3Start.o
 .bss           0x00000000        0x0 .\CortexM3\ARM_GCC_493\Debug\Cm3Start.o
 .text._exit    0x00000000        0xc .\CortexM3\ARM_GCC_493\Debug\Cm3Start.o
 .text._sbrk    0x00000000       0x30 .\CortexM3\ARM_GCC_493\Debug\Cm3Start.o
 .text          0x00000000        0x0 .\CortexM3\ARM_GCC_493\Debug\Capsense.a(cyfitter_cfg.o)
 .data          0x00000000        0x0 .\CortexM3\ARM_GCC_493\Debug\Capsense.a(cyfitter_cfg.o)
 .bss           0x00000000        0x0 .\CortexM3\ARM_GCC_493\Debug\Capsense.a(cyfitter_cfg.o)
 .text.SetAnalogRoutingPumps
                0x00000000       0x1c .\CortexM3\ARM_GCC_493\Debug\Capsense.a(cyfitter_cfg.o)
 .text          0x00000000        0x0 .\CortexM3\ARM_GCC_493\Debug\Capsense.a(Pin_1.o)
 .data          0x00000000        0x0 .\CortexM3\ARM_GCC_493\Debug\Capsense.a(Pin_1.o)
 .bss           0x00000000        0x0 .\CortexM3\ARM_GCC_493\Debug\Capsense.a(Pin_1.o)
 .text.Pin_1_SetDriveMode
                0x00000000       0x18 .\CortexM3\ARM_GCC_493\Debug\Capsense.a(Pin_1.o)
 .text.Pin_1_Read
                0x00000000       0x10 .\CortexM3\ARM_GCC_493\Debug\Capsense.a(Pin_1.o)
 .text.Pin_1_ReadDataReg
                0x00000000       0x10 .\CortexM3\ARM_GCC_493\Debug\Capsense.a(Pin_1.o)
 .data          0x00000000        0x0 .\CortexM3\ARM_GCC_493\Debug\Capsense.a(CyBootAsmGnu.o)
 .bss           0x00000000        0x0 .\CortexM3\ARM_GCC_493\Debug\Capsense.a(CyBootAsmGnu.o)
 .text          0x00000000        0x0 .\CortexM3\ARM_GCC_493\Debug\Capsense.a(CyLib.o)
 .data          0x00000000       0x10 .\CortexM3\ARM_GCC_493\Debug\Capsense.a(CyLib.o)
 .bss           0x00000000       0x1c .\CortexM3\ARM_GCC_493\Debug\Capsense.a(CyLib.o)
 .text.CyUSB_PowerOnCheck
                0x00000000       0x48 .\CortexM3\ARM_GCC_493\Debug\Capsense.a(CyLib.o)
 .text.CyBusClk_Internal_SetDivider
                0x00000000       0x48 .\CortexM3\ARM_GCC_493\Debug\Capsense.a(CyLib.o)
 .text.CyPLL_OUT_Stop
                0x00000000       0x10 .\CortexM3\ARM_GCC_493\Debug\Capsense.a(CyLib.o)
 .text.CyIMO_Stop
                0x00000000       0x1c .\CortexM3\ARM_GCC_493\Debug\Capsense.a(CyLib.o)
 .text.CyIMO_EnableDoubler
                0x00000000       0x10 .\CortexM3\ARM_GCC_493\Debug\Capsense.a(CyLib.o)
 .text.CyIMO_DisableDoubler
                0x00000000       0x10 .\CortexM3\ARM_GCC_493\Debug\Capsense.a(CyLib.o)
 .text.CyMasterClk_SetSource
                0x00000000       0x18 .\CortexM3\ARM_GCC_493\Debug\Capsense.a(CyLib.o)
 .text.CyMasterClk_SetDivider
                0x00000000        0xc .\CortexM3\ARM_GCC_493\Debug\Capsense.a(CyLib.o)
 .text.CyBusClk_SetDivider
                0x00000000       0x70 .\CortexM3\ARM_GCC_493\Debug\Capsense.a(CyLib.o)
 .text.CyUsbClk_SetSource
                0x00000000       0x18 .\CortexM3\ARM_GCC_493\Debug\Capsense.a(CyLib.o)
 .text.CyILO_Start1K
                0x00000000       0x10 .\CortexM3\ARM_GCC_493\Debug\Capsense.a(CyLib.o)
 .text.CyILO_Stop1K
                0x00000000       0x10 .\CortexM3\ARM_GCC_493\Debug\Capsense.a(CyLib.o)
 .text.CyILO_Start100K
                0x00000000       0x10 .\CortexM3\ARM_GCC_493\Debug\Capsense.a(CyLib.o)
 .text.CyILO_Stop100K
                0x00000000       0x10 .\CortexM3\ARM_GCC_493\Debug\Capsense.a(CyLib.o)
 .text.CyPLL_OUT_Start
                0x00000000       0x78 .\CortexM3\ARM_GCC_493\Debug\Capsense.a(CyLib.o)
 .text.CyIMO_Start
                0x00000000       0x60 .\CortexM3\ARM_GCC_493\Debug\Capsense.a(CyLib.o)
 .text.CyILO_Enable33K
                0x00000000       0x10 .\CortexM3\ARM_GCC_493\Debug\Capsense.a(CyLib.o)
 .text.CyILO_Disable33K
                0x00000000       0x10 .\CortexM3\ARM_GCC_493\Debug\Capsense.a(CyLib.o)
 .text.CyILO_SetSource
                0x00000000       0x18 .\CortexM3\ARM_GCC_493\Debug\Capsense.a(CyLib.o)
 .text.CyILO_SetPowerMode
                0x00000000       0x24 .\CortexM3\ARM_GCC_493\Debug\Capsense.a(CyLib.o)
 .text.CyXTAL_32KHZ_Stop
                0x00000000       0x30 .\CortexM3\ARM_GCC_493\Debug\Capsense.a(CyLib.o)
 .text.CyXTAL_32KHZ_ReadStatus
                0x00000000       0x10 .\CortexM3\ARM_GCC_493\Debug\Capsense.a(CyLib.o)
 .text.CyXTAL_Start
                0x00000000       0xac .\CortexM3\ARM_GCC_493\Debug\Capsense.a(CyLib.o)
 .text.CyXTAL_Stop
                0x00000000       0x10 .\CortexM3\ARM_GCC_493\Debug\Capsense.a(CyLib.o)
 .text.CyXTAL_EnableErrStatus
                0x00000000       0x10 .\CortexM3\ARM_GCC_493\Debug\Capsense.a(CyLib.o)
 .text.CyXTAL_DisableErrStatus
                0x00000000       0x10 .\CortexM3\ARM_GCC_493\Debug\Capsense.a(CyLib.o)
 .text.CyXTAL_ReadStatus
                0x00000000       0x18 .\CortexM3\ARM_GCC_493\Debug\Capsense.a(CyLib.o)
 .text.CyXTAL_EnableFaultRecovery
                0x00000000       0x10 .\CortexM3\ARM_GCC_493\Debug\Capsense.a(CyLib.o)
 .text.CyXTAL_DisableFaultRecovery
                0x00000000       0x10 .\CortexM3\ARM_GCC_493\Debug\Capsense.a(CyLib.o)
 .text.CyXTAL_SetStartup
                0x00000000       0x18 .\CortexM3\ARM_GCC_493\Debug\Capsense.a(CyLib.o)
 .text.CyXTAL_SetFbVoltage
                0x00000000       0x18 .\CortexM3\ARM_GCC_493\Debug\Capsense.a(CyLib.o)
 .text.CyXTAL_SetWdVoltage
                0x00000000       0x18 .\CortexM3\ARM_GCC_493\Debug\Capsense.a(CyLib.o)
 .text.CyPLL_OUT_SetPQ
                0x00000000       0x60 .\CortexM3\ARM_GCC_493\Debug\Capsense.a(CyLib.o)
 .text.CyPLL_OUT_SetSource
                0x00000000       0x34 .\CortexM3\ARM_GCC_493\Debug\Capsense.a(CyLib.o)
 .text.CyIMO_SetTrimValue
                0x00000000       0xcc .\CortexM3\ARM_GCC_493\Debug\Capsense.a(CyLib.o)
 .text.CyIMO_SetFreq
                0x00000000       0xf4 .\CortexM3\ARM_GCC_493\Debug\Capsense.a(CyLib.o)
 .text.CyIMO_SetSource
                0x00000000       0x58 .\CortexM3\ARM_GCC_493\Debug\Capsense.a(CyLib.o)
 .text.CySoftwareReset
                0x00000000       0x10 .\CortexM3\ARM_GCC_493\Debug\Capsense.a(CyLib.o)
 .text.CyDelay  0x00000000       0x2c .\CortexM3\ARM_GCC_493\Debug\Capsense.a(CyLib.o)
 .text.CyDelayUs
                0x00000000       0x14 .\CortexM3\ARM_GCC_493\Debug\Capsense.a(CyLib.o)
 .text.CyXTAL_32KHZ_SetPowerMode
                0x00000000       0x84 .\CortexM3\ARM_GCC_493\Debug\Capsense.a(CyLib.o)
 .text.CyXTAL_32KHZ_Start
                0x00000000       0x70 .\CortexM3\ARM_GCC_493\Debug\Capsense.a(CyLib.o)
 .text.CyDelayFreq
                0x00000000       0x4c .\CortexM3\ARM_GCC_493\Debug\Capsense.a(CyLib.o)
 .text.CyWdtStart
                0x00000000       0x40 .\CortexM3\ARM_GCC_493\Debug\Capsense.a(CyLib.o)
 .text.CyWdtClear
                0x00000000        0xc .\CortexM3\ARM_GCC_493\Debug\Capsense.a(CyLib.o)
 .text.CyVdStickyStatus
                0x00000000       0x2c .\CortexM3\ARM_GCC_493\Debug\Capsense.a(CyLib.o)
 .text.CyVdLvDigitEnable
                0x00000000       0x84 .\CortexM3\ARM_GCC_493\Debug\Capsense.a(CyLib.o)
 .text.CyVdLvAnalogEnable
                0x00000000       0x80 .\CortexM3\ARM_GCC_493\Debug\Capsense.a(CyLib.o)
 .text.CyVdLvDigitDisable
                0x00000000       0x30 .\CortexM3\ARM_GCC_493\Debug\Capsense.a(CyLib.o)
 .text.CyVdLvAnalogDisable
                0x00000000       0x28 .\CortexM3\ARM_GCC_493\Debug\Capsense.a(CyLib.o)
 .text.CyVdHvAnalogEnable
                0x00000000       0x54 .\CortexM3\ARM_GCC_493\Debug\Capsense.a(CyLib.o)
 .text.CyVdHvAnalogDisable
                0x00000000       0x20 .\CortexM3\ARM_GCC_493\Debug\Capsense.a(CyLib.o)
 .text.CyVdRealTimeStatus
                0x00000000       0x1c .\CortexM3\ARM_GCC_493\Debug\Capsense.a(CyLib.o)
 .text.CyDisableInts
                0x00000000       0x1c .\CortexM3\ARM_GCC_493\Debug\Capsense.a(CyLib.o)
 .text.CyEnableInts
                0x00000000       0x18 .\CortexM3\ARM_GCC_493\Debug\Capsense.a(CyLib.o)
 .text.CyFlushCache
                0x00000000       0x44 .\CortexM3\ARM_GCC_493\Debug\Capsense.a(CyLib.o)
 .text.CyIntSetSysVector
                0x00000000       0x28 .\CortexM3\ARM_GCC_493\Debug\Capsense.a(CyLib.o)
 .text.CyIntGetSysVector
                0x00000000       0x20 .\CortexM3\ARM_GCC_493\Debug\Capsense.a(CyLib.o)
 .text.CyIntGetVector
                0x00000000       0x24 .\CortexM3\ARM_GCC_493\Debug\Capsense.a(CyLib.o)
 .text.CyIntGetPriority
                0x00000000       0x20 .\CortexM3\ARM_GCC_493\Debug\Capsense.a(CyLib.o)
 .text.CyIntGetState
                0x00000000       0x24 .\CortexM3\ARM_GCC_493\Debug\Capsense.a(CyLib.o)
 .text.CySysTickStop
                0x00000000       0x10 .\CortexM3\ARM_GCC_493\Debug\Capsense.a(CyLib.o)
 .text.CySysTickEnableInterrupt
                0x00000000       0x10 .\CortexM3\ARM_GCC_493\Debug\Capsense.a(CyLib.o)
 .text.CySysTickEnable
                0x00000000       0x18 .\CortexM3\ARM_GCC_493\Debug\Capsense.a(CyLib.o)
 .text.CySysTickDisableInterrupt
                0x00000000       0x10 .\CortexM3\ARM_GCC_493\Debug\Capsense.a(CyLib.o)
 .text.CySysTickSetReload
                0x00000000       0x10 .\CortexM3\ARM_GCC_493\Debug\Capsense.a(CyLib.o)
 .text.CySysTickGetReload
                0x00000000       0x10 .\CortexM3\ARM_GCC_493\Debug\Capsense.a(CyLib.o)
 .text.CySysTickGetValue
                0x00000000       0x10 .\CortexM3\ARM_GCC_493\Debug\Capsense.a(CyLib.o)
 .text.CySysTickSetClockSource
                0x00000000       0x20 .\CortexM3\ARM_GCC_493\Debug\Capsense.a(CyLib.o)
 .text.CySysTickGetCountFlag
                0x00000000       0x10 .\CortexM3\ARM_GCC_493\Debug\Capsense.a(CyLib.o)
 .text.CySysTickServiceCallbacks
                0x00000000       0x28 .\CortexM3\ARM_GCC_493\Debug\Capsense.a(CyLib.o)
 .text.CySysTickClear
                0x00000000        0xc .\CortexM3\ARM_GCC_493\Debug\Capsense.a(CyLib.o)
 .text.CySysTickInit
                0x00000000       0x58 .\CortexM3\ARM_GCC_493\Debug\Capsense.a(CyLib.o)
 .text.CySysTickStart
                0x00000000       0x1c .\CortexM3\ARM_GCC_493\Debug\Capsense.a(CyLib.o)
 .text.CySysTickSetCallback
                0x00000000       0x10 .\CortexM3\ARM_GCC_493\Debug\Capsense.a(CyLib.o)
 .text.CySysTickGetCallback
                0x00000000       0x10 .\CortexM3\ARM_GCC_493\Debug\Capsense.a(CyLib.o)
 .text.CyGetUniqueId
                0x00000000       0x70 .\CortexM3\ARM_GCC_493\Debug\Capsense.a(CyLib.o)
 .text          0x00000000        0x0 .\CortexM3\ARM_GCC_493\Debug\Capsense.a(cyPm.o)
 .data          0x00000000        0x0 .\CortexM3\ARM_GCC_493\Debug\Capsense.a(cyPm.o)
 .bss           0x00000000       0x44 .\CortexM3\ARM_GCC_493\Debug\Capsense.a(cyPm.o)
 .text.CyPmHibSlpSaveSet
                0x00000000      0x1dc .\CortexM3\ARM_GCC_493\Debug\Capsense.a(cyPm.o)
 .text.CyPmHibSlpRestore
                0x00000000       0xd4 .\CortexM3\ARM_GCC_493\Debug\Capsense.a(cyPm.o)
 .text.CyPmHviLviSaveDisable
                0x00000000       0xa0 .\CortexM3\ARM_GCC_493\Debug\Capsense.a(cyPm.o)
 .text.CyPmHibSaveSet
                0x00000000       0x8c .\CortexM3\ARM_GCC_493\Debug\Capsense.a(cyPm.o)
 .text.CyPmHviLviRestore
                0x00000000       0x48 .\CortexM3\ARM_GCC_493\Debug\Capsense.a(cyPm.o)
 .text.CyPmHibRestore
                0x00000000       0x58 .\CortexM3\ARM_GCC_493\Debug\Capsense.a(cyPm.o)
 .text.CyPmSaveClocks
                0x00000000      0x218 .\CortexM3\ARM_GCC_493\Debug\Capsense.a(cyPm.o)
 .text.CyPmRestoreClocks
                0x00000000      0x24c .\CortexM3\ARM_GCC_493\Debug\Capsense.a(cyPm.o)
 .text.CyPmAltAct
                0x00000000       0x6c .\CortexM3\ARM_GCC_493\Debug\Capsense.a(cyPm.o)
 .text.CyPmSleep
                0x00000000       0xf4 .\CortexM3\ARM_GCC_493\Debug\Capsense.a(cyPm.o)
 .text.CyPmHibernateEx
                0x00000000       0xf4 .\CortexM3\ARM_GCC_493\Debug\Capsense.a(cyPm.o)
 .text.CyPmHibernate
                0x00000000        0xc .\CortexM3\ARM_GCC_493\Debug\Capsense.a(cyPm.o)
 .text.CyPmReadStatus
                0x00000000       0x30 .\CortexM3\ARM_GCC_493\Debug\Capsense.a(cyPm.o)
 .text.CyPmCtwSetInterval
                0x00000000       0x5c .\CortexM3\ARM_GCC_493\Debug\Capsense.a(cyPm.o)
 .text.CyPmOppsSet
                0x00000000       0x2c .\CortexM3\ARM_GCC_493\Debug\Capsense.a(cyPm.o)
 .text.CyPmFtwSetInterval
                0x00000000       0x5c .\CortexM3\ARM_GCC_493\Debug\Capsense.a(cyPm.o)
 .rodata        0x00000000       0x10 .\CortexM3\ARM_GCC_493\Debug\Capsense.a(cyPm.o)
 .text          0x00000000        0x0 .\CortexM3\ARM_GCC_493\Debug\Capsense.a(CapSense_1.o)
 .text.CapSense_1_ReadSensorRaw
                0x00000000        0xc .\CortexM3\ARM_GCC_493\Debug\Capsense.a(CapSense_1.o)
 .text.CapSense_1_Stop
                0x00000000       0x68 .\CortexM3\ARM_GCC_493\Debug\Capsense.a(CapSense_1.o)
 .text.CapSense_1_GetPrescaler
                0x00000000        0xc .\CortexM3\ARM_GCC_493\Debug\Capsense.a(CapSense_1.o)
 .text.CapSense_1_SetScanSpeed
                0x00000000        0xc .\CortexM3\ARM_GCC_493\Debug\Capsense.a(CapSense_1.o)
 .text          0x00000000        0x0 .\CortexM3\ARM_GCC_493\Debug\Capsense.a(CapSense_1_CSHL.o)
 .data          0x00000000        0x0 .\CortexM3\ARM_GCC_493\Debug\Capsense.a(CapSense_1_CSHL.o)
 .text.CapSense_1_InitializeEnabledBaselines
                0x00000000       0x44 .\CortexM3\ARM_GCC_493\Debug\Capsense.a(CapSense_1_CSHL.o)
 .text.CapSense_1_CheckIsAnyWidgetActive
                0x00000000       0x20 .\CortexM3\ARM_GCC_493\Debug\Capsense.a(CapSense_1_CSHL.o)
 .text.CapSense_1_DisableWidget
                0x00000000       0x10 .\CortexM3\ARM_GCC_493\Debug\Capsense.a(CapSense_1_CSHL.o)
 .rodata        0x00000000       0x18 .\CortexM3\ARM_GCC_493\Debug\Capsense.a(CapSense_1_CSHL.o)
 .text          0x00000000        0x0 .\CortexM3\ARM_GCC_493\Debug\Capsense.a(CapSense_1_INT.o)
 .data          0x00000000        0x0 .\CortexM3\ARM_GCC_493\Debug\Capsense.a(CapSense_1_INT.o)
 .bss           0x00000000        0x0 .\CortexM3\ARM_GCC_493\Debug\Capsense.a(CapSense_1_INT.o)
 .text          0x00000000        0x0 .\CortexM3\ARM_GCC_493\Debug\Capsense.a(CapSense_1_CompCH0.o)
 .data          0x00000000        0x0 .\CortexM3\ARM_GCC_493\Debug\Capsense.a(CapSense_1_CompCH0.o)
 .bss           0x00000000        0x1 .\CortexM3\ARM_GCC_493\Debug\Capsense.a(CapSense_1_CompCH0.o)
 .text.CapSense_1_CompCH0_trimAdjust
                0x00000000       0x78 .\CortexM3\ARM_GCC_493\Debug\Capsense.a(CapSense_1_CompCH0.o)
 .text.CapSense_1_CompCH0_Stop
                0x00000000       0x1c .\CortexM3\ARM_GCC_493\Debug\Capsense.a(CapSense_1_CompCH0.o)
 .text.CapSense_1_CompCH0_Start
                0x00000000       0x1c .\CortexM3\ARM_GCC_493\Debug\Capsense.a(CapSense_1_CompCH0.o)
 .text.CapSense_1_CompCH0_GetCompare
                0x00000000       0x10 .\CortexM3\ARM_GCC_493\Debug\Capsense.a(CapSense_1_CompCH0.o)
 .text.CapSense_1_CompCH0_ZeroCal
                0x00000000       0x90 .\CortexM3\ARM_GCC_493\Debug\Capsense.a(CapSense_1_CompCH0.o)
 .text.CapSense_1_CompCH0_LoadTrim
                0x00000000       0x14 .\CortexM3\ARM_GCC_493\Debug\Capsense.a(CapSense_1_CompCH0.o)
 .text.CapSense_1_CompCH0_PwrDwnOverrideEnable
                0x00000000       0x10 .\CortexM3\ARM_GCC_493\Debug\Capsense.a(CapSense_1_CompCH0.o)
 .text.CapSense_1_CompCH0_PwrDwnOverrideDisable
                0x00000000       0x10 .\CortexM3\ARM_GCC_493\Debug\Capsense.a(CapSense_1_CompCH0.o)
 .text          0x00000000        0x0 .\CortexM3\ARM_GCC_493\Debug\Capsense.a(CapSense_1_IdacCH0.o)
 .data          0x00000000        0x0 .\CortexM3\ARM_GCC_493\Debug\Capsense.a(CapSense_1_IdacCH0.o)
 .bss           0x00000000        0x1 .\CortexM3\ARM_GCC_493\Debug\Capsense.a(CapSense_1_IdacCH0.o)
 .text.CapSense_1_IdacCH0_Stop
                0x00000000       0x1c .\CortexM3\ARM_GCC_493\Debug\Capsense.a(CapSense_1_IdacCH0.o)
 .text.CapSense_1_IdacCH0_Start
                0x00000000       0x24 .\CortexM3\ARM_GCC_493\Debug\Capsense.a(CapSense_1_IdacCH0.o)
 .text          0x00000000        0x0 .\CortexM3\ARM_GCC_493\Debug\Capsense.a(CapSense_1_AMuxCH0.o)
 .data          0x00000000        0x1 .\CortexM3\ARM_GCC_493\Debug\Capsense.a(CapSense_1_AMuxCH0.o)
 .bss           0x00000000        0x1 .\CortexM3\ARM_GCC_493\Debug\Capsense.a(CapSense_1_AMuxCH0.o)
 .text.CapSense_1_AMuxCH0_FastSelect
                0x00000000       0x20 .\CortexM3\ARM_GCC_493\Debug\Capsense.a(CapSense_1_AMuxCH0.o)
 .text.CapSense_1_AMuxCH0_Start
                0x00000000       0x14 .\CortexM3\ARM_GCC_493\Debug\Capsense.a(CapSense_1_AMuxCH0.o)
 .text.CapSense_1_AMuxCH0_Stop
                0x00000000        0x8 .\CortexM3\ARM_GCC_493\Debug\Capsense.a(CapSense_1_AMuxCH0.o)
 .text.CapSense_1_AMuxCH0_Select
                0x00000000       0x18 .\CortexM3\ARM_GCC_493\Debug\Capsense.a(CapSense_1_AMuxCH0.o)
 .text          0x00000000        0x0 .\CortexM3\ARM_GCC_493\Debug\Capsense.a(CapSense_1_IntClock.o)
 .data          0x00000000        0x0 .\CortexM3\ARM_GCC_493\Debug\Capsense.a(CapSense_1_IntClock.o)
 .bss           0x00000000        0x0 .\CortexM3\ARM_GCC_493\Debug\Capsense.a(CapSense_1_IntClock.o)
 .text.CapSense_1_IntClock_Stop
                0x00000000       0x1c .\CortexM3\ARM_GCC_493\Debug\Capsense.a(CapSense_1_IntClock.o)
 .text.CapSense_1_IntClock_StopBlock
                0x00000000       0x6c .\CortexM3\ARM_GCC_493\Debug\Capsense.a(CapSense_1_IntClock.o)
 .text.CapSense_1_IntClock_StandbyPower
                0x00000000       0x20 .\CortexM3\ARM_GCC_493\Debug\Capsense.a(CapSense_1_IntClock.o)
 .text.CapSense_1_IntClock_GetDividerRegister
                0x00000000        0xc .\CortexM3\ARM_GCC_493\Debug\Capsense.a(CapSense_1_IntClock.o)
 .text.CapSense_1_IntClock_SetModeRegister
                0x00000000       0x14 .\CortexM3\ARM_GCC_493\Debug\Capsense.a(CapSense_1_IntClock.o)
 .text.CapSense_1_IntClock_ClearModeRegister
                0x00000000       0x18 .\CortexM3\ARM_GCC_493\Debug\Capsense.a(CapSense_1_IntClock.o)
 .text.CapSense_1_IntClock_GetModeRegister
                0x00000000       0x10 .\CortexM3\ARM_GCC_493\Debug\Capsense.a(CapSense_1_IntClock.o)
 .text.CapSense_1_IntClock_GetSourceRegister
                0x00000000       0x10 .\CortexM3\ARM_GCC_493\Debug\Capsense.a(CapSense_1_IntClock.o)
 .text.CapSense_1_IntClock_SetDividerRegister
                0x00000000       0xd8 .\CortexM3\ARM_GCC_493\Debug\Capsense.a(CapSense_1_IntClock.o)
 .text.CapSense_1_IntClock_SetSourceRegister
                0x00000000       0x5c .\CortexM3\ARM_GCC_493\Debug\Capsense.a(CapSense_1_IntClock.o)
 .text          0x00000000        0x0 .\CortexM3\ARM_GCC_493\Debug\Capsense.a(CyFlash.o)
 .data          0x00000000        0x0 .\CortexM3\ARM_GCC_493\Debug\Capsense.a(CyFlash.o)
 .bss           0x00000000        0x4 .\CortexM3\ARM_GCC_493\Debug\Capsense.a(CyFlash.o)
 .text.CyFlashGetSpcAlgorithm
                0x00000000       0x4c .\CortexM3\ARM_GCC_493\Debug\Capsense.a(CyFlash.o)
 .text.CySetTempInt
                0x00000000       0x60 .\CortexM3\ARM_GCC_493\Debug\Capsense.a(CyFlash.o)
 .text.CyFlash_Start
                0x00000000       0x54 .\CortexM3\ARM_GCC_493\Debug\Capsense.a(CyFlash.o)
 .text.CyFlash_Stop
                0x00000000       0x24 .\CortexM3\ARM_GCC_493\Debug\Capsense.a(CyFlash.o)
 .text.CySetTemp
                0x00000000       0x14 .\CortexM3\ARM_GCC_493\Debug\Capsense.a(CyFlash.o)
 .text.CySetFlashEEBuffer
                0x00000000       0x28 .\CortexM3\ARM_GCC_493\Debug\Capsense.a(CyFlash.o)
 .text.CyWriteRowFull
                0x00000000       0xf8 .\CortexM3\ARM_GCC_493\Debug\Capsense.a(CyFlash.o)
 .text.CyWriteRowData
                0x00000000       0x14 .\CortexM3\ARM_GCC_493\Debug\Capsense.a(CyFlash.o)
 .text.CyFlash_SetWaitCycles
                0x00000000       0x7c .\CortexM3\ARM_GCC_493\Debug\Capsense.a(CyFlash.o)
 .text.CyEEPROM_Start
                0x00000000       0x54 .\CortexM3\ARM_GCC_493\Debug\Capsense.a(CyFlash.o)
 .text.CyEEPROM_Stop
                0x00000000       0x24 .\CortexM3\ARM_GCC_493\Debug\Capsense.a(CyFlash.o)
 .text.CyEEPROM_ReadReserve
                0x00000000       0x1c .\CortexM3\ARM_GCC_493\Debug\Capsense.a(CyFlash.o)
 .text.CyEEPROM_ReadRelease
                0x00000000       0x10 .\CortexM3\ARM_GCC_493\Debug\Capsense.a(CyFlash.o)
 COMMON         0x00000000        0x2 .\CortexM3\ARM_GCC_493\Debug\Capsense.a(CyFlash.o)
 .text          0x00000000        0x0 .\CortexM3\ARM_GCC_493\Debug\Capsense.a(CySpc.o)
 .data          0x00000000        0x0 .\CortexM3\ARM_GCC_493\Debug\Capsense.a(CySpc.o)
 .bss           0x00000000        0x8 .\CortexM3\ARM_GCC_493\Debug\Capsense.a(CySpc.o)
 .text.CySpcStart
                0x00000000       0x24 .\CortexM3\ARM_GCC_493\Debug\Capsense.a(CySpc.o)
 .text.CySpcStop
                0x00000000       0x24 .\CortexM3\ARM_GCC_493\Debug\Capsense.a(CySpc.o)
 .text.CySpcReadData
                0x00000000       0x34 .\CortexM3\ARM_GCC_493\Debug\Capsense.a(CySpc.o)
 .text.CySpcLoadMultiByte
                0x00000000       0x78 .\CortexM3\ARM_GCC_493\Debug\Capsense.a(CySpc.o)
 .text.CySpcLoadRow
                0x00000000       0x54 .\CortexM3\ARM_GCC_493\Debug\Capsense.a(CySpc.o)
 .text.CySpcLoadRowFull
                0x00000000       0x80 .\CortexM3\ARM_GCC_493\Debug\Capsense.a(CySpc.o)
 .text.CySpcWriteRow
                0x00000000       0x4c .\CortexM3\ARM_GCC_493\Debug\Capsense.a(CySpc.o)
 .text.CySpcEraseSector
                0x00000000       0x3c .\CortexM3\ARM_GCC_493\Debug\Capsense.a(CySpc.o)
 .text.CySpcGetTemp
                0x00000000       0x3c .\CortexM3\ARM_GCC_493\Debug\Capsense.a(CySpc.o)
 .text.CySpcLock
                0x00000000       0x4c .\CortexM3\ARM_GCC_493\Debug\Capsense.a(CySpc.o)
 .text.CySpcUnlock
                0x00000000       0x38 .\CortexM3\ARM_GCC_493\Debug\Capsense.a(CySpc.o)
 .text.CySpcGetAlgorithm
                0x00000000       0x28 .\CortexM3\ARM_GCC_493\Debug\Capsense.a(CySpc.o)
 .text          0x00000000        0x0 c:/program files (x86)/cypress/psoc creator/3.3/psoc creator/import/gnu/arm/4.9.3/bin/../lib/gcc/arm-none-eabi/4.9.3/../../../../arm-none-eabi/lib/armv7-m\libg_nano.a(lib_a-errno.o)
 .data          0x00000000        0x0 c:/program files (x86)/cypress/psoc creator/3.3/psoc creator/import/gnu/arm/4.9.3/bin/../lib/gcc/arm-none-eabi/4.9.3/../../../../arm-none-eabi/lib/armv7-m\libg_nano.a(lib_a-errno.o)
 .bss           0x00000000        0x0 c:/program files (x86)/cypress/psoc creator/3.3/psoc creator/import/gnu/arm/4.9.3/bin/../lib/gcc/arm-none-eabi/4.9.3/../../../../arm-none-eabi/lib/armv7-m\libg_nano.a(lib_a-errno.o)
 .text.__errno  0x00000000        0xc c:/program files (x86)/cypress/psoc creator/3.3/psoc creator/import/gnu/arm/4.9.3/bin/../lib/gcc/arm-none-eabi/4.9.3/../../../../arm-none-eabi/lib/armv7-m\libg_nano.a(lib_a-errno.o)
 .text          0x00000000        0x0 c:/program files (x86)/cypress/psoc creator/3.3/psoc creator/import/gnu/arm/4.9.3/bin/../lib/gcc/arm-none-eabi/4.9.3/../../../../arm-none-eabi/lib/armv7-m\libg_nano.a(lib_a-exit.o)
 .data          0x00000000        0x0 c:/program files (x86)/cypress/psoc creator/3.3/psoc creator/import/gnu/arm/4.9.3/bin/../lib/gcc/arm-none-eabi/4.9.3/../../../../arm-none-eabi/lib/armv7-m\libg_nano.a(lib_a-exit.o)
 .bss           0x00000000        0x0 c:/program files (x86)/cypress/psoc creator/3.3/psoc creator/import/gnu/arm/4.9.3/bin/../lib/gcc/arm-none-eabi/4.9.3/../../../../arm-none-eabi/lib/armv7-m\libg_nano.a(lib_a-exit.o)
 .text.exit     0x00000000       0x28 c:/program files (x86)/cypress/psoc creator/3.3/psoc creator/import/gnu/arm/4.9.3/bin/../lib/gcc/arm-none-eabi/4.9.3/../../../../arm-none-eabi/lib/armv7-m\libg_nano.a(lib_a-exit.o)
 .text          0x00000000        0x0 c:/program files (x86)/cypress/psoc creator/3.3/psoc creator/import/gnu/arm/4.9.3/bin/../lib/gcc/arm-none-eabi/4.9.3/../../../../arm-none-eabi/lib/armv7-m\libg_nano.a(lib_a-impure.o)
 .data          0x00000000        0x0 c:/program files (x86)/cypress/psoc creator/3.3/psoc creator/import/gnu/arm/4.9.3/bin/../lib/gcc/arm-none-eabi/4.9.3/../../../../arm-none-eabi/lib/armv7-m\libg_nano.a(lib_a-impure.o)
 .bss           0x00000000        0x0 c:/program files (x86)/cypress/psoc creator/3.3/psoc creator/import/gnu/arm/4.9.3/bin/../lib/gcc/arm-none-eabi/4.9.3/../../../../arm-none-eabi/lib/armv7-m\libg_nano.a(lib_a-impure.o)
 .data.impure_data
                0x00000000       0x60 c:/program files (x86)/cypress/psoc creator/3.3/psoc creator/import/gnu/arm/4.9.3/bin/../lib/gcc/arm-none-eabi/4.9.3/../../../../arm-none-eabi/lib/armv7-m\libg_nano.a(lib_a-impure.o)
 .data._impure_ptr
                0x00000000        0x4 c:/program files (x86)/cypress/psoc creator/3.3/psoc creator/import/gnu/arm/4.9.3/bin/../lib/gcc/arm-none-eabi/4.9.3/../../../../arm-none-eabi/lib/armv7-m\libg_nano.a(lib_a-impure.o)
 .rodata.str1.1
                0x00000000        0x2 c:/program files (x86)/cypress/psoc creator/3.3/psoc creator/import/gnu/arm/4.9.3/bin/../lib/gcc/arm-none-eabi/4.9.3/../../../../arm-none-eabi/lib/armv7-m\libg_nano.a(lib_a-impure.o)
 .rodata._global_impure_ptr
                0x00000000        0x4 c:/program files (x86)/cypress/psoc creator/3.3/psoc creator/import/gnu/arm/4.9.3/bin/../lib/gcc/arm-none-eabi/4.9.3/../../../../arm-none-eabi/lib/armv7-m\libg_nano.a(lib_a-impure.o)
 .text          0x00000000        0x0 c:/program files (x86)/cypress/psoc creator/3.3/psoc creator/import/gnu/arm/4.9.3/bin/../lib/gcc/arm-none-eabi/4.9.3/../../../../arm-none-eabi/lib/armv7-m\libg_nano.a(lib_a-init.o)
 .data          0x00000000        0x0 c:/program files (x86)/cypress/psoc creator/3.3/psoc creator/import/gnu/arm/4.9.3/bin/../lib/gcc/arm-none-eabi/4.9.3/../../../../arm-none-eabi/lib/armv7-m\libg_nano.a(lib_a-init.o)
 .bss           0x00000000        0x0 c:/program files (x86)/cypress/psoc creator/3.3/psoc creator/import/gnu/arm/4.9.3/bin/../lib/gcc/arm-none-eabi/4.9.3/../../../../arm-none-eabi/lib/armv7-m\libg_nano.a(lib_a-init.o)
 .text          0x00000000        0x0 c:/program files (x86)/cypress/psoc creator/3.3/psoc creator/import/gnu/arm/4.9.3/bin/../lib/gcc/arm-none-eabi/4.9.3/../../../../arm-none-eabi/lib/armv7-m\libg_nano.a(lib_a-memcpy.o)
 .data          0x00000000        0x0 c:/program files (x86)/cypress/psoc creator/3.3/psoc creator/import/gnu/arm/4.9.3/bin/../lib/gcc/arm-none-eabi/4.9.3/../../../../arm-none-eabi/lib/armv7-m\libg_nano.a(lib_a-memcpy.o)
 .bss           0x00000000        0x0 c:/program files (x86)/cypress/psoc creator/3.3/psoc creator/import/gnu/arm/4.9.3/bin/../lib/gcc/arm-none-eabi/4.9.3/../../../../arm-none-eabi/lib/armv7-m\libg_nano.a(lib_a-memcpy.o)
 .text          0x00000000        0x0 c:/program files (x86)/cypress/psoc creator/3.3/psoc creator/import/gnu/arm/4.9.3/bin/../lib/gcc/arm-none-eabi/4.9.3/../../../../arm-none-eabi/lib/armv7-m\libg_nano.a(lib_a-memset.o)
 .data          0x00000000        0x0 c:/program files (x86)/cypress/psoc creator/3.3/psoc creator/import/gnu/arm/4.9.3/bin/../lib/gcc/arm-none-eabi/4.9.3/../../../../arm-none-eabi/lib/armv7-m\libg_nano.a(lib_a-memset.o)
 .bss           0x00000000        0x0 c:/program files (x86)/cypress/psoc creator/3.3/psoc creator/import/gnu/arm/4.9.3/bin/../lib/gcc/arm-none-eabi/4.9.3/../../../../arm-none-eabi/lib/armv7-m\libg_nano.a(lib_a-memset.o)
 .text          0x00000000        0x0 c:/program files (x86)/cypress/psoc creator/3.3/psoc creator/import/gnu/arm/4.9.3/bin/../lib/gcc/arm-none-eabi/4.9.3/armv7-m/crtend.o
 .data          0x00000000        0x0 c:/program files (x86)/cypress/psoc creator/3.3/psoc creator/import/gnu/arm/4.9.3/bin/../lib/gcc/arm-none-eabi/4.9.3/armv7-m/crtend.o
 .bss           0x00000000        0x0 c:/program files (x86)/cypress/psoc creator/3.3/psoc creator/import/gnu/arm/4.9.3/bin/../lib/gcc/arm-none-eabi/4.9.3/armv7-m/crtend.o
 .text          0x00000000        0x0 c:/program files (x86)/cypress/psoc creator/3.3/psoc creator/import/gnu/arm/4.9.3/bin/../lib/gcc/arm-none-eabi/4.9.3/armv7-m/crtn.o
 .data          0x00000000        0x0 c:/program files (x86)/cypress/psoc creator/3.3/psoc creator/import/gnu/arm/4.9.3/bin/../lib/gcc/arm-none-eabi/4.9.3/armv7-m/crtn.o
 .bss           0x00000000        0x0 c:/program files (x86)/cypress/psoc creator/3.3/psoc creator/import/gnu/arm/4.9.3/bin/../lib/gcc/arm-none-eabi/4.9.3/armv7-m/crtn.o

Memory Configuration

Name             Origin             Length             Attributes
rom              0x00000000         0x00040000         xr
ram              0x1fff8000         0x00010000         xrw
*default*        0x00000000         0xffffffff

Linker script and memory map

LOAD c:/program files (x86)/cypress/psoc creator/3.3/psoc creator/import/gnu/arm/4.9.3/bin/../lib/gcc/arm-none-eabi/4.9.3/armv7-m/crti.o
LOAD c:/program files (x86)/cypress/psoc creator/3.3/psoc creator/import/gnu/arm/4.9.3/bin/../lib/gcc/arm-none-eabi/4.9.3/armv7-m/crtbegin.o
LOAD c:/program files (x86)/cypress/psoc creator/3.3/psoc creator/import/gnu/arm/4.9.3/bin/../lib/gcc/arm-none-eabi/4.9.3/../../../../arm-none-eabi/lib/armv7-m/crt0.o
START GROUP
LOAD .\CortexM3\ARM_GCC_493\Debug\main.o
LOAD .\CortexM3\ARM_GCC_493\Debug\cymetadata.o
LOAD .\CortexM3\ARM_GCC_493\Debug\Cm3Start.o
LOAD .\CortexM3\ARM_GCC_493\Debug\Capsense.a
LOAD C:\Program Files (x86)\Cypress\PSoC Creator\3.3\PSoC Creator\psoc\content\cycomponentlibrary\CyComponentLibrary.cylib\CapSense_CSD_v3_50\Library\CapSenseLibrary_GCC.a
LOAD C:\Program Files (x86)\Cypress\PSoC Creator\3.3\PSoC Creator\psoc\content\cycomponentlibrary\CyComponentLibrary.cylib\CortexM3\ARM_GCC_493\Debug\CyComponentLibrary.a
END GROUP
START GROUP
LOAD c:/program files (x86)/cypress/psoc creator/3.3/psoc creator/import/gnu/arm/4.9.3/bin/../lib/gcc/arm-none-eabi/4.9.3/armv7-m\libgcc.a
LOAD c:/program files (x86)/cypress/psoc creator/3.3/psoc creator/import/gnu/arm/4.9.3/bin/../lib/gcc/arm-none-eabi/4.9.3/../../../../arm-none-eabi/lib/armv7-m\libg_nano.a
LOAD c:/program files (x86)/cypress/psoc creator/3.3/psoc creator/import/gnu/arm/4.9.3/bin/../lib/gcc/arm-none-eabi/4.9.3/../../../../arm-none-eabi/lib/armv7-m\libc_nano.a
END GROUP
START GROUP
LOAD c:/program files (x86)/cypress/psoc creator/3.3/psoc creator/import/gnu/arm/4.9.3/bin/../lib/gcc/arm-none-eabi/4.9.3/armv7-m\libgcc.a
LOAD c:/program files (x86)/cypress/psoc creator/3.3/psoc creator/import/gnu/arm/4.9.3/bin/../lib/gcc/arm-none-eabi/4.9.3/../../../../arm-none-eabi/lib/armv7-m\libc_nano.a
END GROUP
LOAD c:/program files (x86)/cypress/psoc creator/3.3/psoc creator/import/gnu/arm/4.9.3/bin/../lib/gcc/arm-none-eabi/4.9.3/armv7-m/crtend.o
LOAD c:/program files (x86)/cypress/psoc creator/3.3/psoc creator/import/gnu/arm/4.9.3/bin/../lib/gcc/arm-none-eabi/4.9.3/armv7-m/crtn.o
START GROUP
LOAD c:/program files (x86)/cypress/psoc creator/3.3/psoc creator/import/gnu/arm/4.9.3/bin/../lib/gcc/arm-none-eabi/4.9.3/armv7-m\libgcc.a
LOAD c:/program files (x86)/cypress/psoc creator/3.3/psoc creator/import/gnu/arm/4.9.3/bin/../lib/gcc/arm-none-eabi/4.9.3/../../../../arm-none-eabi/lib/armv7-m\libc.a
LOAD c:/program files (x86)/cypress/psoc creator/3.3/psoc creator/import/gnu/arm/4.9.3/bin/../lib/gcc/arm-none-eabi/4.9.3/../../../../arm-none-eabi/lib/armv7-m\libnosys.a
END GROUP
                0x00000000                CY_APPL_ORIGIN = 0x0
                0x00000100                CY_FLASH_ROW_SIZE = 0x100
                0x00000020                CY_ECC_ROW_SIZE = 0x20
                0x00000000                CY_EE_IN_BTLDR = 0x0
                0x00000000                CY_APPL_LOADABLE = 0x0
                0x00000800                CY_EE_SIZE = 0x800
                0x00000001                CY_APPL_NUM = 0x1
                0x00000001                CY_APPL_MAX = 0x1
                0x00000040                CY_METADATA_SIZE = 0x40
                0x00000000                CY_APPL_LOADABLE = 0x0
                0x00000000                CY_CHECKSUM_EXCLUDE_SIZE = ALIGN (0x0, CY_FLASH_ROW_SIZE)
                0x1fff8158                PROVIDE (__cy_heap_start, _end)
                0x00000001                PROVIDE (__cy_region_num, ((__cy_regions_end - __cy_regions) / 0x10))
                0x20008000                PROVIDE (__cy_stack, (ORIGIN (ram) + 0x10000))
                0x20007800                PROVIDE (__cy_heap_end, (__cy_stack - 0x800))

.cybootloader   0x00000000        0x0
 *(.cybootloader)
                0x00000000                appl1_start = CY_APPL_ORIGIN?CY_APPL_ORIGIN:ALIGN (CY_FLASH_ROW_SIZE)
                0x0001ff00                appl2_start = (appl1_start + ALIGN ((((0x40000 - appl1_start) - (0x2 * CY_FLASH_ROW_SIZE)) / 0x2), CY_FLASH_ROW_SIZE))
                0x00000000                appl_start = (CY_APPL_NUM == 0x1)?appl1_start:appl2_start
                0x00000000                ecc_offset = ((appl_start / CY_FLASH_ROW_SIZE) * CY_ECC_ROW_SIZE)
                0x00000000                ee_offset = (CY_APPL_LOADABLE && ! (CY_EE_IN_BTLDR))?((CY_EE_SIZE / CY_APPL_MAX) * (CY_APPL_NUM - 0x1)):0x0
                0x00000800                ee_size = (CY_APPL_LOADABLE && ! (CY_EE_IN_BTLDR))?(CY_EE_SIZE / CY_APPL_MAX):CY_EE_SIZE
                0x00000000                PROVIDE (CY_ECC_OFFSET, ecc_offset)

.text           0x00000000      0xc2e
 CREATE_OBJECT_SYMBOLS
                0x00000000                PROVIDE (__cy_interrupt_vector, RomVectors)
 *(.romvectors)
 .romvectors    0x00000000       0x10 .\CortexM3\ARM_GCC_493\Debug\Cm3Start.o
                0x00000000                RomVectors
                0x00000001                ASSERT ((. != __cy_interrupt_vector), No interrupt vector)
                0x00000001                ASSERT (CY_APPL_ORIGIN?(SIZEOF (.cybootloader) <= CY_APPL_ORIGIN):0x1, Wrong image location)
                0x00000010                PROVIDE (__cy_reset, Reset)
 *(.text.Reset)
 .text.Reset    0x00000010       0x18 .\CortexM3\ARM_GCC_493\Debug\Cm3Start.o
                0x00000010                Reset
                0x00000001                ASSERT ((. != __cy_reset), No reset code)
 *(.dma_init)
                0x00000001                ASSERT ((((appl_start + .) <= 0x10000) || 0x1), DMA Init must be within the first 64k of flash)
 *(.text .text.* .gnu.linkonce.t.*)
 .text          0x00000028       0x5c c:/program files (x86)/cypress/psoc creator/3.3/psoc creator/import/gnu/arm/4.9.3/bin/../lib/gcc/arm-none-eabi/4.9.3/armv7-m/crtbegin.o
 .text.main     0x00000084       0x38 .\CortexM3\ARM_GCC_493\Debug\main.o
                0x00000084                main
 .text.IntDefaultHandler
                0x000000bc        0x4 .\CortexM3\ARM_GCC_493\Debug\Cm3Start.o
                0x000000bc                IntDefaultHandler
 .text.Start_c  0x000000c0       0x4c .\CortexM3\ARM_GCC_493\Debug\Cm3Start.o
                0x000000c0                Start_c
 .text.initialize_psoc
                0x0000010c       0x74 .\CortexM3\ARM_GCC_493\Debug\Cm3Start.o
                0x0000010c                initialize_psoc
 .text.CyClockStartupError
                0x00000180        0x4 .\CortexM3\ARM_GCC_493\Debug\Capsense.a(cyfitter_cfg.o)
 .text.cfg_write_bytes32
                0x00000184       0x34 .\CortexM3\ARM_GCC_493\Debug\Capsense.a(cyfitter_cfg.o)
 .text.AnalogSetDefault
                0x000001b8       0x40 .\CortexM3\ARM_GCC_493\Debug\Capsense.a(cyfitter_cfg.o)
 .text.CYMEMZERO
                0x000001f8        0xc .\CortexM3\ARM_GCC_493\Debug\Capsense.a(cyfitter_cfg.o)
 .text.ClockSetup
                0x00000204       0xb8 .\CortexM3\ARM_GCC_493\Debug\Capsense.a(cyfitter_cfg.o)
 .text.CYCONFIGCPY
                0x000002bc        0x8 .\CortexM3\ARM_GCC_493\Debug\Capsense.a(cyfitter_cfg.o)
 .text.CapSense_1_AMuxCH0_Set
                0x000002c4       0x1c .\CortexM3\ARM_GCC_493\Debug\Capsense.a(cyfitter_cfg.o)
                0x000002c4                CapSense_1_AMuxCH0_Set
 .text.CapSense_1_AMuxCH0_Unset
                0x000002e0       0x1c .\CortexM3\ARM_GCC_493\Debug\Capsense.a(cyfitter_cfg.o)
                0x000002e0                CapSense_1_AMuxCH0_Unset
 .text.cyfitter_cfg
                0x000002fc       0xf0 .\CortexM3\ARM_GCC_493\Debug\Capsense.a(cyfitter_cfg.o)
                0x000002fc                cyfitter_cfg
 .text.Pin_1_Write
                0x000003ec       0x18 .\CortexM3\ARM_GCC_493\Debug\Capsense.a(Pin_1.o)
                0x000003ec                Pin_1_Write
 *fill*         0x00000404        0x4 
 .text          0x00000408       0x20 .\CortexM3\ARM_GCC_493\Debug\Capsense.a(CyBootAsmGnu.o)
                0x00000408                CyDelayCycles
                0x00000418                CyEnterCriticalSection
                0x00000420                CyExitCriticalSection
 .text.CyHalt   0x00000428        0x4 .\CortexM3\ARM_GCC_493\Debug\Capsense.a(CyLib.o)
                0x00000428                CyHalt
 .text.CyIntSetVector
                0x0000042c       0x28 .\CortexM3\ARM_GCC_493\Debug\Capsense.a(CyLib.o)
                0x0000042c                CyIntSetVector
 .text.CyIntSetPriority
                0x00000454       0x30 .\CortexM3\ARM_GCC_493\Debug\Capsense.a(CyLib.o)
                0x00000454                CyIntSetPriority
 .text.CapSense_1_Enable
                0x00000484       0x68 .\CortexM3\ARM_GCC_493\Debug\Capsense.a(CapSense_1.o)
                0x00000484                CapSense_1_Enable
 .text.CapSense_1_FindNextSensor
                0x000004ec       0x20 .\CortexM3\ARM_GCC_493\Debug\Capsense.a(CapSense_1.o)
                0x000004ec                CapSense_1_FindNextSensor
 .text.CapSense_1_IsBusy
                0x0000050c       0x10 .\CortexM3\ARM_GCC_493\Debug\Capsense.a(CapSense_1.o)
                0x0000050c                CapSense_1_IsBusy
 .text.CapSense_1_EnableSensor
                0x0000051c       0x20 .\CortexM3\ARM_GCC_493\Debug\Capsense.a(CapSense_1.o)
                0x0000051c                CapSense_1_EnableSensor
 .text.CapSense_1_DisableSensor
                0x0000053c       0x20 .\CortexM3\ARM_GCC_493\Debug\Capsense.a(CapSense_1.o)
                0x0000053c                CapSense_1_DisableSensor
 .text.CapSense_1_ClearSensors
                0x0000055c       0x18 .\CortexM3\ARM_GCC_493\Debug\Capsense.a(CapSense_1.o)
                0x0000055c                CapSense_1_ClearSensors
 .text.CapSense_1_PostScan
                0x00000574       0x4c .\CortexM3\ARM_GCC_493\Debug\Capsense.a(CapSense_1.o)
                0x00000574                CapSense_1_PostScan
 .text.CapSense_1_SetPrescaler
                0x000005c0       0x10 .\CortexM3\ARM_GCC_493\Debug\Capsense.a(CapSense_1.o)
                0x000005c0                CapSense_1_SetPrescaler
 .text.CapSense_1_SetScanSlotSettings
                0x000005d0       0x24 .\CortexM3\ARM_GCC_493\Debug\Capsense.a(CapSense_1.o)
                0x000005d0                CapSense_1_SetScanSlotSettings
 .text.CapSense_1_PreScan
                0x000005f4       0x34 .\CortexM3\ARM_GCC_493\Debug\Capsense.a(CapSense_1.o)
                0x000005f4                CapSense_1_PreScan
 .text.CapSense_1_ScanSensor
                0x00000628       0x20 .\CortexM3\ARM_GCC_493\Debug\Capsense.a(CapSense_1.o)
                0x00000628                CapSense_1_ScanSensor
 .text.CapSense_1_ScanEnabledWidgets
                0x00000648       0x38 .\CortexM3\ARM_GCC_493\Debug\Capsense.a(CapSense_1.o)
                0x00000648                CapSense_1_ScanEnabledWidgets
 .text.CapSense_1_SetAnalogSwitchesSource
                0x00000680       0x20 .\CortexM3\ARM_GCC_493\Debug\Capsense.a(CapSense_1.o)
                0x00000680                CapSense_1_SetAnalogSwitchesSource
 .text.CapSense_1_Init
                0x000006a0       0xe4 .\CortexM3\ARM_GCC_493\Debug\Capsense.a(CapSense_1.o)
                0x000006a0                CapSense_1_Init
 .text.CapSense_1_Start
                0x00000784       0x1c .\CortexM3\ARM_GCC_493\Debug\Capsense.a(CapSense_1.o)
                0x00000784                CapSense_1_Start
 .text.CapSense_1_BaseInit
                0x000007a0       0x4c .\CortexM3\ARM_GCC_493\Debug\Capsense.a(CapSense_1_CSHL.o)
                0x000007a0                CapSense_1_BaseInit
 .text.CapSense_1_InitializeSensorBaseline
                0x000007ec       0x18 .\CortexM3\ARM_GCC_493\Debug\Capsense.a(CapSense_1_CSHL.o)
                0x000007ec                CapSense_1_InitializeSensorBaseline
 .text.CapSense_1_InitializeAllBaselines
                0x00000804       0x18 .\CortexM3\ARM_GCC_493\Debug\Capsense.a(CapSense_1_CSHL.o)
                0x00000804                CapSense_1_InitializeAllBaselines
 .text.CapSense_1_CheckIsSensorActive
                0x0000081c       0x74 .\CortexM3\ARM_GCC_493\Debug\Capsense.a(CapSense_1_CSHL.o)
                0x0000081c                CapSense_1_CheckIsSensorActive
 .text.CapSense_1_CheckIsWidgetActive
                0x00000890       0x10 .\CortexM3\ARM_GCC_493\Debug\Capsense.a(CapSense_1_CSHL.o)
                0x00000890                CapSense_1_CheckIsWidgetActive
 .text.CapSense_1_EnableWidget
                0x000008a0       0x10 .\CortexM3\ARM_GCC_493\Debug\Capsense.a(CapSense_1_CSHL.o)
                0x000008a0                CapSense_1_EnableWidget
 .text.CapSense_1_IIR4Filter
                0x000008b0        0xc .\CortexM3\ARM_GCC_493\Debug\Capsense.a(CapSense_1_CSHL.o)
                0x000008b0                CapSense_1_IIR4Filter
 .text.CapSense_1_UpdateSensorBaseline
                0x000008bc       0xb4 .\CortexM3\ARM_GCC_493\Debug\Capsense.a(CapSense_1_CSHL.o)
                0x000008bc                CapSense_1_UpdateSensorBaseline
 .text.CapSense_1_UpdateEnabledBaselines
                0x00000970       0x2c .\CortexM3\ARM_GCC_493\Debug\Capsense.a(CapSense_1_CSHL.o)
                0x00000970                CapSense_1_UpdateEnabledBaselines
 .text.CapSense_1_IsrCH0_ISR
                0x0000099c       0x50 .\CortexM3\ARM_GCC_493\Debug\Capsense.a(CapSense_1_INT.o)
                0x0000099c                CapSense_1_IsrCH0_ISR
 .text.CapSense_1_CompCH0_Enable
                0x000009ec       0x1c .\CortexM3\ARM_GCC_493\Debug\Capsense.a(CapSense_1_CompCH0.o)
                0x000009ec                CapSense_1_CompCH0_Enable
 .text.CapSense_1_CompCH0_SetSpeed
                0x00000a08       0x58 .\CortexM3\ARM_GCC_493\Debug\Capsense.a(CapSense_1_CompCH0.o)
                0x00000a08                CapSense_1_CompCH0_SetSpeed
 .text.CapSense_1_CompCH0_Init
                0x00000a60       0x3c .\CortexM3\ARM_GCC_493\Debug\Capsense.a(CapSense_1_CompCH0.o)
                0x00000a60                CapSense_1_CompCH0_Init
 .text.CapSense_1_IdacCH0_Enable
                0x00000a9c       0x1c .\CortexM3\ARM_GCC_493\Debug\Capsense.a(CapSense_1_IdacCH0.o)
                0x00000a9c                CapSense_1_IdacCH0_Enable
 .text.CapSense_1_IdacCH0_SetSpeed
                0x00000ab8       0x1c .\CortexM3\ARM_GCC_493\Debug\Capsense.a(CapSense_1_IdacCH0.o)
                0x00000ab8                CapSense_1_IdacCH0_SetSpeed
 .text.CapSense_1_IdacCH0_SetValue
                0x00000ad4        0xc .\CortexM3\ARM_GCC_493\Debug\Capsense.a(CapSense_1_IdacCH0.o)
                0x00000ad4                CapSense_1_IdacCH0_SetValue
 .text.CapSense_1_IdacCH0_DacTrim
                0x00000ae0       0x34 .\CortexM3\ARM_GCC_493\Debug\Capsense.a(CapSense_1_IdacCH0.o)
                0x00000ae0                CapSense_1_IdacCH0_DacTrim
 .text.CapSense_1_IdacCH0_Init
                0x00000b14       0x2c .\CortexM3\ARM_GCC_493\Debug\Capsense.a(CapSense_1_IdacCH0.o)
                0x00000b14                CapSense_1_IdacCH0_Init
 .text.CapSense_1_IdacCH0_SetPolarity
                0x00000b40       0x20 .\CortexM3\ARM_GCC_493\Debug\Capsense.a(CapSense_1_IdacCH0.o)
                0x00000b40                CapSense_1_IdacCH0_SetPolarity
 .text.CapSense_1_IdacCH0_SetRange
                0x00000b60       0x20 .\CortexM3\ARM_GCC_493\Debug\Capsense.a(CapSense_1_IdacCH0.o)
                0x00000b60                CapSense_1_IdacCH0_SetRange
 .text.CapSense_1_AMuxCH0_DisconnectAll
                0x00000b80       0x18 .\CortexM3\ARM_GCC_493\Debug\Capsense.a(CapSense_1_AMuxCH0.o)
                0x00000b80                CapSense_1_AMuxCH0_DisconnectAll
 .text.CapSense_1_AMuxCH0_Init
                0x00000b98        0x8 .\CortexM3\ARM_GCC_493\Debug\Capsense.a(CapSense_1_AMuxCH0.o)
                0x00000b98                CapSense_1_AMuxCH0_Init
 .text.CapSense_1_IntClock_Start
                0x00000ba0       0x1c .\CortexM3\ARM_GCC_493\Debug\Capsense.a(CapSense_1_IntClock.o)
                0x00000ba0                CapSense_1_IntClock_Start
 .text.__libc_init_array
                0x00000bbc       0x4c c:/program files (x86)/cypress/psoc creator/3.3/psoc creator/import/gnu/arm/4.9.3/bin/../lib/gcc/arm-none-eabi/4.9.3/../../../../arm-none-eabi/lib/armv7-m\libg_nano.a(lib_a-init.o)
                0x00000bbc                __libc_init_array
 .text.memcpy   0x00000c08       0x16 c:/program files (x86)/cypress/psoc creator/3.3/psoc creator/import/gnu/arm/4.9.3/bin/../lib/gcc/arm-none-eabi/4.9.3/../../../../arm-none-eabi/lib/armv7-m\libg_nano.a(lib_a-memcpy.o)
                0x00000c08                memcpy
 .text.memset   0x00000c1e       0x10 c:/program files (x86)/cypress/psoc creator/3.3/psoc creator/import/gnu/arm/4.9.3/bin/../lib/gcc/arm-none-eabi/4.9.3/../../../../arm-none-eabi/lib/armv7-m\libg_nano.a(lib_a-memset.o)
                0x00000c1e                memset
 *(.plt)
 *(.gnu.warning)
 *(.glue_7t)
 .glue_7t       0x00000000        0x0 linker stubs
 *(.glue_7)
 .glue_7        0x00000000        0x0 linker stubs
 *(.vfp11_veneer)
 .vfp11_veneer  0x00000000        0x0 linker stubs
 *(.bootloader)
 *(.ARM.extab* .gnu.linkonce.armextab.*)
 *(.gcc_except_table)

.v4_bx          0x00000c30        0x0
 .v4_bx         0x00000000        0x0 linker stubs

.iplt           0x00000c30        0x0
 .iplt          0x00000000        0x0 c:/program files (x86)/cypress/psoc creator/3.3/psoc creator/import/gnu/arm/4.9.3/bin/../lib/gcc/arm-none-eabi/4.9.3/armv7-m/crtbegin.o

.eh_frame_hdr
 *(.eh_frame_hdr)

.eh_frame       0x00000c30        0x4
 *(.eh_frame)
 .eh_frame      0x00000c30        0x0 c:/program files (x86)/cypress/psoc creator/3.3/psoc creator/import/gnu/arm/4.9.3/bin/../lib/gcc/arm-none-eabi/4.9.3/armv7-m/crtbegin.o
 .eh_frame      0x00000c30        0x4 c:/program files (x86)/cypress/psoc creator/3.3/psoc creator/import/gnu/arm/4.9.3/bin/../lib/gcc/arm-none-eabi/4.9.3/armv7-m/crtend.o
                0x00000c34                PROVIDE (__exidx_start, .)

.ARM.exidx
 *(.ARM.exidx* .gnu.linkonce.armexidx.*)
                0x00000c34                __exidx_end = .

.rodata         0x00000c34       0xb4
 *(.rodata .rodata.* .gnu.linkonce.r.*)
 .rodata        0x00000c34       0x44 .\CortexM3\ARM_GCC_493\Debug\Capsense.a(cyfitter_cfg.o)
                0x00000c34                CapSense_1_AMuxCH0__addrTable
                0x00000c44                CapSense_1_AMuxCH0__maskTable
 .rodata        0x00000c78       0x38 .\CortexM3\ARM_GCC_493\Debug\Capsense.a(CapSense_1.o)
                0x00000c78                CapSense_1_widgetNumber
                0x00000c7c                CapSense_1_widgetResolution
                0x00000c80                CapSense_1_idacSettings
                0x00000c84                CapSense_1_csTable
                0x00000ca4                CapSense_1_maskTable
                0x00000ca8                CapSense_1_portTable
                0x00000cac                CapSense_1_pcTable
                0x00000cb0                . = ALIGN (0x4)
 *(.init)
 .init          0x00000cb0        0x4 c:/program files (x86)/cypress/psoc creator/3.3/psoc creator/import/gnu/arm/4.9.3/bin/../lib/gcc/arm-none-eabi/4.9.3/armv7-m/crti.o
                0x00000cb0                _init
 .init          0x00000cb4        0x8 c:/program files (x86)/cypress/psoc creator/3.3/psoc creator/import/gnu/arm/4.9.3/bin/../lib/gcc/arm-none-eabi/4.9.3/armv7-m/crtn.o
                0x00000cbc                . = ALIGN (0x4)
                0x00000cbc                __preinit_array_start = .
 *(.preinit_array)
                0x00000cbc                __preinit_array_end = .
                0x00000cbc                . = ALIGN (0x4)
                0x00000cbc                __init_array_start = .
 *(SORT(.init_array.*))
 *(.init_array)
 .init_array    0x00000cbc        0x4 c:/program files (x86)/cypress/psoc creator/3.3/psoc creator/import/gnu/arm/4.9.3/bin/../lib/gcc/arm-none-eabi/4.9.3/armv7-m/crtbegin.o
 .init_array    0x00000cc0        0x4 .\CortexM3\ARM_GCC_493\Debug\Cm3Start.o
                0x00000cc4                __init_array_end = .
                0x00000cc4                . = ALIGN (0x4)
 *(.fini)
 .fini          0x00000cc4        0x4 c:/program files (x86)/cypress/psoc creator/3.3/psoc creator/import/gnu/arm/4.9.3/bin/../lib/gcc/arm-none-eabi/4.9.3/armv7-m/crti.o
                0x00000cc4                _fini
 .fini          0x00000cc8        0x8 c:/program files (x86)/cypress/psoc creator/3.3/psoc creator/import/gnu/arm/4.9.3/bin/../lib/gcc/arm-none-eabi/4.9.3/armv7-m/crtn.o
                0x00000cd0                . = ALIGN (0x4)
                0x00000cd0                __fini_array_start = .
 *(.fini_array)
 .fini_array    0x00000cd0        0x4 c:/program files (x86)/cypress/psoc creator/3.3/psoc creator/import/gnu/arm/4.9.3/bin/../lib/gcc/arm-none-eabi/4.9.3/armv7-m/crtbegin.o
 *(SORT(.fini_array.*))
                0x00000cd4                __fini_array_end = .
                0x00000cd4                . = ALIGN (0x4)
 *crtbegin.o(.ctors)
 *(EXCLUDE_FILE(*crtend.o) .ctors)
 *(SORT(.ctors.*))
 *crtend.o(.ctors)
                0x00000cd4                . = ALIGN (0x4)
 *crtbegin.o(.dtors)
 *(EXCLUDE_FILE(*crtend.o) .dtors)
 *(SORT(.dtors.*))
 *crtend.o(.dtors)
                0x00000cd4                . = ALIGN (0x4)
                0x00000cd4                __cy_regions = .
                0x00000cd4        0x4 LONG 0xce8 __cy_region_init_ram
                0x00000cd8        0x4 LONG 0x1fff8108 __cy_region_start_data
                0x00000cdc        0x4 LONG 0x8 __cy_region_init_size_ram
                0x00000ce0        0x4 LONG 0x48 __cy_region_zero_size_ram
                0x00000ce4                __cy_regions_end = .
                0x00000ce8                . = ALIGN (0x8)
 *fill*         0x00000ce4        0x4 
                0x00000ce8                _etext = .

.cy_checksum_exclude
                0x00000ce8        0x0
 *(.cy_checksum_exclude)

.ramvectors     0x1fff8000      0x100
                0x1fff8000                __cy_region_start_ram = .
 *(.ramvectors)
 .ramvectors    0x1fff8000      0x100 .\CortexM3\ARM_GCC_493\Debug\Cm3Start.o
                0x1fff8000                CyRamVectors

.noinit         0x1fff8100        0x5
 *(.noinit)
 .noinit        0x1fff8100        0x4 .\CortexM3\ARM_GCC_493\Debug\Cm3Start.o
 .noinit        0x1fff8104        0x1 .\CortexM3\ARM_GCC_493\Debug\Capsense.a(CyLib.o)
                0x1fff8104                CyResetStatus

.data           0x1fff8108        0x8 load address 0x00000ce8
                0x1fff8108                __cy_region_start_data = .
 *(.jcr)
 .jcr           0x1fff8108        0x0 c:/program files (x86)/cypress/psoc creator/3.3/psoc creator/import/gnu/arm/4.9.3/bin/../lib/gcc/arm-none-eabi/4.9.3/armv7-m/crtbegin.o
 .jcr           0x1fff8108        0x4 c:/program files (x86)/cypress/psoc creator/3.3/psoc creator/import/gnu/arm/4.9.3/bin/../lib/gcc/arm-none-eabi/4.9.3/armv7-m/crtend.o
 *(.got.plt)
 *(.got)
 *(.shdata)
 *(.data .data.* .gnu.linkonce.d.*)
 .data          0x1fff810c        0x4 .\CortexM3\ARM_GCC_493\Debug\Capsense.a(CapSense_1.o)
                0x1fff810c                CapSense_1_analogSwitchDivider
                0x1fff8110                . = ALIGN (0x8)
 *(.ram)
                0x1fff8110                _edata = .

.igot.plt       0x1fff8110        0x0 load address 0x00000cf0
 .igot.plt      0x00000000        0x0 c:/program files (x86)/cypress/psoc creator/3.3/psoc creator/import/gnu/arm/4.9.3/bin/../lib/gcc/arm-none-eabi/4.9.3/armv7-m/crtbegin.o

.bss            0x1fff8110       0x48 load address 0x00000cf0
                0x1fff8110                PROVIDE (__bss_start__, .)
 *(.shbss)
 *(.bss .bss.* .gnu.linkonce.b.*)
 .bss           0x1fff8110       0x1c c:/program files (x86)/cypress/psoc creator/3.3/psoc creator/import/gnu/arm/4.9.3/bin/../lib/gcc/arm-none-eabi/4.9.3/armv7-m/crtbegin.o
 .bss           0x1fff812c        0x4 .\CortexM3\ARM_GCC_493\Debug\Capsense.a(CapSense_1.o)
                0x1fff812c                CapSense_1_sensorEnableMask
 .bss           0x1fff8130        0x4 .\CortexM3\ARM_GCC_493\Debug\Capsense.a(CapSense_1_CSHL.o)
                0x1fff8130                CapSense_1_debounceCounter
 *(COMMON)
 COMMON         0x1fff8134        0x6 .\CortexM3\ARM_GCC_493\Debug\Capsense.a(CapSense_1.o)
                0x1fff8134                CapSense_1_sensorIndex
                0x1fff8135                CapSense_1_csv
                0x1fff8138                CapSense_1_sensorRaw
 *fill*         0x1fff813a        0x2 
 COMMON         0x1fff813c       0x15 .\CortexM3\ARM_GCC_493\Debug\Capsense.a(CapSense_1_CSHL.o)
                0x1fff813c                CapSense_1_sensorSignal
                0x1fff8140                CapSense_1_sensorBaselineLow
                0x1fff8144                CapSense_1_rawFilterData1
                0x1fff8148                CapSense_1_sensorBaseline
                0x1fff814c                CapSense_1_sensorOnMask
                0x1fff8150                CapSense_1_lowBaselineResetCnt
                0x1fff8158                . = ALIGN (0x8)
 *fill*         0x1fff8151        0x7 
 *(.ram.b)
                0x1fff8158                _end = .
                0x1fff8158                __end = .
                0x1fff8158                PROVIDE (end, .)
                0x1fff8158                PROVIDE (__bss_end__, .)
                0x00000ce8                __cy_region_init_ram = LOADADDR (.data)
                0x00000008                __cy_region_init_size_ram = (_edata - ADDR (.data))
                0x00000048                __cy_region_zero_size_ram = (_end - _edata)

.heap           0x1fff8158       0x80 load address 0x00000cf0
                0x1fff8158                . = _end
                0x1fff81d8                . = (. + 0x80)
 *fill*         0x1fff8158       0x80 
                0x1fff81d8                __cy_heap_limit = .

.stack          0x20007800      0x800
                0x20007800                __cy_stack_limit = .
                0x20008000                . = (. + 0x800)
 *fill*         0x20007800      0x800 
                0x00000001                ASSERT ((__cy_stack_limit >= __cy_heap_limit), region RAM overflowed with stack)
                0x00000000                cy_checksum_exclude_size = (CY_APPL_LOADABLE == 0x1)?SIZEOF (.cy_checksum_exclude):0x0
                0x00000001                ASSERT ((cy_checksum_exclude_size <= CY_CHECKSUM_EXCLUDE_SIZE), CY_BOOT: Section .cy_checksum_exclude size exceedes specified limit.)

.cyloadermeta
 *(.cyloadermeta)

.cyloadablemeta
 *(.cyloadablemeta)

.cyconfigecc    0x80000000      0x304
 *(.cyconfigecc)
 .cyconfigecc   0x80000000      0x304 .\CortexM3\ARM_GCC_493\Debug\cymetadata.o
                0x80000000                cy_meta_configecc

.cycustnvl      0x90000000        0x4
 *(.cycustnvl)
 .cycustnvl     0x90000000        0x4 .\CortexM3\ARM_GCC_493\Debug\cymetadata.o
                0x90000000                cy_meta_custnvl

.cywolatch      0x90100000        0x4
 *(.cywolatch)
 .cywolatch     0x90100000        0x4 .\CortexM3\ARM_GCC_493\Debug\cymetadata.o
                0x90100000                cy_meta_wonvl

.cyeeprom       0x90200000        0x0
 *(.cyeeprom)
                0x00000001                ASSERT ((. <= ((0x90200000 + ee_offset) + ee_size)), .cyeeprom data will not fit in EEPROM)

.cyflashprotect
                0x90400000      0x100
 *(.cyflashprotect)
 .cyflashprotect
                0x90400000      0x100 .\CortexM3\ARM_GCC_493\Debug\cymetadata.o
                0x90400000                cy_meta_flashprotect

.cymeta         0x90500000        0xc
 *(.cymeta)
 .cymeta        0x90500000        0xc .\CortexM3\ARM_GCC_493\Debug\cymetadata.o
                0x90500000                cy_metadata

.rel.dyn        0x00000cf0        0x0 load address 0x9050000c
 .rel.iplt      0x00000000        0x0 c:/program files (x86)/cypress/psoc creator/3.3/psoc creator/import/gnu/arm/4.9.3/bin/../lib/gcc/arm-none-eabi/4.9.3/armv7-m/crtbegin.o

.stab
 *(.stab)

.stabstr
 *(.stabstr)

.debug
 *(.debug)

.line
 *(.line)

.debug_srcinfo
 *(.debug_srcinfo)

.debug_sfnames
 *(.debug_sfnames)

.debug_aranges  0x00000000      0x838
 *(.debug_aranges)
 .debug_aranges
                0x00000000       0x20 .\CortexM3\ARM_GCC_493\Debug\main.o
 .debug_aranges
                0x00000020       0x18 .\CortexM3\ARM_GCC_493\Debug\cymetadata.o
 .debug_aranges
                0x00000038       0x48 .\CortexM3\ARM_GCC_493\Debug\Cm3Start.o
 .debug_aranges
                0x00000080       0x68 .\CortexM3\ARM_GCC_493\Debug\Capsense.a(cyfitter_cfg.o)
 .debug_aranges
                0x000000e8       0x38 .\CortexM3\ARM_GCC_493\Debug\Capsense.a(Pin_1.o)
 .debug_aranges
                0x00000120       0x20 .\CortexM3\ARM_GCC_493\Debug\Capsense.a(CyBootAsmGnu.o)
 .debug_aranges
                0x00000140      0x298 .\CortexM3\ARM_GCC_493\Debug\Capsense.a(CyLib.o)
 .debug_aranges
                0x000003d8       0x98 .\CortexM3\ARM_GCC_493\Debug\Capsense.a(cyPm.o)
 .debug_aranges
                0x00000470       0xb0 .\CortexM3\ARM_GCC_493\Debug\Capsense.a(CapSense_1.o)
 .debug_aranges
                0x00000520       0x78 .\CortexM3\ARM_GCC_493\Debug\Capsense.a(CapSense_1_CSHL.o)
 .debug_aranges
                0x00000598       0x20 .\CortexM3\ARM_GCC_493\Debug\Capsense.a(CapSense_1_INT.o)
 .debug_aranges
                0x000005b8       0x70 .\CortexM3\ARM_GCC_493\Debug\Capsense.a(CapSense_1_CompCH0.o)
 .debug_aranges
                0x00000628       0x60 .\CortexM3\ARM_GCC_493\Debug\Capsense.a(CapSense_1_IdacCH0.o)
 .debug_aranges
                0x00000688       0x48 .\CortexM3\ARM_GCC_493\Debug\Capsense.a(CapSense_1_AMuxCH0.o)
 .debug_aranges
                0x000006d0       0x70 .\CortexM3\ARM_GCC_493\Debug\Capsense.a(CapSense_1_IntClock.o)
 .debug_aranges
                0x00000740       0x80 .\CortexM3\ARM_GCC_493\Debug\Capsense.a(CyFlash.o)
 .debug_aranges
                0x000007c0       0x78 .\CortexM3\ARM_GCC_493\Debug\Capsense.a(CySpc.o)

.debug_pubnames
 *(.debug_pubnames)

.debug_info     0x00000000     0x4efc
 *(.debug_info .gnu.linkonce.wi.*)
 .debug_info    0x00000000      0x1a4 .\CortexM3\ARM_GCC_493\Debug\main.o
 .debug_info    0x000001a4      0x13b .\CortexM3\ARM_GCC_493\Debug\cymetadata.o
 .debug_info    0x000002df      0x3a5 .\CortexM3\ARM_GCC_493\Debug\Cm3Start.o
 .debug_info    0x00000684      0x550 .\CortexM3\ARM_GCC_493\Debug\Capsense.a(cyfitter_cfg.o)
 .debug_info    0x00000bd4      0x11f .\CortexM3\ARM_GCC_493\Debug\Capsense.a(Pin_1.o)
 .debug_info    0x00000cf3       0x97 .\CortexM3\ARM_GCC_493\Debug\Capsense.a(CyBootAsmGnu.o)
 .debug_info    0x00000d8a     0x1371 .\CortexM3\ARM_GCC_493\Debug\Capsense.a(CyLib.o)
 .debug_info    0x000020fb      0xa58 .\CortexM3\ARM_GCC_493\Debug\Capsense.a(cyPm.o)
 .debug_info    0x00002b53      0x813 .\CortexM3\ARM_GCC_493\Debug\Capsense.a(CapSense_1.o)
 .debug_info    0x00003366      0x65a .\CortexM3\ARM_GCC_493\Debug\Capsense.a(CapSense_1_CSHL.o)
 .debug_info    0x000039c0      0x118 .\CortexM3\ARM_GCC_493\Debug\Capsense.a(CapSense_1_INT.o)
 .debug_info    0x00003ad8      0x2c3 .\CortexM3\ARM_GCC_493\Debug\Capsense.a(CapSense_1_CompCH0.o)
 .debug_info    0x00003d9b      0x209 .\CortexM3\ARM_GCC_493\Debug\Capsense.a(CapSense_1_IdacCH0.o)
 .debug_info    0x00003fa4      0x1db .\CortexM3\ARM_GCC_493\Debug\Capsense.a(CapSense_1_AMuxCH0.o)
 .debug_info    0x0000417f      0x283 .\CortexM3\ARM_GCC_493\Debug\Capsense.a(CapSense_1_IntClock.o)
 .debug_info    0x00004402      0x60a .\CortexM3\ARM_GCC_493\Debug\Capsense.a(CyFlash.o)
 .debug_info    0x00004a0c      0x4f0 .\CortexM3\ARM_GCC_493\Debug\Capsense.a(CySpc.o)

.debug_abbrev   0x00000000     0x179b
 *(.debug_abbrev)
 .debug_abbrev  0x00000000      0x109 .\CortexM3\ARM_GCC_493\Debug\main.o
 .debug_abbrev  0x00000109       0x66 .\CortexM3\ARM_GCC_493\Debug\cymetadata.o
 .debug_abbrev  0x0000016f      0x20f .\CortexM3\ARM_GCC_493\Debug\Cm3Start.o
 .debug_abbrev  0x0000037e      0x223 .\CortexM3\ARM_GCC_493\Debug\Capsense.a(cyfitter_cfg.o)
 .debug_abbrev  0x000005a1       0x90 .\CortexM3\ARM_GCC_493\Debug\Capsense.a(Pin_1.o)
 .debug_abbrev  0x00000631       0x14 .\CortexM3\ARM_GCC_493\Debug\Capsense.a(CyBootAsmGnu.o)
 .debug_abbrev  0x00000645      0x296 .\CortexM3\ARM_GCC_493\Debug\Capsense.a(CyLib.o)
 .debug_abbrev  0x000008db      0x1ed .\CortexM3\ARM_GCC_493\Debug\Capsense.a(cyPm.o)
 .debug_abbrev  0x00000ac8      0x20b .\CortexM3\ARM_GCC_493\Debug\Capsense.a(CapSense_1.o)
 .debug_abbrev  0x00000cd3      0x201 .\CortexM3\ARM_GCC_493\Debug\Capsense.a(CapSense_1_CSHL.o)
 .debug_abbrev  0x00000ed4       0xb4 .\CortexM3\ARM_GCC_493\Debug\Capsense.a(CapSense_1_INT.o)
 .debug_abbrev  0x00000f88      0x175 .\CortexM3\ARM_GCC_493\Debug\Capsense.a(CapSense_1_CompCH0.o)
 .debug_abbrev  0x000010fd      0x106 .\CortexM3\ARM_GCC_493\Debug\Capsense.a(CapSense_1_IdacCH0.o)
 .debug_abbrev  0x00001203       0xcd .\CortexM3\ARM_GCC_493\Debug\Capsense.a(CapSense_1_AMuxCH0.o)
 .debug_abbrev  0x000012d0      0x139 .\CortexM3\ARM_GCC_493\Debug\Capsense.a(CapSense_1_IntClock.o)
 .debug_abbrev  0x00001409      0x1d1 .\CortexM3\ARM_GCC_493\Debug\Capsense.a(CyFlash.o)
 .debug_abbrev  0x000015da      0x1c1 .\CortexM3\ARM_GCC_493\Debug\Capsense.a(CySpc.o)

.debug_line     0x00000000     0x2102
 *(.debug_line)
 .debug_line    0x00000000      0x19c .\CortexM3\ARM_GCC_493\Debug\main.o
 .debug_line    0x0000019c       0x53 .\CortexM3\ARM_GCC_493\Debug\cymetadata.o
 .debug_line    0x000001ef      0x249 .\CortexM3\ARM_GCC_493\Debug\Cm3Start.o
 .debug_line    0x00000438      0x207 .\CortexM3\ARM_GCC_493\Debug\Capsense.a(cyfitter_cfg.o)
 .debug_line    0x0000063f       0x94 .\CortexM3\ARM_GCC_493\Debug\Capsense.a(Pin_1.o)
 .debug_line    0x000006d3       0x68 .\CortexM3\ARM_GCC_493\Debug\Capsense.a(CyBootAsmGnu.o)
 .debug_line    0x0000073b      0x806 .\CortexM3\ARM_GCC_493\Debug\Capsense.a(CyLib.o)
 .debug_line    0x00000f41      0x366 .\CortexM3\ARM_GCC_493\Debug\Capsense.a(cyPm.o)
 .debug_line    0x000012a7      0x2ae .\CortexM3\ARM_GCC_493\Debug\Capsense.a(CapSense_1.o)
 .debug_line    0x00001555      0x203 .\CortexM3\ARM_GCC_493\Debug\Capsense.a(CapSense_1_CSHL.o)
 .debug_line    0x00001758       0x7f .\CortexM3\ARM_GCC_493\Debug\Capsense.a(CapSense_1_INT.o)
 .debug_line    0x000017d7      0x173 .\CortexM3\ARM_GCC_493\Debug\Capsense.a(CapSense_1_CompCH0.o)
 .debug_line    0x0000194a      0x108 .\CortexM3\ARM_GCC_493\Debug\Capsense.a(CapSense_1_IdacCH0.o)
 .debug_line    0x00001a52       0xeb .\CortexM3\ARM_GCC_493\Debug\Capsense.a(CapSense_1_AMuxCH0.o)
 .debug_line    0x00001b3d      0x19b .\CortexM3\ARM_GCC_493\Debug\Capsense.a(CapSense_1_IntClock.o)
 .debug_line    0x00001cd8      0x1ec .\CortexM3\ARM_GCC_493\Debug\Capsense.a(CyFlash.o)
 .debug_line    0x00001ec4      0x23e .\CortexM3\ARM_GCC_493\Debug\Capsense.a(CySpc.o)

.debug_frame    0x00000000     0x1598
 *(.debug_frame)
 .debug_frame   0x00000000       0x2c .\CortexM3\ARM_GCC_493\Debug\main.o
 .debug_frame   0x0000002c       0xac .\CortexM3\ARM_GCC_493\Debug\Cm3Start.o
 .debug_frame   0x000000d8      0x104 .\CortexM3\ARM_GCC_493\Debug\Capsense.a(cyfitter_cfg.o)
 .debug_frame   0x000001dc       0x50 .\CortexM3\ARM_GCC_493\Debug\Capsense.a(Pin_1.o)
 .debug_frame   0x0000022c      0x728 .\CortexM3\ARM_GCC_493\Debug\Capsense.a(CyLib.o)
 .debug_frame   0x00000954      0x1f8 .\CortexM3\ARM_GCC_493\Debug\Capsense.a(cyPm.o)
 .debug_frame   0x00000b4c      0x1d8 .\CortexM3\ARM_GCC_493\Debug\Capsense.a(CapSense_1.o)
 .debug_frame   0x00000d24      0x148 .\CortexM3\ARM_GCC_493\Debug\Capsense.a(CapSense_1_CSHL.o)
 .debug_frame   0x00000e6c       0x2c .\CortexM3\ARM_GCC_493\Debug\Capsense.a(CapSense_1_INT.o)
 .debug_frame   0x00000e98      0x108 .\CortexM3\ARM_GCC_493\Debug\Capsense.a(CapSense_1_CompCH0.o)
 .debug_frame   0x00000fa0       0xd0 .\CortexM3\ARM_GCC_493\Debug\Capsense.a(CapSense_1_IdacCH0.o)
 .debug_frame   0x00001070       0xb8 .\CortexM3\ARM_GCC_493\Debug\Capsense.a(CapSense_1_AMuxCH0.o)
 .debug_frame   0x00001128       0xe0 .\CortexM3\ARM_GCC_493\Debug\Capsense.a(CapSense_1_IntClock.o)
 .debug_frame   0x00001208      0x174 .\CortexM3\ARM_GCC_493\Debug\Capsense.a(CyFlash.o)
 .debug_frame   0x0000137c      0x160 .\CortexM3\ARM_GCC_493\Debug\Capsense.a(CySpc.o)
 .debug_frame   0x000014dc       0x20 c:/program files (x86)/cypress/psoc creator/3.3/psoc creator/import/gnu/arm/4.9.3/bin/../lib/gcc/arm-none-eabi/4.9.3/../../../../arm-none-eabi/lib/armv7-m\libg_nano.a(lib_a-errno.o)
 .debug_frame   0x000014fc       0x28 c:/program files (x86)/cypress/psoc creator/3.3/psoc creator/import/gnu/arm/4.9.3/bin/../lib/gcc/arm-none-eabi/4.9.3/../../../../arm-none-eabi/lib/armv7-m\libg_nano.a(lib_a-exit.o)
 .debug_frame   0x00001524       0x2c c:/program files (x86)/cypress/psoc creator/3.3/psoc creator/import/gnu/arm/4.9.3/bin/../lib/gcc/arm-none-eabi/4.9.3/../../../../arm-none-eabi/lib/armv7-m\libg_nano.a(lib_a-init.o)
 .debug_frame   0x00001550       0x28 c:/program files (x86)/cypress/psoc creator/3.3/psoc creator/import/gnu/arm/4.9.3/bin/../lib/gcc/arm-none-eabi/4.9.3/../../../../arm-none-eabi/lib/armv7-m\libg_nano.a(lib_a-memcpy.o)
 .debug_frame   0x00001578       0x20 c:/program files (x86)/cypress/psoc creator/3.3/psoc creator/import/gnu/arm/4.9.3/bin/../lib/gcc/arm-none-eabi/4.9.3/../../../../arm-none-eabi/lib/armv7-m\libg_nano.a(lib_a-memset.o)

.debug_str      0x00000000     0x2035
 *(.debug_str)
 .debug_str     0x00000000      0x22e .\CortexM3\ARM_GCC_493\Debug\main.o
                                0x26f (size before relaxing)
 .debug_str     0x0000022e       0x77 .\CortexM3\ARM_GCC_493\Debug\cymetadata.o
                                0x1f1 (size before relaxing)
 .debug_str     0x000002a5      0x16c .\CortexM3\ARM_GCC_493\Debug\Cm3Start.o
                                0x305 (size before relaxing)
 .debug_str     0x00000411      0x1d1 .\CortexM3\ARM_GCC_493\Debug\Capsense.a(cyfitter_cfg.o)
                                0x37e (size before relaxing)
 .debug_str     0x000005e2       0x61 .\CortexM3\ARM_GCC_493\Debug\Capsense.a(Pin_1.o)
                                0x1e9 (size before relaxing)
 .debug_str     0x00000643      0x839 .\CortexM3\ARM_GCC_493\Debug\Capsense.a(CyLib.o)
                                0xa2a (size before relaxing)
 .debug_str     0x00000e7c      0x35b .\CortexM3\ARM_GCC_493\Debug\Capsense.a(cyPm.o)
                                0x722 (size before relaxing)
 .debug_str     0x000011d7      0x443 .\CortexM3\ARM_GCC_493\Debug\Capsense.a(CapSense_1.o)
                                0x6ac (size before relaxing)
 .debug_str     0x0000161a      0x2a1 .\CortexM3\ARM_GCC_493\Debug\Capsense.a(CapSense_1_CSHL.o)
                                0x591 (size before relaxing)
 .debug_str     0x000018bb       0x40 .\CortexM3\ARM_GCC_493\Debug\Capsense.a(CapSense_1_INT.o)
                                0x221 (size before relaxing)
 .debug_str     0x000018fb      0x18e .\CortexM3\ARM_GCC_493\Debug\Capsense.a(CapSense_1_CompCH0.o)
                                0x36f (size before relaxing)
 .debug_str     0x00001a89       0xa8 .\CortexM3\ARM_GCC_493\Debug\Capsense.a(CapSense_1_IdacCH0.o)
                                0x2d0 (size before relaxing)
 .debug_str     0x00001b31       0xf7 .\CortexM3\ARM_GCC_493\Debug\Capsense.a(CapSense_1_AMuxCH0.o)
                                0x2b8 (size before relaxing)
 .debug_str     0x00001c28      0x1c1 .\CortexM3\ARM_GCC_493\Debug\Capsense.a(CapSense_1_IntClock.o)
                                0x385 (size before relaxing)
 .debug_str     0x00001de9      0x19e .\CortexM3\ARM_GCC_493\Debug\Capsense.a(CyFlash.o)
                                0x39c (size before relaxing)
 .debug_str     0x00001f87       0xae .\CortexM3\ARM_GCC_493\Debug\Capsense.a(CySpc.o)
                                0x325 (size before relaxing)

.debug_loc      0x00000000     0x2100
 *(.debug_loc)
 .debug_loc     0x00000000      0x144 .\CortexM3\ARM_GCC_493\Debug\Cm3Start.o
 .debug_loc     0x00000144      0x219 .\CortexM3\ARM_GCC_493\Debug\Capsense.a(cyfitter_cfg.o)
 .debug_loc     0x0000035d       0x42 .\CortexM3\ARM_GCC_493\Debug\Capsense.a(Pin_1.o)
 .debug_loc     0x0000039f      0xa11 .\CortexM3\ARM_GCC_493\Debug\Capsense.a(CyLib.o)
 .debug_loc     0x00000db0      0x1e4 .\CortexM3\ARM_GCC_493\Debug\Capsense.a(cyPm.o)
 .debug_loc     0x00000f94      0x1dc .\CortexM3\ARM_GCC_493\Debug\Capsense.a(CapSense_1.o)
 .debug_loc     0x00001170      0x348 .\CortexM3\ARM_GCC_493\Debug\Capsense.a(CapSense_1_CSHL.o)
 .debug_loc     0x000014b8       0xed .\CortexM3\ARM_GCC_493\Debug\Capsense.a(CapSense_1_CompCH0.o)
 .debug_loc     0x000015a5       0x76 .\CortexM3\ARM_GCC_493\Debug\Capsense.a(CapSense_1_IdacCH0.o)
 .debug_loc     0x0000161b       0x6c .\CortexM3\ARM_GCC_493\Debug\Capsense.a(CapSense_1_AMuxCH0.o)
 .debug_loc     0x00001687      0x12c .\CortexM3\ARM_GCC_493\Debug\Capsense.a(CapSense_1_IntClock.o)
 .debug_loc     0x000017b3      0x300 .\CortexM3\ARM_GCC_493\Debug\Capsense.a(CyFlash.o)
 .debug_loc     0x00001ab3      0x64d .\CortexM3\ARM_GCC_493\Debug\Capsense.a(CySpc.o)

.debug_macinfo
 *(.debug_macinfo)

.debug_ranges   0x00000000      0x710
 *(.debug_ranges)
 .debug_ranges  0x00000000       0x10 .\CortexM3\ARM_GCC_493\Debug\main.o
 .debug_ranges  0x00000010       0x38 .\CortexM3\ARM_GCC_493\Debug\Cm3Start.o
 .debug_ranges  0x00000048       0x58 .\CortexM3\ARM_GCC_493\Debug\Capsense.a(cyfitter_cfg.o)
 .debug_ranges  0x000000a0       0x28 .\CortexM3\ARM_GCC_493\Debug\Capsense.a(Pin_1.o)
 .debug_ranges  0x000000c8      0x288 .\CortexM3\ARM_GCC_493\Debug\Capsense.a(CyLib.o)
 .debug_ranges  0x00000350       0x88 .\CortexM3\ARM_GCC_493\Debug\Capsense.a(cyPm.o)
 .debug_ranges  0x000003d8       0xa0 .\CortexM3\ARM_GCC_493\Debug\Capsense.a(CapSense_1.o)
 .debug_ranges  0x00000478       0x68 .\CortexM3\ARM_GCC_493\Debug\Capsense.a(CapSense_1_CSHL.o)
 .debug_ranges  0x000004e0       0x10 .\CortexM3\ARM_GCC_493\Debug\Capsense.a(CapSense_1_INT.o)
 .debug_ranges  0x000004f0       0x60 .\CortexM3\ARM_GCC_493\Debug\Capsense.a(CapSense_1_CompCH0.o)
 .debug_ranges  0x00000550       0x50 .\CortexM3\ARM_GCC_493\Debug\Capsense.a(CapSense_1_IdacCH0.o)
 .debug_ranges  0x000005a0       0x38 .\CortexM3\ARM_GCC_493\Debug\Capsense.a(CapSense_1_AMuxCH0.o)
 .debug_ranges  0x000005d8       0x60 .\CortexM3\ARM_GCC_493\Debug\Capsense.a(CapSense_1_IntClock.o)
 .debug_ranges  0x00000638       0x70 .\CortexM3\ARM_GCC_493\Debug\Capsense.a(CyFlash.o)
 .debug_ranges  0x000006a8       0x68 .\CortexM3\ARM_GCC_493\Debug\Capsense.a(CySpc.o)

.comment        0x00000000       0x70
 .comment       0x00000000       0x70 .\CortexM3\ARM_GCC_493\Debug\main.o
                                 0x71 (size before relaxing)
 .comment       0x00000000       0x71 .\CortexM3\ARM_GCC_493\Debug\cymetadata.o
 .comment       0x00000000       0x71 .\CortexM3\ARM_GCC_493\Debug\Cm3Start.o
 .comment       0x00000000       0x71 .\CortexM3\ARM_GCC_493\Debug\Capsense.a(cyfitter_cfg.o)
 .comment       0x00000000       0x71 .\CortexM3\ARM_GCC_493\Debug\Capsense.a(Pin_1.o)
 .comment       0x00000000       0x71 .\CortexM3\ARM_GCC_493\Debug\Capsense.a(CyLib.o)
 .comment       0x00000000       0x71 .\CortexM3\ARM_GCC_493\Debug\Capsense.a(cyPm.o)
 .comment       0x00000000       0x71 .\CortexM3\ARM_GCC_493\Debug\Capsense.a(CapSense_1.o)
 .comment       0x00000000       0x71 .\CortexM3\ARM_GCC_493\Debug\Capsense.a(CapSense_1_CSHL.o)
 .comment       0x00000000       0x71 .\CortexM3\ARM_GCC_493\Debug\Capsense.a(CapSense_1_INT.o)
 .comment       0x00000000       0x71 .\CortexM3\ARM_GCC_493\Debug\Capsense.a(CapSense_1_CompCH0.o)
 .comment       0x00000000       0x71 .\CortexM3\ARM_GCC_493\Debug\Capsense.a(CapSense_1_IdacCH0.o)
 .comment       0x00000000       0x71 .\CortexM3\ARM_GCC_493\Debug\Capsense.a(CapSense_1_AMuxCH0.o)
 .comment       0x00000000       0x71 .\CortexM3\ARM_GCC_493\Debug\Capsense.a(CapSense_1_IntClock.o)
 .comment       0x00000000       0x71 .\CortexM3\ARM_GCC_493\Debug\Capsense.a(CyFlash.o)
 .comment       0x00000000       0x71 .\CortexM3\ARM_GCC_493\Debug\Capsense.a(CySpc.o)

.debug_weaknames
 *(.debug_weaknames)

.debug_funcnames
 *(.debug_funcnames)

.debug_typenames
 *(.debug_typenames)

.debug_varnames
 *(.debug_varnames)

.note.gnu.arm.ident
 *(.note.gnu.arm.ident)

.ARM.attributes
                0x00000000       0x29
 *(.ARM.attributes)
 .ARM.attributes
                0x00000000       0x1d c:/program files (x86)/cypress/psoc creator/3.3/psoc creator/import/gnu/arm/4.9.3/bin/../lib/gcc/arm-none-eabi/4.9.3/armv7-m/crti.o
 .ARM.attributes
                0x0000001d       0x2d c:/program files (x86)/cypress/psoc creator/3.3/psoc creator/import/gnu/arm/4.9.3/bin/../lib/gcc/arm-none-eabi/4.9.3/armv7-m/crtbegin.o
 .ARM.attributes
                0x0000004a       0x1b c:/program files (x86)/cypress/psoc creator/3.3/psoc creator/import/gnu/arm/4.9.3/bin/../lib/gcc/arm-none-eabi/4.9.3/../../../../arm-none-eabi/lib/armv7-m/crt0.o
 .ARM.attributes
                0x00000065       0x33 .\CortexM3\ARM_GCC_493\Debug\main.o
 .ARM.attributes
                0x00000098       0x33 .\CortexM3\ARM_GCC_493\Debug\cymetadata.o
 .ARM.attributes
                0x000000cb       0x33 .\CortexM3\ARM_GCC_493\Debug\Cm3Start.o
 .ARM.attributes
                0x000000fe       0x33 .\CortexM3\ARM_GCC_493\Debug\Capsense.a(cyfitter_cfg.o)
 .ARM.attributes
                0x00000131       0x33 .\CortexM3\ARM_GCC_493\Debug\Capsense.a(Pin_1.o)
 .ARM.attributes
                0x00000164       0x21 .\CortexM3\ARM_GCC_493\Debug\Capsense.a(CyBootAsmGnu.o)
 .ARM.attributes
                0x00000185       0x33 .\CortexM3\ARM_GCC_493\Debug\Capsense.a(CyLib.o)
 .ARM.attributes
                0x000001b8       0x33 .\CortexM3\ARM_GCC_493\Debug\Capsense.a(cyPm.o)
 .ARM.attributes
                0x000001eb       0x33 .\CortexM3\ARM_GCC_493\Debug\Capsense.a(CapSense_1.o)
 .ARM.attributes
                0x0000021e       0x33 .\CortexM3\ARM_GCC_493\Debug\Capsense.a(CapSense_1_CSHL.o)
 .ARM.attributes
                0x00000251       0x33 .\CortexM3\ARM_GCC_493\Debug\Capsense.a(CapSense_1_INT.o)
 .ARM.attributes
                0x00000284       0x33 .\CortexM3\ARM_GCC_493\Debug\Capsense.a(CapSense_1_CompCH0.o)
 .ARM.attributes
                0x000002b7       0x33 .\CortexM3\ARM_GCC_493\Debug\Capsense.a(CapSense_1_IdacCH0.o)
 .ARM.attributes
                0x000002ea       0x33 .\CortexM3\ARM_GCC_493\Debug\Capsense.a(CapSense_1_AMuxCH0.o)
 .ARM.attributes
                0x0000031d       0x33 .\CortexM3\ARM_GCC_493\Debug\Capsense.a(CapSense_1_IntClock.o)
 .ARM.attributes
                0x00000350       0x33 .\CortexM3\ARM_GCC_493\Debug\Capsense.a(CyFlash.o)
 .ARM.attributes
                0x00000383       0x33 .\CortexM3\ARM_GCC_493\Debug\Capsense.a(CySpc.o)
 .ARM.attributes
                0x000003b6       0x2d c:/program files (x86)/cypress/psoc creator/3.3/psoc creator/import/gnu/arm/4.9.3/bin/../lib/gcc/arm-none-eabi/4.9.3/../../../../arm-none-eabi/lib/armv7-m\libg_nano.a(lib_a-errno.o)
 .ARM.attributes
                0x000003e3       0x2d c:/program files (x86)/cypress/psoc creator/3.3/psoc creator/import/gnu/arm/4.9.3/bin/../lib/gcc/arm-none-eabi/4.9.3/../../../../arm-none-eabi/lib/armv7-m\libg_nano.a(lib_a-exit.o)
 .ARM.attributes
                0x00000410       0x2d c:/program files (x86)/cypress/psoc creator/3.3/psoc creator/import/gnu/arm/4.9.3/bin/../lib/gcc/arm-none-eabi/4.9.3/../../../../arm-none-eabi/lib/armv7-m\libg_nano.a(lib_a-impure.o)
 .ARM.attributes
                0x0000043d       0x2d c:/program files (x86)/cypress/psoc creator/3.3/psoc creator/import/gnu/arm/4.9.3/bin/../lib/gcc/arm-none-eabi/4.9.3/../../../../arm-none-eabi/lib/armv7-m\libg_nano.a(lib_a-init.o)
 .ARM.attributes
                0x0000046a       0x2d c:/program files (x86)/cypress/psoc creator/3.3/psoc creator/import/gnu/arm/4.9.3/bin/../lib/gcc/arm-none-eabi/4.9.3/../../../../arm-none-eabi/lib/armv7-m\libg_nano.a(lib_a-memcpy.o)
 .ARM.attributes
                0x00000497       0x2d c:/program files (x86)/cypress/psoc creator/3.3/psoc creator/import/gnu/arm/4.9.3/bin/../lib/gcc/arm-none-eabi/4.9.3/../../../../arm-none-eabi/lib/armv7-m\libg_nano.a(lib_a-memset.o)
 .ARM.attributes
                0x000004c4       0x2d c:/program files (x86)/cypress/psoc creator/3.3/psoc creator/import/gnu/arm/4.9.3/bin/../lib/gcc/arm-none-eabi/4.9.3/armv7-m/crtend.o
 .ARM.attributes
                0x000004f1       0x1d c:/program files (x86)/cypress/psoc creator/3.3/psoc creator/import/gnu/arm/4.9.3/bin/../lib/gcc/arm-none-eabi/4.9.3/armv7-m/crtn.o

/DISCARD/
 *(.note.GNU-stack)
OUTPUT(.\CortexM3\ARM_GCC_493\Debug\Capsense.elf elf32-littlearm)
