Archive member included because of file (symbol)

.\ARM_GCC_493\Debug\CapSense_CSD_WithTuner01.a(cyfitter_cfg.o)
                              .\ARM_GCC_493\Debug\Cm3Start.o (cyfitter_cfg)
.\ARM_GCC_493\Debug\CapSense_CSD_WithTuner01.a(CapSense_CSD_CSHL.o)
                              .\ARM_GCC_493\Debug\main.o (CapSense_CSD_EnableWidget)
.\ARM_GCC_493\Debug\CapSense_CSD_WithTuner01.a(CapSense_CSD_TunerHelper.o)
                              .\ARM_GCC_493\Debug\main.o (CapSense_CSD_TunerStart)
.\ARM_GCC_493\Debug\CapSense_CSD_WithTuner01.a(CyBootAsmGnu.o)
                              .\ARM_GCC_493\Debug\CapSense_CSD_WithTuner01.a(cyfitter_cfg.o) (CyDelayCycles)
.\ARM_GCC_493\Debug\CapSense_CSD_WithTuner01.a(CyLib.o)
                              .\ARM_GCC_493\Debug\Cm3Start.o (CyResetStatus)
.\ARM_GCC_493\Debug\CapSense_CSD_WithTuner01.a(cyPm.o)
                              .\ARM_GCC_493\Debug\CapSense_CSD_WithTuner01.a(CyLib.o) (CyPmReadStatus)
.\ARM_GCC_493\Debug\CapSense_CSD_WithTuner01.a(EzI2C.o)
                              .\ARM_GCC_493\Debug\CapSense_CSD_WithTuner01.a(CapSense_CSD_TunerHelper.o) (EzI2C_Start)
.\ARM_GCC_493\Debug\CapSense_CSD_WithTuner01.a(EzI2C_PM.o)
                              .\ARM_GCC_493\Debug\CapSense_CSD_WithTuner01.a(EzI2C.o) (EzI2C_backup)
.\ARM_GCC_493\Debug\CapSense_CSD_WithTuner01.a(EzI2C_INT.o)
                              .\ARM_GCC_493\Debug\CapSense_CSD_WithTuner01.a(EzI2C.o) (EzI2C_ISR)
.\ARM_GCC_493\Debug\CapSense_CSD_WithTuner01.a(CapSense_CSD.o)
                              .\ARM_GCC_493\Debug\CapSense_CSD_WithTuner01.a(CapSense_CSD_CSHL.o) (CapSense_CSD_sensorRaw)
.\ARM_GCC_493\Debug\CapSense_CSD_WithTuner01.a(CapSense_CSD_INT.o)
                              .\ARM_GCC_493\Debug\CapSense_CSD_WithTuner01.a(CapSense_CSD.o) (CapSense_CSD_IsrCH0_ISR)
.\ARM_GCC_493\Debug\CapSense_CSD_WithTuner01.a(CapSense_CSD_MBX.o)
                              .\ARM_GCC_493\Debug\CapSense_CSD_WithTuner01.a(CapSense_CSD_TunerHelper.o) (CapSense_CSD_InitMailbox)
.\ARM_GCC_493\Debug\CapSense_CSD_WithTuner01.a(CapSense_CSD_CompCH0.o)
                              .\ARM_GCC_493\Debug\CapSense_CSD_WithTuner01.a(CapSense_CSD.o) (CapSense_CSD_CompCH0_Init)
.\ARM_GCC_493\Debug\CapSense_CSD_WithTuner01.a(CapSense_CSD_IdacCH0.o)
                              .\ARM_GCC_493\Debug\CapSense_CSD_WithTuner01.a(CapSense_CSD.o) (CapSense_CSD_IdacCH0_Init)
.\ARM_GCC_493\Debug\CapSense_CSD_WithTuner01.a(CapSense_CSD_AMuxCH0.o)
                              .\ARM_GCC_493\Debug\CapSense_CSD_WithTuner01.a(CapSense_CSD.o) (CapSense_CSD_AMuxCH0_Init)
.\ARM_GCC_493\Debug\CapSense_CSD_WithTuner01.a(CapSense_CSD_IntClock.o)
                              .\ARM_GCC_493\Debug\CapSense_CSD_WithTuner01.a(CapSense_CSD.o) (CapSense_CSD_IntClock_Start)
.\ARM_GCC_493\Debug\CapSense_CSD_WithTuner01.a(CyFlash.o)
                              .\ARM_GCC_493\Debug\CapSense_CSD_WithTuner01.a(cyPm.o) (CyFlash_SetWaitCycles)
.\ARM_GCC_493\Debug\CapSense_CSD_WithTuner01.a(CySpc.o)
                              .\ARM_GCC_493\Debug\CapSense_CSD_WithTuner01.a(CyFlash.o) (CySpcStart)
c:/program files (x86)/cypress/psoc creator/3.3/psoc creator/import/gnu/arm/4.9.3/bin/../lib/gcc/arm-none-eabi/4.9.3/../../../../arm-none-eabi/lib/armv7-m\libg_nano.a(lib_a-errno.o)
                              .\ARM_GCC_493\Debug\Cm3Start.o (__errno)
c:/program files (x86)/cypress/psoc creator/3.3/psoc creator/import/gnu/arm/4.9.3/bin/../lib/gcc/arm-none-eabi/4.9.3/../../../../arm-none-eabi/lib/armv7-m\libg_nano.a(lib_a-exit.o)
                              c:/program files (x86)/cypress/psoc creator/3.3/psoc creator/import/gnu/arm/4.9.3/bin/../lib/gcc/arm-none-eabi/4.9.3/../../../../arm-none-eabi/lib/armv7-m/crt0.o (exit)
c:/program files (x86)/cypress/psoc creator/3.3/psoc creator/import/gnu/arm/4.9.3/bin/../lib/gcc/arm-none-eabi/4.9.3/../../../../arm-none-eabi/lib/armv7-m\libg_nano.a(lib_a-impure.o)
                              c:/program files (x86)/cypress/psoc creator/3.3/psoc creator/import/gnu/arm/4.9.3/bin/../lib/gcc/arm-none-eabi/4.9.3/../../../../arm-none-eabi/lib/armv7-m\libg_nano.a(lib_a-exit.o) (_global_impure_ptr)
c:/program files (x86)/cypress/psoc creator/3.3/psoc creator/import/gnu/arm/4.9.3/bin/../lib/gcc/arm-none-eabi/4.9.3/../../../../arm-none-eabi/lib/armv7-m\libg_nano.a(lib_a-init.o)
                              c:/program files (x86)/cypress/psoc creator/3.3/psoc creator/import/gnu/arm/4.9.3/bin/../lib/gcc/arm-none-eabi/4.9.3/../../../../arm-none-eabi/lib/armv7-m/crt0.o (__libc_init_array)
c:/program files (x86)/cypress/psoc creator/3.3/psoc creator/import/gnu/arm/4.9.3/bin/../lib/gcc/arm-none-eabi/4.9.3/../../../../arm-none-eabi/lib/armv7-m\libg_nano.a(lib_a-memcpy.o)
                              .\ARM_GCC_493\Debug\CapSense_CSD_WithTuner01.a(cyfitter_cfg.o) (memcpy)
c:/program files (x86)/cypress/psoc creator/3.3/psoc creator/import/gnu/arm/4.9.3/bin/../lib/gcc/arm-none-eabi/4.9.3/../../../../arm-none-eabi/lib/armv7-m\libg_nano.a(lib_a-memset.o)
                              c:/program files (x86)/cypress/psoc creator/3.3/psoc creator/import/gnu/arm/4.9.3/bin/../lib/gcc/arm-none-eabi/4.9.3/../../../../arm-none-eabi/lib/armv7-m/crt0.o (memset)

Allocating common symbols
Common symbol       size              file

CapSense_CSD_sensorIndex
                    0x1               .\ARM_GCC_493\Debug\CapSense_CSD_WithTuner01.a(CapSense_CSD.o)
EzI2C_rwIndexS1     0x2               .\ARM_GCC_493\Debug\CapSense_CSD_WithTuner01.a(EzI2C.o)
EzI2C_curStatus     0x1               .\ARM_GCC_493\Debug\CapSense_CSD_WithTuner01.a(EzI2C.o)
CapSense_CSD_mailboxesComm
                    0x19              .\ARM_GCC_493\Debug\CapSense_CSD_WithTuner01.a(CapSense_CSD_TunerHelper.o)
CapSense_CSD_csv    0x1               .\ARM_GCC_493\Debug\CapSense_CSD_WithTuner01.a(CapSense_CSD.o)
EzI2C_rwOffsetS1    0x2               .\ARM_GCC_493\Debug\CapSense_CSD_WithTuner01.a(EzI2C.o)
CapSense_CSD_sensorSignal
                    0x2               .\ARM_GCC_493\Debug\CapSense_CSD_WithTuner01.a(CapSense_CSD_CSHL.o)
EzI2C_bufSizeS1     0x2               .\ARM_GCC_493\Debug\CapSense_CSD_WithTuner01.a(EzI2C.o)
EzI2C_curState      0x1               .\ARM_GCC_493\Debug\CapSense_CSD_WithTuner01.a(EzI2C.o)
EzI2C_wrProtectS1   0x2               .\ARM_GCC_493\Debug\CapSense_CSD_WithTuner01.a(EzI2C.o)
CapSense_CSD_sensorBaseline
                    0x2               .\ARM_GCC_493\Debug\CapSense_CSD_WithTuner01.a(CapSense_CSD_CSHL.o)
CapSense_CSD_sensorBaselineLow
                    0x1               .\ARM_GCC_493\Debug\CapSense_CSD_WithTuner01.a(CapSense_CSD_CSHL.o)
CapSense_CSD_sensorRaw
                    0x2               .\ARM_GCC_493\Debug\CapSense_CSD_WithTuner01.a(CapSense_CSD.o)
EzI2C_dataPtrS1     0x4               .\ARM_GCC_493\Debug\CapSense_CSD_WithTuner01.a(EzI2C.o)
CapSense_CSD_sensorOnMask
                    0x1               .\ARM_GCC_493\Debug\CapSense_CSD_WithTuner01.a(CapSense_CSD_CSHL.o)
CapSense_CSD_lowBaselineResetCnt
                    0x1               .\ARM_GCC_493\Debug\CapSense_CSD_WithTuner01.a(CapSense_CSD_CSHL.o)
dieTemperature      0x2               .\ARM_GCC_493\Debug\CapSense_CSD_WithTuner01.a(CyFlash.o)

Discarded input sections

 .text          0x00000000        0x0 c:/program files (x86)/cypress/psoc creator/3.3/psoc creator/import/gnu/arm/4.9.3/bin/../lib/gcc/arm-none-eabi/4.9.3/armv7-m/crti.o
 .data          0x00000000        0x0 c:/program files (x86)/cypress/psoc creator/3.3/psoc creator/import/gnu/arm/4.9.3/bin/../lib/gcc/arm-none-eabi/4.9.3/armv7-m/crti.o
 .bss           0x00000000        0x0 c:/program files (x86)/cypress/psoc creator/3.3/psoc creator/import/gnu/arm/4.9.3/bin/../lib/gcc/arm-none-eabi/4.9.3/armv7-m/crti.o
 .data          0x00000000        0x4 c:/program files (x86)/cypress/psoc creator/3.3/psoc creator/import/gnu/arm/4.9.3/bin/../lib/gcc/arm-none-eabi/4.9.3/armv7-m/crtbegin.o
 .text          0x00000000       0x74 c:/program files (x86)/cypress/psoc creator/3.3/psoc creator/import/gnu/arm/4.9.3/bin/../lib/gcc/arm-none-eabi/4.9.3/../../../../arm-none-eabi/lib/armv7-m/crt0.o
 .data          0x00000000        0x0 c:/program files (x86)/cypress/psoc creator/3.3/psoc creator/import/gnu/arm/4.9.3/bin/../lib/gcc/arm-none-eabi/4.9.3/../../../../arm-none-eabi/lib/armv7-m/crt0.o
 .bss           0x00000000        0x0 c:/program files (x86)/cypress/psoc creator/3.3/psoc creator/import/gnu/arm/4.9.3/bin/../lib/gcc/arm-none-eabi/4.9.3/../../../../arm-none-eabi/lib/armv7-m/crt0.o
 .ARM.extab     0x00000000        0x0 c:/program files (x86)/cypress/psoc creator/3.3/psoc creator/import/gnu/arm/4.9.3/bin/../lib/gcc/arm-none-eabi/4.9.3/../../../../arm-none-eabi/lib/armv7-m/crt0.o
 .ARM.exidx     0x00000000        0x8 c:/program files (x86)/cypress/psoc creator/3.3/psoc creator/import/gnu/arm/4.9.3/bin/../lib/gcc/arm-none-eabi/4.9.3/../../../../arm-none-eabi/lib/armv7-m/crt0.o
 .text          0x00000000        0x0 .\ARM_GCC_493\Debug\main.o
 .data          0x00000000        0x0 .\ARM_GCC_493\Debug\main.o
 .bss           0x00000000        0x0 .\ARM_GCC_493\Debug\main.o
 .text          0x00000000        0x0 .\ARM_GCC_493\Debug\cymetadata.o
 .data          0x00000000        0x0 .\ARM_GCC_493\Debug\cymetadata.o
 .bss           0x00000000        0x0 .\ARM_GCC_493\Debug\cymetadata.o
 .text          0x00000000        0x0 .\ARM_GCC_493\Debug\Cm3Start.o
 .data          0x00000000        0x4 .\ARM_GCC_493\Debug\Cm3Start.o
 .bss           0x00000000        0x0 .\ARM_GCC_493\Debug\Cm3Start.o
 .text._exit    0x00000000       0x14 .\ARM_GCC_493\Debug\Cm3Start.o
 .text._sbrk    0x00000000       0x50 .\ARM_GCC_493\Debug\Cm3Start.o
 .text          0x00000000        0x0 .\ARM_GCC_493\Debug\CapSense_CSD_WithTuner01.a(cyfitter_cfg.o)
 .data          0x00000000        0x0 .\ARM_GCC_493\Debug\CapSense_CSD_WithTuner01.a(cyfitter_cfg.o)
 .bss           0x00000000        0x0 .\ARM_GCC_493\Debug\CapSense_CSD_WithTuner01.a(cyfitter_cfg.o)
 .text.CYCONFIGCPYCODE
                0x00000000       0x1c .\ARM_GCC_493\Debug\CapSense_CSD_WithTuner01.a(cyfitter_cfg.o)
 .text.SetAnalogRoutingPumps
                0x00000000       0x3c .\ARM_GCC_493\Debug\CapSense_CSD_WithTuner01.a(cyfitter_cfg.o)
 .text          0x00000000        0x0 .\ARM_GCC_493\Debug\CapSense_CSD_WithTuner01.a(CapSense_CSD_CSHL.o)
 .rodata        0x00000000        0x8 .\ARM_GCC_493\Debug\CapSense_CSD_WithTuner01.a(CapSense_CSD_CSHL.o)
 .text.CapSense_CSD_InitializeEnabledBaselines
                0x00000000       0x6c .\ARM_GCC_493\Debug\CapSense_CSD_WithTuner01.a(CapSense_CSD_CSHL.o)
 .text.CapSense_CSD_DisableWidget
                0x00000000       0x5c .\ARM_GCC_493\Debug\CapSense_CSD_WithTuner01.a(CapSense_CSD_CSHL.o)
 .text          0x00000000        0x0 .\ARM_GCC_493\Debug\CapSense_CSD_WithTuner01.a(CapSense_CSD_TunerHelper.o)
 .data          0x00000000        0x0 .\ARM_GCC_493\Debug\CapSense_CSD_WithTuner01.a(CapSense_CSD_TunerHelper.o)
 .bss           0x00000000        0x0 .\ARM_GCC_493\Debug\CapSense_CSD_WithTuner01.a(CapSense_CSD_TunerHelper.o)
 .data          0x00000000        0x0 .\ARM_GCC_493\Debug\CapSense_CSD_WithTuner01.a(CyBootAsmGnu.o)
 .bss           0x00000000        0x0 .\ARM_GCC_493\Debug\CapSense_CSD_WithTuner01.a(CyBootAsmGnu.o)
 .text          0x00000000        0x0 .\ARM_GCC_493\Debug\CapSense_CSD_WithTuner01.a(CyLib.o)
 .data          0x00000000       0x10 .\ARM_GCC_493\Debug\CapSense_CSD_WithTuner01.a(CyLib.o)
 .bss           0x00000000       0x1c .\ARM_GCC_493\Debug\CapSense_CSD_WithTuner01.a(CyLib.o)
 .text.CyPLL_OUT_Start
                0x00000000       0xb0 .\ARM_GCC_493\Debug\CapSense_CSD_WithTuner01.a(CyLib.o)
 .text.CyPLL_OUT_Stop
                0x00000000       0x20 .\ARM_GCC_493\Debug\CapSense_CSD_WithTuner01.a(CyLib.o)
 .text.CyPLL_OUT_SetPQ
                0x00000000       0x90 .\ARM_GCC_493\Debug\CapSense_CSD_WithTuner01.a(CyLib.o)
 .text.CyPLL_OUT_SetSource
                0x00000000       0x54 .\ARM_GCC_493\Debug\CapSense_CSD_WithTuner01.a(CyLib.o)
 .text.CyIMO_Start
                0x00000000       0x94 .\ARM_GCC_493\Debug\CapSense_CSD_WithTuner01.a(CyLib.o)
 .text.CyIMO_Stop
                0x00000000       0x34 .\ARM_GCC_493\Debug\CapSense_CSD_WithTuner01.a(CyLib.o)
 .text.CyUSB_PowerOnCheck
                0x00000000       0x60 .\ARM_GCC_493\Debug\CapSense_CSD_WithTuner01.a(CyLib.o)
 .text.CyIMO_SetTrimValue
                0x00000000      0x108 .\ARM_GCC_493\Debug\CapSense_CSD_WithTuner01.a(CyLib.o)
 .text.CyIMO_SetFreq
                0x00000000      0x1ac .\ARM_GCC_493\Debug\CapSense_CSD_WithTuner01.a(CyLib.o)
 .text.CyIMO_SetSource
                0x00000000       0x8c .\ARM_GCC_493\Debug\CapSense_CSD_WithTuner01.a(CyLib.o)
 .text.CyIMO_EnableDoubler
                0x00000000       0x20 .\ARM_GCC_493\Debug\CapSense_CSD_WithTuner01.a(CyLib.o)
 .text.CyIMO_DisableDoubler
                0x00000000       0x20 .\ARM_GCC_493\Debug\CapSense_CSD_WithTuner01.a(CyLib.o)
 .text.CyMasterClk_SetSource
                0x00000000       0x34 .\ARM_GCC_493\Debug\CapSense_CSD_WithTuner01.a(CyLib.o)
 .text.CyMasterClk_SetDivider
                0x00000000       0x20 .\ARM_GCC_493\Debug\CapSense_CSD_WithTuner01.a(CyLib.o)
 .text.CyBusClk_Internal_SetDivider
                0x00000000       0x78 .\ARM_GCC_493\Debug\CapSense_CSD_WithTuner01.a(CyLib.o)
 .text.CyBusClk_SetDivider
                0x00000000       0xb4 .\ARM_GCC_493\Debug\CapSense_CSD_WithTuner01.a(CyLib.o)
 .text.CyUsbClk_SetSource
                0x00000000       0x34 .\ARM_GCC_493\Debug\CapSense_CSD_WithTuner01.a(CyLib.o)
 .text.CyILO_Start1K
                0x00000000       0x20 .\ARM_GCC_493\Debug\CapSense_CSD_WithTuner01.a(CyLib.o)
 .text.CyILO_Stop1K
                0x00000000       0x20 .\ARM_GCC_493\Debug\CapSense_CSD_WithTuner01.a(CyLib.o)
 .text.CyILO_Start100K
                0x00000000       0x20 .\ARM_GCC_493\Debug\CapSense_CSD_WithTuner01.a(CyLib.o)
 .text.CyILO_Stop100K
                0x00000000       0x20 .\ARM_GCC_493\Debug\CapSense_CSD_WithTuner01.a(CyLib.o)
 .text.CyILO_Enable33K
                0x00000000       0x20 .\ARM_GCC_493\Debug\CapSense_CSD_WithTuner01.a(CyLib.o)
 .text.CyILO_Disable33K
                0x00000000       0x20 .\ARM_GCC_493\Debug\CapSense_CSD_WithTuner01.a(CyLib.o)
 .text.CyILO_SetSource
                0x00000000       0x38 .\ARM_GCC_493\Debug\CapSense_CSD_WithTuner01.a(CyLib.o)
 .text.CyILO_SetPowerMode
                0x00000000       0x4c .\ARM_GCC_493\Debug\CapSense_CSD_WithTuner01.a(CyLib.o)
 .text.CyXTAL_32KHZ_Start
                0x00000000       0x84 .\ARM_GCC_493\Debug\CapSense_CSD_WithTuner01.a(CyLib.o)
 .text.CyXTAL_32KHZ_Stop
                0x00000000       0x50 .\ARM_GCC_493\Debug\CapSense_CSD_WithTuner01.a(CyLib.o)
 .text.CyXTAL_32KHZ_ReadStatus
                0x00000000       0x20 .\ARM_GCC_493\Debug\CapSense_CSD_WithTuner01.a(CyLib.o)
 .text.CyXTAL_32KHZ_SetPowerMode
                0x00000000       0xb4 .\ARM_GCC_493\Debug\CapSense_CSD_WithTuner01.a(CyLib.o)
 .text.CyXTAL_Start
                0x00000000       0xd0 .\ARM_GCC_493\Debug\CapSense_CSD_WithTuner01.a(CyLib.o)
 .text.CyXTAL_Stop
                0x00000000       0x20 .\ARM_GCC_493\Debug\CapSense_CSD_WithTuner01.a(CyLib.o)
 .text.CyXTAL_EnableErrStatus
                0x00000000       0x20 .\ARM_GCC_493\Debug\CapSense_CSD_WithTuner01.a(CyLib.o)
 .text.CyXTAL_DisableErrStatus
                0x00000000       0x20 .\ARM_GCC_493\Debug\CapSense_CSD_WithTuner01.a(CyLib.o)
 .text.CyXTAL_ReadStatus
                0x00000000       0x28 .\ARM_GCC_493\Debug\CapSense_CSD_WithTuner01.a(CyLib.o)
 .text.CyXTAL_EnableFaultRecovery
                0x00000000       0x20 .\ARM_GCC_493\Debug\CapSense_CSD_WithTuner01.a(CyLib.o)
 .text.CyXTAL_DisableFaultRecovery
                0x00000000       0x20 .\ARM_GCC_493\Debug\CapSense_CSD_WithTuner01.a(CyLib.o)
 .text.CyXTAL_SetStartup
                0x00000000       0x34 .\ARM_GCC_493\Debug\CapSense_CSD_WithTuner01.a(CyLib.o)
 .text.CyXTAL_SetFbVoltage
                0x00000000       0x34 .\ARM_GCC_493\Debug\CapSense_CSD_WithTuner01.a(CyLib.o)
 .text.CyXTAL_SetWdVoltage
                0x00000000       0x38 .\ARM_GCC_493\Debug\CapSense_CSD_WithTuner01.a(CyLib.o)
 .text.CySoftwareReset
                0x00000000       0x20 .\ARM_GCC_493\Debug\CapSense_CSD_WithTuner01.a(CyLib.o)
 .text.CyDelay  0x00000000       0x44 .\ARM_GCC_493\Debug\CapSense_CSD_WithTuner01.a(CyLib.o)
 .text.CyDelayUs
                0x00000000       0x24 .\ARM_GCC_493\Debug\CapSense_CSD_WithTuner01.a(CyLib.o)
 .text.CyDelayFreq
                0x00000000       0x7c .\ARM_GCC_493\Debug\CapSense_CSD_WithTuner01.a(CyLib.o)
 .text.CyWdtStart
                0x00000000       0x8c .\ARM_GCC_493\Debug\CapSense_CSD_WithTuner01.a(CyLib.o)
 .text.CyWdtClear
                0x00000000       0x18 .\ARM_GCC_493\Debug\CapSense_CSD_WithTuner01.a(CyLib.o)
 .text.CyVdLvDigitEnable
                0x00000000       0xcc .\ARM_GCC_493\Debug\CapSense_CSD_WithTuner01.a(CyLib.o)
 .text.CyVdLvAnalogEnable
                0x00000000       0xc8 .\ARM_GCC_493\Debug\CapSense_CSD_WithTuner01.a(CyLib.o)
 .text.CyVdLvDigitDisable
                0x00000000       0x48 .\ARM_GCC_493\Debug\CapSense_CSD_WithTuner01.a(CyLib.o)
 .text.CyVdLvAnalogDisable
                0x00000000       0x40 .\ARM_GCC_493\Debug\CapSense_CSD_WithTuner01.a(CyLib.o)
 .text.CyVdHvAnalogEnable
                0x00000000       0x78 .\ARM_GCC_493\Debug\CapSense_CSD_WithTuner01.a(CyLib.o)
 .text.CyVdHvAnalogDisable
                0x00000000       0x2c .\ARM_GCC_493\Debug\CapSense_CSD_WithTuner01.a(CyLib.o)
 .text.CyVdStickyStatus
                0x00000000       0x5c .\ARM_GCC_493\Debug\CapSense_CSD_WithTuner01.a(CyLib.o)
 .text.CyVdRealTimeStatus
                0x00000000       0x30 .\ARM_GCC_493\Debug\CapSense_CSD_WithTuner01.a(CyLib.o)
 .text.CyDisableInts
                0x00000000       0x34 .\ARM_GCC_493\Debug\CapSense_CSD_WithTuner01.a(CyLib.o)
 .text.CyEnableInts
                0x00000000       0x28 .\ARM_GCC_493\Debug\CapSense_CSD_WithTuner01.a(CyLib.o)
 .text.CyFlushCache
                0x00000000       0x58 .\ARM_GCC_493\Debug\CapSense_CSD_WithTuner01.a(CyLib.o)
 .text.CyIntSetSysVector
                0x00000000       0x4c .\ARM_GCC_493\Debug\CapSense_CSD_WithTuner01.a(CyLib.o)
 .text.CyIntGetSysVector
                0x00000000       0x38 .\ARM_GCC_493\Debug\CapSense_CSD_WithTuner01.a(CyLib.o)
 .text.CyIntGetVector
                0x00000000       0x38 .\ARM_GCC_493\Debug\CapSense_CSD_WithTuner01.a(CyLib.o)
 .text.CyIntGetPriority
                0x00000000       0x38 .\ARM_GCC_493\Debug\CapSense_CSD_WithTuner01.a(CyLib.o)
 .text.CyIntGetState
                0x00000000       0x44 .\ARM_GCC_493\Debug\CapSense_CSD_WithTuner01.a(CyLib.o)
 .text.CySysTickStart
                0x00000000       0x20 .\ARM_GCC_493\Debug\CapSense_CSD_WithTuner01.a(CyLib.o)
 .text.CySysTickInit
                0x00000000       0x68 .\ARM_GCC_493\Debug\CapSense_CSD_WithTuner01.a(CyLib.o)
 .text.CySysTickEnable
                0x00000000       0x1c .\ARM_GCC_493\Debug\CapSense_CSD_WithTuner01.a(CyLib.o)
 .text.CySysTickStop
                0x00000000       0x1c .\ARM_GCC_493\Debug\CapSense_CSD_WithTuner01.a(CyLib.o)
 .text.CySysTickEnableInterrupt
                0x00000000       0x1c .\ARM_GCC_493\Debug\CapSense_CSD_WithTuner01.a(CyLib.o)
 .text.CySysTickDisableInterrupt
                0x00000000       0x1c .\ARM_GCC_493\Debug\CapSense_CSD_WithTuner01.a(CyLib.o)
 .text.CySysTickSetReload
                0x00000000       0x20 .\ARM_GCC_493\Debug\CapSense_CSD_WithTuner01.a(CyLib.o)
 .text.CySysTickGetReload
                0x00000000       0x1c .\ARM_GCC_493\Debug\CapSense_CSD_WithTuner01.a(CyLib.o)
 .text.CySysTickGetValue
                0x00000000       0x1c .\ARM_GCC_493\Debug\CapSense_CSD_WithTuner01.a(CyLib.o)
 .text.CySysTickSetClockSource
                0x00000000       0x38 .\ARM_GCC_493\Debug\CapSense_CSD_WithTuner01.a(CyLib.o)
 .text.CySysTickGetCountFlag
                0x00000000       0x1c .\ARM_GCC_493\Debug\CapSense_CSD_WithTuner01.a(CyLib.o)
 .text.CySysTickClear
                0x00000000       0x18 .\ARM_GCC_493\Debug\CapSense_CSD_WithTuner01.a(CyLib.o)
 .text.CySysTickSetCallback
                0x00000000       0x30 .\ARM_GCC_493\Debug\CapSense_CSD_WithTuner01.a(CyLib.o)
 .text.CySysTickGetCallback
                0x00000000       0x20 .\ARM_GCC_493\Debug\CapSense_CSD_WithTuner01.a(CyLib.o)
 .text.CySysTickServiceCallbacks
                0x00000000       0x44 .\ARM_GCC_493\Debug\CapSense_CSD_WithTuner01.a(CyLib.o)
 .text.CyGetUniqueId
                0x00000000       0xc4 .\ARM_GCC_493\Debug\CapSense_CSD_WithTuner01.a(CyLib.o)
 .text          0x00000000        0x0 .\ARM_GCC_493\Debug\CapSense_CSD_WithTuner01.a(cyPm.o)
 .data          0x00000000        0x0 .\ARM_GCC_493\Debug\CapSense_CSD_WithTuner01.a(cyPm.o)
 .bss           0x00000000       0x44 .\ARM_GCC_493\Debug\CapSense_CSD_WithTuner01.a(cyPm.o)
 .rodata        0x00000000       0x10 .\ARM_GCC_493\Debug\CapSense_CSD_WithTuner01.a(cyPm.o)
 .text.CyPmSaveClocks
                0x00000000      0x284 .\ARM_GCC_493\Debug\CapSense_CSD_WithTuner01.a(cyPm.o)
 .text.CyPmRestoreClocks
                0x00000000      0x300 .\ARM_GCC_493\Debug\CapSense_CSD_WithTuner01.a(cyPm.o)
 .text.CyPmAltAct
                0x00000000       0xb8 .\ARM_GCC_493\Debug\CapSense_CSD_WithTuner01.a(cyPm.o)
 .text.CyPmSleep
                0x00000000      0x170 .\ARM_GCC_493\Debug\CapSense_CSD_WithTuner01.a(cyPm.o)
 .text.CyPmHibernate
                0x00000000        0xc .\ARM_GCC_493\Debug\CapSense_CSD_WithTuner01.a(cyPm.o)
 .text.CyPmHibernateEx
                0x00000000      0x158 .\ARM_GCC_493\Debug\CapSense_CSD_WithTuner01.a(cyPm.o)
 .text.CyPmReadStatus
                0x00000000       0x5c .\ARM_GCC_493\Debug\CapSense_CSD_WithTuner01.a(cyPm.o)
 .text.CyPmHibSaveSet
                0x00000000       0xd4 .\ARM_GCC_493\Debug\CapSense_CSD_WithTuner01.a(cyPm.o)
 .text.CyPmHibRestore
                0x00000000       0x68 .\ARM_GCC_493\Debug\CapSense_CSD_WithTuner01.a(cyPm.o)
 .text.CyPmCtwSetInterval
                0x00000000       0x90 .\ARM_GCC_493\Debug\CapSense_CSD_WithTuner01.a(cyPm.o)
 .text.CyPmOppsSet
                0x00000000       0x40 .\ARM_GCC_493\Debug\CapSense_CSD_WithTuner01.a(cyPm.o)
 .text.CyPmFtwSetInterval
                0x00000000       0x90 .\ARM_GCC_493\Debug\CapSense_CSD_WithTuner01.a(cyPm.o)
 .text.CyPmHibSlpSaveSet
                0x00000000      0x280 .\ARM_GCC_493\Debug\CapSense_CSD_WithTuner01.a(cyPm.o)
 .text.CyPmHibSlpRestore
                0x00000000      0x188 .\ARM_GCC_493\Debug\CapSense_CSD_WithTuner01.a(cyPm.o)
 .text.CyPmHviLviSaveDisable
                0x00000000       0xd4 .\ARM_GCC_493\Debug\CapSense_CSD_WithTuner01.a(cyPm.o)
 .text.CyPmHviLviRestore
                0x00000000       0x54 .\ARM_GCC_493\Debug\CapSense_CSD_WithTuner01.a(cyPm.o)
 .text          0x00000000        0x0 .\ARM_GCC_493\Debug\CapSense_CSD_WithTuner01.a(EzI2C.o)
 .data          0x00000000        0x0 .\ARM_GCC_493\Debug\CapSense_CSD_WithTuner01.a(EzI2C.o)
 .text.EzI2C_Stop
                0x00000000      0x108 .\ARM_GCC_493\Debug\CapSense_CSD_WithTuner01.a(EzI2C.o)
 .text.EzI2C_SetAddress1
                0x00000000       0x24 .\ARM_GCC_493\Debug\CapSense_CSD_WithTuner01.a(EzI2C.o)
 .text.EzI2C_GetAddress1
                0x00000000       0x18 .\ARM_GCC_493\Debug\CapSense_CSD_WithTuner01.a(EzI2C.o)
 .text          0x00000000        0x0 .\ARM_GCC_493\Debug\CapSense_CSD_WithTuner01.a(EzI2C_PM.o)
 .data          0x00000000        0x8 .\ARM_GCC_493\Debug\CapSense_CSD_WithTuner01.a(EzI2C_PM.o)
 .bss           0x00000000        0x0 .\ARM_GCC_493\Debug\CapSense_CSD_WithTuner01.a(EzI2C_PM.o)
 .text.EzI2C_SaveConfig
                0x00000000       0x58 .\ARM_GCC_493\Debug\CapSense_CSD_WithTuner01.a(EzI2C_PM.o)
 .text.EzI2C_RestoreConfig
                0x00000000       0x84 .\ARM_GCC_493\Debug\CapSense_CSD_WithTuner01.a(EzI2C_PM.o)
 .text.EzI2C_Sleep
                0x00000000       0x30 .\ARM_GCC_493\Debug\CapSense_CSD_WithTuner01.a(EzI2C_PM.o)
 .text.EzI2C_Wakeup
                0x00000000       0x1c .\ARM_GCC_493\Debug\CapSense_CSD_WithTuner01.a(EzI2C_PM.o)
 .text          0x00000000        0x0 .\ARM_GCC_493\Debug\CapSense_CSD_WithTuner01.a(EzI2C_INT.o)
 .data          0x00000000        0x0 .\ARM_GCC_493\Debug\CapSense_CSD_WithTuner01.a(EzI2C_INT.o)
 .text          0x00000000        0x0 .\ARM_GCC_493\Debug\CapSense_CSD_WithTuner01.a(CapSense_CSD.o)
 .text.CapSense_CSD_Stop
                0x00000000       0x94 .\ARM_GCC_493\Debug\CapSense_CSD_WithTuner01.a(CapSense_CSD.o)
 .text.CapSense_CSD_ReadSensorRaw
                0x00000000       0x24 .\ARM_GCC_493\Debug\CapSense_CSD_WithTuner01.a(CapSense_CSD.o)
 .text.CapSense_CSD_GetPrescaler
                0x00000000       0x24 .\ARM_GCC_493\Debug\CapSense_CSD_WithTuner01.a(CapSense_CSD.o)
 .text.CapSense_CSD_SetScanSpeed
                0x00000000       0x20 .\ARM_GCC_493\Debug\CapSense_CSD_WithTuner01.a(CapSense_CSD.o)
 .text          0x00000000        0x0 .\ARM_GCC_493\Debug\CapSense_CSD_WithTuner01.a(CapSense_CSD_INT.o)
 .data          0x00000000        0x0 .\ARM_GCC_493\Debug\CapSense_CSD_WithTuner01.a(CapSense_CSD_INT.o)
 .bss           0x00000000        0x0 .\ARM_GCC_493\Debug\CapSense_CSD_WithTuner01.a(CapSense_CSD_INT.o)
 .text          0x00000000        0x0 .\ARM_GCC_493\Debug\CapSense_CSD_WithTuner01.a(CapSense_CSD_MBX.o)
 .data          0x00000000        0x0 .\ARM_GCC_493\Debug\CapSense_CSD_WithTuner01.a(CapSense_CSD_MBX.o)
 .bss           0x00000000        0x0 .\ARM_GCC_493\Debug\CapSense_CSD_WithTuner01.a(CapSense_CSD_MBX.o)
 .text          0x00000000        0x0 .\ARM_GCC_493\Debug\CapSense_CSD_WithTuner01.a(CapSense_CSD_CompCH0.o)
 .data          0x00000000        0x0 .\ARM_GCC_493\Debug\CapSense_CSD_WithTuner01.a(CapSense_CSD_CompCH0.o)
 .bss           0x00000000        0x1 .\ARM_GCC_493\Debug\CapSense_CSD_WithTuner01.a(CapSense_CSD_CompCH0.o)
 .text.CapSense_CSD_CompCH0_Start
                0x00000000       0x20 .\ARM_GCC_493\Debug\CapSense_CSD_WithTuner01.a(CapSense_CSD_CompCH0.o)
 .text.CapSense_CSD_CompCH0_Stop
                0x00000000       0x34 .\ARM_GCC_493\Debug\CapSense_CSD_WithTuner01.a(CapSense_CSD_CompCH0.o)
 .text.CapSense_CSD_CompCH0_GetCompare
                0x00000000       0x20 .\ARM_GCC_493\Debug\CapSense_CSD_WithTuner01.a(CapSense_CSD_CompCH0.o)
 .text.CapSense_CSD_CompCH0_trimAdjust
                0x00000000       0xbc .\ARM_GCC_493\Debug\CapSense_CSD_WithTuner01.a(CapSense_CSD_CompCH0.o)
 .text.CapSense_CSD_CompCH0_ZeroCal
                0x00000000       0xc4 .\ARM_GCC_493\Debug\CapSense_CSD_WithTuner01.a(CapSense_CSD_CompCH0.o)
 .text.CapSense_CSD_CompCH0_LoadTrim
                0x00000000       0x30 .\ARM_GCC_493\Debug\CapSense_CSD_WithTuner01.a(CapSense_CSD_CompCH0.o)
 .text.CapSense_CSD_CompCH0_PwrDwnOverrideEnable
                0x00000000       0x20 .\ARM_GCC_493\Debug\CapSense_CSD_WithTuner01.a(CapSense_CSD_CompCH0.o)
 .text.CapSense_CSD_CompCH0_PwrDwnOverrideDisable
                0x00000000       0x20 .\ARM_GCC_493\Debug\CapSense_CSD_WithTuner01.a(CapSense_CSD_CompCH0.o)
 .text          0x00000000        0x0 .\ARM_GCC_493\Debug\CapSense_CSD_WithTuner01.a(CapSense_CSD_IdacCH0.o)
 .data          0x00000000        0x0 .\ARM_GCC_493\Debug\CapSense_CSD_WithTuner01.a(CapSense_CSD_IdacCH0.o)
 .bss           0x00000000        0x1 .\ARM_GCC_493\Debug\CapSense_CSD_WithTuner01.a(CapSense_CSD_IdacCH0.o)
 .text.CapSense_CSD_IdacCH0_Start
                0x00000000       0x28 .\ARM_GCC_493\Debug\CapSense_CSD_WithTuner01.a(CapSense_CSD_IdacCH0.o)
 .text.CapSense_CSD_IdacCH0_Stop
                0x00000000       0x34 .\ARM_GCC_493\Debug\CapSense_CSD_WithTuner01.a(CapSense_CSD_IdacCH0.o)
 .text          0x00000000        0x0 .\ARM_GCC_493\Debug\CapSense_CSD_WithTuner01.a(CapSense_CSD_AMuxCH0.o)
 .data          0x00000000        0x1 .\ARM_GCC_493\Debug\CapSense_CSD_WithTuner01.a(CapSense_CSD_AMuxCH0.o)
 .bss           0x00000000        0x1 .\ARM_GCC_493\Debug\CapSense_CSD_WithTuner01.a(CapSense_CSD_AMuxCH0.o)
 .text.CapSense_CSD_AMuxCH0_Start
                0x00000000       0x14 .\ARM_GCC_493\Debug\CapSense_CSD_WithTuner01.a(CapSense_CSD_AMuxCH0.o)
 .text.CapSense_CSD_AMuxCH0_Stop
                0x00000000        0xc .\ARM_GCC_493\Debug\CapSense_CSD_WithTuner01.a(CapSense_CSD_AMuxCH0.o)
 .text.CapSense_CSD_AMuxCH0_Select
                0x00000000       0x28 .\ARM_GCC_493\Debug\CapSense_CSD_WithTuner01.a(CapSense_CSD_AMuxCH0.o)
 .text.CapSense_CSD_AMuxCH0_FastSelect
                0x00000000       0x34 .\ARM_GCC_493\Debug\CapSense_CSD_WithTuner01.a(CapSense_CSD_AMuxCH0.o)
 .text          0x00000000        0x0 .\ARM_GCC_493\Debug\CapSense_CSD_WithTuner01.a(CapSense_CSD_IntClock.o)
 .data          0x00000000        0x0 .\ARM_GCC_493\Debug\CapSense_CSD_WithTuner01.a(CapSense_CSD_IntClock.o)
 .bss           0x00000000        0x0 .\ARM_GCC_493\Debug\CapSense_CSD_WithTuner01.a(CapSense_CSD_IntClock.o)
 .text.CapSense_CSD_IntClock_Stop
                0x00000000       0x34 .\ARM_GCC_493\Debug\CapSense_CSD_WithTuner01.a(CapSense_CSD_IntClock.o)
 .text.CapSense_CSD_IntClock_StopBlock
                0x00000000       0xb0 .\ARM_GCC_493\Debug\CapSense_CSD_WithTuner01.a(CapSense_CSD_IntClock.o)
 .text.CapSense_CSD_IntClock_StandbyPower
                0x00000000       0x40 .\ARM_GCC_493\Debug\CapSense_CSD_WithTuner01.a(CapSense_CSD_IntClock.o)
 .text.CapSense_CSD_IntClock_SetDividerRegister
                0x00000000      0x160 .\ARM_GCC_493\Debug\CapSense_CSD_WithTuner01.a(CapSense_CSD_IntClock.o)
 .text.CapSense_CSD_IntClock_GetDividerRegister
                0x00000000       0x18 .\ARM_GCC_493\Debug\CapSense_CSD_WithTuner01.a(CapSense_CSD_IntClock.o)
 .text.CapSense_CSD_IntClock_SetModeRegister
                0x00000000       0x34 .\ARM_GCC_493\Debug\CapSense_CSD_WithTuner01.a(CapSense_CSD_IntClock.o)
 .text.CapSense_CSD_IntClock_ClearModeRegister
                0x00000000       0x34 .\ARM_GCC_493\Debug\CapSense_CSD_WithTuner01.a(CapSense_CSD_IntClock.o)
 .text.CapSense_CSD_IntClock_GetModeRegister
                0x00000000       0x20 .\ARM_GCC_493\Debug\CapSense_CSD_WithTuner01.a(CapSense_CSD_IntClock.o)
 .text.CapSense_CSD_IntClock_SetSourceRegister
                0x00000000       0xbc .\ARM_GCC_493\Debug\CapSense_CSD_WithTuner01.a(CapSense_CSD_IntClock.o)
 .text.CapSense_CSD_IntClock_GetSourceRegister
                0x00000000       0x20 .\ARM_GCC_493\Debug\CapSense_CSD_WithTuner01.a(CapSense_CSD_IntClock.o)
 .text          0x00000000        0x0 .\ARM_GCC_493\Debug\CapSense_CSD_WithTuner01.a(CyFlash.o)
 .data          0x00000000        0x0 .\ARM_GCC_493\Debug\CapSense_CSD_WithTuner01.a(CyFlash.o)
 .bss           0x00000000        0x4 .\ARM_GCC_493\Debug\CapSense_CSD_WithTuner01.a(CyFlash.o)
 .text.CyFlash_Start
                0x00000000       0x8c .\ARM_GCC_493\Debug\CapSense_CSD_WithTuner01.a(CyFlash.o)
 .text.CyFlash_Stop
                0x00000000       0x44 .\ARM_GCC_493\Debug\CapSense_CSD_WithTuner01.a(CyFlash.o)
 .text.CySetTempInt
                0x00000000       0x7c .\ARM_GCC_493\Debug\CapSense_CSD_WithTuner01.a(CyFlash.o)
 .text.CyFlashGetSpcAlgorithm
                0x00000000       0x70 .\ARM_GCC_493\Debug\CapSense_CSD_WithTuner01.a(CyFlash.o)
 .text.CySetTemp
                0x00000000       0x24 .\ARM_GCC_493\Debug\CapSense_CSD_WithTuner01.a(CyFlash.o)
 .text.CySetFlashEEBuffer
                0x00000000       0x54 .\ARM_GCC_493\Debug\CapSense_CSD_WithTuner01.a(CyFlash.o)
 .text.CyWriteRowData
                0x00000000       0x3c .\ARM_GCC_493\Debug\CapSense_CSD_WithTuner01.a(CyFlash.o)
 .text.CyWriteRowFull
                0x00000000      0x158 .\ARM_GCC_493\Debug\CapSense_CSD_WithTuner01.a(CyFlash.o)
 .text.CyFlash_SetWaitCycles
                0x00000000       0xbc .\ARM_GCC_493\Debug\CapSense_CSD_WithTuner01.a(CyFlash.o)
 .text.CyEEPROM_Start
                0x00000000       0x8c .\ARM_GCC_493\Debug\CapSense_CSD_WithTuner01.a(CyFlash.o)
 .text.CyEEPROM_Stop
                0x00000000       0x44 .\ARM_GCC_493\Debug\CapSense_CSD_WithTuner01.a(CyFlash.o)
 .text.CyEEPROM_ReadReserve
                0x00000000       0x30 .\ARM_GCC_493\Debug\CapSense_CSD_WithTuner01.a(CyFlash.o)
 .text.CyEEPROM_ReadRelease
                0x00000000       0x20 .\ARM_GCC_493\Debug\CapSense_CSD_WithTuner01.a(CyFlash.o)
 COMMON         0x00000000        0x2 .\ARM_GCC_493\Debug\CapSense_CSD_WithTuner01.a(CyFlash.o)
 .text          0x00000000        0x0 .\ARM_GCC_493\Debug\CapSense_CSD_WithTuner01.a(CySpc.o)
 .data          0x00000000        0x0 .\ARM_GCC_493\Debug\CapSense_CSD_WithTuner01.a(CySpc.o)
 .bss           0x00000000        0x8 .\ARM_GCC_493\Debug\CapSense_CSD_WithTuner01.a(CySpc.o)
 .text.CySpcStart
                0x00000000       0x44 .\ARM_GCC_493\Debug\CapSense_CSD_WithTuner01.a(CySpc.o)
 .text.CySpcStop
                0x00000000       0x44 .\ARM_GCC_493\Debug\CapSense_CSD_WithTuner01.a(CySpc.o)
 .text.CySpcReadData
                0x00000000       0x58 .\ARM_GCC_493\Debug\CapSense_CSD_WithTuner01.a(CySpc.o)
 .text.CySpcLoadMultiByte
                0x00000000       0xd4 .\ARM_GCC_493\Debug\CapSense_CSD_WithTuner01.a(CySpc.o)
 .text.CySpcLoadRow
                0x00000000       0x8c .\ARM_GCC_493\Debug\CapSense_CSD_WithTuner01.a(CySpc.o)
 .text.CySpcLoadRowFull
                0x00000000       0xd0 .\ARM_GCC_493\Debug\CapSense_CSD_WithTuner01.a(CySpc.o)
 .text.CySpcWriteRow
                0x00000000       0x98 .\ARM_GCC_493\Debug\CapSense_CSD_WithTuner01.a(CySpc.o)
 .text.CySpcEraseSector
                0x00000000       0x70 .\ARM_GCC_493\Debug\CapSense_CSD_WithTuner01.a(CySpc.o)
 .text.CySpcGetTemp
                0x00000000       0x64 .\ARM_GCC_493\Debug\CapSense_CSD_WithTuner01.a(CySpc.o)
 .text.CySpcLock
                0x00000000       0x68 .\ARM_GCC_493\Debug\CapSense_CSD_WithTuner01.a(CySpc.o)
 .text.CySpcUnlock
                0x00000000       0x50 .\ARM_GCC_493\Debug\CapSense_CSD_WithTuner01.a(CySpc.o)
 .text.CySpcGetAlgorithm
                0x00000000       0x48 .\ARM_GCC_493\Debug\CapSense_CSD_WithTuner01.a(CySpc.o)
 .text          0x00000000        0x0 c:/program files (x86)/cypress/psoc creator/3.3/psoc creator/import/gnu/arm/4.9.3/bin/../lib/gcc/arm-none-eabi/4.9.3/../../../../arm-none-eabi/lib/armv7-m\libg_nano.a(lib_a-errno.o)
 .data          0x00000000        0x0 c:/program files (x86)/cypress/psoc creator/3.3/psoc creator/import/gnu/arm/4.9.3/bin/../lib/gcc/arm-none-eabi/4.9.3/../../../../arm-none-eabi/lib/armv7-m\libg_nano.a(lib_a-errno.o)
 .bss           0x00000000        0x0 c:/program files (x86)/cypress/psoc creator/3.3/psoc creator/import/gnu/arm/4.9.3/bin/../lib/gcc/arm-none-eabi/4.9.3/../../../../arm-none-eabi/lib/armv7-m\libg_nano.a(lib_a-errno.o)
 .text.__errno  0x00000000        0xc c:/program files (x86)/cypress/psoc creator/3.3/psoc creator/import/gnu/arm/4.9.3/bin/../lib/gcc/arm-none-eabi/4.9.3/../../../../arm-none-eabi/lib/armv7-m\libg_nano.a(lib_a-errno.o)
 .text          0x00000000        0x0 c:/program files (x86)/cypress/psoc creator/3.3/psoc creator/import/gnu/arm/4.9.3/bin/../lib/gcc/arm-none-eabi/4.9.3/../../../../arm-none-eabi/lib/armv7-m\libg_nano.a(lib_a-exit.o)
 .data          0x00000000        0x0 c:/program files (x86)/cypress/psoc creator/3.3/psoc creator/import/gnu/arm/4.9.3/bin/../lib/gcc/arm-none-eabi/4.9.3/../../../../arm-none-eabi/lib/armv7-m\libg_nano.a(lib_a-exit.o)
 .bss           0x00000000        0x0 c:/program files (x86)/cypress/psoc creator/3.3/psoc creator/import/gnu/arm/4.9.3/bin/../lib/gcc/arm-none-eabi/4.9.3/../../../../arm-none-eabi/lib/armv7-m\libg_nano.a(lib_a-exit.o)
 .text.exit     0x00000000       0x28 c:/program files (x86)/cypress/psoc creator/3.3/psoc creator/import/gnu/arm/4.9.3/bin/../lib/gcc/arm-none-eabi/4.9.3/../../../../arm-none-eabi/lib/armv7-m\libg_nano.a(lib_a-exit.o)
 .text          0x00000000        0x0 c:/program files (x86)/cypress/psoc creator/3.3/psoc creator/import/gnu/arm/4.9.3/bin/../lib/gcc/arm-none-eabi/4.9.3/../../../../arm-none-eabi/lib/armv7-m\libg_nano.a(lib_a-impure.o)
 .data          0x00000000        0x0 c:/program files (x86)/cypress/psoc creator/3.3/psoc creator/import/gnu/arm/4.9.3/bin/../lib/gcc/arm-none-eabi/4.9.3/../../../../arm-none-eabi/lib/armv7-m\libg_nano.a(lib_a-impure.o)
 .bss           0x00000000        0x0 c:/program files (x86)/cypress/psoc creator/3.3/psoc creator/import/gnu/arm/4.9.3/bin/../lib/gcc/arm-none-eabi/4.9.3/../../../../arm-none-eabi/lib/armv7-m\libg_nano.a(lib_a-impure.o)
 .data.impure_data
                0x00000000       0x60 c:/program files (x86)/cypress/psoc creator/3.3/psoc creator/import/gnu/arm/4.9.3/bin/../lib/gcc/arm-none-eabi/4.9.3/../../../../arm-none-eabi/lib/armv7-m\libg_nano.a(lib_a-impure.o)
 .data._impure_ptr
                0x00000000        0x4 c:/program files (x86)/cypress/psoc creator/3.3/psoc creator/import/gnu/arm/4.9.3/bin/../lib/gcc/arm-none-eabi/4.9.3/../../../../arm-none-eabi/lib/armv7-m\libg_nano.a(lib_a-impure.o)
 .rodata.str1.1
                0x00000000        0x2 c:/program files (x86)/cypress/psoc creator/3.3/psoc creator/import/gnu/arm/4.9.3/bin/../lib/gcc/arm-none-eabi/4.9.3/../../../../arm-none-eabi/lib/armv7-m\libg_nano.a(lib_a-impure.o)
 .rodata._global_impure_ptr
                0x00000000        0x4 c:/program files (x86)/cypress/psoc creator/3.3/psoc creator/import/gnu/arm/4.9.3/bin/../lib/gcc/arm-none-eabi/4.9.3/../../../../arm-none-eabi/lib/armv7-m\libg_nano.a(lib_a-impure.o)
 .text          0x00000000        0x0 c:/program files (x86)/cypress/psoc creator/3.3/psoc creator/import/gnu/arm/4.9.3/bin/../lib/gcc/arm-none-eabi/4.9.3/../../../../arm-none-eabi/lib/armv7-m\libg_nano.a(lib_a-init.o)
 .data          0x00000000        0x0 c:/program files (x86)/cypress/psoc creator/3.3/psoc creator/import/gnu/arm/4.9.3/bin/../lib/gcc/arm-none-eabi/4.9.3/../../../../arm-none-eabi/lib/armv7-m\libg_nano.a(lib_a-init.o)
 .bss           0x00000000        0x0 c:/program files (x86)/cypress/psoc creator/3.3/psoc creator/import/gnu/arm/4.9.3/bin/../lib/gcc/arm-none-eabi/4.9.3/../../../../arm-none-eabi/lib/armv7-m\libg_nano.a(lib_a-init.o)
 .text          0x00000000        0x0 c:/program files (x86)/cypress/psoc creator/3.3/psoc creator/import/gnu/arm/4.9.3/bin/../lib/gcc/arm-none-eabi/4.9.3/../../../../arm-none-eabi/lib/armv7-m\libg_nano.a(lib_a-memcpy.o)
 .data          0x00000000        0x0 c:/program files (x86)/cypress/psoc creator/3.3/psoc creator/import/gnu/arm/4.9.3/bin/../lib/gcc/arm-none-eabi/4.9.3/../../../../arm-none-eabi/lib/armv7-m\libg_nano.a(lib_a-memcpy.o)
 .bss           0x00000000        0x0 c:/program files (x86)/cypress/psoc creator/3.3/psoc creator/import/gnu/arm/4.9.3/bin/../lib/gcc/arm-none-eabi/4.9.3/../../../../arm-none-eabi/lib/armv7-m\libg_nano.a(lib_a-memcpy.o)
 .text          0x00000000        0x0 c:/program files (x86)/cypress/psoc creator/3.3/psoc creator/import/gnu/arm/4.9.3/bin/../lib/gcc/arm-none-eabi/4.9.3/../../../../arm-none-eabi/lib/armv7-m\libg_nano.a(lib_a-memset.o)
 .data          0x00000000        0x0 c:/program files (x86)/cypress/psoc creator/3.3/psoc creator/import/gnu/arm/4.9.3/bin/../lib/gcc/arm-none-eabi/4.9.3/../../../../arm-none-eabi/lib/armv7-m\libg_nano.a(lib_a-memset.o)
 .bss           0x00000000        0x0 c:/program files (x86)/cypress/psoc creator/3.3/psoc creator/import/gnu/arm/4.9.3/bin/../lib/gcc/arm-none-eabi/4.9.3/../../../../arm-none-eabi/lib/armv7-m\libg_nano.a(lib_a-memset.o)
 .text          0x00000000        0x0 c:/program files (x86)/cypress/psoc creator/3.3/psoc creator/import/gnu/arm/4.9.3/bin/../lib/gcc/arm-none-eabi/4.9.3/armv7-m/crtend.o
 .data          0x00000000        0x0 c:/program files (x86)/cypress/psoc creator/3.3/psoc creator/import/gnu/arm/4.9.3/bin/../lib/gcc/arm-none-eabi/4.9.3/armv7-m/crtend.o
 .bss           0x00000000        0x0 c:/program files (x86)/cypress/psoc creator/3.3/psoc creator/import/gnu/arm/4.9.3/bin/../lib/gcc/arm-none-eabi/4.9.3/armv7-m/crtend.o
 .text          0x00000000        0x0 c:/program files (x86)/cypress/psoc creator/3.3/psoc creator/import/gnu/arm/4.9.3/bin/../lib/gcc/arm-none-eabi/4.9.3/armv7-m/crtn.o
 .data          0x00000000        0x0 c:/program files (x86)/cypress/psoc creator/3.3/psoc creator/import/gnu/arm/4.9.3/bin/../lib/gcc/arm-none-eabi/4.9.3/armv7-m/crtn.o
 .bss           0x00000000        0x0 c:/program files (x86)/cypress/psoc creator/3.3/psoc creator/import/gnu/arm/4.9.3/bin/../lib/gcc/arm-none-eabi/4.9.3/armv7-m/crtn.o

Memory Configuration

Name             Origin             Length             Attributes
rom              0x00000000         0x00040000         xr
ram              0x1fff8000         0x00010000         xrw
*default*        0x00000000         0xffffffff

Linker script and memory map

LOAD c:/program files (x86)/cypress/psoc creator/3.3/psoc creator/import/gnu/arm/4.9.3/bin/../lib/gcc/arm-none-eabi/4.9.3/armv7-m/crti.o
LOAD c:/program files (x86)/cypress/psoc creator/3.3/psoc creator/import/gnu/arm/4.9.3/bin/../lib/gcc/arm-none-eabi/4.9.3/armv7-m/crtbegin.o
LOAD c:/program files (x86)/cypress/psoc creator/3.3/psoc creator/import/gnu/arm/4.9.3/bin/../lib/gcc/arm-none-eabi/4.9.3/../../../../arm-none-eabi/lib/armv7-m/crt0.o
START GROUP
LOAD .\ARM_GCC_493\Debug\main.o
LOAD .\ARM_GCC_493\Debug\cymetadata.o
LOAD .\ARM_GCC_493\Debug\Cm3Start.o
LOAD .\ARM_GCC_493\Debug\CapSense_CSD_WithTuner01.a
LOAD C:\Program Files (x86)\Cypress\PSoC Creator\3.3\PSoC Creator\psoc\content\cycomponentlibrary\CyComponentLibrary.cylib\CapSense_CSD_v3_50\Library\CapSenseLibrary_GCC.a
LOAD C:\Program Files (x86)\Cypress\PSoC Creator\3.3\PSoC Creator\psoc\content\cycomponentlibrary\CyComponentLibrary.cylib\CortexM3\ARM_GCC_493\Debug\CyComponentLibrary.a
END GROUP
START GROUP
LOAD c:/program files (x86)/cypress/psoc creator/3.3/psoc creator/import/gnu/arm/4.9.3/bin/../lib/gcc/arm-none-eabi/4.9.3/armv7-m\libgcc.a
LOAD c:/program files (x86)/cypress/psoc creator/3.3/psoc creator/import/gnu/arm/4.9.3/bin/../lib/gcc/arm-none-eabi/4.9.3/../../../../arm-none-eabi/lib/armv7-m\libg_nano.a
LOAD c:/program files (x86)/cypress/psoc creator/3.3/psoc creator/import/gnu/arm/4.9.3/bin/../lib/gcc/arm-none-eabi/4.9.3/../../../../arm-none-eabi/lib/armv7-m\libc_nano.a
END GROUP
START GROUP
LOAD c:/program files (x86)/cypress/psoc creator/3.3/psoc creator/import/gnu/arm/4.9.3/bin/../lib/gcc/arm-none-eabi/4.9.3/armv7-m\libgcc.a
LOAD c:/program files (x86)/cypress/psoc creator/3.3/psoc creator/import/gnu/arm/4.9.3/bin/../lib/gcc/arm-none-eabi/4.9.3/../../../../arm-none-eabi/lib/armv7-m\libc_nano.a
END GROUP
LOAD c:/program files (x86)/cypress/psoc creator/3.3/psoc creator/import/gnu/arm/4.9.3/bin/../lib/gcc/arm-none-eabi/4.9.3/armv7-m/crtend.o
LOAD c:/program files (x86)/cypress/psoc creator/3.3/psoc creator/import/gnu/arm/4.9.3/bin/../lib/gcc/arm-none-eabi/4.9.3/armv7-m/crtn.o
START GROUP
LOAD c:/program files (x86)/cypress/psoc creator/3.3/psoc creator/import/gnu/arm/4.9.3/bin/../lib/gcc/arm-none-eabi/4.9.3/armv7-m\libgcc.a
LOAD c:/program files (x86)/cypress/psoc creator/3.3/psoc creator/import/gnu/arm/4.9.3/bin/../lib/gcc/arm-none-eabi/4.9.3/../../../../arm-none-eabi/lib/armv7-m\libc.a
LOAD c:/program files (x86)/cypress/psoc creator/3.3/psoc creator/import/gnu/arm/4.9.3/bin/../lib/gcc/arm-none-eabi/4.9.3/../../../../arm-none-eabi/lib/armv7-m\libnosys.a
END GROUP
                0x00000000                CY_APPL_ORIGIN = 0x0
                0x00000100                CY_FLASH_ROW_SIZE = 0x100
                0x00000020                CY_ECC_ROW_SIZE = 0x20
                0x00000000                CY_EE_IN_BTLDR = 0x0
                0x00000000                CY_APPL_LOADABLE = 0x0
                0x00000800                CY_EE_SIZE = 0x800
                0x00000001                CY_APPL_NUM = 0x1
                0x00000001                CY_APPL_MAX = 0x1
                0x00000040                CY_METADATA_SIZE = 0x40
                0x00000000                CY_APPL_LOADABLE = 0x0
                0x00000000                CY_CHECKSUM_EXCLUDE_SIZE = ALIGN (0x0, CY_FLASH_ROW_SIZE)
                0x1fff81a0                PROVIDE (__cy_heap_start, _end)
                0x00000001                PROVIDE (__cy_region_num, ((__cy_regions_end - __cy_regions) / 0x10))
                0x20008000                PROVIDE (__cy_stack, (ORIGIN (ram) + 0x10000))
                0x20007800                PROVIDE (__cy_heap_end, (__cy_stack - 0x800))

.cybootloader   0x00000000        0x0
 *(.cybootloader)
                0x00000000                appl1_start = CY_APPL_ORIGIN?CY_APPL_ORIGIN:ALIGN (CY_FLASH_ROW_SIZE)
                0x0001ff00                appl2_start = (appl1_start + ALIGN ((((0x40000 - appl1_start) - (0x2 * CY_FLASH_ROW_SIZE)) / 0x2), CY_FLASH_ROW_SIZE))
                0x00000000                appl_start = (CY_APPL_NUM == 0x1)?appl1_start:appl2_start
                0x00000000                ecc_offset = ((appl_start / CY_FLASH_ROW_SIZE) * CY_ECC_ROW_SIZE)
                0x00000000                ee_offset = (CY_APPL_LOADABLE && ! (CY_EE_IN_BTLDR))?((CY_EE_SIZE / CY_APPL_MAX) * (CY_APPL_NUM - 0x1)):0x0
                0x00000800                ee_size = (CY_APPL_LOADABLE && ! (CY_EE_IN_BTLDR))?(CY_EE_SIZE / CY_APPL_MAX):CY_EE_SIZE
                0x00000000                PROVIDE (CY_ECC_OFFSET, ecc_offset)

.text           0x00000000     0x1bde
 CREATE_OBJECT_SYMBOLS
                0x00000000                PROVIDE (__cy_interrupt_vector, RomVectors)
 *(.romvectors)
 .romvectors    0x00000000       0x10 .\ARM_GCC_493\Debug\Cm3Start.o
                0x00000000                RomVectors
                0x00000001                ASSERT ((. != __cy_interrupt_vector), No interrupt vector)
                0x00000001                ASSERT (CY_APPL_ORIGIN?(SIZEOF (.cybootloader) <= CY_APPL_ORIGIN):0x1, Wrong image location)
                0x00000010                PROVIDE (__cy_reset, Reset)
 *(.text.Reset)
 .text.Reset    0x00000010       0x18 .\ARM_GCC_493\Debug\Cm3Start.o
                0x00000010                Reset
                0x00000001                ASSERT ((. != __cy_reset), No reset code)
 *(.dma_init)
                0x00000001                ASSERT ((((appl_start + .) <= 0x10000) || 0x1), DMA Init must be within the first 64k of flash)
 *(.text .text.* .gnu.linkonce.t.*)
 .text          0x00000028       0x5c c:/program files (x86)/cypress/psoc creator/3.3/psoc creator/import/gnu/arm/4.9.3/bin/../lib/gcc/arm-none-eabi/4.9.3/armv7-m/crtbegin.o
 .text.main     0x00000084       0x18 .\ARM_GCC_493\Debug\main.o
                0x00000084                main
 .text.IntDefaultHandler
                0x0000009c        0x8 .\ARM_GCC_493\Debug\Cm3Start.o
                0x0000009c                IntDefaultHandler
 .text.Start_c  0x000000a4       0x98 .\ARM_GCC_493\Debug\Cm3Start.o
                0x000000a4                Start_c
 .text.initialize_psoc
                0x0000013c       0x8c .\ARM_GCC_493\Debug\Cm3Start.o
                0x0000013c                initialize_psoc
 .text.CYMEMZERO
                0x000001c8       0x1c .\ARM_GCC_493\Debug\CapSense_CSD_WithTuner01.a(cyfitter_cfg.o)
 .text.CYCONFIGCPY
                0x000001e4       0x1c .\ARM_GCC_493\Debug\CapSense_CSD_WithTuner01.a(cyfitter_cfg.o)
 .text.CyClockStartupError
                0x00000200        0xc .\ARM_GCC_493\Debug\CapSense_CSD_WithTuner01.a(cyfitter_cfg.o)
 .text.cfg_write_bytes32
                0x0000020c       0x74 .\ARM_GCC_493\Debug\CapSense_CSD_WithTuner01.a(cyfitter_cfg.o)
 .text.ClockSetup
                0x00000280      0x100 .\ARM_GCC_493\Debug\CapSense_CSD_WithTuner01.a(cyfitter_cfg.o)
 .text.AnalogSetDefault
                0x00000380       0x60 .\ARM_GCC_493\Debug\CapSense_CSD_WithTuner01.a(cyfitter_cfg.o)
 .text.CapSense_CSD_AMuxCH0_Set
                0x000003e0       0x40 .\ARM_GCC_493\Debug\CapSense_CSD_WithTuner01.a(cyfitter_cfg.o)
                0x000003e0                CapSense_CSD_AMuxCH0_Set
 .text.CapSense_CSD_AMuxCH0_Unset
                0x00000420       0x44 .\ARM_GCC_493\Debug\CapSense_CSD_WithTuner01.a(cyfitter_cfg.o)
                0x00000420                CapSense_CSD_AMuxCH0_Unset
 .text.cyfitter_cfg
                0x00000464      0x168 .\ARM_GCC_493\Debug\CapSense_CSD_WithTuner01.a(cyfitter_cfg.o)
                0x00000464                cyfitter_cfg
 .text.CapSense_CSD_BaseInit
                0x000005cc       0x68 .\ARM_GCC_493\Debug\CapSense_CSD_WithTuner01.a(CapSense_CSD_CSHL.o)
                0x000005cc                CapSense_CSD_BaseInit
 .text.CapSense_CSD_InitializeSensorBaseline
                0x00000634       0x2c .\ARM_GCC_493\Debug\CapSense_CSD_WithTuner01.a(CapSense_CSD_CSHL.o)
                0x00000634                CapSense_CSD_InitializeSensorBaseline
 .text.CapSense_CSD_InitializeAllBaselines
                0x00000660       0x28 .\ARM_GCC_493\Debug\CapSense_CSD_WithTuner01.a(CapSense_CSD_CSHL.o)
                0x00000660                CapSense_CSD_InitializeAllBaselines
 .text.CapSense_CSD_UpdateSensorBaseline
                0x00000688      0x140 .\ARM_GCC_493\Debug\CapSense_CSD_WithTuner01.a(CapSense_CSD_CSHL.o)
                0x00000688                CapSense_CSD_UpdateSensorBaseline
 .text.CapSense_CSD_UpdateEnabledBaselines
                0x000007c8       0x50 .\ARM_GCC_493\Debug\CapSense_CSD_WithTuner01.a(CapSense_CSD_CSHL.o)
                0x000007c8                CapSense_CSD_UpdateEnabledBaselines
 .text.CapSense_CSD_CheckIsSensorActive
                0x00000818      0x110 .\ARM_GCC_493\Debug\CapSense_CSD_WithTuner01.a(CapSense_CSD_CSHL.o)
                0x00000818                CapSense_CSD_CheckIsSensorActive
 .text.CapSense_CSD_CheckIsWidgetActive
                0x00000928       0x44 .\ARM_GCC_493\Debug\CapSense_CSD_WithTuner01.a(CapSense_CSD_CSHL.o)
                0x00000928                CapSense_CSD_CheckIsWidgetActive
 .text.CapSense_CSD_CheckIsAnyWidgetActive
                0x0000096c       0x38 .\ARM_GCC_493\Debug\CapSense_CSD_WithTuner01.a(CapSense_CSD_CSHL.o)
                0x0000096c                CapSense_CSD_CheckIsAnyWidgetActive
 .text.CapSense_CSD_EnableWidget
                0x000009a4       0x58 .\ARM_GCC_493\Debug\CapSense_CSD_WithTuner01.a(CapSense_CSD_CSHL.o)
                0x000009a4                CapSense_CSD_EnableWidget
 .text.CapSense_CSD_TunerStart
                0x000009fc       0x38 .\ARM_GCC_493\Debug\CapSense_CSD_WithTuner01.a(CapSense_CSD_TunerHelper.o)
                0x000009fc                CapSense_CSD_TunerStart
 .text.CapSense_CSD_TunerComm
                0x00000a34       0x68 .\ARM_GCC_493\Debug\CapSense_CSD_WithTuner01.a(CapSense_CSD_TunerHelper.o)
                0x00000a34                CapSense_CSD_TunerComm
 .text.CapSense_CSD_ProcessAllWidgets
                0x00000a9c       0x3c .\ARM_GCC_493\Debug\CapSense_CSD_WithTuner01.a(CapSense_CSD_TunerHelper.o)
                0x00000a9c                CapSense_CSD_ProcessAllWidgets
 .text          0x00000ad8       0x20 .\ARM_GCC_493\Debug\CapSense_CSD_WithTuner01.a(CyBootAsmGnu.o)
                0x00000ad8                CyDelayCycles
                0x00000ae8                CyEnterCriticalSection
                0x00000af0                CyExitCriticalSection
 .text.CyHalt   0x00000af8       0x18 .\ARM_GCC_493\Debug\CapSense_CSD_WithTuner01.a(CyLib.o)
                0x00000af8                CyHalt
 .text.CyIntSetVector
                0x00000b10       0x50 .\ARM_GCC_493\Debug\CapSense_CSD_WithTuner01.a(CyLib.o)
                0x00000b10                CyIntSetVector
 .text.CyIntSetPriority
                0x00000b60       0x44 .\ARM_GCC_493\Debug\CapSense_CSD_WithTuner01.a(CyLib.o)
                0x00000b60                CyIntSetPriority
 .text.EzI2C_Init
                0x00000ba4       0x8c .\ARM_GCC_493\Debug\CapSense_CSD_WithTuner01.a(EzI2C.o)
                0x00000ba4                EzI2C_Init
 .text.EzI2C_Enable
                0x00000c30       0x50 .\ARM_GCC_493\Debug\CapSense_CSD_WithTuner01.a(EzI2C.o)
                0x00000c30                EzI2C_Enable
 .text.EzI2C_Start
                0x00000c80       0x20 .\ARM_GCC_493\Debug\CapSense_CSD_WithTuner01.a(EzI2C.o)
                0x00000c80                EzI2C_Start
 .text.EzI2C_GetActivity
                0x00000ca0       0x48 .\ARM_GCC_493\Debug\CapSense_CSD_WithTuner01.a(EzI2C.o)
                0x00000ca0                EzI2C_GetActivity
 .text.EzI2C_SetBuffer1
                0x00000ce8       0x6c .\ARM_GCC_493\Debug\CapSense_CSD_WithTuner01.a(EzI2C.o)
                0x00000ce8                EzI2C_SetBuffer1
 .text.EzI2C_ISR
                0x00000d54      0x298 .\ARM_GCC_493\Debug\CapSense_CSD_WithTuner01.a(EzI2C_INT.o)
                0x00000d54                EzI2C_ISR
 .text.CapSense_CSD_Init
                0x00000fec      0x148 .\ARM_GCC_493\Debug\CapSense_CSD_WithTuner01.a(CapSense_CSD.o)
                0x00000fec                CapSense_CSD_Init
 .text.CapSense_CSD_Enable
                0x00001134       0x98 .\ARM_GCC_493\Debug\CapSense_CSD_WithTuner01.a(CapSense_CSD.o)
                0x00001134                CapSense_CSD_Enable
 .text.CapSense_CSD_Start
                0x000011cc       0x20 .\ARM_GCC_493\Debug\CapSense_CSD_WithTuner01.a(CapSense_CSD.o)
                0x000011cc                CapSense_CSD_Start
 .text.CapSense_CSD_FindNextSensor
                0x000011ec       0x50 .\ARM_GCC_493\Debug\CapSense_CSD_WithTuner01.a(CapSense_CSD.o)
                0x000011ec                CapSense_CSD_FindNextSensor
 .text.CapSense_CSD_SetScanSlotSettings
                0x0000123c       0x48 .\ARM_GCC_493\Debug\CapSense_CSD_WithTuner01.a(CapSense_CSD.o)
                0x0000123c                CapSense_CSD_SetScanSlotSettings
 .text.CapSense_CSD_ScanSensor
                0x00001284       0x34 .\ARM_GCC_493\Debug\CapSense_CSD_WithTuner01.a(CapSense_CSD.o)
                0x00001284                CapSense_CSD_ScanSensor
 .text.CapSense_CSD_ScanEnabledWidgets
                0x000012b8       0x54 .\ARM_GCC_493\Debug\CapSense_CSD_WithTuner01.a(CapSense_CSD.o)
                0x000012b8                CapSense_CSD_ScanEnabledWidgets
 .text.CapSense_CSD_IsBusy
                0x0000130c       0x20 .\ARM_GCC_493\Debug\CapSense_CSD_WithTuner01.a(CapSense_CSD.o)
                0x0000130c                CapSense_CSD_IsBusy
 .text.CapSense_CSD_ClearSensors
                0x0000132c       0x28 .\ARM_GCC_493\Debug\CapSense_CSD_WithTuner01.a(CapSense_CSD.o)
                0x0000132c                CapSense_CSD_ClearSensors
 .text.CapSense_CSD_EnableSensor
                0x00001354       0x54 .\ARM_GCC_493\Debug\CapSense_CSD_WithTuner01.a(CapSense_CSD.o)
                0x00001354                CapSense_CSD_EnableSensor
 .text.CapSense_CSD_DisableSensor
                0x000013a8       0x58 .\ARM_GCC_493\Debug\CapSense_CSD_WithTuner01.a(CapSense_CSD.o)
                0x000013a8                CapSense_CSD_DisableSensor
 .text.CapSense_CSD_PreScan
                0x00001400       0x58 .\ARM_GCC_493\Debug\CapSense_CSD_WithTuner01.a(CapSense_CSD.o)
                0x00001400                CapSense_CSD_PreScan
 .text.CapSense_CSD_PostScan
                0x00001458       0x98 .\ARM_GCC_493\Debug\CapSense_CSD_WithTuner01.a(CapSense_CSD.o)
                0x00001458                CapSense_CSD_PostScan
 .text.CapSense_CSD_SetPrescaler
                0x000014f0       0x2c .\ARM_GCC_493\Debug\CapSense_CSD_WithTuner01.a(CapSense_CSD.o)
                0x000014f0                CapSense_CSD_SetPrescaler
 .text.CapSense_CSD_SetAnalogSwitchesSource
                0x0000151c       0x40 .\ARM_GCC_493\Debug\CapSense_CSD_WithTuner01.a(CapSense_CSD.o)
                0x0000151c                CapSense_CSD_SetAnalogSwitchesSource
 .text.CapSense_CSD_IsrCH0_ISR
                0x0000155c       0x78 .\ARM_GCC_493\Debug\CapSense_CSD_WithTuner01.a(CapSense_CSD_INT.o)
                0x0000155c                CapSense_CSD_IsrCH0_ISR
 .text.CapSense_CSD_InitParams
                0x000015d4       0xf4 .\ARM_GCC_493\Debug\CapSense_CSD_WithTuner01.a(CapSense_CSD_MBX.o)
 .text.CapSense_CSD_InitMailbox
                0x000016c8       0x44 .\ARM_GCC_493\Debug\CapSense_CSD_WithTuner01.a(CapSense_CSD_MBX.o)
                0x000016c8                CapSense_CSD_InitMailbox
 .text.CapSense_CSD_PostMessage
                0x0000170c       0xd4 .\ARM_GCC_493\Debug\CapSense_CSD_WithTuner01.a(CapSense_CSD_MBX.o)
                0x0000170c                CapSense_CSD_PostMessage
 .text.CapSense_CSD_ReadMessage
                0x000017e0       0x60 .\ARM_GCC_493\Debug\CapSense_CSD_WithTuner01.a(CapSense_CSD_MBX.o)
                0x000017e0                CapSense_CSD_ReadMessage
 .text.CapSense_CSD_CompCH0_Init
                0x00001840       0x64 .\ARM_GCC_493\Debug\CapSense_CSD_WithTuner01.a(CapSense_CSD_CompCH0.o)
                0x00001840                CapSense_CSD_CompCH0_Init
 .text.CapSense_CSD_CompCH0_Enable
                0x000018a4       0x34 .\ARM_GCC_493\Debug\CapSense_CSD_WithTuner01.a(CapSense_CSD_CompCH0.o)
                0x000018a4                CapSense_CSD_CompCH0_Enable
 .text.CapSense_CSD_CompCH0_SetSpeed
                0x000018d8       0x80 .\ARM_GCC_493\Debug\CapSense_CSD_WithTuner01.a(CapSense_CSD_CompCH0.o)
                0x000018d8                CapSense_CSD_CompCH0_SetSpeed
 .text.CapSense_CSD_IdacCH0_Init
                0x00001958       0x44 .\ARM_GCC_493\Debug\CapSense_CSD_WithTuner01.a(CapSense_CSD_IdacCH0.o)
                0x00001958                CapSense_CSD_IdacCH0_Init
 .text.CapSense_CSD_IdacCH0_Enable
                0x0000199c       0x34 .\ARM_GCC_493\Debug\CapSense_CSD_WithTuner01.a(CapSense_CSD_IdacCH0.o)
                0x0000199c                CapSense_CSD_IdacCH0_Enable
 .text.CapSense_CSD_IdacCH0_SetSpeed
                0x000019d0       0x40 .\ARM_GCC_493\Debug\CapSense_CSD_WithTuner01.a(CapSense_CSD_IdacCH0.o)
                0x000019d0                CapSense_CSD_IdacCH0_SetSpeed
 .text.CapSense_CSD_IdacCH0_SetPolarity
                0x00001a10       0x40 .\ARM_GCC_493\Debug\CapSense_CSD_WithTuner01.a(CapSense_CSD_IdacCH0.o)
                0x00001a10                CapSense_CSD_IdacCH0_SetPolarity
 .text.CapSense_CSD_IdacCH0_SetRange
                0x00001a50       0x40 .\ARM_GCC_493\Debug\CapSense_CSD_WithTuner01.a(CapSense_CSD_IdacCH0.o)
                0x00001a50                CapSense_CSD_IdacCH0_SetRange
 .text.CapSense_CSD_IdacCH0_SetValue
                0x00001a90       0x20 .\ARM_GCC_493\Debug\CapSense_CSD_WithTuner01.a(CapSense_CSD_IdacCH0.o)
                0x00001a90                CapSense_CSD_IdacCH0_SetValue
 .text.CapSense_CSD_IdacCH0_DacTrim
                0x00001ab0       0x54 .\ARM_GCC_493\Debug\CapSense_CSD_WithTuner01.a(CapSense_CSD_IdacCH0.o)
                0x00001ab0                CapSense_CSD_IdacCH0_DacTrim
 .text.CapSense_CSD_AMuxCH0_Init
                0x00001b04        0xc .\ARM_GCC_493\Debug\CapSense_CSD_WithTuner01.a(CapSense_CSD_AMuxCH0.o)
                0x00001b04                CapSense_CSD_AMuxCH0_Init
 .text.CapSense_CSD_AMuxCH0_DisconnectAll
                0x00001b10       0x28 .\ARM_GCC_493\Debug\CapSense_CSD_WithTuner01.a(CapSense_CSD_AMuxCH0.o)
                0x00001b10                CapSense_CSD_AMuxCH0_DisconnectAll
 .text.CapSense_CSD_IntClock_Start
                0x00001b38       0x34 .\ARM_GCC_493\Debug\CapSense_CSD_WithTuner01.a(CapSense_CSD_IntClock.o)
                0x00001b38                CapSense_CSD_IntClock_Start
 .text.__libc_init_array
                0x00001b6c       0x4c c:/program files (x86)/cypress/psoc creator/3.3/psoc creator/import/gnu/arm/4.9.3/bin/../lib/gcc/arm-none-eabi/4.9.3/../../../../arm-none-eabi/lib/armv7-m\libg_nano.a(lib_a-init.o)
                0x00001b6c                __libc_init_array
 .text.memcpy   0x00001bb8       0x16 c:/program files (x86)/cypress/psoc creator/3.3/psoc creator/import/gnu/arm/4.9.3/bin/../lib/gcc/arm-none-eabi/4.9.3/../../../../arm-none-eabi/lib/armv7-m\libg_nano.a(lib_a-memcpy.o)
                0x00001bb8                memcpy
 .text.memset   0x00001bce       0x10 c:/program files (x86)/cypress/psoc creator/3.3/psoc creator/import/gnu/arm/4.9.3/bin/../lib/gcc/arm-none-eabi/4.9.3/../../../../arm-none-eabi/lib/armv7-m\libg_nano.a(lib_a-memset.o)
                0x00001bce                memset
 *(.plt)
 *(.gnu.warning)
 *(.glue_7t)
 .glue_7t       0x00000000        0x0 linker stubs
 *(.glue_7)
 .glue_7        0x00000000        0x0 linker stubs
 *(.vfp11_veneer)
 .vfp11_veneer  0x00000000        0x0 linker stubs
 *(.bootloader)
 *(.ARM.extab* .gnu.linkonce.armextab.*)
 *(.gcc_except_table)

.v4_bx          0x00001be0        0x0
 .v4_bx         0x00000000        0x0 linker stubs

.iplt           0x00001be0        0x0
 .iplt          0x00000000        0x0 c:/program files (x86)/cypress/psoc creator/3.3/psoc creator/import/gnu/arm/4.9.3/bin/../lib/gcc/arm-none-eabi/4.9.3/armv7-m/crtbegin.o

.eh_frame_hdr
 *(.eh_frame_hdr)

.eh_frame       0x00001be0        0x4
 *(.eh_frame)
 .eh_frame      0x00001be0        0x0 c:/program files (x86)/cypress/psoc creator/3.3/psoc creator/import/gnu/arm/4.9.3/bin/../lib/gcc/arm-none-eabi/4.9.3/armv7-m/crtbegin.o
 .eh_frame      0x00001be0        0x4 c:/program files (x86)/cypress/psoc creator/3.3/psoc creator/import/gnu/arm/4.9.3/bin/../lib/gcc/arm-none-eabi/4.9.3/armv7-m/crtend.o
                0x00001be4                PROVIDE (__exidx_start, .)

.ARM.exidx
 *(.ARM.exidx* .gnu.linkonce.armexidx.*)
                0x00001be4                __exidx_end = .

.rodata         0x00001be4       0xa4
 *(.rodata .rodata.* .gnu.linkonce.r.*)
 .rodata        0x00001be4       0x40 .\ARM_GCC_493\Debug\CapSense_CSD_WithTuner01.a(cyfitter_cfg.o)
                0x00001be4                CapSense_CSD_AMuxCH0__addrTable
                0x00001bf4                CapSense_CSD_AMuxCH0__maskTable
 .rodata        0x00001c24       0x30 .\ARM_GCC_493\Debug\CapSense_CSD_WithTuner01.a(CapSense_CSD.o)
                0x00001c24                CapSense_CSD_pcTable
                0x00001c28                CapSense_CSD_portTable
                0x00001c2c                CapSense_CSD_maskTable
                0x00001c30                CapSense_CSD_csTable
                0x00001c50                CapSense_CSD_widgetNumber
                0x00001c54                . = ALIGN (0x4)
 *(.init)
 .init          0x00001c54        0x4 c:/program files (x86)/cypress/psoc creator/3.3/psoc creator/import/gnu/arm/4.9.3/bin/../lib/gcc/arm-none-eabi/4.9.3/armv7-m/crti.o
                0x00001c54                _init
 .init          0x00001c58        0x8 c:/program files (x86)/cypress/psoc creator/3.3/psoc creator/import/gnu/arm/4.9.3/bin/../lib/gcc/arm-none-eabi/4.9.3/armv7-m/crtn.o
                0x00001c60                . = ALIGN (0x4)
                0x00001c60                __preinit_array_start = .
 *(.preinit_array)
                0x00001c60                __preinit_array_end = .
                0x00001c60                . = ALIGN (0x4)
                0x00001c60                __init_array_start = .
 *(SORT(.init_array.*))
 *(.init_array)
 .init_array    0x00001c60        0x4 c:/program files (x86)/cypress/psoc creator/3.3/psoc creator/import/gnu/arm/4.9.3/bin/../lib/gcc/arm-none-eabi/4.9.3/armv7-m/crtbegin.o
 .init_array    0x00001c64        0x4 .\ARM_GCC_493\Debug\Cm3Start.o
                0x00001c68                __init_array_end = .
                0x00001c68                . = ALIGN (0x4)
 *(.fini)
 .fini          0x00001c68        0x4 c:/program files (x86)/cypress/psoc creator/3.3/psoc creator/import/gnu/arm/4.9.3/bin/../lib/gcc/arm-none-eabi/4.9.3/armv7-m/crti.o
                0x00001c68                _fini
 .fini          0x00001c6c        0x8 c:/program files (x86)/cypress/psoc creator/3.3/psoc creator/import/gnu/arm/4.9.3/bin/../lib/gcc/arm-none-eabi/4.9.3/armv7-m/crtn.o
                0x00001c74                . = ALIGN (0x4)
                0x00001c74                __fini_array_start = .
 *(.fini_array)
 .fini_array    0x00001c74        0x4 c:/program files (x86)/cypress/psoc creator/3.3/psoc creator/import/gnu/arm/4.9.3/bin/../lib/gcc/arm-none-eabi/4.9.3/armv7-m/crtbegin.o
 *(SORT(.fini_array.*))
                0x00001c78                __fini_array_end = .
                0x00001c78                . = ALIGN (0x4)
 *crtbegin.o(.ctors)
 *(EXCLUDE_FILE(*crtend.o) .ctors)
 *(SORT(.ctors.*))
 *crtend.o(.ctors)
                0x00001c78                . = ALIGN (0x4)
 *crtbegin.o(.dtors)
 *(EXCLUDE_FILE(*crtend.o) .dtors)
 *(SORT(.dtors.*))
 *crtend.o(.dtors)
                0x00001c78                . = ALIGN (0x4)
                0x00001c78                __cy_regions = .
                0x00001c78        0x4 LONG 0x1c88 __cy_region_init_ram
                0x00001c7c        0x4 LONG 0x1fff8108 __cy_region_start_data
                0x00001c80        0x4 LONG 0x20 __cy_region_init_size_ram
                0x00001c84        0x4 LONG 0x78 __cy_region_zero_size_ram
                0x00001c88                __cy_regions_end = .
                0x00001c88                . = ALIGN (0x8)
                0x00001c88                _etext = .

.cy_checksum_exclude
                0x00001c88        0x0
 *(.cy_checksum_exclude)

.ramvectors     0x1fff8000      0x100
                0x1fff8000                __cy_region_start_ram = .
 *(.ramvectors)
 .ramvectors    0x1fff8000      0x100 .\ARM_GCC_493\Debug\Cm3Start.o
                0x1fff8000                CyRamVectors

.noinit         0x1fff8100        0x5
 *(.noinit)
 .noinit        0x1fff8100        0x4 .\ARM_GCC_493\Debug\Cm3Start.o
 .noinit        0x1fff8104        0x1 .\ARM_GCC_493\Debug\CapSense_CSD_WithTuner01.a(CyLib.o)
                0x1fff8104                CyResetStatus

.data           0x1fff8108       0x20 load address 0x00001c88
                0x1fff8108                __cy_region_start_data = .
 *(.jcr)
 .jcr           0x1fff8108        0x0 c:/program files (x86)/cypress/psoc creator/3.3/psoc creator/import/gnu/arm/4.9.3/bin/../lib/gcc/arm-none-eabi/4.9.3/armv7-m/crtbegin.o
 .jcr           0x1fff8108        0x4 c:/program files (x86)/cypress/psoc creator/3.3/psoc creator/import/gnu/arm/4.9.3/bin/../lib/gcc/arm-none-eabi/4.9.3/armv7-m/crtend.o
 *(.got.plt)
 *(.got)
 *(.shdata)
 *(.data .data.* .gnu.linkonce.d.*)
 .data          0x1fff810c       0x10 .\ARM_GCC_493\Debug\CapSense_CSD_WithTuner01.a(CapSense_CSD_CSHL.o)
                0x1fff810c                CapSense_CSD_fingerThreshold
                0x1fff8110                CapSense_CSD_noiseThreshold
                0x1fff8114                CapSense_CSD_hysteresis
                0x1fff8118                CapSense_CSD_debounce
 .data          0x1fff811c        0xc .\ARM_GCC_493\Debug\CapSense_CSD_WithTuner01.a(CapSense_CSD.o)
                0x1fff811c                CapSense_CSD_idacSettings
                0x1fff8120                CapSense_CSD_widgetResolution
                0x1fff8124                CapSense_CSD_analogSwitchDivider
                0x1fff8128                . = ALIGN (0x8)
 *(.ram)
                0x1fff8128                _edata = .

.igot.plt       0x1fff8128        0x0 load address 0x00001ca8
 .igot.plt      0x00000000        0x0 c:/program files (x86)/cypress/psoc creator/3.3/psoc creator/import/gnu/arm/4.9.3/bin/../lib/gcc/arm-none-eabi/4.9.3/armv7-m/crtbegin.o

.bss            0x1fff8128       0x78 load address 0x00001ca8
                0x1fff8128                PROVIDE (__bss_start__, .)
 *(.shbss)
 *(.bss .bss.* .gnu.linkonce.b.*)
 .bss           0x1fff8128       0x1c c:/program files (x86)/cypress/psoc creator/3.3/psoc creator/import/gnu/arm/4.9.3/bin/../lib/gcc/arm-none-eabi/4.9.3/armv7-m/crtbegin.o
 .bss           0x1fff8144        0x4 .\ARM_GCC_493\Debug\CapSense_CSD_WithTuner01.a(CapSense_CSD_CSHL.o)
                0x1fff8144                CapSense_CSD_debounceCounter
 .bss           0x1fff8148        0x1 .\ARM_GCC_493\Debug\CapSense_CSD_WithTuner01.a(EzI2C.o)
                0x1fff8148                EzI2C_initVar
 *fill*         0x1fff8149        0x1 
 .bss           0x1fff814a        0x6 .\ARM_GCC_493\Debug\CapSense_CSD_WithTuner01.a(EzI2C_INT.o)
 .bss           0x1fff8150        0x8 .\ARM_GCC_493\Debug\CapSense_CSD_WithTuner01.a(CapSense_CSD.o)
                0x1fff8154                CapSense_CSD_sensorEnableMask
 *(COMMON)
 COMMON         0x1fff8158       0x11 .\ARM_GCC_493\Debug\CapSense_CSD_WithTuner01.a(CapSense_CSD_CSHL.o)
                0x1fff8158                CapSense_CSD_sensorSignal
                0x1fff815c                CapSense_CSD_sensorBaseline
                0x1fff8160                CapSense_CSD_sensorBaselineLow
                0x1fff8164                CapSense_CSD_sensorOnMask
                0x1fff8168                CapSense_CSD_lowBaselineResetCnt
 *fill*         0x1fff8169        0x3 
 COMMON         0x1fff816c       0x19 .\ARM_GCC_493\Debug\CapSense_CSD_WithTuner01.a(CapSense_CSD_TunerHelper.o)
                0x1fff816c                CapSense_CSD_mailboxesComm
 *fill*         0x1fff8185        0x3 
 COMMON         0x1fff8188       0x10 .\ARM_GCC_493\Debug\CapSense_CSD_WithTuner01.a(EzI2C.o)
                0x1fff8188                EzI2C_rwIndexS1
                0x1fff818a                EzI2C_curStatus
                0x1fff818c                EzI2C_rwOffsetS1
                0x1fff818e                EzI2C_bufSizeS1
                0x1fff8190                EzI2C_curState
                0x1fff8192                EzI2C_wrProtectS1
                0x1fff8194                EzI2C_dataPtrS1
 COMMON         0x1fff8198        0x6 .\ARM_GCC_493\Debug\CapSense_CSD_WithTuner01.a(CapSense_CSD.o)
                0x1fff8198                CapSense_CSD_sensorIndex
                0x1fff8199                CapSense_CSD_csv
                0x1fff819c                CapSense_CSD_sensorRaw
                0x1fff81a0                . = ALIGN (0x8)
 *fill*         0x1fff819e        0x2 
 *(.ram.b)
                0x1fff81a0                _end = .
                0x1fff81a0                __end = .
                0x1fff81a0                PROVIDE (end, .)
                0x1fff81a0                PROVIDE (__bss_end__, .)
                0x00001c88                __cy_region_init_ram = LOADADDR (.data)
                0x00000020                __cy_region_init_size_ram = (_edata - ADDR (.data))
                0x00000078                __cy_region_zero_size_ram = (_end - _edata)

.heap           0x1fff81a0       0x80 load address 0x00001ca8
                0x1fff81a0                . = _end
                0x1fff8220                . = (. + 0x80)
 *fill*         0x1fff81a0       0x80 
                0x1fff8220                __cy_heap_limit = .

.stack          0x20007800      0x800
                0x20007800                __cy_stack_limit = .
                0x20008000                . = (. + 0x800)
 *fill*         0x20007800      0x800 
                0x00000001                ASSERT ((__cy_stack_limit >= __cy_heap_limit), region RAM overflowed with stack)
                0x00000000                cy_checksum_exclude_size = (CY_APPL_LOADABLE == 0x1)?SIZEOF (.cy_checksum_exclude):0x0
                0x00000001                ASSERT ((cy_checksum_exclude_size <= CY_CHECKSUM_EXCLUDE_SIZE), CY_BOOT: Section .cy_checksum_exclude size exceedes specified limit.)

.cyloadermeta
 *(.cyloadermeta)

.cyloadablemeta
 *(.cyloadablemeta)

.cyconfigecc    0x80000000      0x3c0
 *(.cyconfigecc)
 .cyconfigecc   0x80000000      0x3c0 .\ARM_GCC_493\Debug\cymetadata.o
                0x80000000                cy_meta_configecc

.cycustnvl      0x90000000        0x4
 *(.cycustnvl)
 .cycustnvl     0x90000000        0x4 .\ARM_GCC_493\Debug\cymetadata.o
                0x90000000                cy_meta_custnvl

.cywolatch      0x90100000        0x4
 *(.cywolatch)
 .cywolatch     0x90100000        0x4 .\ARM_GCC_493\Debug\cymetadata.o
                0x90100000                cy_meta_wonvl

.cyeeprom       0x90200000        0x0
 *(.cyeeprom)
                0x00000001                ASSERT ((. <= ((0x90200000 + ee_offset) + ee_size)), .cyeeprom data will not fit in EEPROM)

.cyflashprotect
                0x90400000      0x100
 *(.cyflashprotect)
 .cyflashprotect
                0x90400000      0x100 .\ARM_GCC_493\Debug\cymetadata.o
                0x90400000                cy_meta_flashprotect

.cymeta         0x90500000        0xc
 *(.cymeta)
 .cymeta        0x90500000        0xc .\ARM_GCC_493\Debug\cymetadata.o
                0x90500000                cy_metadata

.rel.dyn        0x00001ca8        0x0 load address 0x9050000c
 .rel.iplt      0x00000000        0x0 c:/program files (x86)/cypress/psoc creator/3.3/psoc creator/import/gnu/arm/4.9.3/bin/../lib/gcc/arm-none-eabi/4.9.3/armv7-m/crtbegin.o

.stab
 *(.stab)

.stabstr
 *(.stabstr)

.debug
 *(.debug)

.line
 *(.line)

.debug_srcinfo
 *(.debug_srcinfo)

.debug_sfnames
 *(.debug_sfnames)

.debug_aranges  0x00000000      0x918
 *(.debug_aranges)
 .debug_aranges
                0x00000000       0x20 .\ARM_GCC_493\Debug\main.o
 .debug_aranges
                0x00000020       0x18 .\ARM_GCC_493\Debug\cymetadata.o
 .debug_aranges
                0x00000038       0x48 .\ARM_GCC_493\Debug\Cm3Start.o
 .debug_aranges
                0x00000080       0x70 .\ARM_GCC_493\Debug\CapSense_CSD_WithTuner01.a(cyfitter_cfg.o)
 .debug_aranges
                0x000000f0       0x70 .\ARM_GCC_493\Debug\CapSense_CSD_WithTuner01.a(CapSense_CSD_CSHL.o)
 .debug_aranges
                0x00000160       0x30 .\ARM_GCC_493\Debug\CapSense_CSD_WithTuner01.a(CapSense_CSD_TunerHelper.o)
 .debug_aranges
                0x00000190       0x20 .\ARM_GCC_493\Debug\CapSense_CSD_WithTuner01.a(CyBootAsmGnu.o)
 .debug_aranges
                0x000001b0      0x298 .\ARM_GCC_493\Debug\CapSense_CSD_WithTuner01.a(CyLib.o)
 .debug_aranges
                0x00000448       0x98 .\ARM_GCC_493\Debug\CapSense_CSD_WithTuner01.a(cyPm.o)
 .debug_aranges
                0x000004e0       0x58 .\ARM_GCC_493\Debug\CapSense_CSD_WithTuner01.a(EzI2C.o)
 .debug_aranges
                0x00000538       0x38 .\ARM_GCC_493\Debug\CapSense_CSD_WithTuner01.a(EzI2C_PM.o)
 .debug_aranges
                0x00000570       0x20 .\ARM_GCC_493\Debug\CapSense_CSD_WithTuner01.a(EzI2C_INT.o)
 .debug_aranges
                0x00000590       0xb0 .\ARM_GCC_493\Debug\CapSense_CSD_WithTuner01.a(CapSense_CSD.o)
 .debug_aranges
                0x00000640       0x20 .\ARM_GCC_493\Debug\CapSense_CSD_WithTuner01.a(CapSense_CSD_INT.o)
 .debug_aranges
                0x00000660       0x38 .\ARM_GCC_493\Debug\CapSense_CSD_WithTuner01.a(CapSense_CSD_MBX.o)
 .debug_aranges
                0x00000698       0x70 .\ARM_GCC_493\Debug\CapSense_CSD_WithTuner01.a(CapSense_CSD_CompCH0.o)
 .debug_aranges
                0x00000708       0x60 .\ARM_GCC_493\Debug\CapSense_CSD_WithTuner01.a(CapSense_CSD_IdacCH0.o)
 .debug_aranges
                0x00000768       0x48 .\ARM_GCC_493\Debug\CapSense_CSD_WithTuner01.a(CapSense_CSD_AMuxCH0.o)
 .debug_aranges
                0x000007b0       0x70 .\ARM_GCC_493\Debug\CapSense_CSD_WithTuner01.a(CapSense_CSD_IntClock.o)
 .debug_aranges
                0x00000820       0x80 .\ARM_GCC_493\Debug\CapSense_CSD_WithTuner01.a(CyFlash.o)
 .debug_aranges
                0x000008a0       0x78 .\ARM_GCC_493\Debug\CapSense_CSD_WithTuner01.a(CySpc.o)

.debug_pubnames
 *(.debug_pubnames)

.debug_info     0x00000000     0x43a2
 *(.debug_info .gnu.linkonce.wi.*)
 .debug_info    0x00000000       0xc4 .\ARM_GCC_493\Debug\main.o
 .debug_info    0x000000c4      0x13b .\ARM_GCC_493\Debug\cymetadata.o
 .debug_info    0x000001ff      0x319 .\ARM_GCC_493\Debug\Cm3Start.o
 .debug_info    0x00000518      0x437 .\ARM_GCC_493\Debug\CapSense_CSD_WithTuner01.a(cyfitter_cfg.o)
 .debug_info    0x0000094f      0x52d .\ARM_GCC_493\Debug\CapSense_CSD_WithTuner01.a(CapSense_CSD_CSHL.o)
 .debug_info    0x00000e7c      0x29c .\ARM_GCC_493\Debug\CapSense_CSD_WithTuner01.a(CapSense_CSD_TunerHelper.o)
 .debug_info    0x00001118       0xa7 .\ARM_GCC_493\Debug\CapSense_CSD_WithTuner01.a(CyBootAsmGnu.o)
 .debug_info    0x000011bf      0xe36 .\ARM_GCC_493\Debug\CapSense_CSD_WithTuner01.a(CyLib.o)
 .debug_info    0x00001ff5      0x562 .\ARM_GCC_493\Debug\CapSense_CSD_WithTuner01.a(cyPm.o)
 .debug_info    0x00002557      0x2ea .\ARM_GCC_493\Debug\CapSense_CSD_WithTuner01.a(EzI2C.o)
 .debug_info    0x00002841      0x182 .\ARM_GCC_493\Debug\CapSense_CSD_WithTuner01.a(EzI2C_PM.o)
 .debug_info    0x000029c3      0x152 .\ARM_GCC_493\Debug\CapSense_CSD_WithTuner01.a(EzI2C_INT.o)
 .debug_info    0x00002b15      0x512 .\ARM_GCC_493\Debug\CapSense_CSD_WithTuner01.a(CapSense_CSD.o)
 .debug_info    0x00003027       0xc2 .\ARM_GCC_493\Debug\CapSense_CSD_WithTuner01.a(CapSense_CSD_INT.o)
 .debug_info    0x000030e9      0x35d .\ARM_GCC_493\Debug\CapSense_CSD_WithTuner01.a(CapSense_CSD_MBX.o)
 .debug_info    0x00003446      0x23f .\ARM_GCC_493\Debug\CapSense_CSD_WithTuner01.a(CapSense_CSD_CompCH0.o)
 .debug_info    0x00003685      0x1ad .\ARM_GCC_493\Debug\CapSense_CSD_WithTuner01.a(CapSense_CSD_IdacCH0.o)
 .debug_info    0x00003832      0x14e .\ARM_GCC_493\Debug\CapSense_CSD_WithTuner01.a(CapSense_CSD_AMuxCH0.o)
 .debug_info    0x00003980      0x25d .\ARM_GCC_493\Debug\CapSense_CSD_WithTuner01.a(CapSense_CSD_IntClock.o)
 .debug_info    0x00003bdd      0x36c .\ARM_GCC_493\Debug\CapSense_CSD_WithTuner01.a(CyFlash.o)
 .debug_info    0x00003f49      0x459 .\ARM_GCC_493\Debug\CapSense_CSD_WithTuner01.a(CySpc.o)

.debug_abbrev   0x00000000     0x1693
 *(.debug_abbrev)
 .debug_abbrev  0x00000000       0x67 .\ARM_GCC_493\Debug\main.o
 .debug_abbrev  0x00000067       0x66 .\ARM_GCC_493\Debug\cymetadata.o
 .debug_abbrev  0x000000cd      0x1b6 .\ARM_GCC_493\Debug\Cm3Start.o
 .debug_abbrev  0x00000283      0x1b0 .\ARM_GCC_493\Debug\CapSense_CSD_WithTuner01.a(cyfitter_cfg.o)
 .debug_abbrev  0x00000433      0x16c .\ARM_GCC_493\Debug\CapSense_CSD_WithTuner01.a(CapSense_CSD_CSHL.o)
 .debug_abbrev  0x0000059f       0xf4 .\ARM_GCC_493\Debug\CapSense_CSD_WithTuner01.a(CapSense_CSD_TunerHelper.o)
 .debug_abbrev  0x00000693       0x14 .\ARM_GCC_493\Debug\CapSense_CSD_WithTuner01.a(CyBootAsmGnu.o)
 .debug_abbrev  0x000006a7      0x217 .\ARM_GCC_493\Debug\CapSense_CSD_WithTuner01.a(CyLib.o)
 .debug_abbrev  0x000008be      0x161 .\ARM_GCC_493\Debug\CapSense_CSD_WithTuner01.a(cyPm.o)
 .debug_abbrev  0x00000a1f      0x150 .\ARM_GCC_493\Debug\CapSense_CSD_WithTuner01.a(EzI2C.o)
 .debug_abbrev  0x00000b6f       0xf8 .\ARM_GCC_493\Debug\CapSense_CSD_WithTuner01.a(EzI2C_PM.o)
 .debug_abbrev  0x00000c67       0x81 .\ARM_GCC_493\Debug\CapSense_CSD_WithTuner01.a(EzI2C_INT.o)
 .debug_abbrev  0x00000ce8      0x158 .\ARM_GCC_493\Debug\CapSense_CSD_WithTuner01.a(CapSense_CSD.o)
 .debug_abbrev  0x00000e40       0x67 .\ARM_GCC_493\Debug\CapSense_CSD_WithTuner01.a(CapSense_CSD_INT.o)
 .debug_abbrev  0x00000ea7      0x151 .\ARM_GCC_493\Debug\CapSense_CSD_WithTuner01.a(CapSense_CSD_MBX.o)
 .debug_abbrev  0x00000ff8      0x146 .\ARM_GCC_493\Debug\CapSense_CSD_WithTuner01.a(CapSense_CSD_CompCH0.o)
 .debug_abbrev  0x0000113e      0x114 .\ARM_GCC_493\Debug\CapSense_CSD_WithTuner01.a(CapSense_CSD_IdacCH0.o)
 .debug_abbrev  0x00001252       0x98 .\ARM_GCC_493\Debug\CapSense_CSD_WithTuner01.a(CapSense_CSD_AMuxCH0.o)
 .debug_abbrev  0x000012ea      0x11d .\ARM_GCC_493\Debug\CapSense_CSD_WithTuner01.a(CapSense_CSD_IntClock.o)
 .debug_abbrev  0x00001407      0x120 .\ARM_GCC_493\Debug\CapSense_CSD_WithTuner01.a(CyFlash.o)
 .debug_abbrev  0x00001527      0x16c .\ARM_GCC_493\Debug\CapSense_CSD_WithTuner01.a(CySpc.o)

.debug_line     0x00000000     0x2548
 *(.debug_line)
 .debug_line    0x00000000      0x162 .\ARM_GCC_493\Debug\main.o
 .debug_line    0x00000162       0x53 .\ARM_GCC_493\Debug\cymetadata.o
 .debug_line    0x000001b5      0x1d6 .\ARM_GCC_493\Debug\Cm3Start.o
 .debug_line    0x0000038b      0x21f .\ARM_GCC_493\Debug\CapSense_CSD_WithTuner01.a(cyfitter_cfg.o)
 .debug_line    0x000005aa      0x247 .\ARM_GCC_493\Debug\CapSense_CSD_WithTuner01.a(CapSense_CSD_CSHL.o)
 .debug_line    0x000007f1       0xf9 .\ARM_GCC_493\Debug\CapSense_CSD_WithTuner01.a(CapSense_CSD_TunerHelper.o)
 .debug_line    0x000008ea       0x68 .\ARM_GCC_493\Debug\CapSense_CSD_WithTuner01.a(CyBootAsmGnu.o)
 .debug_line    0x00000952      0x872 .\ARM_GCC_493\Debug\CapSense_CSD_WithTuner01.a(CyLib.o)
 .debug_line    0x000011c4      0x381 .\ARM_GCC_493\Debug\CapSense_CSD_WithTuner01.a(cyPm.o)
 .debug_line    0x00001545      0x12a .\ARM_GCC_493\Debug\CapSense_CSD_WithTuner01.a(EzI2C.o)
 .debug_line    0x0000166f       0xb9 .\ARM_GCC_493\Debug\CapSense_CSD_WithTuner01.a(EzI2C_PM.o)
 .debug_line    0x00001728       0xc4 .\ARM_GCC_493\Debug\CapSense_CSD_WithTuner01.a(EzI2C_INT.o)
 .debug_line    0x000017ec      0x25b .\ARM_GCC_493\Debug\CapSense_CSD_WithTuner01.a(CapSense_CSD.o)
 .debug_line    0x00001a47       0x86 .\ARM_GCC_493\Debug\CapSense_CSD_WithTuner01.a(CapSense_CSD_INT.o)
 .debug_line    0x00001acd      0x122 .\ARM_GCC_493\Debug\CapSense_CSD_WithTuner01.a(CapSense_CSD_MBX.o)
 .debug_line    0x00001bef      0x17b .\ARM_GCC_493\Debug\CapSense_CSD_WithTuner01.a(CapSense_CSD_CompCH0.o)
 .debug_line    0x00001d6a      0x117 .\ARM_GCC_493\Debug\CapSense_CSD_WithTuner01.a(CapSense_CSD_IdacCH0.o)
 .debug_line    0x00001e81       0xe0 .\ARM_GCC_493\Debug\CapSense_CSD_WithTuner01.a(CapSense_CSD_AMuxCH0.o)
 .debug_line    0x00001f61      0x1c9 .\ARM_GCC_493\Debug\CapSense_CSD_WithTuner01.a(CapSense_CSD_IntClock.o)
 .debug_line    0x0000212a      0x207 .\ARM_GCC_493\Debug\CapSense_CSD_WithTuner01.a(CyFlash.o)
 .debug_line    0x00002331      0x217 .\ARM_GCC_493\Debug\CapSense_CSD_WithTuner01.a(CySpc.o)

.debug_frame    0x00000000     0x2314
 *(.debug_frame)
 .debug_frame   0x00000000       0x2c .\ARM_GCC_493\Debug\main.o
 .debug_frame   0x0000002c       0xd8 .\ARM_GCC_493\Debug\Cm3Start.o
 .debug_frame   0x00000104      0x1bc .\ARM_GCC_493\Debug\CapSense_CSD_WithTuner01.a(cyfitter_cfg.o)
 .debug_frame   0x000002c0      0x1c8 .\ARM_GCC_493\Debug\CapSense_CSD_WithTuner01.a(CapSense_CSD_CSHL.o)
 .debug_frame   0x00000488       0x70 .\ARM_GCC_493\Debug\CapSense_CSD_WithTuner01.a(CapSense_CSD_TunerHelper.o)
 .debug_frame   0x000004f8      0xbe8 .\ARM_GCC_493\Debug\CapSense_CSD_WithTuner01.a(CyLib.o)
 .debug_frame   0x000010e0      0x234 .\ARM_GCC_493\Debug\CapSense_CSD_WithTuner01.a(cyPm.o)
 .debug_frame   0x00001314      0x134 .\ARM_GCC_493\Debug\CapSense_CSD_WithTuner01.a(EzI2C.o)
 .debug_frame   0x00001448       0x94 .\ARM_GCC_493\Debug\CapSense_CSD_WithTuner01.a(EzI2C_PM.o)
 .debug_frame   0x000014dc       0x34 .\ARM_GCC_493\Debug\CapSense_CSD_WithTuner01.a(EzI2C_INT.o)
 .debug_frame   0x00001510      0x2e0 .\ARM_GCC_493\Debug\CapSense_CSD_WithTuner01.a(CapSense_CSD.o)
 .debug_frame   0x000017f0       0x2c .\ARM_GCC_493\Debug\CapSense_CSD_WithTuner01.a(CapSense_CSD_INT.o)
 .debug_frame   0x0000181c       0xb0 .\ARM_GCC_493\Debug\CapSense_CSD_WithTuner01.a(CapSense_CSD_MBX.o)
 .debug_frame   0x000018cc      0x19c .\ARM_GCC_493\Debug\CapSense_CSD_WithTuner01.a(CapSense_CSD_CompCH0.o)
 .debug_frame   0x00001a68      0x158 .\ARM_GCC_493\Debug\CapSense_CSD_WithTuner01.a(CapSense_CSD_IdacCH0.o)
 .debug_frame   0x00001bc0       0xdc .\ARM_GCC_493\Debug\CapSense_CSD_WithTuner01.a(CapSense_CSD_AMuxCH0.o)
 .debug_frame   0x00001c9c      0x1b4 .\ARM_GCC_493\Debug\CapSense_CSD_WithTuner01.a(CapSense_CSD_IntClock.o)
 .debug_frame   0x00001e50      0x210 .\ARM_GCC_493\Debug\CapSense_CSD_WithTuner01.a(CyFlash.o)
 .debug_frame   0x00002060      0x1f8 .\ARM_GCC_493\Debug\CapSense_CSD_WithTuner01.a(CySpc.o)
 .debug_frame   0x00002258       0x20 c:/program files (x86)/cypress/psoc creator/3.3/psoc creator/import/gnu/arm/4.9.3/bin/../lib/gcc/arm-none-eabi/4.9.3/../../../../arm-none-eabi/lib/armv7-m\libg_nano.a(lib_a-errno.o)
 .debug_frame   0x00002278       0x28 c:/program files (x86)/cypress/psoc creator/3.3/psoc creator/import/gnu/arm/4.9.3/bin/../lib/gcc/arm-none-eabi/4.9.3/../../../../arm-none-eabi/lib/armv7-m\libg_nano.a(lib_a-exit.o)
 .debug_frame   0x000022a0       0x2c c:/program files (x86)/cypress/psoc creator/3.3/psoc creator/import/gnu/arm/4.9.3/bin/../lib/gcc/arm-none-eabi/4.9.3/../../../../arm-none-eabi/lib/armv7-m\libg_nano.a(lib_a-init.o)
 .debug_frame   0x000022cc       0x28 c:/program files (x86)/cypress/psoc creator/3.3/psoc creator/import/gnu/arm/4.9.3/bin/../lib/gcc/arm-none-eabi/4.9.3/../../../../arm-none-eabi/lib/armv7-m\libg_nano.a(lib_a-memcpy.o)
 .debug_frame   0x000022f4       0x20 c:/program files (x86)/cypress/psoc creator/3.3/psoc creator/import/gnu/arm/4.9.3/bin/../lib/gcc/arm-none-eabi/4.9.3/../../../../arm-none-eabi/lib/armv7-m\libg_nano.a(lib_a-memset.o)

.debug_str      0x00000000     0x244c
 *(.debug_str)
 .debug_str     0x00000000      0x170 .\ARM_GCC_493\Debug\main.o
                                0x1b1 (size before relaxing)
 .debug_str     0x00000170       0x7d .\ARM_GCC_493\Debug\cymetadata.o
                                0x201 (size before relaxing)
 .debug_str     0x000001ed      0x13e .\ARM_GCC_493\Debug\Cm3Start.o
                                0x2e2 (size before relaxing)
 .debug_str     0x0000032b      0x1da .\ARM_GCC_493\Debug\CapSense_CSD_WithTuner01.a(cyfitter_cfg.o)
                                0x38a (size before relaxing)
 .debug_str     0x00000505      0x386 .\ARM_GCC_493\Debug\CapSense_CSD_WithTuner01.a(CapSense_CSD_CSHL.o)
                                0x561 (size before relaxing)
 .debug_str     0x0000088b      0x14b .\ARM_GCC_493\Debug\CapSense_CSD_WithTuner01.a(CapSense_CSD_TunerHelper.o)
                                0x374 (size before relaxing)
 .debug_str     0x000009d6      0x7f0 .\ARM_GCC_493\Debug\CapSense_CSD_WithTuner01.a(CyLib.o)
                                0x9dd (size before relaxing)
 .debug_str     0x000011c6      0x367 .\ARM_GCC_493\Debug\CapSense_CSD_WithTuner01.a(cyPm.o)
                                0x542 (size before relaxing)
 .debug_str     0x0000152d      0x185 .\ARM_GCC_493\Debug\CapSense_CSD_WithTuner01.a(EzI2C.o)
                                0x343 (size before relaxing)
 .debug_str     0x000016b2       0x62 .\ARM_GCC_493\Debug\CapSense_CSD_WithTuner01.a(EzI2C_PM.o)
                                0x24a (size before relaxing)
 .debug_str     0x00001714       0x41 .\ARM_GCC_493\Debug\CapSense_CSD_WithTuner01.a(EzI2C_INT.o)
                                0x249 (size before relaxing)
 .debug_str     0x00001755      0x32c .\ARM_GCC_493\Debug\CapSense_CSD_WithTuner01.a(CapSense_CSD.o)
                                0x53e (size before relaxing)
 .debug_str     0x00001a81       0x44 .\ARM_GCC_493\Debug\CapSense_CSD_WithTuner01.a(CapSense_CSD_INT.o)
                                0x1f8 (size before relaxing)
 .debug_str     0x00001ac5       0xa1 .\ARM_GCC_493\Debug\CapSense_CSD_WithTuner01.a(CapSense_CSD_MBX.o)
                                0x457 (size before relaxing)
 .debug_str     0x00001b66      0x1f2 .\ARM_GCC_493\Debug\CapSense_CSD_WithTuner01.a(CapSense_CSD_CompCH0.o)
                                0x38f (size before relaxing)
 .debug_str     0x00001d58      0x15f .\ARM_GCC_493\Debug\CapSense_CSD_WithTuner01.a(CapSense_CSD_IdacCH0.o)
                                0x2f6 (size before relaxing)
 .debug_str     0x00001eb7      0x121 .\ARM_GCC_493\Debug\CapSense_CSD_WithTuner01.a(CapSense_CSD_AMuxCH0.o)
                                0x2aa (size before relaxing)
 .debug_str     0x00001fd8      0x20c .\ARM_GCC_493\Debug\CapSense_CSD_WithTuner01.a(CapSense_CSD_IntClock.o)
                                0x3ad (size before relaxing)
 .debug_str     0x000021e4      0x147 .\ARM_GCC_493\Debug\CapSense_CSD_WithTuner01.a(CyFlash.o)
                                0x301 (size before relaxing)
 .debug_str     0x0000232b      0x121 .\ARM_GCC_493\Debug\CapSense_CSD_WithTuner01.a(CySpc.o)
                                0x2fe (size before relaxing)

.debug_loc
 *(.debug_loc)

.debug_macinfo
 *(.debug_macinfo)

.debug_ranges   0x00000000      0x7b0
 *(.debug_ranges)
 .debug_ranges  0x00000000       0x10 .\ARM_GCC_493\Debug\main.o
 .debug_ranges  0x00000010       0x38 .\ARM_GCC_493\Debug\Cm3Start.o
 .debug_ranges  0x00000048       0x60 .\ARM_GCC_493\Debug\CapSense_CSD_WithTuner01.a(cyfitter_cfg.o)
 .debug_ranges  0x000000a8       0x60 .\ARM_GCC_493\Debug\CapSense_CSD_WithTuner01.a(CapSense_CSD_CSHL.o)
 .debug_ranges  0x00000108       0x20 .\ARM_GCC_493\Debug\CapSense_CSD_WithTuner01.a(CapSense_CSD_TunerHelper.o)
 .debug_ranges  0x00000128      0x288 .\ARM_GCC_493\Debug\CapSense_CSD_WithTuner01.a(CyLib.o)
 .debug_ranges  0x000003b0       0x88 .\ARM_GCC_493\Debug\CapSense_CSD_WithTuner01.a(cyPm.o)
 .debug_ranges  0x00000438       0x48 .\ARM_GCC_493\Debug\CapSense_CSD_WithTuner01.a(EzI2C.o)
 .debug_ranges  0x00000480       0x28 .\ARM_GCC_493\Debug\CapSense_CSD_WithTuner01.a(EzI2C_PM.o)
 .debug_ranges  0x000004a8       0x10 .\ARM_GCC_493\Debug\CapSense_CSD_WithTuner01.a(EzI2C_INT.o)
 .debug_ranges  0x000004b8       0xa0 .\ARM_GCC_493\Debug\CapSense_CSD_WithTuner01.a(CapSense_CSD.o)
 .debug_ranges  0x00000558       0x10 .\ARM_GCC_493\Debug\CapSense_CSD_WithTuner01.a(CapSense_CSD_INT.o)
 .debug_ranges  0x00000568       0x28 .\ARM_GCC_493\Debug\CapSense_CSD_WithTuner01.a(CapSense_CSD_MBX.o)
 .debug_ranges  0x00000590       0x60 .\ARM_GCC_493\Debug\CapSense_CSD_WithTuner01.a(CapSense_CSD_CompCH0.o)
 .debug_ranges  0x000005f0       0x50 .\ARM_GCC_493\Debug\CapSense_CSD_WithTuner01.a(CapSense_CSD_IdacCH0.o)
 .debug_ranges  0x00000640       0x38 .\ARM_GCC_493\Debug\CapSense_CSD_WithTuner01.a(CapSense_CSD_AMuxCH0.o)
 .debug_ranges  0x00000678       0x60 .\ARM_GCC_493\Debug\CapSense_CSD_WithTuner01.a(CapSense_CSD_IntClock.o)
 .debug_ranges  0x000006d8       0x70 .\ARM_GCC_493\Debug\CapSense_CSD_WithTuner01.a(CyFlash.o)
 .debug_ranges  0x00000748       0x68 .\ARM_GCC_493\Debug\CapSense_CSD_WithTuner01.a(CySpc.o)

.comment        0x00000000       0x70
 .comment       0x00000000       0x70 .\ARM_GCC_493\Debug\main.o
                                 0x71 (size before relaxing)
 .comment       0x00000000       0x71 .\ARM_GCC_493\Debug\cymetadata.o
 .comment       0x00000000       0x71 .\ARM_GCC_493\Debug\Cm3Start.o
 .comment       0x00000000       0x71 .\ARM_GCC_493\Debug\CapSense_CSD_WithTuner01.a(cyfitter_cfg.o)
 .comment       0x00000000       0x71 .\ARM_GCC_493\Debug\CapSense_CSD_WithTuner01.a(CapSense_CSD_CSHL.o)
 .comment       0x00000000       0x71 .\ARM_GCC_493\Debug\CapSense_CSD_WithTuner01.a(CapSense_CSD_TunerHelper.o)
 .comment       0x00000000       0x71 .\ARM_GCC_493\Debug\CapSense_CSD_WithTuner01.a(CyLib.o)
 .comment       0x00000000       0x71 .\ARM_GCC_493\Debug\CapSense_CSD_WithTuner01.a(cyPm.o)
 .comment       0x00000000       0x71 .\ARM_GCC_493\Debug\CapSense_CSD_WithTuner01.a(EzI2C.o)
 .comment       0x00000000       0x71 .\ARM_GCC_493\Debug\CapSense_CSD_WithTuner01.a(EzI2C_PM.o)
 .comment       0x00000000       0x71 .\ARM_GCC_493\Debug\CapSense_CSD_WithTuner01.a(EzI2C_INT.o)
 .comment       0x00000000       0x71 .\ARM_GCC_493\Debug\CapSense_CSD_WithTuner01.a(CapSense_CSD.o)
 .comment       0x00000000       0x71 .\ARM_GCC_493\Debug\CapSense_CSD_WithTuner01.a(CapSense_CSD_INT.o)
 .comment       0x00000000       0x71 .\ARM_GCC_493\Debug\CapSense_CSD_WithTuner01.a(CapSense_CSD_MBX.o)
 .comment       0x00000000       0x71 .\ARM_GCC_493\Debug\CapSense_CSD_WithTuner01.a(CapSense_CSD_CompCH0.o)
 .comment       0x00000000       0x71 .\ARM_GCC_493\Debug\CapSense_CSD_WithTuner01.a(CapSense_CSD_IdacCH0.o)
 .comment       0x00000000       0x71 .\ARM_GCC_493\Debug\CapSense_CSD_WithTuner01.a(CapSense_CSD_AMuxCH0.o)
 .comment       0x00000000       0x71 .\ARM_GCC_493\Debug\CapSense_CSD_WithTuner01.a(CapSense_CSD_IntClock.o)
 .comment       0x00000000       0x71 .\ARM_GCC_493\Debug\CapSense_CSD_WithTuner01.a(CyFlash.o)
 .comment       0x00000000       0x71 .\ARM_GCC_493\Debug\CapSense_CSD_WithTuner01.a(CySpc.o)

.debug_weaknames
 *(.debug_weaknames)

.debug_funcnames
 *(.debug_funcnames)

.debug_typenames
 *(.debug_typenames)

.debug_varnames
 *(.debug_varnames)

.note.gnu.arm.ident
 *(.note.gnu.arm.ident)

.ARM.attributes
                0x00000000       0x29
 *(.ARM.attributes)
 .ARM.attributes
                0x00000000       0x1d c:/program files (x86)/cypress/psoc creator/3.3/psoc creator/import/gnu/arm/4.9.3/bin/../lib/gcc/arm-none-eabi/4.9.3/armv7-m/crti.o
 .ARM.attributes
                0x0000001d       0x2d c:/program files (x86)/cypress/psoc creator/3.3/psoc creator/import/gnu/arm/4.9.3/bin/../lib/gcc/arm-none-eabi/4.9.3/armv7-m/crtbegin.o
 .ARM.attributes
                0x0000004a       0x1b c:/program files (x86)/cypress/psoc creator/3.3/psoc creator/import/gnu/arm/4.9.3/bin/../lib/gcc/arm-none-eabi/4.9.3/../../../../arm-none-eabi/lib/armv7-m/crt0.o
 .ARM.attributes
                0x00000065       0x33 .\ARM_GCC_493\Debug\main.o
 .ARM.attributes
                0x00000098       0x33 .\ARM_GCC_493\Debug\cymetadata.o
 .ARM.attributes
                0x000000cb       0x33 .\ARM_GCC_493\Debug\Cm3Start.o
 .ARM.attributes
                0x000000fe       0x33 .\ARM_GCC_493\Debug\CapSense_CSD_WithTuner01.a(cyfitter_cfg.o)
 .ARM.attributes
                0x00000131       0x33 .\ARM_GCC_493\Debug\CapSense_CSD_WithTuner01.a(CapSense_CSD_CSHL.o)
 .ARM.attributes
                0x00000164       0x33 .\ARM_GCC_493\Debug\CapSense_CSD_WithTuner01.a(CapSense_CSD_TunerHelper.o)
 .ARM.attributes
                0x00000197       0x21 .\ARM_GCC_493\Debug\CapSense_CSD_WithTuner01.a(CyBootAsmGnu.o)
 .ARM.attributes
                0x000001b8       0x33 .\ARM_GCC_493\Debug\CapSense_CSD_WithTuner01.a(CyLib.o)
 .ARM.attributes
                0x000001eb       0x33 .\ARM_GCC_493\Debug\CapSense_CSD_WithTuner01.a(cyPm.o)
 .ARM.attributes
                0x0000021e       0x33 .\ARM_GCC_493\Debug\CapSense_CSD_WithTuner01.a(EzI2C.o)
 .ARM.attributes
                0x00000251       0x33 .\ARM_GCC_493\Debug\CapSense_CSD_WithTuner01.a(EzI2C_PM.o)
 .ARM.attributes
                0x00000284       0x33 .\ARM_GCC_493\Debug\CapSense_CSD_WithTuner01.a(EzI2C_INT.o)
 .ARM.attributes
                0x000002b7       0x33 .\ARM_GCC_493\Debug\CapSense_CSD_WithTuner01.a(CapSense_CSD.o)
 .ARM.attributes
                0x000002ea       0x33 .\ARM_GCC_493\Debug\CapSense_CSD_WithTuner01.a(CapSense_CSD_INT.o)
 .ARM.attributes
                0x0000031d       0x33 .\ARM_GCC_493\Debug\CapSense_CSD_WithTuner01.a(CapSense_CSD_MBX.o)
 .ARM.attributes
                0x00000350       0x33 .\ARM_GCC_493\Debug\CapSense_CSD_WithTuner01.a(CapSense_CSD_CompCH0.o)
 .ARM.attributes
                0x00000383       0x33 .\ARM_GCC_493\Debug\CapSense_CSD_WithTuner01.a(CapSense_CSD_IdacCH0.o)
 .ARM.attributes
                0x000003b6       0x33 .\ARM_GCC_493\Debug\CapSense_CSD_WithTuner01.a(CapSense_CSD_AMuxCH0.o)
 .ARM.attributes
                0x000003e9       0x33 .\ARM_GCC_493\Debug\CapSense_CSD_WithTuner01.a(CapSense_CSD_IntClock.o)
 .ARM.attributes
                0x0000041c       0x33 .\ARM_GCC_493\Debug\CapSense_CSD_WithTuner01.a(CyFlash.o)
 .ARM.attributes
                0x0000044f       0x33 .\ARM_GCC_493\Debug\CapSense_CSD_WithTuner01.a(CySpc.o)
 .ARM.attributes
                0x00000482       0x2d c:/program files (x86)/cypress/psoc creator/3.3/psoc creator/import/gnu/arm/4.9.3/bin/../lib/gcc/arm-none-eabi/4.9.3/../../../../arm-none-eabi/lib/armv7-m\libg_nano.a(lib_a-errno.o)
 .ARM.attributes
                0x000004af       0x2d c:/program files (x86)/cypress/psoc creator/3.3/psoc creator/import/gnu/arm/4.9.3/bin/../lib/gcc/arm-none-eabi/4.9.3/../../../../arm-none-eabi/lib/armv7-m\libg_nano.a(lib_a-exit.o)
 .ARM.attributes
                0x000004dc       0x2d c:/program files (x86)/cypress/psoc creator/3.3/psoc creator/import/gnu/arm/4.9.3/bin/../lib/gcc/arm-none-eabi/4.9.3/../../../../arm-none-eabi/lib/armv7-m\libg_nano.a(lib_a-impure.o)
 .ARM.attributes
                0x00000509       0x2d c:/program files (x86)/cypress/psoc creator/3.3/psoc creator/import/gnu/arm/4.9.3/bin/../lib/gcc/arm-none-eabi/4.9.3/../../../../arm-none-eabi/lib/armv7-m\libg_nano.a(lib_a-init.o)
 .ARM.attributes
                0x00000536       0x2d c:/program files (x86)/cypress/psoc creator/3.3/psoc creator/import/gnu/arm/4.9.3/bin/../lib/gcc/arm-none-eabi/4.9.3/../../../../arm-none-eabi/lib/armv7-m\libg_nano.a(lib_a-memcpy.o)
 .ARM.attributes
                0x00000563       0x2d c:/program files (x86)/cypress/psoc creator/3.3/psoc creator/import/gnu/arm/4.9.3/bin/../lib/gcc/arm-none-eabi/4.9.3/../../../../arm-none-eabi/lib/armv7-m\libg_nano.a(lib_a-memset.o)
 .ARM.attributes
                0x00000590       0x2d c:/program files (x86)/cypress/psoc creator/3.3/psoc creator/import/gnu/arm/4.9.3/bin/../lib/gcc/arm-none-eabi/4.9.3/armv7-m/crtend.o
 .ARM.attributes
                0x000005bd       0x1d c:/program files (x86)/cypress/psoc creator/3.3/psoc creator/import/gnu/arm/4.9.3/bin/../lib/gcc/arm-none-eabi/4.9.3/armv7-m/crtn.o

/DISCARD/
 *(.note.GNU-stack)
OUTPUT(.\ARM_GCC_493\Debug\CapSense_CSD_WithTuner01.elf elf32-littlearm)
