ARM GAS  C:\Users\user\AppData\Local\Temp\ccYiXozg.s 			page 1


   1              		.syntax unified
   2              		.cpu cortex-m3
   3              		.fpu softvfp
   4              		.eabi_attribute 20, 1
   5              		.eabi_attribute 21, 1
   6              		.eabi_attribute 23, 3
   7              		.eabi_attribute 24, 1
   8              		.eabi_attribute 25, 1
   9              		.eabi_attribute 26, 1
  10              		.eabi_attribute 30, 1
  11              		.eabi_attribute 34, 1
  12              		.eabi_attribute 18, 4
  13              		.thumb
  14              		.file	"cyfitter_cfg.c"
  15              		.text
  16              	.Ltext0:
  17              		.cfi_sections	.debug_frame
  18              		.section	.text.CyClockStartupError,"ax",%progbits
  19              		.align	2
  20              		.thumb
  21              		.thumb_func
  22              		.type	CyClockStartupError, %function
  23              	CyClockStartupError:
  24              	.LFB3:
  25              		.file 1 ".\\Generated_Source\\PSoC5\\cyfitter_cfg.c"
   1:.\Generated_Source\PSoC5/cyfitter_cfg.c **** /*******************************************************************************
   2:.\Generated_Source\PSoC5/cyfitter_cfg.c **** * File Name: cyfitter_cfg.c
   3:.\Generated_Source\PSoC5/cyfitter_cfg.c **** * 
   4:.\Generated_Source\PSoC5/cyfitter_cfg.c **** * PSoC Creator  3.3 CP2
   5:.\Generated_Source\PSoC5/cyfitter_cfg.c **** *
   6:.\Generated_Source\PSoC5/cyfitter_cfg.c **** * Description:
   7:.\Generated_Source\PSoC5/cyfitter_cfg.c **** * This file contains device initialization code.
   8:.\Generated_Source\PSoC5/cyfitter_cfg.c **** * Except for the user defined sections in CyClockStartupError(), this file should not be modified.
   9:.\Generated_Source\PSoC5/cyfitter_cfg.c **** * This file is automatically generated by PSoC Creator.
  10:.\Generated_Source\PSoC5/cyfitter_cfg.c **** *
  11:.\Generated_Source\PSoC5/cyfitter_cfg.c **** ********************************************************************************
  12:.\Generated_Source\PSoC5/cyfitter_cfg.c **** * Copyright (c) 2007-2015 Cypress Semiconductor.  All rights reserved.
  13:.\Generated_Source\PSoC5/cyfitter_cfg.c **** * You may use this file only in accordance with the license, terms, conditions, 
  14:.\Generated_Source\PSoC5/cyfitter_cfg.c **** * disclaimers, and limitations in the end user license agreement accompanying 
  15:.\Generated_Source\PSoC5/cyfitter_cfg.c **** * the software package with which this file was provided.
  16:.\Generated_Source\PSoC5/cyfitter_cfg.c **** ********************************************************************************/
  17:.\Generated_Source\PSoC5/cyfitter_cfg.c **** 
  18:.\Generated_Source\PSoC5/cyfitter_cfg.c **** #include <string.h>
  19:.\Generated_Source\PSoC5/cyfitter_cfg.c **** #include "cytypes.h"
  20:.\Generated_Source\PSoC5/cyfitter_cfg.c **** #include "cydevice_trm.h"
  21:.\Generated_Source\PSoC5/cyfitter_cfg.c **** #include "cyfitter.h"
  22:.\Generated_Source\PSoC5/cyfitter_cfg.c **** #include "CyLib.h"
  23:.\Generated_Source\PSoC5/cyfitter_cfg.c **** #include "cyfitter_cfg.h"
  24:.\Generated_Source\PSoC5/cyfitter_cfg.c **** 
  25:.\Generated_Source\PSoC5/cyfitter_cfg.c **** #define CY_NEED_CYCLOCKSTARTUPERROR 1
  26:.\Generated_Source\PSoC5/cyfitter_cfg.c **** 
  27:.\Generated_Source\PSoC5/cyfitter_cfg.c **** 
  28:.\Generated_Source\PSoC5/cyfitter_cfg.c **** #if defined(__GNUC__) || defined(__ARMCC_VERSION)
  29:.\Generated_Source\PSoC5/cyfitter_cfg.c ****     #define CYPACKED 
  30:.\Generated_Source\PSoC5/cyfitter_cfg.c ****     #define CYPACKED_ATTR __attribute__ ((packed))
  31:.\Generated_Source\PSoC5/cyfitter_cfg.c ****     #define CYALIGNED __attribute__ ((aligned))
  32:.\Generated_Source\PSoC5/cyfitter_cfg.c ****     #define CY_CFG_UNUSED __attribute__ ((unused))
ARM GAS  C:\Users\user\AppData\Local\Temp\ccYiXozg.s 			page 2


  33:.\Generated_Source\PSoC5/cyfitter_cfg.c ****     #ifndef CY_CFG_SECTION
  34:.\Generated_Source\PSoC5/cyfitter_cfg.c ****         #define CY_CFG_SECTION __attribute__ ((section(".psocinit")))
  35:.\Generated_Source\PSoC5/cyfitter_cfg.c ****     #endif
  36:.\Generated_Source\PSoC5/cyfitter_cfg.c ****     
  37:.\Generated_Source\PSoC5/cyfitter_cfg.c ****     #if defined(__ARMCC_VERSION)
  38:.\Generated_Source\PSoC5/cyfitter_cfg.c ****         #define CY_CFG_MEMORY_BARRIER() __memory_changed()
  39:.\Generated_Source\PSoC5/cyfitter_cfg.c ****     #else
  40:.\Generated_Source\PSoC5/cyfitter_cfg.c ****         #define CY_CFG_MEMORY_BARRIER() __sync_synchronize()
  41:.\Generated_Source\PSoC5/cyfitter_cfg.c ****     #endif
  42:.\Generated_Source\PSoC5/cyfitter_cfg.c ****     
  43:.\Generated_Source\PSoC5/cyfitter_cfg.c **** #elif defined(__ICCARM__)
  44:.\Generated_Source\PSoC5/cyfitter_cfg.c ****     #include <intrinsics.h>
  45:.\Generated_Source\PSoC5/cyfitter_cfg.c **** 
  46:.\Generated_Source\PSoC5/cyfitter_cfg.c ****     #define CYPACKED __packed
  47:.\Generated_Source\PSoC5/cyfitter_cfg.c ****     #define CYPACKED_ATTR 
  48:.\Generated_Source\PSoC5/cyfitter_cfg.c ****     #define CYALIGNED _Pragma("data_alignment=4")
  49:.\Generated_Source\PSoC5/cyfitter_cfg.c ****     #define CY_CFG_UNUSED _Pragma("diag_suppress=Pe177")
  50:.\Generated_Source\PSoC5/cyfitter_cfg.c ****     #define CY_CFG_SECTION _Pragma("location=\".psocinit\"")
  51:.\Generated_Source\PSoC5/cyfitter_cfg.c ****     
  52:.\Generated_Source\PSoC5/cyfitter_cfg.c ****     #define CY_CFG_MEMORY_BARRIER() __DMB()
  53:.\Generated_Source\PSoC5/cyfitter_cfg.c ****     
  54:.\Generated_Source\PSoC5/cyfitter_cfg.c **** #else
  55:.\Generated_Source\PSoC5/cyfitter_cfg.c ****     #error Unsupported toolchain
  56:.\Generated_Source\PSoC5/cyfitter_cfg.c **** #endif
  57:.\Generated_Source\PSoC5/cyfitter_cfg.c **** 
  58:.\Generated_Source\PSoC5/cyfitter_cfg.c **** 
  59:.\Generated_Source\PSoC5/cyfitter_cfg.c **** CY_CFG_UNUSED
  60:.\Generated_Source\PSoC5/cyfitter_cfg.c **** static void CYMEMZERO(void *s, size_t n);
  61:.\Generated_Source\PSoC5/cyfitter_cfg.c **** CY_CFG_UNUSED
  62:.\Generated_Source\PSoC5/cyfitter_cfg.c **** static void CYMEMZERO(void *s, size_t n)
  63:.\Generated_Source\PSoC5/cyfitter_cfg.c **** {
  64:.\Generated_Source\PSoC5/cyfitter_cfg.c **** 	(void)memset(s, 0, n);
  65:.\Generated_Source\PSoC5/cyfitter_cfg.c **** }
  66:.\Generated_Source\PSoC5/cyfitter_cfg.c **** CY_CFG_UNUSED
  67:.\Generated_Source\PSoC5/cyfitter_cfg.c **** static void CYCONFIGCPY(void *dest, const void *src, size_t n);
  68:.\Generated_Source\PSoC5/cyfitter_cfg.c **** CY_CFG_UNUSED
  69:.\Generated_Source\PSoC5/cyfitter_cfg.c **** static void CYCONFIGCPY(void *dest, const void *src, size_t n)
  70:.\Generated_Source\PSoC5/cyfitter_cfg.c **** {
  71:.\Generated_Source\PSoC5/cyfitter_cfg.c **** 	(void)memcpy(dest, src, n);
  72:.\Generated_Source\PSoC5/cyfitter_cfg.c **** }
  73:.\Generated_Source\PSoC5/cyfitter_cfg.c **** CY_CFG_UNUSED
  74:.\Generated_Source\PSoC5/cyfitter_cfg.c **** static void CYCONFIGCPYCODE(void *dest, const void *src, size_t n);
  75:.\Generated_Source\PSoC5/cyfitter_cfg.c **** CY_CFG_UNUSED
  76:.\Generated_Source\PSoC5/cyfitter_cfg.c **** static void CYCONFIGCPYCODE(void *dest, const void *src, size_t n)
  77:.\Generated_Source\PSoC5/cyfitter_cfg.c **** {
  78:.\Generated_Source\PSoC5/cyfitter_cfg.c **** 	(void)memcpy(dest, src, n);
  79:.\Generated_Source\PSoC5/cyfitter_cfg.c **** }
  80:.\Generated_Source\PSoC5/cyfitter_cfg.c **** 
  81:.\Generated_Source\PSoC5/cyfitter_cfg.c **** 
  82:.\Generated_Source\PSoC5/cyfitter_cfg.c **** 
  83:.\Generated_Source\PSoC5/cyfitter_cfg.c **** /* Clock startup error codes                                                   */
  84:.\Generated_Source\PSoC5/cyfitter_cfg.c **** #define CYCLOCKSTART_NO_ERROR    0u
  85:.\Generated_Source\PSoC5/cyfitter_cfg.c **** #define CYCLOCKSTART_XTAL_ERROR  1u
  86:.\Generated_Source\PSoC5/cyfitter_cfg.c **** #define CYCLOCKSTART_32KHZ_ERROR 2u
  87:.\Generated_Source\PSoC5/cyfitter_cfg.c **** #define CYCLOCKSTART_PLL_ERROR   3u
  88:.\Generated_Source\PSoC5/cyfitter_cfg.c **** 
  89:.\Generated_Source\PSoC5/cyfitter_cfg.c **** #ifdef CY_NEED_CYCLOCKSTARTUPERROR
ARM GAS  C:\Users\user\AppData\Local\Temp\ccYiXozg.s 			page 3


  90:.\Generated_Source\PSoC5/cyfitter_cfg.c **** /*******************************************************************************
  91:.\Generated_Source\PSoC5/cyfitter_cfg.c **** * Function Name: CyClockStartupError
  92:.\Generated_Source\PSoC5/cyfitter_cfg.c **** ********************************************************************************
  93:.\Generated_Source\PSoC5/cyfitter_cfg.c **** * Summary:
  94:.\Generated_Source\PSoC5/cyfitter_cfg.c **** *  If an error is encountered during clock configuration (crystal startup error,
  95:.\Generated_Source\PSoC5/cyfitter_cfg.c **** *  PLL lock error, etc.), the system will end up here.  Unless reimplemented by
  96:.\Generated_Source\PSoC5/cyfitter_cfg.c **** *  the customer, this function will stop in an infinite loop.
  97:.\Generated_Source\PSoC5/cyfitter_cfg.c **** *
  98:.\Generated_Source\PSoC5/cyfitter_cfg.c **** * Parameters:
  99:.\Generated_Source\PSoC5/cyfitter_cfg.c **** *   void
 100:.\Generated_Source\PSoC5/cyfitter_cfg.c **** *
 101:.\Generated_Source\PSoC5/cyfitter_cfg.c **** * Return:
 102:.\Generated_Source\PSoC5/cyfitter_cfg.c **** *   void
 103:.\Generated_Source\PSoC5/cyfitter_cfg.c **** *
 104:.\Generated_Source\PSoC5/cyfitter_cfg.c **** *******************************************************************************/
 105:.\Generated_Source\PSoC5/cyfitter_cfg.c **** CY_CFG_UNUSED
 106:.\Generated_Source\PSoC5/cyfitter_cfg.c **** static void CyClockStartupError(uint8 errorCode);
 107:.\Generated_Source\PSoC5/cyfitter_cfg.c **** CY_CFG_UNUSED
 108:.\Generated_Source\PSoC5/cyfitter_cfg.c **** static void CyClockStartupError(uint8 errorCode)
 109:.\Generated_Source\PSoC5/cyfitter_cfg.c **** {
  26              		.loc 1 109 0
  27              		.cfi_startproc
  28              		@ Volatile: function does not return.
  29              		@ args = 0, pretend = 0, frame = 0
  30              		@ frame_needed = 0, uses_anonymous_args = 0
  31              		@ link register save eliminated.
  32              	.LVL0:
  33              	.L2:
 110:.\Generated_Source\PSoC5/cyfitter_cfg.c ****     /* To remove the compiler warning if errorCode not used.                */
 111:.\Generated_Source\PSoC5/cyfitter_cfg.c ****     errorCode = errorCode;
 112:.\Generated_Source\PSoC5/cyfitter_cfg.c **** 
 113:.\Generated_Source\PSoC5/cyfitter_cfg.c ****     /* `#START CyClockStartupError` */
 114:.\Generated_Source\PSoC5/cyfitter_cfg.c **** 
 115:.\Generated_Source\PSoC5/cyfitter_cfg.c ****     /* If we have a clock startup error (bad MHz crystal, PLL lock, etc.),  */
 116:.\Generated_Source\PSoC5/cyfitter_cfg.c ****     /* we will end up here to allow the customer to implement something to  */
 117:.\Generated_Source\PSoC5/cyfitter_cfg.c ****     /* deal with the clock condition.                                       */
 118:.\Generated_Source\PSoC5/cyfitter_cfg.c **** 
 119:.\Generated_Source\PSoC5/cyfitter_cfg.c ****     /* `#END` */
 120:.\Generated_Source\PSoC5/cyfitter_cfg.c **** 
 121:.\Generated_Source\PSoC5/cyfitter_cfg.c ****     /* If nothing else, stop here since the clocks have not started         */
 122:.\Generated_Source\PSoC5/cyfitter_cfg.c ****     /* correctly.                                                           */
 123:.\Generated_Source\PSoC5/cyfitter_cfg.c ****     while(1) {}
  34              		.loc 1 123 0 discriminator 1
  35 0000 FEE7     		b	.L2
  36              		.cfi_endproc
  37              	.LFE3:
  38              		.size	CyClockStartupError, .-CyClockStartupError
  39 0002 00BF     		.section	.text.AnalogSetDefault,"ax",%progbits
  40              		.align	2
  41              		.thumb
  42              		.thumb_func
  43              		.type	AnalogSetDefault, %function
  44              	AnalogSetDefault:
  45              	.LFB5:
 124:.\Generated_Source\PSoC5/cyfitter_cfg.c **** }
 125:.\Generated_Source\PSoC5/cyfitter_cfg.c **** #endif
 126:.\Generated_Source\PSoC5/cyfitter_cfg.c **** 
ARM GAS  C:\Users\user\AppData\Local\Temp\ccYiXozg.s 			page 4


 127:.\Generated_Source\PSoC5/cyfitter_cfg.c **** /* IOPINS0_0 Address: CYREG_PRT0_DM0 Size (bytes): 8 */
 128:.\Generated_Source\PSoC5/cyfitter_cfg.c **** #define BS_IOPINS0_0_VAL ((const uint8 CYFAR *)0x48000000u)
 129:.\Generated_Source\PSoC5/cyfitter_cfg.c **** 
 130:.\Generated_Source\PSoC5/cyfitter_cfg.c **** 
 131:.\Generated_Source\PSoC5/cyfitter_cfg.c **** /*******************************************************************************
 132:.\Generated_Source\PSoC5/cyfitter_cfg.c **** * Function Name: ClockSetup
 133:.\Generated_Source\PSoC5/cyfitter_cfg.c **** ********************************************************************************
 134:.\Generated_Source\PSoC5/cyfitter_cfg.c **** *
 135:.\Generated_Source\PSoC5/cyfitter_cfg.c **** * Summary:
 136:.\Generated_Source\PSoC5/cyfitter_cfg.c **** *  Performs the initialization of all of the clocks in the device based on the
 137:.\Generated_Source\PSoC5/cyfitter_cfg.c **** *  settings in the Clock tab of the DWR.  This includes enabling the requested
 138:.\Generated_Source\PSoC5/cyfitter_cfg.c **** *  clocks and setting the necessary dividers to produce the desired frequency. 
 139:.\Generated_Source\PSoC5/cyfitter_cfg.c **** *
 140:.\Generated_Source\PSoC5/cyfitter_cfg.c **** * Parameters:
 141:.\Generated_Source\PSoC5/cyfitter_cfg.c **** *  void
 142:.\Generated_Source\PSoC5/cyfitter_cfg.c **** *
 143:.\Generated_Source\PSoC5/cyfitter_cfg.c **** * Return:
 144:.\Generated_Source\PSoC5/cyfitter_cfg.c **** *  void
 145:.\Generated_Source\PSoC5/cyfitter_cfg.c **** *
 146:.\Generated_Source\PSoC5/cyfitter_cfg.c **** *******************************************************************************/
 147:.\Generated_Source\PSoC5/cyfitter_cfg.c **** static void ClockSetup(void);
 148:.\Generated_Source\PSoC5/cyfitter_cfg.c **** static void ClockSetup(void)
 149:.\Generated_Source\PSoC5/cyfitter_cfg.c **** {
 150:.\Generated_Source\PSoC5/cyfitter_cfg.c **** 	uint32 timeout;
 151:.\Generated_Source\PSoC5/cyfitter_cfg.c **** 	uint8 pllLock;
 152:.\Generated_Source\PSoC5/cyfitter_cfg.c **** 
 153:.\Generated_Source\PSoC5/cyfitter_cfg.c **** 
 154:.\Generated_Source\PSoC5/cyfitter_cfg.c **** 	/* Configure ILO based on settings from Clock DWR */
 155:.\Generated_Source\PSoC5/cyfitter_cfg.c **** 	CY_SET_XTND_REG8((void CYFAR *)(CYREG_SLOWCLK_ILO_CR0), 0x02u);
 156:.\Generated_Source\PSoC5/cyfitter_cfg.c **** 	CY_SET_XTND_REG8((void CYFAR *)(CYREG_CLKDIST_CR), 0x08u);
 157:.\Generated_Source\PSoC5/cyfitter_cfg.c **** 
 158:.\Generated_Source\PSoC5/cyfitter_cfg.c **** 	/* Configure IMO based on settings from Clock DWR */
 159:.\Generated_Source\PSoC5/cyfitter_cfg.c **** 	CY_SET_XTND_REG8((void CYFAR *)(CYREG_FASTCLK_IMO_CR), 0x03u);
 160:.\Generated_Source\PSoC5/cyfitter_cfg.c **** 	CY_SET_XTND_REG8((void CYFAR *)(CYREG_IMO_TR1), (CY_GET_XTND_REG8((void CYFAR *)CYREG_FLSHID_CUST_
 161:.\Generated_Source\PSoC5/cyfitter_cfg.c **** 
 162:.\Generated_Source\PSoC5/cyfitter_cfg.c **** 	/* Configure PLL based on settings from Clock DWR */
 163:.\Generated_Source\PSoC5/cyfitter_cfg.c **** 	CY_SET_XTND_REG16((void CYFAR *)(CYREG_FASTCLK_PLL_P), 0x0008u);
 164:.\Generated_Source\PSoC5/cyfitter_cfg.c **** 	CY_SET_XTND_REG16((void CYFAR *)(CYREG_FASTCLK_PLL_CFG0), 0x1251u);
 165:.\Generated_Source\PSoC5/cyfitter_cfg.c **** 	/* Wait up to 250us for the PLL to lock */
 166:.\Generated_Source\PSoC5/cyfitter_cfg.c **** 	pllLock = 0u;
 167:.\Generated_Source\PSoC5/cyfitter_cfg.c **** 	for (timeout = 250u / 10u; (timeout > 0u) && (pllLock != 0x03u); timeout--)
 168:.\Generated_Source\PSoC5/cyfitter_cfg.c **** 	{ 
 169:.\Generated_Source\PSoC5/cyfitter_cfg.c **** 		pllLock = 0x03u & ((uint8)((uint8)pllLock << 1) | ((CY_GET_XTND_REG8((void CYFAR *)CYREG_FASTCLK_
 170:.\Generated_Source\PSoC5/cyfitter_cfg.c **** 		CyDelayCycles(10u * 48u); /* Delay 10us based on 48MHz clock */
 171:.\Generated_Source\PSoC5/cyfitter_cfg.c **** 	}
 172:.\Generated_Source\PSoC5/cyfitter_cfg.c **** 	/* If we ran out of time the PLL didn't lock so go to the error function */
 173:.\Generated_Source\PSoC5/cyfitter_cfg.c **** 	if (timeout == 0u)
 174:.\Generated_Source\PSoC5/cyfitter_cfg.c **** 	{
 175:.\Generated_Source\PSoC5/cyfitter_cfg.c **** 		CyClockStartupError(CYCLOCKSTART_PLL_ERROR);
 176:.\Generated_Source\PSoC5/cyfitter_cfg.c **** 	}
 177:.\Generated_Source\PSoC5/cyfitter_cfg.c **** 
 178:.\Generated_Source\PSoC5/cyfitter_cfg.c **** 	/* Configure Bus/Master Clock based on settings from Clock DWR */
 179:.\Generated_Source\PSoC5/cyfitter_cfg.c **** 	CY_SET_XTND_REG16((void CYFAR *)(CYREG_CLKDIST_MSTR0), 0x0100u);
 180:.\Generated_Source\PSoC5/cyfitter_cfg.c **** 	CY_SET_XTND_REG8((void CYFAR *)(CYREG_CLKDIST_MSTR0), 0x07u);
 181:.\Generated_Source\PSoC5/cyfitter_cfg.c **** 	CY_SET_XTND_REG8((void CYFAR *)(CYREG_CLKDIST_BCFG0), 0x00u);
 182:.\Generated_Source\PSoC5/cyfitter_cfg.c **** 	CY_SET_XTND_REG8((void CYFAR *)(CYREG_CLKDIST_BCFG2), 0x48u);
 183:.\Generated_Source\PSoC5/cyfitter_cfg.c **** 	CY_SET_XTND_REG8((void CYFAR *)(CYREG_CLKDIST_MSTR0), 0x00u);
ARM GAS  C:\Users\user\AppData\Local\Temp\ccYiXozg.s 			page 5


 184:.\Generated_Source\PSoC5/cyfitter_cfg.c **** 	CY_SET_XTND_REG8((void CYFAR *)(CYREG_CLKDIST_LD), 0x02u);
 185:.\Generated_Source\PSoC5/cyfitter_cfg.c **** }
 186:.\Generated_Source\PSoC5/cyfitter_cfg.c **** 
 187:.\Generated_Source\PSoC5/cyfitter_cfg.c **** 
 188:.\Generated_Source\PSoC5/cyfitter_cfg.c **** /* Analog API Functions */
 189:.\Generated_Source\PSoC5/cyfitter_cfg.c **** 
 190:.\Generated_Source\PSoC5/cyfitter_cfg.c **** 
 191:.\Generated_Source\PSoC5/cyfitter_cfg.c **** /*******************************************************************************
 192:.\Generated_Source\PSoC5/cyfitter_cfg.c **** * Function Name: AnalogSetDefault
 193:.\Generated_Source\PSoC5/cyfitter_cfg.c **** ********************************************************************************
 194:.\Generated_Source\PSoC5/cyfitter_cfg.c **** *
 195:.\Generated_Source\PSoC5/cyfitter_cfg.c **** * Summary:
 196:.\Generated_Source\PSoC5/cyfitter_cfg.c **** *  Sets up the analog portions of the chip to default values based on chip
 197:.\Generated_Source\PSoC5/cyfitter_cfg.c **** *  configuration options from the project.
 198:.\Generated_Source\PSoC5/cyfitter_cfg.c **** *
 199:.\Generated_Source\PSoC5/cyfitter_cfg.c **** * Parameters:
 200:.\Generated_Source\PSoC5/cyfitter_cfg.c **** *  void
 201:.\Generated_Source\PSoC5/cyfitter_cfg.c **** *
 202:.\Generated_Source\PSoC5/cyfitter_cfg.c **** * Return:
 203:.\Generated_Source\PSoC5/cyfitter_cfg.c **** *  void
 204:.\Generated_Source\PSoC5/cyfitter_cfg.c **** *
 205:.\Generated_Source\PSoC5/cyfitter_cfg.c **** *******************************************************************************/
 206:.\Generated_Source\PSoC5/cyfitter_cfg.c **** static void AnalogSetDefault(void);
 207:.\Generated_Source\PSoC5/cyfitter_cfg.c **** static void AnalogSetDefault(void)
 208:.\Generated_Source\PSoC5/cyfitter_cfg.c **** {
  46              		.loc 1 208 0
  47              		.cfi_startproc
  48              		@ args = 0, pretend = 0, frame = 0
  49              		@ frame_needed = 0, uses_anonymous_args = 0
  50              		@ link register save eliminated.
 209:.\Generated_Source\PSoC5/cyfitter_cfg.c **** 	uint8 bg_xover_inl_trim = CY_GET_XTND_REG8((void CYFAR *)(CYREG_FLSHID_MFG_CFG_BG_XOVER_INL_TRIM +
  51              		.loc 1 209 0
  52 0000 0C4B     		ldr	r3, .L4
  53 0002 1B78     		ldrb	r3, [r3]	@ zero_extendqisi2
  54 0004 DBB2     		uxtb	r3, r3
  55              	.LVL1:
 210:.\Generated_Source\PSoC5/cyfitter_cfg.c **** 	CY_SET_XTND_REG8((void CYFAR *)(CYREG_BG_DFT0), (bg_xover_inl_trim & 0x07u));
  56              		.loc 1 210 0
  57 0006 03F00701 		and	r1, r3, #7
  58 000a 0B4A     		ldr	r2, .L4+4
  59 000c 1170     		strb	r1, [r2]
 211:.\Generated_Source\PSoC5/cyfitter_cfg.c **** 	CY_SET_XTND_REG8((void CYFAR *)(CYREG_BG_DFT1), ((bg_xover_inl_trim >> 4) & 0x0Fu));
  60              		.loc 1 211 0
  61 000e 1B09     		lsrs	r3, r3, #4
  62              	.LVL2:
  63 0010 0132     		adds	r2, r2, #1
  64 0012 1370     		strb	r3, [r2]
 212:.\Generated_Source\PSoC5/cyfitter_cfg.c **** 	CY_SET_XTND_REG8((void CYFAR *)CYREG_PRT0_AG, 0x24u);
  65              		.loc 1 212 0
  66 0014 2422     		movs	r2, #36
  67 0016 094B     		ldr	r3, .L4+8
  68 0018 1A70     		strb	r2, [r3]
 213:.\Generated_Source\PSoC5/cyfitter_cfg.c **** 	CY_SET_XTND_REG8((void CYFAR *)CYREG_SC0_SW0, 0x40u);
  69              		.loc 1 213 0
  70 001a 4022     		movs	r2, #64
  71 001c 03F6F303 		addw	r3, r3, #2291
  72 0020 1A70     		strb	r2, [r3]
ARM GAS  C:\Users\user\AppData\Local\Temp\ccYiXozg.s 			page 6


 214:.\Generated_Source\PSoC5/cyfitter_cfg.c **** 	CY_SET_XTND_REG8((void CYFAR *)CYREG_SC0_SW8, 0x20u);
  73              		.loc 1 214 0
  74 0022 2022     		movs	r2, #32
  75 0024 0833     		adds	r3, r3, #8
  76 0026 1A70     		strb	r2, [r3]
 215:.\Generated_Source\PSoC5/cyfitter_cfg.c **** 	CY_SET_XTND_REG8((void CYFAR *)CYREG_PUMP_CR0, 0x44u);
  77              		.loc 1 215 0
  78 0028 4422     		movs	r2, #68
  79 002a A3F5C973 		sub	r3, r3, #402
  80 002e 1A70     		strb	r2, [r3]
  81 0030 7047     		bx	lr
  82              	.L5:
  83 0032 00BF     		.align	2
  84              	.L4:
  85 0034 CF010049 		.word	1224737231
  86 0038 6E580040 		.word	1073764462
  87 003c 0D510040 		.word	1073762573
  88              		.cfi_endproc
  89              	.LFE5:
  90              		.size	AnalogSetDefault, .-AnalogSetDefault
  91              		.section	.text.CYMEMZERO,"ax",%progbits
  92              		.align	2
  93              		.thumb
  94              		.thumb_func
  95              		.type	CYMEMZERO, %function
  96              	CYMEMZERO:
  97              	.LFB0:
  63:.\Generated_Source\PSoC5/cyfitter_cfg.c **** 	(void)memset(s, 0, n);
  98              		.loc 1 63 0
  99              		.cfi_startproc
 100              		@ args = 0, pretend = 0, frame = 0
 101              		@ frame_needed = 0, uses_anonymous_args = 0
 102              	.LVL3:
 103 0000 08B5     		push	{r3, lr}
 104              		.cfi_def_cfa_offset 8
 105              		.cfi_offset 3, -8
 106              		.cfi_offset 14, -4
 107 0002 0A46     		mov	r2, r1
  64:.\Generated_Source\PSoC5/cyfitter_cfg.c **** }
 108              		.loc 1 64 0
 109 0004 0021     		movs	r1, #0
 110              	.LVL4:
 111 0006 FFF7FEFF 		bl	memset
 112              	.LVL5:
 113 000a 08BD     		pop	{r3, pc}
 114              		.cfi_endproc
 115              	.LFE0:
 116              		.size	CYMEMZERO, .-CYMEMZERO
 117              		.section	.text.ClockSetup,"ax",%progbits
 118              		.align	2
 119              		.thumb
 120              		.thumb_func
 121              		.type	ClockSetup, %function
 122              	ClockSetup:
 123              	.LFB4:
 149:.\Generated_Source\PSoC5/cyfitter_cfg.c **** 	uint32 timeout;
 124              		.loc 1 149 0
ARM GAS  C:\Users\user\AppData\Local\Temp\ccYiXozg.s 			page 7


 125              		.cfi_startproc
 126              		@ args = 0, pretend = 0, frame = 0
 127              		@ frame_needed = 0, uses_anonymous_args = 0
 128 0000 38B5     		push	{r3, r4, r5, lr}
 129              		.cfi_def_cfa_offset 16
 130              		.cfi_offset 3, -16
 131              		.cfi_offset 4, -12
 132              		.cfi_offset 5, -8
 133              		.cfi_offset 14, -4
 155:.\Generated_Source\PSoC5/cyfitter_cfg.c **** 	CY_SET_XTND_REG8((void CYFAR *)(CYREG_CLKDIST_CR), 0x08u);
 134              		.loc 1 155 0
 135 0002 0222     		movs	r2, #2
 136 0004 1E4B     		ldr	r3, .L14
 137 0006 1A70     		strb	r2, [r3]
 156:.\Generated_Source\PSoC5/cyfitter_cfg.c **** 
 138              		.loc 1 156 0
 139 0008 0822     		movs	r2, #8
 140 000a 4FF04023 		mov	r3, #1073758208
 141 000e 1A70     		strb	r2, [r3]
 159:.\Generated_Source\PSoC5/cyfitter_cfg.c **** 	CY_SET_XTND_REG8((void CYFAR *)(CYREG_IMO_TR1), (CY_GET_XTND_REG8((void CYFAR *)CYREG_FLSHID_CUST_
 142              		.loc 1 159 0
 143 0010 0321     		movs	r1, #3
 144 0012 03F50073 		add	r3, r3, #512
 145 0016 1970     		strb	r1, [r3]
 160:.\Generated_Source\PSoC5/cyfitter_cfg.c **** 
 146              		.loc 1 160 0
 147 0018 1A4B     		ldr	r3, .L14+4
 148 001a 1B78     		ldrb	r3, [r3]	@ zero_extendqisi2
 149 001c DBB2     		uxtb	r3, r3
 150 001e 1A49     		ldr	r1, .L14+8
 151 0020 0B70     		strb	r3, [r1]
 163:.\Generated_Source\PSoC5/cyfitter_cfg.c **** 	CY_SET_XTND_REG16((void CYFAR *)(CYREG_FASTCLK_PLL_CFG0), 0x1251u);
 152              		.loc 1 163 0
 153 0022 1A4B     		ldr	r3, .L14+12
 154 0024 1A80     		strh	r2, [r3]	@ movhi
 164:.\Generated_Source\PSoC5/cyfitter_cfg.c **** 	/* Wait up to 250us for the PLL to lock */
 155              		.loc 1 164 0
 156 0026 41F25122 		movw	r2, #4689
 157 002a 023B     		subs	r3, r3, #2
 158 002c 1A80     		strh	r2, [r3]	@ movhi
 159              	.LVL6:
 166:.\Generated_Source\PSoC5/cyfitter_cfg.c **** 	for (timeout = 250u / 10u; (timeout > 0u) && (pllLock != 0x03u); timeout--)
 160              		.loc 1 166 0
 161 002e 0024     		movs	r4, #0
 167:.\Generated_Source\PSoC5/cyfitter_cfg.c **** 	{ 
 162              		.loc 1 167 0
 163 0030 1925     		movs	r5, #25
 164 0032 0CE0     		b	.L9
 165              	.LVL7:
 166              	.L11:
 169:.\Generated_Source\PSoC5/cyfitter_cfg.c **** 		CyDelayCycles(10u * 48u); /* Delay 10us based on 48MHz clock */
 167              		.loc 1 169 0 discriminator 4
 168 0034 164B     		ldr	r3, .L14+16
 169 0036 1B78     		ldrb	r3, [r3]	@ zero_extendqisi2
 170 0038 03F00103 		and	r3, r3, #1
 171 003c 43EA4404 		orr	r4, r3, r4, lsl #1
 172              	.LVL8:
ARM GAS  C:\Users\user\AppData\Local\Temp\ccYiXozg.s 			page 8


 173 0040 04F00304 		and	r4, r4, #3
 174              	.LVL9:
 170:.\Generated_Source\PSoC5/cyfitter_cfg.c **** 	}
 175              		.loc 1 170 0 discriminator 4
 176 0044 4FF4F070 		mov	r0, #480
 177 0048 FFF7FEFF 		bl	CyDelayCycles
 178              	.LVL10:
 167:.\Generated_Source\PSoC5/cyfitter_cfg.c **** 	{ 
 179              		.loc 1 167 0 discriminator 4
 180 004c 013D     		subs	r5, r5, #1
 181              	.LVL11:
 182              	.L9:
 167:.\Generated_Source\PSoC5/cyfitter_cfg.c **** 	{ 
 183              		.loc 1 167 0 is_stmt 0 discriminator 1
 184 004e 0DB1     		cbz	r5, .L10
 167:.\Generated_Source\PSoC5/cyfitter_cfg.c **** 	{ 
 185              		.loc 1 167 0 discriminator 3
 186 0050 032C     		cmp	r4, #3
 187 0052 EFD1     		bne	.L11
 188              	.L10:
 173:.\Generated_Source\PSoC5/cyfitter_cfg.c **** 	{
 189              		.loc 1 173 0 is_stmt 1
 190 0054 15B9     		cbnz	r5, .L12
 175:.\Generated_Source\PSoC5/cyfitter_cfg.c **** 	}
 191              		.loc 1 175 0
 192 0056 0320     		movs	r0, #3
 193 0058 FFF7FEFF 		bl	CyClockStartupError
 194              	.LVL12:
 195              	.L12:
 179:.\Generated_Source\PSoC5/cyfitter_cfg.c **** 	CY_SET_XTND_REG8((void CYFAR *)(CYREG_CLKDIST_MSTR0), 0x07u);
 196              		.loc 1 179 0
 197 005c 0D4B     		ldr	r3, .L14+20
 198 005e 4FF48072 		mov	r2, #256
 199 0062 1A80     		strh	r2, [r3]	@ movhi
 180:.\Generated_Source\PSoC5/cyfitter_cfg.c **** 	CY_SET_XTND_REG8((void CYFAR *)(CYREG_CLKDIST_BCFG0), 0x00u);
 200              		.loc 1 180 0
 201 0064 0722     		movs	r2, #7
 202 0066 1A70     		strb	r2, [r3]
 181:.\Generated_Source\PSoC5/cyfitter_cfg.c **** 	CY_SET_XTND_REG8((void CYFAR *)(CYREG_CLKDIST_BCFG2), 0x48u);
 203              		.loc 1 181 0
 204 0068 0022     		movs	r2, #0
 205 006a 0B49     		ldr	r1, .L14+24
 206 006c 0A70     		strb	r2, [r1]
 182:.\Generated_Source\PSoC5/cyfitter_cfg.c **** 	CY_SET_XTND_REG8((void CYFAR *)(CYREG_CLKDIST_MSTR0), 0x00u);
 207              		.loc 1 182 0
 208 006e 4820     		movs	r0, #72
 209 0070 0231     		adds	r1, r1, #2
 210 0072 0870     		strb	r0, [r1]
 183:.\Generated_Source\PSoC5/cyfitter_cfg.c **** 	CY_SET_XTND_REG8((void CYFAR *)(CYREG_CLKDIST_LD), 0x02u);
 211              		.loc 1 183 0
 212 0074 1A70     		strb	r2, [r3]
 184:.\Generated_Source\PSoC5/cyfitter_cfg.c **** }
 213              		.loc 1 184 0
 214 0076 0222     		movs	r2, #2
 215 0078 033B     		subs	r3, r3, #3
 216 007a 1A70     		strb	r2, [r3]
 217 007c 38BD     		pop	{r3, r4, r5, pc}
ARM GAS  C:\Users\user\AppData\Local\Temp\ccYiXozg.s 			page 9


 218              	.LVL13:
 219              	.L15:
 220 007e 00BF     		.align	2
 221              	.L14:
 222 0080 00430040 		.word	1073758976
 223 0084 08010049 		.word	1224737032
 224 0088 A1460040 		.word	1073759905
 225 008c 22420040 		.word	1073758754
 226 0090 25420040 		.word	1073758757
 227 0094 04400040 		.word	1073758212
 228 0098 06400040 		.word	1073758214
 229              		.cfi_endproc
 230              	.LFE4:
 231              		.size	ClockSetup, .-ClockSetup
 232              		.section	.text.CYCONFIGCPY,"ax",%progbits
 233              		.align	2
 234              		.thumb
 235              		.thumb_func
 236              		.type	CYCONFIGCPY, %function
 237              	CYCONFIGCPY:
 238              	.LFB1:
  70:.\Generated_Source\PSoC5/cyfitter_cfg.c **** 	(void)memcpy(dest, src, n);
 239              		.loc 1 70 0
 240              		.cfi_startproc
 241              		@ args = 0, pretend = 0, frame = 0
 242              		@ frame_needed = 0, uses_anonymous_args = 0
 243              	.LVL14:
 244 0000 08B5     		push	{r3, lr}
 245              		.cfi_def_cfa_offset 8
 246              		.cfi_offset 3, -8
 247              		.cfi_offset 14, -4
  71:.\Generated_Source\PSoC5/cyfitter_cfg.c **** }
 248              		.loc 1 71 0
 249 0002 FFF7FEFF 		bl	memcpy
 250              	.LVL15:
 251 0006 08BD     		pop	{r3, pc}
 252              		.cfi_endproc
 253              	.LFE1:
 254              		.size	CYCONFIGCPY, .-CYCONFIGCPY
 255              		.section	.text.SetAnalogRoutingPumps,"ax",%progbits
 256              		.align	2
 257              		.global	SetAnalogRoutingPumps
 258              		.thumb
 259              		.thumb_func
 260              		.type	SetAnalogRoutingPumps, %function
 261              	SetAnalogRoutingPumps:
 262              	.LFB6:
 216:.\Generated_Source\PSoC5/cyfitter_cfg.c **** }
 217:.\Generated_Source\PSoC5/cyfitter_cfg.c **** 
 218:.\Generated_Source\PSoC5/cyfitter_cfg.c **** 
 219:.\Generated_Source\PSoC5/cyfitter_cfg.c **** /*******************************************************************************
 220:.\Generated_Source\PSoC5/cyfitter_cfg.c **** * Function Name: SetAnalogRoutingPumps
 221:.\Generated_Source\PSoC5/cyfitter_cfg.c **** ********************************************************************************
 222:.\Generated_Source\PSoC5/cyfitter_cfg.c **** *
 223:.\Generated_Source\PSoC5/cyfitter_cfg.c **** * Summary:
 224:.\Generated_Source\PSoC5/cyfitter_cfg.c **** * Enables or disables the analog pumps feeding analog routing switches.
 225:.\Generated_Source\PSoC5/cyfitter_cfg.c **** * Intended to be called at startup, based on the Vdda system configuration;
ARM GAS  C:\Users\user\AppData\Local\Temp\ccYiXozg.s 			page 10


 226:.\Generated_Source\PSoC5/cyfitter_cfg.c **** * may be called during operation when the user informs us that the Vdda voltage
 227:.\Generated_Source\PSoC5/cyfitter_cfg.c **** * crossed the pump threshold.
 228:.\Generated_Source\PSoC5/cyfitter_cfg.c **** *
 229:.\Generated_Source\PSoC5/cyfitter_cfg.c **** * Parameters:
 230:.\Generated_Source\PSoC5/cyfitter_cfg.c **** *  enabled - 1 to enable the pumps, 0 to disable the pumps
 231:.\Generated_Source\PSoC5/cyfitter_cfg.c **** *
 232:.\Generated_Source\PSoC5/cyfitter_cfg.c **** * Return:
 233:.\Generated_Source\PSoC5/cyfitter_cfg.c **** *  void
 234:.\Generated_Source\PSoC5/cyfitter_cfg.c **** *
 235:.\Generated_Source\PSoC5/cyfitter_cfg.c **** *******************************************************************************/
 236:.\Generated_Source\PSoC5/cyfitter_cfg.c **** void SetAnalogRoutingPumps(uint8 enabled)
 237:.\Generated_Source\PSoC5/cyfitter_cfg.c **** {
 263              		.loc 1 237 0
 264              		.cfi_startproc
 265              		@ args = 0, pretend = 0, frame = 0
 266              		@ frame_needed = 0, uses_anonymous_args = 0
 267              		@ link register save eliminated.
 268              	.LVL16:
 238:.\Generated_Source\PSoC5/cyfitter_cfg.c **** 	uint8 regValue = CY_GET_XTND_REG8((void CYFAR *)CYREG_PUMP_CR0);
 269              		.loc 1 238 0
 270 0000 054B     		ldr	r3, .L21
 271 0002 1B78     		ldrb	r3, [r3]	@ zero_extendqisi2
 272 0004 DBB2     		uxtb	r3, r3
 273              	.LVL17:
 239:.\Generated_Source\PSoC5/cyfitter_cfg.c **** 	if (enabled != 0u)
 274              		.loc 1 239 0
 275 0006 10B1     		cbz	r0, .L19
 240:.\Generated_Source\PSoC5/cyfitter_cfg.c **** 	{
 241:.\Generated_Source\PSoC5/cyfitter_cfg.c **** 		regValue |= 0x22u;
 276              		.loc 1 241 0
 277 0008 43F02203 		orr	r3, r3, #34
 278              	.LVL18:
 279 000c 01E0     		b	.L20
 280              	.L19:
 242:.\Generated_Source\PSoC5/cyfitter_cfg.c **** 	}
 243:.\Generated_Source\PSoC5/cyfitter_cfg.c **** 	else
 244:.\Generated_Source\PSoC5/cyfitter_cfg.c **** 	{
 245:.\Generated_Source\PSoC5/cyfitter_cfg.c **** 		regValue &= (uint8)~0x22u;
 281              		.loc 1 245 0
 282 000e 03F0DD03 		and	r3, r3, #221
 283              	.LVL19:
 284              	.L20:
 246:.\Generated_Source\PSoC5/cyfitter_cfg.c **** 	}
 247:.\Generated_Source\PSoC5/cyfitter_cfg.c **** 	CY_SET_XTND_REG8((void CYFAR *)CYREG_PUMP_CR0, regValue);
 285              		.loc 1 247 0
 286 0012 014A     		ldr	r2, .L21
 287 0014 1370     		strb	r3, [r2]
 288 0016 7047     		bx	lr
 289              	.L22:
 290              		.align	2
 291              	.L21:
 292 0018 76580040 		.word	1073764470
 293              		.cfi_endproc
 294              	.LFE6:
 295              		.size	SetAnalogRoutingPumps, .-SetAnalogRoutingPumps
 296              		.section	.text.cyfitter_cfg,"ax",%progbits
 297              		.align	2
ARM GAS  C:\Users\user\AppData\Local\Temp\ccYiXozg.s 			page 11


 298              		.global	cyfitter_cfg
 299              		.thumb
 300              		.thumb_func
 301              		.type	cyfitter_cfg, %function
 302              	cyfitter_cfg:
 303              	.LFB7:
 248:.\Generated_Source\PSoC5/cyfitter_cfg.c **** }
 249:.\Generated_Source\PSoC5/cyfitter_cfg.c **** 
 250:.\Generated_Source\PSoC5/cyfitter_cfg.c **** #define CY_AMUX_UNUSED CYREG_BOOST_SR
 251:.\Generated_Source\PSoC5/cyfitter_cfg.c **** 
 252:.\Generated_Source\PSoC5/cyfitter_cfg.c **** 
 253:.\Generated_Source\PSoC5/cyfitter_cfg.c **** /*******************************************************************************
 254:.\Generated_Source\PSoC5/cyfitter_cfg.c **** * Function Name: cyfitter_cfg
 255:.\Generated_Source\PSoC5/cyfitter_cfg.c **** ********************************************************************************
 256:.\Generated_Source\PSoC5/cyfitter_cfg.c **** * Summary:
 257:.\Generated_Source\PSoC5/cyfitter_cfg.c **** *  This function is called by the start-up code for the selected device. It
 258:.\Generated_Source\PSoC5/cyfitter_cfg.c **** *  performs all of the necessary device configuration based on the design
 259:.\Generated_Source\PSoC5/cyfitter_cfg.c **** *  settings.  This includes settings from the Design Wide Resources (DWR) such
 260:.\Generated_Source\PSoC5/cyfitter_cfg.c **** *  as Clocks and Pins as well as any component configuration that is necessary.
 261:.\Generated_Source\PSoC5/cyfitter_cfg.c **** *
 262:.\Generated_Source\PSoC5/cyfitter_cfg.c **** * Parameters:  
 263:.\Generated_Source\PSoC5/cyfitter_cfg.c **** *   void
 264:.\Generated_Source\PSoC5/cyfitter_cfg.c **** *
 265:.\Generated_Source\PSoC5/cyfitter_cfg.c **** * Return:
 266:.\Generated_Source\PSoC5/cyfitter_cfg.c **** *   void
 267:.\Generated_Source\PSoC5/cyfitter_cfg.c **** *
 268:.\Generated_Source\PSoC5/cyfitter_cfg.c **** *******************************************************************************/
 269:.\Generated_Source\PSoC5/cyfitter_cfg.c **** 
 270:.\Generated_Source\PSoC5/cyfitter_cfg.c **** void cyfitter_cfg(void)
 271:.\Generated_Source\PSoC5/cyfitter_cfg.c **** {
 304              		.loc 1 271 0
 305              		.cfi_startproc
 306              		@ args = 0, pretend = 0, frame = 0
 307              		@ frame_needed = 0, uses_anonymous_args = 0
 308 0000 38B5     		push	{r3, r4, r5, lr}
 309              		.cfi_def_cfa_offset 16
 310              		.cfi_offset 3, -16
 311              		.cfi_offset 4, -12
 312              		.cfi_offset 5, -8
 313              		.cfi_offset 14, -4
 272:.\Generated_Source\PSoC5/cyfitter_cfg.c **** #ifdef CYGlobalIntDisable
 273:.\Generated_Source\PSoC5/cyfitter_cfg.c **** 	/* Disable interrupts by default. Let user enable if/when they want. */
 274:.\Generated_Source\PSoC5/cyfitter_cfg.c **** 	CYGlobalIntDisable
 314              		.loc 1 274 0
 315              	@ 274 ".\Generated_Source\PSoC5\cyfitter_cfg.c" 1
 316 0002 72B6     		CPSID   i
 317              	@ 0 "" 2
 275:.\Generated_Source\PSoC5/cyfitter_cfg.c **** #endif
 276:.\Generated_Source\PSoC5/cyfitter_cfg.c **** 
 277:.\Generated_Source\PSoC5/cyfitter_cfg.c **** 	/* Enable/Disable Debug functionality based on settings from System DWR */
 278:.\Generated_Source\PSoC5/cyfitter_cfg.c **** 	CY_SET_XTND_REG8((void CYFAR *)CYREG_MLOGIC_DEBUG, (CY_GET_XTND_REG8((void CYFAR *)CYREG_MLOGIC_DE
 318              		.loc 1 278 0
 319              		.thumb
 320 0004 244A     		ldr	r2, .L27
 321 0006 1378     		ldrb	r3, [r2]	@ zero_extendqisi2
 322 0008 43F00403 		orr	r3, r3, #4
 323 000c 1370     		strb	r3, [r2]
ARM GAS  C:\Users\user\AppData\Local\Temp\ccYiXozg.s 			page 12


 324              	.LVL20:
 325              	.LBB2:
 279:.\Generated_Source\PSoC5/cyfitter_cfg.c **** 
 280:.\Generated_Source\PSoC5/cyfitter_cfg.c **** 	{
 281:.\Generated_Source\PSoC5/cyfitter_cfg.c **** 
 282:.\Generated_Source\PSoC5/cyfitter_cfg.c **** 		CYPACKED typedef struct {
 283:.\Generated_Source\PSoC5/cyfitter_cfg.c **** 			void CYFAR *address;
 284:.\Generated_Source\PSoC5/cyfitter_cfg.c **** 			uint16 size;
 285:.\Generated_Source\PSoC5/cyfitter_cfg.c **** 		} CYPACKED_ATTR cfg_memset_t;
 286:.\Generated_Source\PSoC5/cyfitter_cfg.c **** 
 287:.\Generated_Source\PSoC5/cyfitter_cfg.c **** 		static const cfg_memset_t CYCODE cfg_memset_list [] = {
 288:.\Generated_Source\PSoC5/cyfitter_cfg.c **** 			/* address, size */
 289:.\Generated_Source\PSoC5/cyfitter_cfg.c **** 			{(void CYFAR *)(CYREG_PRT1_DR), 96u},
 290:.\Generated_Source\PSoC5/cyfitter_cfg.c **** 			{(void CYFAR *)(CYREG_PRT12_DR), 16u},
 291:.\Generated_Source\PSoC5/cyfitter_cfg.c **** 			{(void CYFAR *)(CYREG_PRT15_DR), 16u},
 292:.\Generated_Source\PSoC5/cyfitter_cfg.c **** 			{(void CYFAR *)(CYDEV_UCFG_B0_P0_U0_BASE), 4096u},
 293:.\Generated_Source\PSoC5/cyfitter_cfg.c **** 			{(void CYFAR *)(CYDEV_UCFG_B1_P2_U0_BASE), 2048u},
 294:.\Generated_Source\PSoC5/cyfitter_cfg.c **** 			{(void CYFAR *)(CYDEV_UCFG_DSI0_BASE), 2560u},
 295:.\Generated_Source\PSoC5/cyfitter_cfg.c **** 			{(void CYFAR *)(CYDEV_UCFG_DSI12_BASE), 512u},
 296:.\Generated_Source\PSoC5/cyfitter_cfg.c **** 			{(void CYFAR *)(CYREG_BCTL0_MDCLK_EN), 32u},
 297:.\Generated_Source\PSoC5/cyfitter_cfg.c **** 		};
 298:.\Generated_Source\PSoC5/cyfitter_cfg.c **** 
 299:.\Generated_Source\PSoC5/cyfitter_cfg.c **** 		uint8 CYDATA i;
 300:.\Generated_Source\PSoC5/cyfitter_cfg.c **** 
 301:.\Generated_Source\PSoC5/cyfitter_cfg.c **** 		/* Zero out critical memory blocks before beginning configuration */
 302:.\Generated_Source\PSoC5/cyfitter_cfg.c **** 		for (i = 0u; i < (sizeof(cfg_memset_list)/sizeof(cfg_memset_list[0])); i++)
 326              		.loc 1 302 0
 327 000e 0024     		movs	r4, #0
 328 0010 0CE0     		b	.L24
 329              	.LVL21:
 330              	.L25:
 331              	.LBB3:
 303:.\Generated_Source\PSoC5/cyfitter_cfg.c **** 		{
 304:.\Generated_Source\PSoC5/cyfitter_cfg.c **** 			const cfg_memset_t CYCODE * CYDATA ms = &cfg_memset_list[i];
 305:.\Generated_Source\PSoC5/cyfitter_cfg.c **** 			CYMEMZERO(ms->address, (size_t)(uint32)(ms->size));
 332              		.loc 1 305 0 discriminator 3
 333 0012 2249     		ldr	r1, .L27+4
 334 0014 6300     		lsls	r3, r4, #1
 335 0016 1A19     		adds	r2, r3, r4
 336 0018 5200     		lsls	r2, r2, #1
 337 001a 0A44     		add	r2, r2, r1
 338 001c 2344     		add	r3, r3, r4
 339 001e 5B00     		lsls	r3, r3, #1
 340 0020 C858     		ldr	r0, [r1, r3]	@ unaligned
 341 0022 9188     		ldrh	r1, [r2, #4]
 342 0024 FFF7FEFF 		bl	CYMEMZERO
 343              	.LVL22:
 344              	.LBE3:
 302:.\Generated_Source\PSoC5/cyfitter_cfg.c **** 		{
 345              		.loc 1 302 0 discriminator 3
 346 0028 0134     		adds	r4, r4, #1
 347              	.LVL23:
 348 002a E4B2     		uxtb	r4, r4
 349              	.LVL24:
 350              	.L24:
 302:.\Generated_Source\PSoC5/cyfitter_cfg.c **** 		{
 351              		.loc 1 302 0 is_stmt 0 discriminator 1
ARM GAS  C:\Users\user\AppData\Local\Temp\ccYiXozg.s 			page 13


 352 002c 072C     		cmp	r4, #7
 353 002e F0D9     		bls	.L25
 306:.\Generated_Source\PSoC5/cyfitter_cfg.c **** 		}
 307:.\Generated_Source\PSoC5/cyfitter_cfg.c **** 
 308:.\Generated_Source\PSoC5/cyfitter_cfg.c **** 		/* Enable digital routing */
 309:.\Generated_Source\PSoC5/cyfitter_cfg.c **** 		CY_SET_XTND_REG8((void CYFAR *)CYREG_BCTL0_BANK_CTL, CY_GET_XTND_REG8((void CYFAR *)CYREG_BCTL0_B
 354              		.loc 1 309 0 is_stmt 1
 355 0030 1B4A     		ldr	r2, .L27+8
 356 0032 1378     		ldrb	r3, [r2]	@ zero_extendqisi2
 357 0034 43F00203 		orr	r3, r3, #2
 358 0038 1370     		strb	r3, [r2]
 310:.\Generated_Source\PSoC5/cyfitter_cfg.c **** 		CY_SET_XTND_REG8((void CYFAR *)CYREG_BCTL1_BANK_CTL, CY_GET_XTND_REG8((void CYFAR *)CYREG_BCTL1_B
 359              		.loc 1 310 0
 360 003a 1032     		adds	r2, r2, #16
 361 003c 1378     		ldrb	r3, [r2]	@ zero_extendqisi2
 362 003e 43F00203 		orr	r3, r3, #2
 363 0042 1370     		strb	r3, [r2]
 311:.\Generated_Source\PSoC5/cyfitter_cfg.c **** 
 312:.\Generated_Source\PSoC5/cyfitter_cfg.c **** 		/* Enable UDB array */
 313:.\Generated_Source\PSoC5/cyfitter_cfg.c **** 		CY_SET_XTND_REG8((void CYFAR *)CYREG_PM_ACT_CFG0, CY_GET_XTND_REG8((void CYFAR *)CYREG_PM_ACT_CFG
 364              		.loc 1 313 0
 365 0044 174C     		ldr	r4, .L27+12
 366              	.LVL25:
 367 0046 2378     		ldrb	r3, [r4]	@ zero_extendqisi2
 368 0048 43F04003 		orr	r3, r3, #64
 369 004c 2370     		strb	r3, [r4]
 314:.\Generated_Source\PSoC5/cyfitter_cfg.c **** 		CY_SET_XTND_REG8((void CYFAR *)CYREG_PM_AVAIL_CR2, CY_GET_XTND_REG8((void CYFAR *)CYREG_PM_AVAIL_
 370              		.loc 1 314 0
 371 004e A2F58632 		sub	r2, r2, #68608
 372 0052 513A     		subs	r2, r2, #81
 373 0054 1378     		ldrb	r3, [r2]	@ zero_extendqisi2
 374 0056 43F01003 		orr	r3, r3, #16
 375 005a 1370     		strb	r3, [r2]
 376              	.LBE2:
 315:.\Generated_Source\PSoC5/cyfitter_cfg.c **** 	}
 316:.\Generated_Source\PSoC5/cyfitter_cfg.c **** 
 317:.\Generated_Source\PSoC5/cyfitter_cfg.c **** 
 318:.\Generated_Source\PSoC5/cyfitter_cfg.c **** 	/* Perform second pass device configuration. These items must be configured in specific order afte
 319:.\Generated_Source\PSoC5/cyfitter_cfg.c **** 	CYCONFIGCPY((void CYFAR *)(CYREG_PRT0_DM0), (const void CYFAR *)(BS_IOPINS0_0_VAL), 8u);
 377              		.loc 1 319 0
 378 005c 1248     		ldr	r0, .L27+16
 379 005e 4FF09041 		mov	r1, #1207959552
 380 0062 0822     		movs	r2, #8
 381 0064 FFF7FEFF 		bl	CYCONFIGCPY
 382              	.LVL26:
 320:.\Generated_Source\PSoC5/cyfitter_cfg.c **** 	/* Switch Boost to the precision bandgap reference from its internal reference */
 321:.\Generated_Source\PSoC5/cyfitter_cfg.c **** 	CY_SET_REG8((void CYXDATA *)CYREG_BOOST_CR2, (CY_GET_REG8((void CYXDATA *)CYREG_BOOST_CR2) | 0x08u
 383              		.loc 1 321 0
 384 0068 104A     		ldr	r2, .L27+20
 385 006a 1378     		ldrb	r3, [r2]	@ zero_extendqisi2
 386 006c 43F00803 		orr	r3, r3, #8
 387 0070 1370     		strb	r3, [r2]
 322:.\Generated_Source\PSoC5/cyfitter_cfg.c **** 
 323:.\Generated_Source\PSoC5/cyfitter_cfg.c **** 	/* Set Flash Cycles based on max possible frequency in case a glitch occurs during ClockSetup(). *
 324:.\Generated_Source\PSoC5/cyfitter_cfg.c **** 	CY_SET_XTND_REG8((void CYFAR *)(CYREG_CACHE_CC_CTL), (((CYDEV_INSTRUCT_CACHE_ENABLED) != 0) ? 0x61
 388              		.loc 1 324 0
 389 0072 0F4D     		ldr	r5, .L27+24
ARM GAS  C:\Users\user\AppData\Local\Temp\ccYiXozg.s 			page 14


 390 0074 6123     		movs	r3, #97
 391 0076 2B70     		strb	r3, [r5]
 325:.\Generated_Source\PSoC5/cyfitter_cfg.c **** 	/* Setup clocks based on selections from Clock DWR */
 326:.\Generated_Source\PSoC5/cyfitter_cfg.c **** 	ClockSetup();
 392              		.loc 1 326 0
 393 0078 FFF7FEFF 		bl	ClockSetup
 394              	.LVL27:
 327:.\Generated_Source\PSoC5/cyfitter_cfg.c **** 	/* Set Flash Cycles based on newly configured 24.00MHz Bus Clock. */
 328:.\Generated_Source\PSoC5/cyfitter_cfg.c **** 	CY_SET_XTND_REG8((void CYFAR *)(CYREG_CACHE_CC_CTL), (((CYDEV_INSTRUCT_CACHE_ENABLED) != 0) ? 0x81
 395              		.loc 1 328 0
 396 007c 8123     		movs	r3, #129
 397 007e 2B70     		strb	r3, [r5]
 329:.\Generated_Source\PSoC5/cyfitter_cfg.c **** 	CY_SET_XTND_REG8((void CYFAR *)(CYREG_PANTHER_WAITPIPE), 0x01u);
 398              		.loc 1 329 0
 399 0080 0122     		movs	r2, #1
 400 0082 0C4B     		ldr	r3, .L27+28
 401 0084 1A70     		strb	r2, [r3]
 330:.\Generated_Source\PSoC5/cyfitter_cfg.c **** 
 331:.\Generated_Source\PSoC5/cyfitter_cfg.c **** 	/* Perform basic analog initialization to defaults */
 332:.\Generated_Source\PSoC5/cyfitter_cfg.c **** 	AnalogSetDefault();
 402              		.loc 1 332 0
 403 0086 FFF7FEFF 		bl	AnalogSetDefault
 404              	.LVL28:
 333:.\Generated_Source\PSoC5/cyfitter_cfg.c **** 
 334:.\Generated_Source\PSoC5/cyfitter_cfg.c **** 	/* Configure alternate active mode */
 335:.\Generated_Source\PSoC5/cyfitter_cfg.c **** 	CYCONFIGCPY((void CYFAR *)CYDEV_PM_STBY_BASE, (const void CYFAR *)CYDEV_PM_ACT_BASE, 14u);
 405              		.loc 1 335 0
 406 008a 0B48     		ldr	r0, .L27+32
 407 008c 2146     		mov	r1, r4
 408 008e 0E22     		movs	r2, #14
 409 0090 FFF7FEFF 		bl	CYCONFIGCPY
 410              	.LVL29:
 411 0094 38BD     		pop	{r3, r4, r5, pc}
 412              	.L28:
 413 0096 00BF     		.align	2
 414              	.L27:
 415 0098 E8460040 		.word	1073759976
 416 009c 00000000 		.word	.LANCHOR0
 417 00a0 03500140 		.word	1073827843
 418 00a4 A0430040 		.word	1073759136
 419 00a8 02510040 		.word	1073762562
 420 00ac 22430040 		.word	1073759010
 421 00b0 00480040 		.word	1073760256
 422 00b4 04000840 		.word	1074266116
 423 00b8 B0430040 		.word	1073759152
 424              		.cfi_endproc
 425              	.LFE7:
 426              		.size	cyfitter_cfg, .-cyfitter_cfg
 427              		.section	.rodata
 428              		.align	2
 429              		.set	.LANCHOR0,. + 0
 430              		.type	cfg_memset_list.4859, %object
 431              		.size	cfg_memset_list.4859, 48
 432              	cfg_memset_list.4859:
 433 0000 10510040 		.word	1073762576
 434 0004 6000     		.short	96
 435 0006 C0510040 		.4byte	1073762752
ARM GAS  C:\Users\user\AppData\Local\Temp\ccYiXozg.s 			page 15


 436 000a 1000     		.short	16
 437 000c F0510040 		.word	1073762800
 438 0010 1000     		.short	16
 439 0012 00000140 		.4byte	1073807360
 440 0016 0010     		.short	4096
 441 0018 00140140 		.word	1073812480
 442 001c 0008     		.short	2048
 443 001e 00400140 		.4byte	1073823744
 444 0022 000A     		.short	2560
 445 0024 004C0140 		.word	1073826816
 446 0028 0002     		.short	512
 447 002a 00500140 		.4byte	1073827840
 448 002e 2000     		.short	32
 449              		.text
 450              	.Letext0:
 451              		.file 2 "c:\\program files (x86)\\cypress\\psoc creator\\3.3\\psoc creator\\import\\gnu\\arm\\4.9.
 452              		.file 3 ".\\Generated_Source\\PSoC5\\cytypes.h"
 453              		.file 4 ".\\Generated_Source\\PSoC5\\CyLib.h"
 454              		.section	.debug_info,"",%progbits
 455              	.Ldebug_info0:
 456 0000 AC030000 		.4byte	0x3ac
 457 0004 0400     		.2byte	0x4
 458 0006 00000000 		.4byte	.Ldebug_abbrev0
 459 000a 04       		.byte	0x4
 460 000b 01       		.uleb128 0x1
 461 000c 0C010000 		.4byte	.LASF39
 462 0010 01       		.byte	0x1
 463 0011 3D020000 		.4byte	.LASF40
 464 0015 F1010000 		.4byte	.LASF41
 465 0019 00000000 		.4byte	.Ldebug_ranges0+0
 466 001d 00000000 		.4byte	0
 467 0021 00000000 		.4byte	.Ldebug_line0
 468 0025 02       		.uleb128 0x2
 469 0026 04       		.byte	0x4
 470 0027 05       		.byte	0x5
 471 0028 696E7400 		.ascii	"int\000"
 472 002c 03       		.uleb128 0x3
 473 002d 14000000 		.4byte	.LASF11
 474 0031 02       		.byte	0x2
 475 0032 D4       		.byte	0xd4
 476 0033 37000000 		.4byte	0x37
 477 0037 04       		.uleb128 0x4
 478 0038 04       		.byte	0x4
 479 0039 07       		.byte	0x7
 480 003a 9A010000 		.4byte	.LASF0
 481 003e 04       		.uleb128 0x4
 482 003f 01       		.byte	0x1
 483 0040 06       		.byte	0x6
 484 0041 8D020000 		.4byte	.LASF1
 485 0045 04       		.uleb128 0x4
 486 0046 01       		.byte	0x1
 487 0047 08       		.byte	0x8
 488 0048 CB000000 		.4byte	.LASF2
 489 004c 04       		.uleb128 0x4
 490 004d 02       		.byte	0x2
 491 004e 05       		.byte	0x5
 492 004f 33020000 		.4byte	.LASF3
ARM GAS  C:\Users\user\AppData\Local\Temp\ccYiXozg.s 			page 16


 493 0053 04       		.uleb128 0x4
 494 0054 02       		.byte	0x2
 495 0055 07       		.byte	0x7
 496 0056 4F000000 		.4byte	.LASF4
 497 005a 04       		.uleb128 0x4
 498 005b 04       		.byte	0x4
 499 005c 05       		.byte	0x5
 500 005d 6D020000 		.4byte	.LASF5
 501 0061 04       		.uleb128 0x4
 502 0062 04       		.byte	0x4
 503 0063 07       		.byte	0x7
 504 0064 93000000 		.4byte	.LASF6
 505 0068 04       		.uleb128 0x4
 506 0069 08       		.byte	0x8
 507 006a 05       		.byte	0x5
 508 006b DC010000 		.4byte	.LASF7
 509 006f 04       		.uleb128 0x4
 510 0070 08       		.byte	0x8
 511 0071 07       		.byte	0x7
 512 0072 AF010000 		.4byte	.LASF8
 513 0076 04       		.uleb128 0x4
 514 0077 04       		.byte	0x4
 515 0078 07       		.byte	0x7
 516 0079 D3010000 		.4byte	.LASF9
 517 007d 05       		.uleb128 0x5
 518 007e 04       		.byte	0x4
 519 007f 04       		.uleb128 0x4
 520 0080 01       		.byte	0x1
 521 0081 08       		.byte	0x8
 522 0082 76020000 		.4byte	.LASF10
 523 0086 06       		.uleb128 0x6
 524 0087 A5000000 		.4byte	.LASF12
 525 008b 03       		.byte	0x3
 526 008c 3801     		.2byte	0x138
 527 008e 45000000 		.4byte	0x45
 528 0092 06       		.uleb128 0x6
 529 0093 F4000000 		.4byte	.LASF13
 530 0097 03       		.byte	0x3
 531 0098 3901     		.2byte	0x139
 532 009a 53000000 		.4byte	0x53
 533 009e 06       		.uleb128 0x6
 534 009f 05010000 		.4byte	.LASF14
 535 00a3 03       		.byte	0x3
 536 00a4 3A01     		.2byte	0x13a
 537 00a6 61000000 		.4byte	0x61
 538 00aa 04       		.uleb128 0x4
 539 00ab 04       		.byte	0x4
 540 00ac 04       		.byte	0x4
 541 00ad 6A000000 		.4byte	.LASF15
 542 00b1 04       		.uleb128 0x4
 543 00b2 08       		.byte	0x8
 544 00b3 04       		.byte	0x4
 545 00b4 E0000000 		.4byte	.LASF16
 546 00b8 06       		.uleb128 0x6
 547 00b9 8E000000 		.4byte	.LASF17
 548 00bd 03       		.byte	0x3
 549 00be E201     		.2byte	0x1e2
ARM GAS  C:\Users\user\AppData\Local\Temp\ccYiXozg.s 			page 17


 550 00c0 C4000000 		.4byte	0xc4
 551 00c4 07       		.uleb128 0x7
 552 00c5 86000000 		.4byte	0x86
 553 00c9 06       		.uleb128 0x6
 554 00ca 00000000 		.4byte	.LASF18
 555 00ce 03       		.byte	0x3
 556 00cf E301     		.2byte	0x1e3
 557 00d1 D5000000 		.4byte	0xd5
 558 00d5 07       		.uleb128 0x7
 559 00d6 92000000 		.4byte	0x92
 560 00da 08       		.uleb128 0x8
 561 00db 70000000 		.4byte	.LASF19
 562 00df 01       		.byte	0x1
 563 00e0 6C       		.byte	0x6c
 564 00e1 00000000 		.4byte	.LFB3
 565 00e5 02000000 		.4byte	.LFE3-.LFB3
 566 00e9 01       		.uleb128 0x1
 567 00ea 9C       		.byte	0x9c
 568 00eb FD000000 		.4byte	0xfd
 569 00ef 09       		.uleb128 0x9
 570 00f0 FB000000 		.4byte	.LASF22
 571 00f4 01       		.byte	0x1
 572 00f5 6C       		.byte	0x6c
 573 00f6 86000000 		.4byte	0x86
 574 00fa 01       		.uleb128 0x1
 575 00fb 50       		.byte	0x50
 576 00fc 00       		.byte	0
 577 00fd 08       		.uleb128 0x8
 578 00fe 1B000000 		.4byte	.LASF20
 579 0102 01       		.byte	0x1
 580 0103 CF       		.byte	0xcf
 581 0104 00000000 		.4byte	.LFB5
 582 0108 40000000 		.4byte	.LFE5-.LFB5
 583 010c 01       		.uleb128 0x1
 584 010d 9C       		.byte	0x9c
 585 010e 22010000 		.4byte	0x122
 586 0112 0A       		.uleb128 0xa
 587 0113 7B020000 		.4byte	.LASF24
 588 0117 01       		.byte	0x1
 589 0118 D1       		.byte	0xd1
 590 0119 86000000 		.4byte	0x86
 591 011d 00000000 		.4byte	.LLST0
 592 0121 00       		.byte	0
 593 0122 08       		.uleb128 0x8
 594 0123 AB000000 		.4byte	.LASF21
 595 0127 01       		.byte	0x1
 596 0128 3E       		.byte	0x3e
 597 0129 00000000 		.4byte	.LFB0
 598 012d 0C000000 		.4byte	.LFE0-.LFB0
 599 0131 01       		.uleb128 0x1
 600 0132 9C       		.byte	0x9c
 601 0133 6F010000 		.4byte	0x16f
 602 0137 0B       		.uleb128 0xb
 603 0138 7300     		.ascii	"s\000"
 604 013a 01       		.byte	0x1
 605 013b 3E       		.byte	0x3e
 606 013c 7D000000 		.4byte	0x7d
ARM GAS  C:\Users\user\AppData\Local\Temp\ccYiXozg.s 			page 18


 607 0140 13000000 		.4byte	.LLST1
 608 0144 0B       		.uleb128 0xb
 609 0145 6E00     		.ascii	"n\000"
 610 0147 01       		.byte	0x1
 611 0148 3E       		.byte	0x3e
 612 0149 2C000000 		.4byte	0x2c
 613 014d 34000000 		.4byte	.LLST2
 614 0151 0C       		.uleb128 0xc
 615 0152 0A000000 		.4byte	.LVL5
 616 0156 68030000 		.4byte	0x368
 617 015a 0D       		.uleb128 0xd
 618 015b 01       		.uleb128 0x1
 619 015c 52       		.byte	0x52
 620 015d 03       		.uleb128 0x3
 621 015e F3       		.byte	0xf3
 622 015f 01       		.uleb128 0x1
 623 0160 51       		.byte	0x51
 624 0161 0D       		.uleb128 0xd
 625 0162 01       		.uleb128 0x1
 626 0163 51       		.byte	0x51
 627 0164 01       		.uleb128 0x1
 628 0165 30       		.byte	0x30
 629 0166 0D       		.uleb128 0xd
 630 0167 01       		.uleb128 0x1
 631 0168 50       		.byte	0x50
 632 0169 03       		.uleb128 0x3
 633 016a F3       		.byte	0xf3
 634 016b 01       		.uleb128 0x1
 635 016c 50       		.byte	0x50
 636 016d 00       		.byte	0
 637 016e 00       		.byte	0
 638 016f 08       		.uleb128 0x8
 639 0170 44000000 		.4byte	.LASF23
 640 0174 01       		.byte	0x1
 641 0175 94       		.byte	0x94
 642 0176 00000000 		.4byte	.LFB4
 643 017a 9C000000 		.4byte	.LFE4-.LFB4
 644 017e 01       		.uleb128 0x1
 645 017f 9C       		.byte	0x9c
 646 0180 C7010000 		.4byte	0x1c7
 647 0184 0A       		.uleb128 0xa
 648 0185 2C000000 		.4byte	.LASF25
 649 0189 01       		.byte	0x1
 650 018a 96       		.byte	0x96
 651 018b 9E000000 		.4byte	0x9e
 652 018f 60000000 		.4byte	.LLST3
 653 0193 0A       		.uleb128 0xa
 654 0194 62000000 		.4byte	.LASF26
 655 0198 01       		.byte	0x1
 656 0199 97       		.byte	0x97
 657 019a 86000000 		.4byte	0x86
 658 019e 7F000000 		.4byte	.LLST4
 659 01a2 0E       		.uleb128 0xe
 660 01a3 4C000000 		.4byte	.LVL10
 661 01a7 85030000 		.4byte	0x385
 662 01ab B7010000 		.4byte	0x1b7
 663 01af 0D       		.uleb128 0xd
ARM GAS  C:\Users\user\AppData\Local\Temp\ccYiXozg.s 			page 19


 664 01b0 01       		.uleb128 0x1
 665 01b1 50       		.byte	0x50
 666 01b2 03       		.uleb128 0x3
 667 01b3 0A       		.byte	0xa
 668 01b4 E001     		.2byte	0x1e0
 669 01b6 00       		.byte	0
 670 01b7 0C       		.uleb128 0xc
 671 01b8 5C000000 		.4byte	.LVL12
 672 01bc DA000000 		.4byte	0xda
 673 01c0 0D       		.uleb128 0xd
 674 01c1 01       		.uleb128 0x1
 675 01c2 50       		.byte	0x50
 676 01c3 01       		.uleb128 0x1
 677 01c4 33       		.byte	0x33
 678 01c5 00       		.byte	0
 679 01c6 00       		.byte	0
 680 01c7 08       		.uleb128 0x8
 681 01c8 A2020000 		.4byte	.LASF27
 682 01cc 01       		.byte	0x1
 683 01cd 45       		.byte	0x45
 684 01ce 00000000 		.4byte	.LFB1
 685 01d2 08000000 		.4byte	.LFE1-.LFB1
 686 01d6 01       		.uleb128 0x1
 687 01d7 9C       		.byte	0x9c
 688 01d8 27020000 		.4byte	0x227
 689 01dc 0F       		.uleb128 0xf
 690 01dd 84000000 		.4byte	.LASF28
 691 01e1 01       		.byte	0x1
 692 01e2 45       		.byte	0x45
 693 01e3 7D000000 		.4byte	0x7d
 694 01e7 A9000000 		.4byte	.LLST5
 695 01eb 0B       		.uleb128 0xb
 696 01ec 73726300 		.ascii	"src\000"
 697 01f0 01       		.byte	0x1
 698 01f1 45       		.byte	0x45
 699 01f2 27020000 		.4byte	0x227
 700 01f6 CA000000 		.4byte	.LLST6
 701 01fa 0B       		.uleb128 0xb
 702 01fb 6E00     		.ascii	"n\000"
 703 01fd 01       		.byte	0x1
 704 01fe 45       		.byte	0x45
 705 01ff 2C000000 		.4byte	0x2c
 706 0203 EB000000 		.4byte	.LLST7
 707 0207 0C       		.uleb128 0xc
 708 0208 06000000 		.4byte	.LVL15
 709 020c 96030000 		.4byte	0x396
 710 0210 0D       		.uleb128 0xd
 711 0211 01       		.uleb128 0x1
 712 0212 52       		.byte	0x52
 713 0213 03       		.uleb128 0x3
 714 0214 F3       		.byte	0xf3
 715 0215 01       		.uleb128 0x1
 716 0216 52       		.byte	0x52
 717 0217 0D       		.uleb128 0xd
 718 0218 01       		.uleb128 0x1
 719 0219 51       		.byte	0x51
 720 021a 03       		.uleb128 0x3
ARM GAS  C:\Users\user\AppData\Local\Temp\ccYiXozg.s 			page 20


 721 021b F3       		.byte	0xf3
 722 021c 01       		.uleb128 0x1
 723 021d 51       		.byte	0x51
 724 021e 0D       		.uleb128 0xd
 725 021f 01       		.uleb128 0x1
 726 0220 50       		.byte	0x50
 727 0221 03       		.uleb128 0x3
 728 0222 F3       		.byte	0xf3
 729 0223 01       		.uleb128 0x1
 730 0224 50       		.byte	0x50
 731 0225 00       		.byte	0
 732 0226 00       		.byte	0
 733 0227 10       		.uleb128 0x10
 734 0228 04       		.byte	0x4
 735 0229 2D020000 		.4byte	0x22d
 736 022d 11       		.uleb128 0x11
 737 022e 12       		.uleb128 0x12
 738 022f B5000000 		.4byte	.LASF31
 739 0233 01       		.byte	0x1
 740 0234 EC       		.byte	0xec
 741 0235 00000000 		.4byte	.LFB6
 742 0239 1C000000 		.4byte	.LFE6-.LFB6
 743 023d 01       		.uleb128 0x1
 744 023e 9C       		.byte	0x9c
 745 023f 5E020000 		.4byte	0x25e
 746 0243 09       		.uleb128 0x9
 747 0244 65020000 		.4byte	.LASF29
 748 0248 01       		.byte	0x1
 749 0249 EC       		.byte	0xec
 750 024a 86000000 		.4byte	0x86
 751 024e 01       		.uleb128 0x1
 752 024f 50       		.byte	0x50
 753 0250 13       		.uleb128 0x13
 754 0251 99020000 		.4byte	.LASF30
 755 0255 01       		.byte	0x1
 756 0256 EE       		.byte	0xee
 757 0257 86000000 		.4byte	0x86
 758 025b 01       		.uleb128 0x1
 759 025c 53       		.byte	0x53
 760 025d 00       		.byte	0
 761 025e 14       		.uleb128 0x14
 762 025f E7000000 		.4byte	.LASF32
 763 0263 01       		.byte	0x1
 764 0264 0E01     		.2byte	0x10e
 765 0266 00000000 		.4byte	.LFB7
 766 026a BC000000 		.4byte	.LFE7-.LFB7
 767 026e 01       		.uleb128 0x1
 768 026f 9C       		.byte	0x9c
 769 0270 68030000 		.4byte	0x368
 770 0274 15       		.uleb128 0x15
 771 0275 0E000000 		.4byte	.LBB2
 772 0279 4E000000 		.4byte	.LBE2-.LBB2
 773 027d 14030000 		.4byte	0x314
 774 0281 16       		.uleb128 0x16
 775 0282 06       		.byte	0x6
 776 0283 01       		.byte	0x1
 777 0284 1A01     		.2byte	0x11a
ARM GAS  C:\Users\user\AppData\Local\Temp\ccYiXozg.s 			page 21


 778 0286 A5020000 		.4byte	0x2a5
 779 028a 17       		.uleb128 0x17
 780 028b A7010000 		.4byte	.LASF33
 781 028f 01       		.byte	0x1
 782 0290 1B01     		.2byte	0x11b
 783 0292 7D000000 		.4byte	0x7d
 784 0296 00       		.byte	0
 785 0297 17       		.uleb128 0x17
 786 0298 89000000 		.4byte	.LASF34
 787 029c 01       		.byte	0x1
 788 029d 1C01     		.2byte	0x11c
 789 029f 92000000 		.4byte	0x92
 790 02a3 04       		.byte	0x4
 791 02a4 00       		.byte	0
 792 02a5 06       		.uleb128 0x6
 793 02a6 C6010000 		.4byte	.LASF35
 794 02aa 01       		.byte	0x1
 795 02ab 1D01     		.2byte	0x11d
 796 02ad 81020000 		.4byte	0x281
 797 02b1 18       		.uleb128 0x18
 798 02b2 A5020000 		.4byte	0x2a5
 799 02b6 C1020000 		.4byte	0x2c1
 800 02ba 19       		.uleb128 0x19
 801 02bb 76000000 		.4byte	0x76
 802 02bf 07       		.byte	0x7
 803 02c0 00       		.byte	0
 804 02c1 1A       		.uleb128 0x1a
 805 02c2 34000000 		.4byte	.LASF36
 806 02c6 01       		.byte	0x1
 807 02c7 1F01     		.2byte	0x11f
 808 02c9 D3020000 		.4byte	0x2d3
 809 02cd 05       		.uleb128 0x5
 810 02ce 03       		.byte	0x3
 811 02cf 00000000 		.4byte	cfg_memset_list.4859
 812 02d3 1B       		.uleb128 0x1b
 813 02d4 B1020000 		.4byte	0x2b1
 814 02d8 1C       		.uleb128 0x1c
 815 02d9 6900     		.ascii	"i\000"
 816 02db 01       		.byte	0x1
 817 02dc 2B01     		.2byte	0x12b
 818 02de 86000000 		.4byte	0x86
 819 02e2 0C010000 		.4byte	.LLST8
 820 02e6 1D       		.uleb128 0x1d
 821 02e7 12000000 		.4byte	.LBB3
 822 02eb 16000000 		.4byte	.LBE3-.LBB3
 823 02ef 1C       		.uleb128 0x1c
 824 02f0 6D7300   		.ascii	"ms\000"
 825 02f3 01       		.byte	0x1
 826 02f4 3001     		.2byte	0x130
 827 02f6 FE020000 		.4byte	0x2fe
 828 02fa 36010000 		.4byte	.LLST9
 829 02fe 10       		.uleb128 0x10
 830 02ff 04       		.byte	0x4
 831 0300 04030000 		.4byte	0x304
 832 0304 1B       		.uleb128 0x1b
 833 0305 A5020000 		.4byte	0x2a5
 834 0309 1E       		.uleb128 0x1e
ARM GAS  C:\Users\user\AppData\Local\Temp\ccYiXozg.s 			page 22


 835 030a 28000000 		.4byte	.LVL22
 836 030e 22010000 		.4byte	0x122
 837 0312 00       		.byte	0
 838 0313 00       		.byte	0
 839 0314 0E       		.uleb128 0xe
 840 0315 68000000 		.4byte	.LVL26
 841 0319 C7010000 		.4byte	0x1c7
 842 031d 37030000 		.4byte	0x337
 843 0321 0D       		.uleb128 0xd
 844 0322 01       		.uleb128 0x1
 845 0323 52       		.byte	0x52
 846 0324 01       		.uleb128 0x1
 847 0325 38       		.byte	0x38
 848 0326 0D       		.uleb128 0xd
 849 0327 01       		.uleb128 0x1
 850 0328 51       		.byte	0x51
 851 0329 03       		.uleb128 0x3
 852 032a 42       		.byte	0x42
 853 032b 4A       		.byte	0x4a
 854 032c 24       		.byte	0x24
 855 032d 0D       		.uleb128 0xd
 856 032e 01       		.uleb128 0x1
 857 032f 50       		.byte	0x50
 858 0330 05       		.uleb128 0x5
 859 0331 0C       		.byte	0xc
 860 0332 02510040 		.4byte	0x40005102
 861 0336 00       		.byte	0
 862 0337 1E       		.uleb128 0x1e
 863 0338 7C000000 		.4byte	.LVL27
 864 033c 6F010000 		.4byte	0x16f
 865 0340 1E       		.uleb128 0x1e
 866 0341 8A000000 		.4byte	.LVL28
 867 0345 FD000000 		.4byte	0xfd
 868 0349 0C       		.uleb128 0xc
 869 034a 94000000 		.4byte	.LVL29
 870 034e C7010000 		.4byte	0x1c7
 871 0352 0D       		.uleb128 0xd
 872 0353 01       		.uleb128 0x1
 873 0354 52       		.byte	0x52
 874 0355 01       		.uleb128 0x1
 875 0356 3E       		.byte	0x3e
 876 0357 0D       		.uleb128 0xd
 877 0358 01       		.uleb128 0x1
 878 0359 51       		.byte	0x51
 879 035a 02       		.uleb128 0x2
 880 035b 74       		.byte	0x74
 881 035c 00       		.sleb128 0
 882 035d 0D       		.uleb128 0xd
 883 035e 01       		.uleb128 0x1
 884 035f 50       		.byte	0x50
 885 0360 05       		.uleb128 0x5
 886 0361 0C       		.byte	0xc
 887 0362 B0430040 		.4byte	0x400043b0
 888 0366 00       		.byte	0
 889 0367 00       		.byte	0
 890 0368 1F       		.uleb128 0x1f
 891 0369 D9000000 		.4byte	.LASF37
ARM GAS  C:\Users\user\AppData\Local\Temp\ccYiXozg.s 			page 23


 892 036d 7D000000 		.4byte	0x7d
 893 0371 85030000 		.4byte	0x385
 894 0375 20       		.uleb128 0x20
 895 0376 7D000000 		.4byte	0x7d
 896 037a 20       		.uleb128 0x20
 897 037b 25000000 		.4byte	0x25
 898 037f 20       		.uleb128 0x20
 899 0380 76000000 		.4byte	0x76
 900 0384 00       		.byte	0
 901 0385 21       		.uleb128 0x21
 902 0386 06000000 		.4byte	.LASF38
 903 038a 04       		.byte	0x4
 904 038b 7A       		.byte	0x7a
 905 038c 96030000 		.4byte	0x396
 906 0390 20       		.uleb128 0x20
 907 0391 9E000000 		.4byte	0x9e
 908 0395 00       		.byte	0
 909 0396 22       		.uleb128 0x22
 910 0397 EA010000 		.4byte	.LASF42
 911 039b 7D000000 		.4byte	0x7d
 912 039f 20       		.uleb128 0x20
 913 03a0 7D000000 		.4byte	0x7d
 914 03a4 20       		.uleb128 0x20
 915 03a5 27020000 		.4byte	0x227
 916 03a9 20       		.uleb128 0x20
 917 03aa 76000000 		.4byte	0x76
 918 03ae 00       		.byte	0
 919 03af 00       		.byte	0
 920              		.section	.debug_abbrev,"",%progbits
 921              	.Ldebug_abbrev0:
 922 0000 01       		.uleb128 0x1
 923 0001 11       		.uleb128 0x11
 924 0002 01       		.byte	0x1
 925 0003 25       		.uleb128 0x25
 926 0004 0E       		.uleb128 0xe
 927 0005 13       		.uleb128 0x13
 928 0006 0B       		.uleb128 0xb
 929 0007 03       		.uleb128 0x3
 930 0008 0E       		.uleb128 0xe
 931 0009 1B       		.uleb128 0x1b
 932 000a 0E       		.uleb128 0xe
 933 000b 55       		.uleb128 0x55
 934 000c 17       		.uleb128 0x17
 935 000d 11       		.uleb128 0x11
 936 000e 01       		.uleb128 0x1
 937 000f 10       		.uleb128 0x10
 938 0010 17       		.uleb128 0x17
 939 0011 00       		.byte	0
 940 0012 00       		.byte	0
 941 0013 02       		.uleb128 0x2
 942 0014 24       		.uleb128 0x24
 943 0015 00       		.byte	0
 944 0016 0B       		.uleb128 0xb
 945 0017 0B       		.uleb128 0xb
 946 0018 3E       		.uleb128 0x3e
 947 0019 0B       		.uleb128 0xb
 948 001a 03       		.uleb128 0x3
ARM GAS  C:\Users\user\AppData\Local\Temp\ccYiXozg.s 			page 24


 949 001b 08       		.uleb128 0x8
 950 001c 00       		.byte	0
 951 001d 00       		.byte	0
 952 001e 03       		.uleb128 0x3
 953 001f 16       		.uleb128 0x16
 954 0020 00       		.byte	0
 955 0021 03       		.uleb128 0x3
 956 0022 0E       		.uleb128 0xe
 957 0023 3A       		.uleb128 0x3a
 958 0024 0B       		.uleb128 0xb
 959 0025 3B       		.uleb128 0x3b
 960 0026 0B       		.uleb128 0xb
 961 0027 49       		.uleb128 0x49
 962 0028 13       		.uleb128 0x13
 963 0029 00       		.byte	0
 964 002a 00       		.byte	0
 965 002b 04       		.uleb128 0x4
 966 002c 24       		.uleb128 0x24
 967 002d 00       		.byte	0
 968 002e 0B       		.uleb128 0xb
 969 002f 0B       		.uleb128 0xb
 970 0030 3E       		.uleb128 0x3e
 971 0031 0B       		.uleb128 0xb
 972 0032 03       		.uleb128 0x3
 973 0033 0E       		.uleb128 0xe
 974 0034 00       		.byte	0
 975 0035 00       		.byte	0
 976 0036 05       		.uleb128 0x5
 977 0037 0F       		.uleb128 0xf
 978 0038 00       		.byte	0
 979 0039 0B       		.uleb128 0xb
 980 003a 0B       		.uleb128 0xb
 981 003b 00       		.byte	0
 982 003c 00       		.byte	0
 983 003d 06       		.uleb128 0x6
 984 003e 16       		.uleb128 0x16
 985 003f 00       		.byte	0
 986 0040 03       		.uleb128 0x3
 987 0041 0E       		.uleb128 0xe
 988 0042 3A       		.uleb128 0x3a
 989 0043 0B       		.uleb128 0xb
 990 0044 3B       		.uleb128 0x3b
 991 0045 05       		.uleb128 0x5
 992 0046 49       		.uleb128 0x49
 993 0047 13       		.uleb128 0x13
 994 0048 00       		.byte	0
 995 0049 00       		.byte	0
 996 004a 07       		.uleb128 0x7
 997 004b 35       		.uleb128 0x35
 998 004c 00       		.byte	0
 999 004d 49       		.uleb128 0x49
 1000 004e 13       		.uleb128 0x13
 1001 004f 00       		.byte	0
 1002 0050 00       		.byte	0
 1003 0051 08       		.uleb128 0x8
 1004 0052 2E       		.uleb128 0x2e
 1005 0053 01       		.byte	0x1
ARM GAS  C:\Users\user\AppData\Local\Temp\ccYiXozg.s 			page 25


 1006 0054 03       		.uleb128 0x3
 1007 0055 0E       		.uleb128 0xe
 1008 0056 3A       		.uleb128 0x3a
 1009 0057 0B       		.uleb128 0xb
 1010 0058 3B       		.uleb128 0x3b
 1011 0059 0B       		.uleb128 0xb
 1012 005a 27       		.uleb128 0x27
 1013 005b 19       		.uleb128 0x19
 1014 005c 11       		.uleb128 0x11
 1015 005d 01       		.uleb128 0x1
 1016 005e 12       		.uleb128 0x12
 1017 005f 06       		.uleb128 0x6
 1018 0060 40       		.uleb128 0x40
 1019 0061 18       		.uleb128 0x18
 1020 0062 9742     		.uleb128 0x2117
 1021 0064 19       		.uleb128 0x19
 1022 0065 01       		.uleb128 0x1
 1023 0066 13       		.uleb128 0x13
 1024 0067 00       		.byte	0
 1025 0068 00       		.byte	0
 1026 0069 09       		.uleb128 0x9
 1027 006a 05       		.uleb128 0x5
 1028 006b 00       		.byte	0
 1029 006c 03       		.uleb128 0x3
 1030 006d 0E       		.uleb128 0xe
 1031 006e 3A       		.uleb128 0x3a
 1032 006f 0B       		.uleb128 0xb
 1033 0070 3B       		.uleb128 0x3b
 1034 0071 0B       		.uleb128 0xb
 1035 0072 49       		.uleb128 0x49
 1036 0073 13       		.uleb128 0x13
 1037 0074 02       		.uleb128 0x2
 1038 0075 18       		.uleb128 0x18
 1039 0076 00       		.byte	0
 1040 0077 00       		.byte	0
 1041 0078 0A       		.uleb128 0xa
 1042 0079 34       		.uleb128 0x34
 1043 007a 00       		.byte	0
 1044 007b 03       		.uleb128 0x3
 1045 007c 0E       		.uleb128 0xe
 1046 007d 3A       		.uleb128 0x3a
 1047 007e 0B       		.uleb128 0xb
 1048 007f 3B       		.uleb128 0x3b
 1049 0080 0B       		.uleb128 0xb
 1050 0081 49       		.uleb128 0x49
 1051 0082 13       		.uleb128 0x13
 1052 0083 02       		.uleb128 0x2
 1053 0084 17       		.uleb128 0x17
 1054 0085 00       		.byte	0
 1055 0086 00       		.byte	0
 1056 0087 0B       		.uleb128 0xb
 1057 0088 05       		.uleb128 0x5
 1058 0089 00       		.byte	0
 1059 008a 03       		.uleb128 0x3
 1060 008b 08       		.uleb128 0x8
 1061 008c 3A       		.uleb128 0x3a
 1062 008d 0B       		.uleb128 0xb
ARM GAS  C:\Users\user\AppData\Local\Temp\ccYiXozg.s 			page 26


 1063 008e 3B       		.uleb128 0x3b
 1064 008f 0B       		.uleb128 0xb
 1065 0090 49       		.uleb128 0x49
 1066 0091 13       		.uleb128 0x13
 1067 0092 02       		.uleb128 0x2
 1068 0093 17       		.uleb128 0x17
 1069 0094 00       		.byte	0
 1070 0095 00       		.byte	0
 1071 0096 0C       		.uleb128 0xc
 1072 0097 898201   		.uleb128 0x4109
 1073 009a 01       		.byte	0x1
 1074 009b 11       		.uleb128 0x11
 1075 009c 01       		.uleb128 0x1
 1076 009d 31       		.uleb128 0x31
 1077 009e 13       		.uleb128 0x13
 1078 009f 00       		.byte	0
 1079 00a0 00       		.byte	0
 1080 00a1 0D       		.uleb128 0xd
 1081 00a2 8A8201   		.uleb128 0x410a
 1082 00a5 00       		.byte	0
 1083 00a6 02       		.uleb128 0x2
 1084 00a7 18       		.uleb128 0x18
 1085 00a8 9142     		.uleb128 0x2111
 1086 00aa 18       		.uleb128 0x18
 1087 00ab 00       		.byte	0
 1088 00ac 00       		.byte	0
 1089 00ad 0E       		.uleb128 0xe
 1090 00ae 898201   		.uleb128 0x4109
 1091 00b1 01       		.byte	0x1
 1092 00b2 11       		.uleb128 0x11
 1093 00b3 01       		.uleb128 0x1
 1094 00b4 31       		.uleb128 0x31
 1095 00b5 13       		.uleb128 0x13
 1096 00b6 01       		.uleb128 0x1
 1097 00b7 13       		.uleb128 0x13
 1098 00b8 00       		.byte	0
 1099 00b9 00       		.byte	0
 1100 00ba 0F       		.uleb128 0xf
 1101 00bb 05       		.uleb128 0x5
 1102 00bc 00       		.byte	0
 1103 00bd 03       		.uleb128 0x3
 1104 00be 0E       		.uleb128 0xe
 1105 00bf 3A       		.uleb128 0x3a
 1106 00c0 0B       		.uleb128 0xb
 1107 00c1 3B       		.uleb128 0x3b
 1108 00c2 0B       		.uleb128 0xb
 1109 00c3 49       		.uleb128 0x49
 1110 00c4 13       		.uleb128 0x13
 1111 00c5 02       		.uleb128 0x2
 1112 00c6 17       		.uleb128 0x17
 1113 00c7 00       		.byte	0
 1114 00c8 00       		.byte	0
 1115 00c9 10       		.uleb128 0x10
 1116 00ca 0F       		.uleb128 0xf
 1117 00cb 00       		.byte	0
 1118 00cc 0B       		.uleb128 0xb
 1119 00cd 0B       		.uleb128 0xb
ARM GAS  C:\Users\user\AppData\Local\Temp\ccYiXozg.s 			page 27


 1120 00ce 49       		.uleb128 0x49
 1121 00cf 13       		.uleb128 0x13
 1122 00d0 00       		.byte	0
 1123 00d1 00       		.byte	0
 1124 00d2 11       		.uleb128 0x11
 1125 00d3 26       		.uleb128 0x26
 1126 00d4 00       		.byte	0
 1127 00d5 00       		.byte	0
 1128 00d6 00       		.byte	0
 1129 00d7 12       		.uleb128 0x12
 1130 00d8 2E       		.uleb128 0x2e
 1131 00d9 01       		.byte	0x1
 1132 00da 3F       		.uleb128 0x3f
 1133 00db 19       		.uleb128 0x19
 1134 00dc 03       		.uleb128 0x3
 1135 00dd 0E       		.uleb128 0xe
 1136 00de 3A       		.uleb128 0x3a
 1137 00df 0B       		.uleb128 0xb
 1138 00e0 3B       		.uleb128 0x3b
 1139 00e1 0B       		.uleb128 0xb
 1140 00e2 27       		.uleb128 0x27
 1141 00e3 19       		.uleb128 0x19
 1142 00e4 11       		.uleb128 0x11
 1143 00e5 01       		.uleb128 0x1
 1144 00e6 12       		.uleb128 0x12
 1145 00e7 06       		.uleb128 0x6
 1146 00e8 40       		.uleb128 0x40
 1147 00e9 18       		.uleb128 0x18
 1148 00ea 9742     		.uleb128 0x2117
 1149 00ec 19       		.uleb128 0x19
 1150 00ed 01       		.uleb128 0x1
 1151 00ee 13       		.uleb128 0x13
 1152 00ef 00       		.byte	0
 1153 00f0 00       		.byte	0
 1154 00f1 13       		.uleb128 0x13
 1155 00f2 34       		.uleb128 0x34
 1156 00f3 00       		.byte	0
 1157 00f4 03       		.uleb128 0x3
 1158 00f5 0E       		.uleb128 0xe
 1159 00f6 3A       		.uleb128 0x3a
 1160 00f7 0B       		.uleb128 0xb
 1161 00f8 3B       		.uleb128 0x3b
 1162 00f9 0B       		.uleb128 0xb
 1163 00fa 49       		.uleb128 0x49
 1164 00fb 13       		.uleb128 0x13
 1165 00fc 02       		.uleb128 0x2
 1166 00fd 18       		.uleb128 0x18
 1167 00fe 00       		.byte	0
 1168 00ff 00       		.byte	0
 1169 0100 14       		.uleb128 0x14
 1170 0101 2E       		.uleb128 0x2e
 1171 0102 01       		.byte	0x1
 1172 0103 3F       		.uleb128 0x3f
 1173 0104 19       		.uleb128 0x19
 1174 0105 03       		.uleb128 0x3
 1175 0106 0E       		.uleb128 0xe
 1176 0107 3A       		.uleb128 0x3a
ARM GAS  C:\Users\user\AppData\Local\Temp\ccYiXozg.s 			page 28


 1177 0108 0B       		.uleb128 0xb
 1178 0109 3B       		.uleb128 0x3b
 1179 010a 05       		.uleb128 0x5
 1180 010b 27       		.uleb128 0x27
 1181 010c 19       		.uleb128 0x19
 1182 010d 11       		.uleb128 0x11
 1183 010e 01       		.uleb128 0x1
 1184 010f 12       		.uleb128 0x12
 1185 0110 06       		.uleb128 0x6
 1186 0111 40       		.uleb128 0x40
 1187 0112 18       		.uleb128 0x18
 1188 0113 9742     		.uleb128 0x2117
 1189 0115 19       		.uleb128 0x19
 1190 0116 01       		.uleb128 0x1
 1191 0117 13       		.uleb128 0x13
 1192 0118 00       		.byte	0
 1193 0119 00       		.byte	0
 1194 011a 15       		.uleb128 0x15
 1195 011b 0B       		.uleb128 0xb
 1196 011c 01       		.byte	0x1
 1197 011d 11       		.uleb128 0x11
 1198 011e 01       		.uleb128 0x1
 1199 011f 12       		.uleb128 0x12
 1200 0120 06       		.uleb128 0x6
 1201 0121 01       		.uleb128 0x1
 1202 0122 13       		.uleb128 0x13
 1203 0123 00       		.byte	0
 1204 0124 00       		.byte	0
 1205 0125 16       		.uleb128 0x16
 1206 0126 13       		.uleb128 0x13
 1207 0127 01       		.byte	0x1
 1208 0128 0B       		.uleb128 0xb
 1209 0129 0B       		.uleb128 0xb
 1210 012a 3A       		.uleb128 0x3a
 1211 012b 0B       		.uleb128 0xb
 1212 012c 3B       		.uleb128 0x3b
 1213 012d 05       		.uleb128 0x5
 1214 012e 01       		.uleb128 0x1
 1215 012f 13       		.uleb128 0x13
 1216 0130 00       		.byte	0
 1217 0131 00       		.byte	0
 1218 0132 17       		.uleb128 0x17
 1219 0133 0D       		.uleb128 0xd
 1220 0134 00       		.byte	0
 1221 0135 03       		.uleb128 0x3
 1222 0136 0E       		.uleb128 0xe
 1223 0137 3A       		.uleb128 0x3a
 1224 0138 0B       		.uleb128 0xb
 1225 0139 3B       		.uleb128 0x3b
 1226 013a 05       		.uleb128 0x5
 1227 013b 49       		.uleb128 0x49
 1228 013c 13       		.uleb128 0x13
 1229 013d 38       		.uleb128 0x38
 1230 013e 0B       		.uleb128 0xb
 1231 013f 00       		.byte	0
 1232 0140 00       		.byte	0
 1233 0141 18       		.uleb128 0x18
ARM GAS  C:\Users\user\AppData\Local\Temp\ccYiXozg.s 			page 29


 1234 0142 01       		.uleb128 0x1
 1235 0143 01       		.byte	0x1
 1236 0144 49       		.uleb128 0x49
 1237 0145 13       		.uleb128 0x13
 1238 0146 01       		.uleb128 0x1
 1239 0147 13       		.uleb128 0x13
 1240 0148 00       		.byte	0
 1241 0149 00       		.byte	0
 1242 014a 19       		.uleb128 0x19
 1243 014b 21       		.uleb128 0x21
 1244 014c 00       		.byte	0
 1245 014d 49       		.uleb128 0x49
 1246 014e 13       		.uleb128 0x13
 1247 014f 2F       		.uleb128 0x2f
 1248 0150 0B       		.uleb128 0xb
 1249 0151 00       		.byte	0
 1250 0152 00       		.byte	0
 1251 0153 1A       		.uleb128 0x1a
 1252 0154 34       		.uleb128 0x34
 1253 0155 00       		.byte	0
 1254 0156 03       		.uleb128 0x3
 1255 0157 0E       		.uleb128 0xe
 1256 0158 3A       		.uleb128 0x3a
 1257 0159 0B       		.uleb128 0xb
 1258 015a 3B       		.uleb128 0x3b
 1259 015b 05       		.uleb128 0x5
 1260 015c 49       		.uleb128 0x49
 1261 015d 13       		.uleb128 0x13
 1262 015e 02       		.uleb128 0x2
 1263 015f 18       		.uleb128 0x18
 1264 0160 00       		.byte	0
 1265 0161 00       		.byte	0
 1266 0162 1B       		.uleb128 0x1b
 1267 0163 26       		.uleb128 0x26
 1268 0164 00       		.byte	0
 1269 0165 49       		.uleb128 0x49
 1270 0166 13       		.uleb128 0x13
 1271 0167 00       		.byte	0
 1272 0168 00       		.byte	0
 1273 0169 1C       		.uleb128 0x1c
 1274 016a 34       		.uleb128 0x34
 1275 016b 00       		.byte	0
 1276 016c 03       		.uleb128 0x3
 1277 016d 08       		.uleb128 0x8
 1278 016e 3A       		.uleb128 0x3a
 1279 016f 0B       		.uleb128 0xb
 1280 0170 3B       		.uleb128 0x3b
 1281 0171 05       		.uleb128 0x5
 1282 0172 49       		.uleb128 0x49
 1283 0173 13       		.uleb128 0x13
 1284 0174 02       		.uleb128 0x2
 1285 0175 17       		.uleb128 0x17
 1286 0176 00       		.byte	0
 1287 0177 00       		.byte	0
 1288 0178 1D       		.uleb128 0x1d
 1289 0179 0B       		.uleb128 0xb
 1290 017a 01       		.byte	0x1
ARM GAS  C:\Users\user\AppData\Local\Temp\ccYiXozg.s 			page 30


 1291 017b 11       		.uleb128 0x11
 1292 017c 01       		.uleb128 0x1
 1293 017d 12       		.uleb128 0x12
 1294 017e 06       		.uleb128 0x6
 1295 017f 00       		.byte	0
 1296 0180 00       		.byte	0
 1297 0181 1E       		.uleb128 0x1e
 1298 0182 898201   		.uleb128 0x4109
 1299 0185 00       		.byte	0
 1300 0186 11       		.uleb128 0x11
 1301 0187 01       		.uleb128 0x1
 1302 0188 31       		.uleb128 0x31
 1303 0189 13       		.uleb128 0x13
 1304 018a 00       		.byte	0
 1305 018b 00       		.byte	0
 1306 018c 1F       		.uleb128 0x1f
 1307 018d 2E       		.uleb128 0x2e
 1308 018e 01       		.byte	0x1
 1309 018f 3F       		.uleb128 0x3f
 1310 0190 19       		.uleb128 0x19
 1311 0191 03       		.uleb128 0x3
 1312 0192 0E       		.uleb128 0xe
 1313 0193 27       		.uleb128 0x27
 1314 0194 19       		.uleb128 0x19
 1315 0195 49       		.uleb128 0x49
 1316 0196 13       		.uleb128 0x13
 1317 0197 34       		.uleb128 0x34
 1318 0198 19       		.uleb128 0x19
 1319 0199 3C       		.uleb128 0x3c
 1320 019a 19       		.uleb128 0x19
 1321 019b 01       		.uleb128 0x1
 1322 019c 13       		.uleb128 0x13
 1323 019d 00       		.byte	0
 1324 019e 00       		.byte	0
 1325 019f 20       		.uleb128 0x20
 1326 01a0 05       		.uleb128 0x5
 1327 01a1 00       		.byte	0
 1328 01a2 49       		.uleb128 0x49
 1329 01a3 13       		.uleb128 0x13
 1330 01a4 00       		.byte	0
 1331 01a5 00       		.byte	0
 1332 01a6 21       		.uleb128 0x21
 1333 01a7 2E       		.uleb128 0x2e
 1334 01a8 01       		.byte	0x1
 1335 01a9 3F       		.uleb128 0x3f
 1336 01aa 19       		.uleb128 0x19
 1337 01ab 03       		.uleb128 0x3
 1338 01ac 0E       		.uleb128 0xe
 1339 01ad 3A       		.uleb128 0x3a
 1340 01ae 0B       		.uleb128 0xb
 1341 01af 3B       		.uleb128 0x3b
 1342 01b0 0B       		.uleb128 0xb
 1343 01b1 27       		.uleb128 0x27
 1344 01b2 19       		.uleb128 0x19
 1345 01b3 3C       		.uleb128 0x3c
 1346 01b4 19       		.uleb128 0x19
 1347 01b5 01       		.uleb128 0x1
ARM GAS  C:\Users\user\AppData\Local\Temp\ccYiXozg.s 			page 31


 1348 01b6 13       		.uleb128 0x13
 1349 01b7 00       		.byte	0
 1350 01b8 00       		.byte	0
 1351 01b9 22       		.uleb128 0x22
 1352 01ba 2E       		.uleb128 0x2e
 1353 01bb 01       		.byte	0x1
 1354 01bc 3F       		.uleb128 0x3f
 1355 01bd 19       		.uleb128 0x19
 1356 01be 03       		.uleb128 0x3
 1357 01bf 0E       		.uleb128 0xe
 1358 01c0 27       		.uleb128 0x27
 1359 01c1 19       		.uleb128 0x19
 1360 01c2 49       		.uleb128 0x49
 1361 01c3 13       		.uleb128 0x13
 1362 01c4 34       		.uleb128 0x34
 1363 01c5 19       		.uleb128 0x19
 1364 01c6 3C       		.uleb128 0x3c
 1365 01c7 19       		.uleb128 0x19
 1366 01c8 00       		.byte	0
 1367 01c9 00       		.byte	0
 1368 01ca 00       		.byte	0
 1369              		.section	.debug_loc,"",%progbits
 1370              	.Ldebug_loc0:
 1371              	.LLST0:
 1372 0000 06000000 		.4byte	.LVL1
 1373 0004 10000000 		.4byte	.LVL2
 1374 0008 0100     		.2byte	0x1
 1375 000a 53       		.byte	0x53
 1376 000b 00000000 		.4byte	0
 1377 000f 00000000 		.4byte	0
 1378              	.LLST1:
 1379 0013 00000000 		.4byte	.LVL3
 1380 0017 09000000 		.4byte	.LVL5-1
 1381 001b 0100     		.2byte	0x1
 1382 001d 50       		.byte	0x50
 1383 001e 09000000 		.4byte	.LVL5-1
 1384 0022 0C000000 		.4byte	.LFE0
 1385 0026 0400     		.2byte	0x4
 1386 0028 F3       		.byte	0xf3
 1387 0029 01       		.uleb128 0x1
 1388 002a 50       		.byte	0x50
 1389 002b 9F       		.byte	0x9f
 1390 002c 00000000 		.4byte	0
 1391 0030 00000000 		.4byte	0
 1392              	.LLST2:
 1393 0034 00000000 		.4byte	.LVL3
 1394 0038 06000000 		.4byte	.LVL4
 1395 003c 0100     		.2byte	0x1
 1396 003e 51       		.byte	0x51
 1397 003f 06000000 		.4byte	.LVL4
 1398 0043 09000000 		.4byte	.LVL5-1
 1399 0047 0100     		.2byte	0x1
 1400 0049 52       		.byte	0x52
 1401 004a 09000000 		.4byte	.LVL5-1
 1402 004e 0C000000 		.4byte	.LFE0
 1403 0052 0400     		.2byte	0x4
 1404 0054 F3       		.byte	0xf3
ARM GAS  C:\Users\user\AppData\Local\Temp\ccYiXozg.s 			page 32


 1405 0055 01       		.uleb128 0x1
 1406 0056 51       		.byte	0x51
 1407 0057 9F       		.byte	0x9f
 1408 0058 00000000 		.4byte	0
 1409 005c 00000000 		.4byte	0
 1410              	.LLST3:
 1411 0060 2E000000 		.4byte	.LVL6
 1412 0064 34000000 		.4byte	.LVL7
 1413 0068 0200     		.2byte	0x2
 1414 006a 49       		.byte	0x49
 1415 006b 9F       		.byte	0x9f
 1416 006c 34000000 		.4byte	.LVL7
 1417 0070 7E000000 		.4byte	.LVL13
 1418 0074 0100     		.2byte	0x1
 1419 0076 55       		.byte	0x55
 1420 0077 00000000 		.4byte	0
 1421 007b 00000000 		.4byte	0
 1422              	.LLST4:
 1423 007f 2E000000 		.4byte	.LVL6
 1424 0083 34000000 		.4byte	.LVL7
 1425 0087 0200     		.2byte	0x2
 1426 0089 30       		.byte	0x30
 1427 008a 9F       		.byte	0x9f
 1428 008b 34000000 		.4byte	.LVL7
 1429 008f 40000000 		.4byte	.LVL8
 1430 0093 0100     		.2byte	0x1
 1431 0095 54       		.byte	0x54
 1432 0096 44000000 		.4byte	.LVL9
 1433 009a 7E000000 		.4byte	.LVL13
 1434 009e 0100     		.2byte	0x1
 1435 00a0 54       		.byte	0x54
 1436 00a1 00000000 		.4byte	0
 1437 00a5 00000000 		.4byte	0
 1438              	.LLST5:
 1439 00a9 00000000 		.4byte	.LVL14
 1440 00ad 05000000 		.4byte	.LVL15-1
 1441 00b1 0100     		.2byte	0x1
 1442 00b3 50       		.byte	0x50
 1443 00b4 05000000 		.4byte	.LVL15-1
 1444 00b8 08000000 		.4byte	.LFE1
 1445 00bc 0400     		.2byte	0x4
 1446 00be F3       		.byte	0xf3
 1447 00bf 01       		.uleb128 0x1
 1448 00c0 50       		.byte	0x50
 1449 00c1 9F       		.byte	0x9f
 1450 00c2 00000000 		.4byte	0
 1451 00c6 00000000 		.4byte	0
 1452              	.LLST6:
 1453 00ca 00000000 		.4byte	.LVL14
 1454 00ce 05000000 		.4byte	.LVL15-1
 1455 00d2 0100     		.2byte	0x1
 1456 00d4 51       		.byte	0x51
 1457 00d5 05000000 		.4byte	.LVL15-1
 1458 00d9 08000000 		.4byte	.LFE1
 1459 00dd 0400     		.2byte	0x4
 1460 00df F3       		.byte	0xf3
 1461 00e0 01       		.uleb128 0x1
ARM GAS  C:\Users\user\AppData\Local\Temp\ccYiXozg.s 			page 33


 1462 00e1 51       		.byte	0x51
 1463 00e2 9F       		.byte	0x9f
 1464 00e3 00000000 		.4byte	0
 1465 00e7 00000000 		.4byte	0
 1466              	.LLST7:
 1467 00eb 00000000 		.4byte	.LVL14
 1468 00ef 05000000 		.4byte	.LVL15-1
 1469 00f3 0100     		.2byte	0x1
 1470 00f5 52       		.byte	0x52
 1471 00f6 05000000 		.4byte	.LVL15-1
 1472 00fa 08000000 		.4byte	.LFE1
 1473 00fe 0400     		.2byte	0x4
 1474 0100 F3       		.byte	0xf3
 1475 0101 01       		.uleb128 0x1
 1476 0102 52       		.byte	0x52
 1477 0103 9F       		.byte	0x9f
 1478 0104 00000000 		.4byte	0
 1479 0108 00000000 		.4byte	0
 1480              	.LLST8:
 1481 010c 0E000000 		.4byte	.LVL20
 1482 0110 12000000 		.4byte	.LVL21
 1483 0114 0200     		.2byte	0x2
 1484 0116 30       		.byte	0x30
 1485 0117 9F       		.byte	0x9f
 1486 0118 12000000 		.4byte	.LVL21
 1487 011c 2A000000 		.4byte	.LVL23
 1488 0120 0100     		.2byte	0x1
 1489 0122 54       		.byte	0x54
 1490 0123 2C000000 		.4byte	.LVL24
 1491 0127 46000000 		.4byte	.LVL25
 1492 012b 0100     		.2byte	0x1
 1493 012d 54       		.byte	0x54
 1494 012e 00000000 		.4byte	0
 1495 0132 00000000 		.4byte	0
 1496              	.LLST9:
 1497 0136 12000000 		.4byte	.LVL21
 1498 013a 2A000000 		.4byte	.LVL23
 1499 013e 0B00     		.2byte	0xb
 1500 0140 74       		.byte	0x74
 1501 0141 00       		.sleb128 0
 1502 0142 36       		.byte	0x36
 1503 0143 1E       		.byte	0x1e
 1504 0144 03       		.byte	0x3
 1505 0145 00000000 		.4byte	cfg_memset_list.4859
 1506 0149 22       		.byte	0x22
 1507 014a 9F       		.byte	0x9f
 1508 014b 2A000000 		.4byte	.LVL23
 1509 014f 2C000000 		.4byte	.LVL24
 1510 0153 0B00     		.2byte	0xb
 1511 0155 74       		.byte	0x74
 1512 0156 7F       		.sleb128 -1
 1513 0157 36       		.byte	0x36
 1514 0158 1E       		.byte	0x1e
 1515 0159 03       		.byte	0x3
 1516 015a 00000000 		.4byte	cfg_memset_list.4859
 1517 015e 22       		.byte	0x22
 1518 015f 9F       		.byte	0x9f
ARM GAS  C:\Users\user\AppData\Local\Temp\ccYiXozg.s 			page 34


 1519 0160 00000000 		.4byte	0
 1520 0164 00000000 		.4byte	0
 1521              		.section	.debug_aranges,"",%progbits
 1522 0000 4C000000 		.4byte	0x4c
 1523 0004 0200     		.2byte	0x2
 1524 0006 00000000 		.4byte	.Ldebug_info0
 1525 000a 04       		.byte	0x4
 1526 000b 00       		.byte	0
 1527 000c 0000     		.2byte	0
 1528 000e 0000     		.2byte	0
 1529 0010 00000000 		.4byte	.LFB3
 1530 0014 02000000 		.4byte	.LFE3-.LFB3
 1531 0018 00000000 		.4byte	.LFB5
 1532 001c 40000000 		.4byte	.LFE5-.LFB5
 1533 0020 00000000 		.4byte	.LFB0
 1534 0024 0C000000 		.4byte	.LFE0-.LFB0
 1535 0028 00000000 		.4byte	.LFB4
 1536 002c 9C000000 		.4byte	.LFE4-.LFB4
 1537 0030 00000000 		.4byte	.LFB1
 1538 0034 08000000 		.4byte	.LFE1-.LFB1
 1539 0038 00000000 		.4byte	.LFB6
 1540 003c 1C000000 		.4byte	.LFE6-.LFB6
 1541 0040 00000000 		.4byte	.LFB7
 1542 0044 BC000000 		.4byte	.LFE7-.LFB7
 1543 0048 00000000 		.4byte	0
 1544 004c 00000000 		.4byte	0
 1545              		.section	.debug_ranges,"",%progbits
 1546              	.Ldebug_ranges0:
 1547 0000 00000000 		.4byte	.LFB3
 1548 0004 02000000 		.4byte	.LFE3
 1549 0008 00000000 		.4byte	.LFB5
 1550 000c 40000000 		.4byte	.LFE5
 1551 0010 00000000 		.4byte	.LFB0
 1552 0014 0C000000 		.4byte	.LFE0
 1553 0018 00000000 		.4byte	.LFB4
 1554 001c 9C000000 		.4byte	.LFE4
 1555 0020 00000000 		.4byte	.LFB1
 1556 0024 08000000 		.4byte	.LFE1
 1557 0028 00000000 		.4byte	.LFB6
 1558 002c 1C000000 		.4byte	.LFE6
 1559 0030 00000000 		.4byte	.LFB7
 1560 0034 BC000000 		.4byte	.LFE7
 1561 0038 00000000 		.4byte	0
 1562 003c 00000000 		.4byte	0
 1563              		.section	.debug_line,"",%progbits
 1564              	.Ldebug_line0:
 1565 0000 AF010000 		.section	.debug_str,"MS",%progbits,1
 1565      0200D800 
 1565      00000201 
 1565      FB0E0D00 
 1565      01010101 
 1566              	.LASF18:
 1567 0000 72656731 		.ascii	"reg16\000"
 1567      3600
 1568              	.LASF38:
 1569 0006 43794465 		.ascii	"CyDelayCycles\000"
 1569      6C617943 
ARM GAS  C:\Users\user\AppData\Local\Temp\ccYiXozg.s 			page 35


 1569      79636C65 
 1569      7300
 1570              	.LASF11:
 1571 0014 73697A65 		.ascii	"size_t\000"
 1571      5F7400
 1572              	.LASF20:
 1573 001b 416E616C 		.ascii	"AnalogSetDefault\000"
 1573      6F675365 
 1573      74446566 
 1573      61756C74 
 1573      00
 1574              	.LASF25:
 1575 002c 74696D65 		.ascii	"timeout\000"
 1575      6F757400 
 1576              	.LASF36:
 1577 0034 6366675F 		.ascii	"cfg_memset_list\000"
 1577      6D656D73 
 1577      65745F6C 
 1577      69737400 
 1578              	.LASF23:
 1579 0044 436C6F63 		.ascii	"ClockSetup\000"
 1579      6B536574 
 1579      757000
 1580              	.LASF4:
 1581 004f 73686F72 		.ascii	"short unsigned int\000"
 1581      7420756E 
 1581      7369676E 
 1581      65642069 
 1581      6E7400
 1582              	.LASF26:
 1583 0062 706C6C4C 		.ascii	"pllLock\000"
 1583      6F636B00 
 1584              	.LASF15:
 1585 006a 666C6F61 		.ascii	"float\000"
 1585      7400
 1586              	.LASF19:
 1587 0070 4379436C 		.ascii	"CyClockStartupError\000"
 1587      6F636B53 
 1587      74617274 
 1587      75704572 
 1587      726F7200 
 1588              	.LASF28:
 1589 0084 64657374 		.ascii	"dest\000"
 1589      00
 1590              	.LASF34:
 1591 0089 73697A65 		.ascii	"size\000"
 1591      00
 1592              	.LASF17:
 1593 008e 72656738 		.ascii	"reg8\000"
 1593      00
 1594              	.LASF6:
 1595 0093 6C6F6E67 		.ascii	"long unsigned int\000"
 1595      20756E73 
 1595      69676E65 
 1595      6420696E 
 1595      7400
 1596              	.LASF12:
ARM GAS  C:\Users\user\AppData\Local\Temp\ccYiXozg.s 			page 36


 1597 00a5 75696E74 		.ascii	"uint8\000"
 1597      3800
 1598              	.LASF21:
 1599 00ab 43594D45 		.ascii	"CYMEMZERO\000"
 1599      4D5A4552 
 1599      4F00
 1600              	.LASF31:
 1601 00b5 53657441 		.ascii	"SetAnalogRoutingPumps\000"
 1601      6E616C6F 
 1601      67526F75 
 1601      74696E67 
 1601      50756D70 
 1602              	.LASF2:
 1603 00cb 756E7369 		.ascii	"unsigned char\000"
 1603      676E6564 
 1603      20636861 
 1603      7200
 1604              	.LASF37:
 1605 00d9 6D656D73 		.ascii	"memset\000"
 1605      657400
 1606              	.LASF16:
 1607 00e0 646F7562 		.ascii	"double\000"
 1607      6C6500
 1608              	.LASF32:
 1609 00e7 63796669 		.ascii	"cyfitter_cfg\000"
 1609      74746572 
 1609      5F636667 
 1609      00
 1610              	.LASF13:
 1611 00f4 75696E74 		.ascii	"uint16\000"
 1611      313600
 1612              	.LASF22:
 1613 00fb 6572726F 		.ascii	"errorCode\000"
 1613      72436F64 
 1613      6500
 1614              	.LASF14:
 1615 0105 75696E74 		.ascii	"uint32\000"
 1615      333200
 1616              	.LASF39:
 1617 010c 474E5520 		.ascii	"GNU C 4.9.3 20150303 (release) [ARM/embedded-4_9-br"
 1617      4320342E 
 1617      392E3320 
 1617      32303135 
 1617      30333033 
 1618 013f 616E6368 		.ascii	"anch revision 221220] -mcpu=cortex-m3 -mthumb -g -O"
 1618      20726576 
 1618      6973696F 
 1618      6E203232 
 1618      31323230 
 1619 0172 67202D66 		.ascii	"g -ffunction-sections -ffat-lto-objects\000"
 1619      66756E63 
 1619      74696F6E 
 1619      2D736563 
 1619      74696F6E 
 1620              	.LASF0:
 1621 019a 756E7369 		.ascii	"unsigned int\000"
 1621      676E6564 
ARM GAS  C:\Users\user\AppData\Local\Temp\ccYiXozg.s 			page 37


 1621      20696E74 
 1621      00
 1622              	.LASF33:
 1623 01a7 61646472 		.ascii	"address\000"
 1623      65737300 
 1624              	.LASF8:
 1625 01af 6C6F6E67 		.ascii	"long long unsigned int\000"
 1625      206C6F6E 
 1625      6720756E 
 1625      7369676E 
 1625      65642069 
 1626              	.LASF35:
 1627 01c6 6366675F 		.ascii	"cfg_memset_t\000"
 1627      6D656D73 
 1627      65745F74 
 1627      00
 1628              	.LASF9:
 1629 01d3 73697A65 		.ascii	"sizetype\000"
 1629      74797065 
 1629      00
 1630              	.LASF7:
 1631 01dc 6C6F6E67 		.ascii	"long long int\000"
 1631      206C6F6E 
 1631      6720696E 
 1631      7400
 1632              	.LASF42:
 1633 01ea 6D656D63 		.ascii	"memcpy\000"
 1633      707900
 1634              	.LASF41:
 1635 01f1 443A5C55 		.ascii	"D:\\Utilisateurs\\user\\Documents\\PSoC Creator\\Wo"
 1635      74696C69 
 1635      73617465 
 1635      7572735C 
 1635      75736572 
 1636 021f 726B7370 		.ascii	"rkspace02\\PGA.cydsn\000"
 1636      61636530 
 1636      325C5047 
 1636      412E6379 
 1636      64736E00 
 1637              	.LASF3:
 1638 0233 73686F72 		.ascii	"short int\000"
 1638      7420696E 
 1638      7400
 1639              	.LASF40:
 1640 023d 2E5C4765 		.ascii	".\\Generated_Source\\PSoC5\\cyfitter_cfg.c\000"
 1640      6E657261 
 1640      7465645F 
 1640      536F7572 
 1640      63655C50 
 1641              	.LASF29:
 1642 0265 656E6162 		.ascii	"enabled\000"
 1642      6C656400 
 1643              	.LASF5:
 1644 026d 6C6F6E67 		.ascii	"long int\000"
 1644      20696E74 
 1644      00
 1645              	.LASF10:
ARM GAS  C:\Users\user\AppData\Local\Temp\ccYiXozg.s 			page 38


 1646 0276 63686172 		.ascii	"char\000"
 1646      00
 1647              	.LASF24:
 1648 027b 62675F78 		.ascii	"bg_xover_inl_trim\000"
 1648      6F766572 
 1648      5F696E6C 
 1648      5F747269 
 1648      6D00
 1649              	.LASF1:
 1650 028d 7369676E 		.ascii	"signed char\000"
 1650      65642063 
 1650      68617200 
 1651              	.LASF30:
 1652 0299 72656756 		.ascii	"regValue\000"
 1652      616C7565 
 1652      00
 1653              	.LASF27:
 1654 02a2 4359434F 		.ascii	"CYCONFIGCPY\000"
 1654      4E464947 
 1654      43505900 
 1655              		.ident	"GCC: (GNU Tools for ARM Embedded Processors) 4.9.3 20150303 (release) [ARM/embedded-4_9-br
